b'\r\n    \r\n    <!DOCTYPE html PUBLIC "-//W3C//DTD XHTML 1.0 Transitional//EN" "http://www.w3.org/TR/xhtml1/DTD/xhtml1-transitional.dtd">\n<!-- Application: Encore 4.6 SP3 -->\n<!-- Page: SearchResultsPage -->\n<!-- Generated: Sat Dec 22 21:20:09 CST 2018 -->\n<html>\n<head>\n<meta name="generator" content="Tapestry Application Framework, version 4.1.6-SNAPSHOT" />\n<meta http-equiv="Content-Type" content="text/html;charset=UTF-8" />\n<title>SLCL Encore -- Nintendo Switch</title>\n<meta id="emViewport" name="viewport" content="width=device-width, initial-scale=1.0" />\n<meta name="format-detection" content="telephone=no" />\n<base href="http://encore.slcl.org/iii/encore/"></base>\n<script type="text/javascript" src="http://encore.slcl.org:80/iii/encore/resources/js/jquery-1.7.2.min.js"></script>\n<SCRIPT TYPE="TEXT/JAVASCRIPT">function onTimeout(){\nvar href = "http://encore.slcl.org:80/iii/encore/logoutFilterRedirect?suite=cobalt";\nself.document.location.href = href;\n}\nvar timeoutTimer = null;\nfunction renewSession() {\nclearInterval(timeoutTimer);\ntimeoutTimer = setTimeout(onTimeout, 900000);}\nwindow.onload = function() {\nrenewSession();\n}\n</SCRIPT>\n<SCRIPT TYPE="TEXT/JAVASCRIPT">window[\'adrum-start-time\'] = new Date().getTime();</SCRIPT>\n<SCRIPT TYPE="TEXT/JAVASCRIPT" SRC="http://encore.slcl.org:80/iii/encore/resources/js/adrum.js"></SCRIPT>\n<SCRIPT TYPE="TEXT/JAVASCRIPT" SRC="http://encore.slcl.org:80/iii/encore/resources/js/googleMaps.js"></SCRIPT>\n<SCRIPT TYPE="TEXT/JAVASCRIPT" SRC="http://encore.slcl.org:80/iii/encore/resources/gold/js/ToggleWidget.js"></SCRIPT>\n<SCRIPT TYPE="TEXT/JAVASCRIPT" SRC="http://encore.slcl.org:80/iii/encore/resources/js/encore-deploy.js"></SCRIPT>\n<!--[if IE 7]><LINK TYPE="text/css" REL="stylesheet" HREF="http://encore.slcl.org:80/iii/encore/resources/gold/css/dpstyles_ie7.css"></LINK>\n<![endif]--><SCRIPT TYPE="TEXT/JAVASCRIPT" SRC="http://encore.slcl.org:80/iii/encore/resources/gold/js/toggle.js"></SCRIPT>\n<script type="text/javascript">\ndjConfig = {"parseOnLoad":true,"blankGif":"resources/mobile/images/mobileSprite.png"}\n</script>\n<script type="text/javascript" src="/iii/encore/resources/js/dojo/dojo.js"></script>\n<script type="text/javascript" src="/iii/encore/resources/js/dojo/encore.js"></script>\n<script type="text/javascript" src="/iii/encore/resources/js/tapestry/tapestry.js"></script>\n\n<script type="text/javascript">\ndojo.require("tapestry.namespace");\ntapestry.requestEncoding=\'UTF-8\';\n</script>\n<link rel="stylesheet" type="text/css" href="resources/gold/css/dpstyles.css" />\n<link rel="stylesheet" type="text/css" href="local/css/iiistyles.css" />\n<link rel="stylesheet" type="text/css" href="local/css/styles.css" />\n<link rel="shortcut icon" type="image/x-icon" href="http://encore.slcl.org:80/iii/encore/resources/gold/images/favicon.ico" />\n</head>\r\n        \n<body class="tundra gold searchResultsPage" id="bodyComponent">\n<script type="text/javascript"><!--\ndojo.require("tapestry.dialog");\nvar de = [];\n        \n        var doBind = function(x) {\n        \n            var deferred = tapestry.bind(x.url, {beventname: \'ajaxOnloadStart\', bcomponentidpath: x.componentExId, bcomponentid: x.componentId, sequenceid: x.sequenceId});\n            \n        }\n    \n    \n    de[de.length] = { "url" : \'/iii/encore/home;jsessionid=5F4C8E89B7C5F964F02DBB6C904346CF?component=ajaxBatchStarterFacetsComponent.batchStarterAnyComponent&lang=eng&page=AJAXPage&service=directevent&session=T&suite=cobalt\',\n                       "componentExId" : \'SearchResultsPage/ajaxBatchStarterFacetsComponent.batchStarterAnyComponent\',\n                       "componentId" : \'batchStarterAnyComponent\',\n                       "sequenceId" : \'\'};\ndojo.require("tapestry.event");\nde[de.length] = { "url" : \'/iii/encore/home;jsessionid=5F4C8E89B7C5F964F02DBB6C904346CF?component=ajaxBatchStarterUrgentComponent.batchStarterAnyComponent&lang=eng&page=AJAXPage&service=directevent&session=T&suite=cobalt\',\n                       "componentExId" : \'SearchResultsPage/ajaxBatchStarterUrgentComponent.batchStarterAnyComponent\',\n                       "componentId" : \'batchStarterAnyComponent\',\n                       "sequenceId" : \'\'};\n\nde[de.length] = { "url" : \'/iii/encore/home;jsessionid=5F4C8E89B7C5F964F02DBB6C904346CF?component=ajaxBatchStarterLocalComponent.batchStarterAnyComponent&lang=eng&page=AJAXPage&service=directevent&session=T&suite=cobalt\',\n                       "componentExId" : \'SearchResultsPage/ajaxBatchStarterLocalComponent.batchStarterAnyComponent\',\n                       "componentId" : \'batchStarterAnyComponent\',\n                       "sequenceId" : \'\'};\n// --></script>\r\n            <span id="baseDirectionInsertComponent" dir="LTR">\r\n                \r\n                <noscript>\r\n                    <meta http-equiv="refresh" content="0; URL=http://encore.slcl.org:80/iii/encore/resources/NoJavascriptPage.html" id="noScriptMetaRefreshComponent"></meta>\r\n                </noscript>\r\n                <div id="contentWrapper">\r\n                \r\n                    <div id="customEncoreHeader">\r\n                            \r\n                    </div>\r\n                \r\n                    <div id="bannertop">\r\n                        <div id="bannerMenu">\r\n                          <span class="myAccountInfo">\r\n                           \r\n     \r\n        <span id="bookCartLinkAnyComponent">\r\n\t\t\t\r\n\t\t\t\r\n\t\t\t\t<a id="bookCartLinkComponent_0" href="/iii/encore/bookcart;jsessionid=5F4C8E89B7C5F964F02DBB6C904346CF?lang=eng&amp;suite=cobalt">\r\n\t\t\t\t\tMy library cart <span class="bookCartCount">(0 items)</span></a>\r\n\t\t\t\r\n\t\t\t<!--needed so IE updates asynch see  c1131611-->\r\n\t\t\t<span class="noTags">&nbsp;</span>\r\n\t\t</span>\r\n    \r\n \r\n                             \r\n     \r\n      <!--we may need to separate our the image/alerts from the my account logic-->\r\n      \r\n         <span id="saveThisSearchAnyComponent">\r\n            \r\n         </span>\r\n         <span id="patronAlertsUpdateAnyComponent">\r\n            \r\n         </span>\r\n          \r\n         \n         \n             <!--login area-->\n                    \n              <!--need to close up white space so links space correctly in IE footer -->\n                      <span class="myAccountBar">|</span><a id="userLoginLinkComponent" class="loginLogoutLink" href="https://encore.slcl.org/iii/encore/search;jsessionid=5F4C8E89B7C5F964F02DBB6C904346CF/Sdologin?lang=eng&amp;target=Nintendo%20Switch&amp;loginReason=doDefault">\n                      Login</a>\n              \n                    \n           <!--logout dialog-->\n            \n        <!--end login area-->\n         \n\r\n      \r\n  \r\n   \r\n   <!--alerts-->\r\n\t<span class="myAccountDet" id="myAccountDetAnyComponent">\r\n      \t\r\n\t</span>\r\n   <!--end alerts area-->\r\n\r\n                           </span>\r\n                        </div>\r\n                        <div class="encoreLogo floatRight" style="text-align:center;padding-bottom:5px;"><a href="http://www.slcl.org"><img src="local/images/slcl_logo.jpg" alt="encore"/></a></div>\r\n                    </div>\r\n                    \r\n                        \r\n        \r\n            \r\n\t<div id="searchbox" name="searchbox">\r\n\t\t<form method="post" action="/iii/encore/SearchResultsPage,queryComponent.searchFormComponent.sdirect" id="searchFormComponent">\n<div style="display:none;" id="searchFormComponenthidden"><input type="hidden" name="formids" value="If_3,searchString,If_0_1,If_5,searchImageSumbitComponent" />\n<input type="hidden" name="seedids" value="ZH4sIAAAAAAAAAIVS3U7CMBQmIb4Jl1wgb4CgcQlEsmH0zpTubGvozqlth8EHMT6Er+Y7eDYWbYHEm7U73zn9ftqv78HV+2Aw/Bx+jB3YvZIwmoyNKNtFUm0IAX23Ry8UguW9A+cUYbsz/ClJ52ueeLLCGLDzYMpVoHVY2FJ+iP6Fg4WyID0fmCBL8CFcCFZEmIIWbUMIIWXSKuNX4EUKhQVXxcz0Nm+cp/oeRA42KUJUhsgZ65ZoNxfWLxXu/urX46QYTSNwhpGZpHiZ8HKrHXB32LjixDihcyojvCXcEGkXlnPljBaHdYc+mNa7S4ppZFDsYVMpl4GwsjpR0rrPuOEItgpi/0famWY17tHkwsOFAzo4qVvdxQVxS4Flw2AGmq+POMf2EVxKu2eTkhr0SyoV/u817Gg4tW4svhAOvMvzl4F7qOF4sVC2vtEko+b60CtYgD9x20s45jGzIGL+qvPUv6bNahlinkzHFE9wNQXkoTMVSP75Pp3y7rUBG2feXdYd2Tqo/gD9sFegoQMAAA==" />\n<input type="hidden" name="lang" value="eng" />\n<input type="hidden" name="suite" value="cobalt" />\n<input type="hidden" name="reservedids" value="inst,lang,suite" />\n<input type="hidden" name="submitmode" value="" />\n<input type="hidden" name="submitname" value="" />\n<input type="hidden" name="If_3" value="F" />\n<input type="hidden" name="If_0_1" value="F" />\n<input type="hidden" name="If_5" value="T" />\n</div>\r\n            <span class="searchText customHeader">\r\n                \r\n                \r\n                    <label for="searchString">Search</label>\r\n                \r\n            </span>\r\n\t\t\t<span class="searchContent">\r\n\t\t\t\t<div class="searchInput">\r\n\t\t\t\t\t<!-- <div jwcid="autoCompleteIfComponent">  -->\r\n\t\t\t\t\t \r\n\t\t\t\t\t\r\n\t\t\t\t\t\t<input type="text" name="searchString" value="Nintendo Switch" id="searchString" onfocus="this.select();" size="40" tabindex="0" />\r\n\t\t\t\t\t\r\n\t\t\t\t</div>\r\n\t\t\t\t\r\n\t\t\t\t<div id="advancedSearchLinkAnyComponent">\r\n\t\t\t\t    \r\n                        <div class="advSearch">\r\n                            <a id="advancedSearchLinkComponent" async="true" onclick="redirectToAdvancedSearch(\'http://encore.slcl.org:80/iii/encore/home?lang=eng&amp;suite=cobalt&amp;advancedSearch=true\'); return false;" updateComponents="$GenericLink_15@db5f3ee1[SearchResultsPage/queryComponent.advancedSearchLinkComponent]" href="javascript:;">\r\n                                Advanced Search\r\n                            </a>\r\n                        </div>\r\n                    \r\n                </div>\r\n\t\t\t</span>\r\n\t\t\t<span class="searchSubmit">\r\n\t\t\t\t<input type="image" name="searchImageSumbitComponent" src="resources/gold/images/go_button.png" id="searchImageSumbitComponent" tabindex="0" onclick="return setPreviousSearchTerm()" alt="Search" width="40" height="40" />\r\n\t\t\t</span>\r\n\t\t</form>\r\n         \r\n\t</div>\r\n   <script type="text/javascript">\r\n       var previousSearchTerm = \'\';\r\n\r\n       function setPreviousSearchTerm() {\r\n           var flag = false,\r\n               element = document.getElementById(\'searchString\'),\r\n\t\t\t   searchText;\r\n\r\n           if ( !element ) {\r\n               return flag;\r\n           }\r\n\r\n           searchText = element.value.trim();\r\n\r\n           if( searchText !== \'\' && previousSearchTerm.trim() === searchText ) {\r\n               flag = false;\r\n           } else {\r\n               flag = true;\r\n           }\r\n\r\n           previousSearchTerm = searchText;\r\n\r\n           return flag;\r\n       }\r\n\r\n       tapestry.addOnLoad(function(e) {\r\n           jQuery(document).trigger(\'iii:autocomplete:customise:start\');\r\n       })\r\n   <!--\r\n   \tif(document.getElementById(\'searchString\'))\r\n        document.getElementById(\'searchString\').focus();\r\n    else if(document.getElementById(\'targetAuto\'))\r\n    \tdocument.getElementById(\'targetAuto\').focus();\r\n// --></script>\r\n\r\n\r\n            \r\n        \r\n    \r\n                    \r\n                    <div id="contentColumn">\r\n                        \r\n    <div class="validationError">\r\n        <ul class="errorList">\r\n            \r\n        </ul>\r\n    </div>\r\n\r\n                        \r\n        \r\n\t<div class="contentCategories">\r\n\t\t\r\n\t\t\r\n\t\t\t\r\n               \r\n                    \r\n                        <span id="selectedCategory">\r\n                            <span class="contentCategory content-Catalog" id="currentContentCategoryInsert3Component">Catalog</span>\r\n                         </span>\r\n                    \r\n                   \r\n                \r\n                    \r\n                   \r\n                        \r\n                            \r\n                              <a id="currentContentCategoryLinkComponent" class="contentCategoryLink" href="/iii/encore/plus/C__SNintendo%20Switch__Orightresult;jsessionid=5F4C8E89B7C5F964F02DBB6C904346CF?lang=eng&amp;suite=cobalt">\r\n                              <span class="contentCategory content-Interfiled" id="currentContentCategoryInsert4Component">Catalog+Research</span></a>\r\n                            \r\n                    \r\n                \r\n\t\t\t\r\n        \r\n\t</div>\r\n\r\n\r\n        <div id="searchResultsAnyComponent">\r\n            \r\n    <div class="resultsSummary">\r\n        \r\n    \r\n\r\n        \r\n    <div class="browseHeader customHeader">\r\n        <span class="noResultsHideMessage">\r\n           \r\n             Results\r\n             1 - 25 of 61\r\n           \r\n        </span>\r\n        \r\n        for\r\n        \r\n            <span id="baseDirectionInsertComponent" dir="LTR"><span class="searchTerm">Nintendo Switch</span></span>\r\n        \r\n       \r\n    </div>\r\n\r\n    </div>\r\n\r\n    <div class="resultsView">\r\n        \r\n    <span class="sortSelector">\r\n        Sorted by&nbsp;\r\n        \r\n            \r\n            \r\n            \r\n                Relevance\r\n            \r\n        \r\n            \r\n                <span class="sortBar">|</span>\r\n            \r\n            \r\n                <a id="currentSortOptionLinkComponent" href="/iii/encore/search/C__SNintendo%20Switch__O-date;jsessionid=5F4C8E89B7C5F964F02DBB6C904346CF?lang=eng&amp;suite=cobalt">\r\n                   <span class="currentSort">\r\n                        Date</span></a>\r\n            \r\n            \r\n        \r\n            \r\n                <span class="sortBar">|</span>\r\n            \r\n            \r\n                <a id="currentSortOptionLinkComponent_0" href="/iii/encore/search/C__SNintendo%20Switch__Otitle;jsessionid=5F4C8E89B7C5F964F02DBB6C904346CF?lang=eng&amp;suite=cobalt">\r\n                   <span class="currentSort">\r\n                        Title</span></a>\r\n            \r\n            \r\n        \r\n            \r\n                <span class="sortBar">|</span>\r\n            \r\n            \r\n                <a id="currentSortOptionLinkComponent_1" href="/iii/encore/search/C__SNintendo%20Switch__Oauthor;jsessionid=5F4C8E89B7C5F964F02DBB6C904346CF?lang=eng&amp;suite=cobalt">\r\n                   <span class="currentSort">\r\n                        Author</span></a>\r\n            \r\n            \r\n        \r\n    </span>\r\n\r\n    </div>\r\n\r\n    <div id="leftColumn">\r\n        <div id="facetsSearchPageArea">\r\n            \r\n    <div id="facetgroupsarea">\r\n        <div class="fieldsFacets">\r\n            <div class="loading" id="facetGroupIdAnyComponent"> \r\n              \r\n                <span class="loading">\r\n                   <h2 class="sectionHeader facetHeader">\r\n                       Refine by:\r\n                   </h2>\r\n                   Loading Facets...\r\n                </span>\r\n            </div>\r\n        </div>\r\n    </div>\r\n\r\n         </div>\r\n        \r\n        \r\n           \r\n        \r\n    \r\n\r\n    \r\n        \r\n           \r\n        \r\n           \r\n        \r\n           \r\n        \r\n        \r\n    <div id="relatedSearchesTitle" class="sectionHeader relatedSearchesHeader customHeader">\r\n        Related Searches\r\n    </div>\r\n     \r\n   <div id="expandTagCloudColumn">\r\n        \r\n         \r\n            \n        <div id="expandTagCloudAnyComponent">\n             \n            <div class="expandTags">\n                \n                <span class="loading">\n                    Loading Tags...\n                </span>\n            </div>\n        </div>\n\r\n        \r\n   </div>\r\n \r\n    </div>\r\n\r\n    <div id="mainContentArea">\r\n    \r\n    \r\n       <span id="resultsAnyComponent">\r\n           \r\n               \r\n\t<!-- Browse Result Program -->\r\n\t\r\n\r\n\t<!-- Browse Result Bib -->\r\n\t\r\n\t\t \r\n    \r\n        <div id="resultRecord-b2568299" class="gridBrowseContent2 searchResult">\r\n            <div class="gridBrowseCol1">\r\n                <div id="actionsUpdate-b2568299">\r\n                  \r\n    <span id="anyWrapperComponent">\r\n        \r\n    </span>\r\n\r\n                  <div class="citationButtons">\r\n                     \n    <div class="requestLink" id="Any">\n        \n\n        \n            <div class="Request" id="Any_1"> \n                        \t         \n            \t \n                \n                \n                \n                \t\n    \n    \n \n       \n        \n        \n            \n                <div class="requestButton">\n                   <a id="genericLink" class="button secondaryAction" href="https://encore.slcl.org/iii/encore/search;jsessionid=5F4C8E89B7C5F964F02DBB6C904346CF/Sdologin?lang=eng&amp;target=Nintendo%20Switch&amp;loginReason=doRequest&amp;actionRecordId=b2568299">\n                       <img alt="Direct Link" src="resources/gold/images/hold.png" id="genericLinkImage"></img>Request it\n                   </a>\n                </div>   \n            \n            \n        \n    \n\n                \n                \n                  <!--     popup -->\n                 \n        \t <!--    popup -->\n                \n            </div>\n        \n    </div>\n\r\n                  </div>\r\n                  \r\n<div class="addtlActions">\r\n\t\t<p>Additional actions:</p>\r\n    <ul class="inline-list initialActions">\r\n        \r\n        <li>\r\n    \r\n        <span id="bookCartOperationAnyComponentb2568299">\r\n            \r\n            \r\n\t\t\t\t\t<a id="addToBookCartLinkComponent" onMouseup="renewSession()" href="/iii/encore/SearchResultsPage,searchResultsComponent.resultComponent.searchBrowseResultBibComponent.recordActionsComponent.bookCartOperationComponent.addToBookCartLinkComponent.sdirect;jsessionid=5F4C8E89B7C5F964F02DBB6C904346CF?lang=eng&amp;sp=Sb2568299&amp;suite=cobalt" onclick="return tapestry.linkOnClick(this.href,\'addToBookCartLinkComponent\', false)">\r\n\t\t\t\t\t\t<img alt="Book Cart" width="22" title="Add to cart" src="resources/gold/images/bookcart.png" class="actionIcon" height="20" id="addToBookcartImageAnyComponent"></img>\r\n\t\t\t\t    </a>\r\n            \r\n        </span>\r\n    \r\n</li>\r\n        <li>\r\n    <a id="emailLinkComponent" onMouseup="renewSession()" class="toolbarItem popInDialogTrigger" href="/iii/encore/SearchResultsPage,searchResultsComponent.resultComponent.searchBrowseResultBibComponent.recordActionsComponent.emailComponent.emailLinkComponent.sdirect;jsessionid=5F4C8E89B7C5F964F02DBB6C904346CF?lang=eng&amp;sp=Sb2568299&amp;suite=cobalt" onclick="return tapestry.linkOnClick(this.href,\'emailLinkComponent\', false)">\r\n        <img alt="Email" width="19" title="Email" src="resources/gold/images/email.png" class="actionIcon" height="13" id="emailImageAnyComponent"></img>\r\n        \r\n    </a>\r\n    <!--confirmation dialog-->\r\n    \r\n    <div id="emailMessageContainer">\r\n        <div id="sentStatus">\r\n            <div id="emailStatusMessage">\r\n                \r\n            </div>\r\n        </div>\r\n    </div>\r\n</li>\r\n        \r\n             <li>\r\n\t\r\n</li>\r\n             <li>\r\n    \r\n</li>\r\n        \r\n        \r\n            <li><a href="javascript:void(0);" class="popUpTrigger moreActionsLink" onclick="toggleBibHoldingsPopup(this, false, \'moreActionsWrapper\',\'gridBrowseCol1\')">\r\n            <img width="13" alt="more actions" title="More actions" src="resources/gold/images/more.png" class="actionIcon" height="13" id="moreActionsImageAnyComponent"></img></a></li>\r\n        \r\n    </ul>\r\n   <div class="moreActionsWrapper popUpWrapper">\r\n       <a class="closeLink" onclick="toggleBibHoldingsPopup(this, true, \'moreActionsWrapper\',\'gridBrowseCol1\')" href="javascript:void(0);">\r\n           close\r\n       </a>\r\n       <h3 class="moreActionsHeader">more</h3>\r\n        <ul class="inline-list moreActions">\r\n            <li>\r\n    \r\n\t    \r\n\t    \r\n\t        <a id="loginLinkComponent" href="https://encore.slcl.org/iii/encore/search;jsessionid=5F4C8E89B7C5F964F02DBB6C904346CF/Sdologin?lang=eng&amp;target=Nintendo%20Switch&amp;loginReason=doTag&amp;actionRecordId=b2568299">\r\n\t           <img width="20" title="Add a Tag" src="resources/gold/images/tag.png" class="actionIcon" height="19" id="createCommunityTagsIconImageAny2Component"></img>\r\n\t        </a>\r\n\t    \r\n    \r\n</li>\r\n            \r\n            \r\n        </ul>\r\n       <img src="resources/gold/images/dropShadowArrow.png" class="dropShadowArrow" id="dialogArrowImageAnyComponent"></img>\r\n    </div>\r\n</div>\t \r\n\r\n                </div>\r\n            </div>\r\n            <div class="gridBrowseCol2">\r\n                \r\n                    <!--title-->\r\n                <div class="dpBibTitle">\r\n                    <!-- please read c1063106, c1063117, c1044421, c1060576a before changing title -->\r\n                    \r\n                        \r\n                            <span class="title">\r\n                                <a id="recordDisplayLink2Component" href="/iii/encore/record/C__Rb2568299__SNintendo%20Switch__Orightresult__X3;jsessionid=5F4C8E89B7C5F964F02DBB6C904346CF?lang=eng&amp;suite=cobalt">\r\n                                    Nintendo Switch : LEGO The Incredibles.\r\n                                </a>\r\n                            </span>\r\n                        \r\n                        \r\n                        \r\n                            <span class="title">\r\n                                <span class="additionalFields customSecondaryText">\r\n                                    \r\n                                </span>\r\n                            </span>\r\n                        \r\n                    \r\n\r\n                    \r\n                    <div class="dpBibAuthor">\r\n                        \r\n                        \r\n                    </div>\r\n                    <!-- MARC 962 Media -->\r\n                    <div class="recordDetailValue">\r\n                        \r\n                        <span class="itemMediaDescription" id="mediaTypeInsertComponent">ELECTRONIC RES</span>\r\n                        \r\n                        \r\n                                <span class="pipeDivider">|</span>\r\n                                <span class="itemMediaYear" id="searchResultPubYearInsertComponent"></span>\r\n                            \r\n                        \r\n                              <span class="pipeDivider">|</span>\r\n                              <span class="itemEdition" id="searchResultEditionInsertComponent">Nintendo Switch ed.</span>\r\n                           \r\n                    </div>\r\n                    \r\n                    \r\n                        <!-- bibHoldingsComponentAvailableOnlyOrAllItems -->\r\n                        \r\n    <!--start item info-->\r\n    \r\n    \r\n        <!-- over threshold holdings info -->\r\n        \r\n\t\r\n\r\n    \t<!--ERM-->\r\n        \r\n    \r\n    <!-- Dialog content -->\r\n    \r\n\r\n        <!-- checkin info -->\r\n        \r\n\t\r\n\r\n        <!-- Volume info -->\r\n        \r\n        <!-- Item info -->\r\n        \r\n                \r\n                  <!--This ItemsContainer elem does not get rendered into a toggle on the record page - only the browse -->\r\n                  <div id="ItemsContainer-b2568299" class="ItemsContainer">\r\n                        \r\n                           \r\n    \r\n        <div class="availabilitySummaryArea">\r\n            \r\n                <div class="dpBibHoldingStatement">\r\n                    <span class="availabilityMessage">\r\n                        <span class="itemsAvailable">Available</span> at Jamestown Bluffs (<span class="availCallNumber">VIDEO GAME</span>)\r\n                    </span>\r\n                    \r\n                        <span class="itemsContainerPopUpTrigger"></span>\r\n                    \r\n                </div>\r\n            \r\n        </div>\r\n    \r\n    \r\n    \r\n\r\n                        \r\n                        <div class="content bibHoldingsWrapper popUpWrapper">\r\n                            <a href="javascript:void(0);" onclick="toggleBibHoldingsPopup(this, true)" class="closeLink">close</a>\r\n                            <!-- available-->\r\n                              \r\n                                  <div id="availableItemsSection" class="availableItemsSection">\r\n                                      \r\n    \r\n\r\n    \r\n            \r\n            \r\n                    <!--link moved into dpBibHoldingStatement via initBibHoldingsToggle JS -->\r\n                    <span class="itemsAvailHeader itemsSectionHeader" id="availHeaderWrapperAny2Component"><a href="javascript:void(0);" onclick="toggleBibHoldingsPopup(this)">see all</a></span>\r\n            \r\n            <!--start mark -->\r\n             <h3 class="sectionHeader itemsHeader customHeader">Items</h3>\r\n            <div id="allavailitems-b2568299">\r\n                \r\n\t                \r\n\t                    <div class="itemTableWrapper popUpContentWrapper">\r\n\t                        \r\n    \r\n\t\t<table class="itemTable" cellspacing="3">\r\n        \t<tr>\r\n\t        \t\r\n\t        \t\t<th>\r\n\t        \t\t\tLocation\r\n\t        \t\t</th>\r\n\t        \t\r\n\t        \t\t<th>\r\n\t        \t\t\tCall No.\r\n\t        \t\t</th>\r\n\t        \t\r\n\t        \t\t<th>\r\n\t        \t\t\tStatus\r\n\t        \t\t</th>\r\n\t        \t\r\n        \t</tr>\r\n            \r\n            \t<tr>\r\n            \t\t\r\n                        \r\n            \t\t\r\n                        \r\n                            <td>\r\n                                \r\n                                    \r\n                                    \r\n                                        \r\n                                            \r\n \r\n\t \r\n\t    \t\r\n\t\t\r\n\t\t\r\n\t\t\tJamestown Bluffs\r\n\t\t\r\n    \r\n \r\n\r\n\r\n                                        \r\n                                        \r\n                                    \r\n            \t\t\t        \r\n\t            \t\t\t</td>\r\n            \t\t\t\r\n            \t\t\r\n                        \r\n                            <td>\r\n                                \r\n                                    \r\n                                    \r\n                                        \r\n                                        \r\n                                            \r\n                                                <a id="callNoBrowseDirectLinkComponent" href="/iii/encore/SearchResultsPage,searchResultsComponent.resultComponent.searchBrowseResultBibComponent.$BibHoldingsComponent.bibHoldingsAvailableItems2.itemTableComponent.callNoBrowseDirectLinkComponent.sdirect;jsessionid=5F4C8E89B7C5F964F02DBB6C904346CF?lang=eng&amp;sp=Si20195753&amp;sp=Sb2568299&amp;suite=cobalt" onclick="return tapestry.linkOnClick(this.href,\'callNoBrowseDirectLinkComponent\', false)">\r\n                                                    VIDEO GAME\r\n                                                </a>\r\n                                            \r\n                                            \r\n                                        \r\n                                    \r\n            \t\t\t        \r\n                                    \r\n                                         \r\n                                    \r\n                                    \r\n            \t\t\t        \r\n                                    \r\n                                         \r\n                                    \r\n                                    \r\n            \t\t\t        \r\n\t            \t\t\t</td>\r\n            \t\t\t\r\n            \t\t\r\n                        \r\n                            <td>\r\n                                \r\n                                    \r\n                                        IN LIBRARY\r\n                                    \r\n                                    \r\n            \t\t\t        \r\n\t            \t\t\t</td>\r\n            \t\t\t\r\n            \t\t\r\n            \t</tr>\r\n            \r\n        </table>\r\n    \r\n\r\n\t                        \r\n\t\t\t\t\t\t\t\r\n\t\t\t\t\t\t\t\t<a id="showAllItemsLinkComponent" class="showAllItemsLink customToggle" href="/iii/encore/SearchResultsPage,searchResultsComponent.resultComponent.searchBrowseResultBibComponent.$BibHoldingsComponent.bibHoldingsAvailableItems2.showAllItemsLinkComponent.sdirect;jsessionid=5F4C8E89B7C5F964F02DBB6C904346CF?lang=eng&amp;sp=Sb2568299&amp;sp=T&amp;sp=Sallavailitems-b2568299&amp;sp=F&amp;suite=cobalt" onclick="return tapestry.linkOnClick(this.href,\'showAllItemsLinkComponent\', false)">\r\n\t\t\t\t\t\t\t\tShow remaining items</a>\r\n\t\t\t\t\t\t\t\r\n\t\t\t\t\t\t\t\r\n  \xe2\x80\x8b\t\t\t\t\t\t\t\r\n  \r\n\t\t\t\t\t<form method="post" action="/iii/encore/SearchResultsPage,searchResultsComponent.resultComponent.searchBrowseResultBibComponent.$BibHoldingsComponent.bibHoldingsAvailableItems2.countComponent.sdirect;jsessionid=5F4C8E89B7C5F964F02DBB6C904346CF" id="countComponent" style="display:none;">\n<div style="display:none;" id="countComponenthidden"><input type="hidden" name="formids" value="allCountInsertComponent,allAvailCountInsertComponent" />\n<input type="hidden" name="seedids" value="ZH4sIAAAAAAAAAI1YXXLbNhD2dNo79AB+dGcs2U2aR1l2as3IsUdS0vYpA5ErCWMQYAFQsnumXq136OKHIv7k5EUidxeLxe63P+C//5399M/Z2Y9nP59dKJB7WsH55UVLtuavEk0rOHBtn7kmlIPEZwVKUcHNU4s/W8HqJ1zxhyRtC3IarFI7YCwkrEX9Gr0TBbdUQqVR4YyjCXpgjy42BC0SfAGMGIFwJRfLStJWP4AmC9hIULt4Z3GYdkqL5h5IDXK2CblVyEl2NUaK5ymRek75c2jNbHM+eh9xJzw6zWzz9fL8+uKOKTj/EAk+oMvQRfleLdFS8JUQTIXkmqqWkdcny31szeHVbDOOTkj2sNpRtQQiq11iiTn+EgUc01gQO8BtO2Fojfrc1kRDQYFlzxpj96Zg3JzwbYfMJTCMn0BHGhSU3O13qyrRcT0XW8q/fdZQokOv2WVxRNDh1p/no7HfAoVEh/7lGyqbGyaqSLp59Sbcgk6O621wDplIILEBO3soj6fVwzzkadHaneIVSF0Ax0WZFVzoP+8XY3z6uwMZO91G66OQTUilXJk/hu42Mh3VMMhSYPWcrIHlepZaUruE1HvCK6gHMCSnRwFbBBKpXKUFw7Jr1jQCsWoxzZfddgsqTdM9YbS2yXsnpZBvsNTHmG0qDj4p78akcHjuFJG7FbEXd6KBpwy0PdUkZ1YoYmVJrYiYFIydQSKOU1NcOkAdpesIS46URirZygL46o2T9eqM3d+hMI3bW9te5wFegOoYZgAv4NLzQobQO5BL0ckK1APltCERDoGTNTOeCN0lnRpXJ6IIEeW2WIKOQ+CWTE3q5hU0XFYKrsPzCl4SpWqgZzrNOltw+rodrxRS90Uvpfv6FWH52up7om2k56qPzfK4zATPeOw7xeLTFgRXr61vOeMCJmKFRsAWgSOsT2sLw7khFejfpejacIuBOqsTMO2poskZRz0xPtHI1/ev74bH9/hovLki2ykTXZ0AhW53eklrsFX3E2kgjYQ/1SISDJ0YQjrGIM4gfXWMWQphz+5eWsLr3qwoCyJO4g1NtmouSI2V+uSMIItJ6alJ1exTpZQDN1IcFLhkeZJiK0mTALsoekPXpcxJRGIjeDYDOMMWUAlZ/7Ie//rut/GHD6b32NHPDyEhw3X0ZVB6vIMi3xP+Wpw7xSEGmATstkqn5RF96krIsls3wLuFEzNQT2YQ9DMOdyOz4uvIdGX1uAdZS7qHW3HgDGMYL6Bq8kLV1bvLlLwYTEmnUofNgW+ma8Chm1b5m+3FMck7yM7kWvjtJ217aiCSNhoTF4GeYYuA4+4pHNRdXsSHEfkRHZ+N5j3z+1aGsA7CD2i9VjN+4+VjLSk3LfykrlfipjjHB8yK+Pk2SS1oCGUZIVVjiaXltnugcN5zqhOBsKqWmuhODTFU9j3xHl27FEqTa3MQ8llhERL5eTEbPwkNjpka+iAkeATkiGwGZumg6Eh8bTpO9SvWt2xmdHUa2+g2rzPYXreIDX6ak8aUlW4AFc7qGkIr1Ay93Fsb9b2aEtQxwWHzcCpsqx0Ot9zENTNrRTXDJfXCBCuvbydExnm+3frrE54kvtAFpS7XVJxRMrHSADSpa2pCSJi9LahSMXe7DpK2CHjx4s4Tb+Mbyjq9E6mTQn5ZpAEM0+fFvEAtDSCxzqduzajaZbGJRf7C128LvLnRnXPUaS29QKalwj9JEnx5Yho9bKv3gpnZIO55zAzyBsuxloGeKqoEXtk41CVtd4uHEjk8zD1RgdSMb8Tpg6uPHWNZgVsHJ9lB9Uy5ShHl6cmtjagvgnVN2o0HegnxMw2NmvZfrFZYT1KgxhLh2IHXc3S7OURWeSd7LAxkTRkWGrwEN0Rm9cPo9azi1YEO/GhwG4Wck4MgVeHQldeffPeSdzyqVNlA5U/JYOW+CaxT3wWxPMpaf44dBo84ScHZM1KjGvKSZDt5yRq62cndGf28l1Z3nMGtkHGkCiNao4Qfsa2Z8V74/yhNEyzwjKqVOV7e1TKvaCeHmORRZK9CTn59ssxbzNoEDsGijHuNUcKGHsLxjgGOrxEk/MZfCOuSW9D7C+w/lFtOuOI6oMf+v8bmW5G04o2O1FLnnwe8HKruWxrIb3NLEP5dCEzpB9IWZpacnw8SzrK37v6D7adWp3dV/wlxijj8JFyeJkU+4Lhv3ic+1qyOcStc3gvbZNW+rCaEnWvhzGI+s8J8ZzkSDj+cX/4PZGYGJiYYAAA=" />\n<input type="hidden" name="lang" value="eng" />\n<input type="hidden" name="suite" value="cobalt" />\n<input type="hidden" name="reservedids" value="inst,lang,suite" />\n<input type="hidden" name="submitmode" value="" />\n<input type="hidden" name="submitname" value="" />\n<input type="hidden" name="allCountInsertComponent" id="allCountInsertComponent" value="100" />\n<input type="hidden" name="allAvailCountInsertComponent" id="allAvailCountInsertComponent" value="100" />\n</div>\r\n\t\t\t\t\t\r\n\t\t\t\t\t\r\n\t\t\t\t\t</form> \r\n\t                    </div>\r\n\t                \r\n\t                \r\n                \r\n                \r\n            </div><!--end mark-->\r\n    \r\n\r\n                                  </div>\r\n                              \r\n                             <!--all -->\r\n                              \r\n                                   <a href="javascript:void(0);" onclick="showHideItemsToggle(this)" class="showAllToggleLink availCheckboxLink"><img width="15" src="resources/gold/images/checkbox_checked.png" class="availCheckbox" height="13" id="checkboxCheckedImageComponent"></img>only show available</a>\r\n                                   <a href="javascript:void(0);" onclick="showHideItemsToggle(this)" class="showAvailableToggleLink availCheckboxLink"><img width="15" src="resources/gold/images/checkbox.png" class="availCheckbox" height="13" id="checkboxImageComponent"></img>only show available</a>\r\n                                   <a href="javascript:void(0);" onclick="showHideItemsToggle(this)" class="showAllMaxToggleLink availCheckboxLink"><img width="15" src="resources/gold/images/checkbox_checked.png" class="availCheckbox" height="13" id="checkboxCheckedImage2Component"></img>only show available</a>\r\n                                   <a href="javascript:void(0);" onclick="showHideItemsToggle(this)" class="showAvailableMaxToggleLink availCheckboxLink"><img width="15" src="resources/gold/images/checkbox.png" class="availCheckbox" height="13" id="checkboxImage2Component"></img>only show available</a>\r\n                                    \r\n                                    <div id="allItemsSection" class="allItemsSection">\r\n                                       \r\n    \r\n\r\n    \r\n            \r\n            \r\n                    <!--link moved into dpBibHoldingStatement via initBibHoldingsToggle JS -->\r\n                    <span class="itemsSectionHeader" id="availHeaderWrapperAny2Component_0"><a href="javascript:void(0);" onclick="toggleBibHoldingsPopup(this)">see all</a></span>\r\n            \r\n            <!--start mark -->\r\n             <h3 class="sectionHeader itemsHeader customHeader">Items</h3>\r\n            <div id="allitems-b2568299">\r\n                \r\n\t                \r\n\t                    <div class="itemTableWrapper popUpContentWrapper">\r\n\t                        \r\n    \r\n\t\t<table class="itemTable" cellspacing="3">\r\n        \t<tr>\r\n\t        \t\r\n\t        \t\t<th>\r\n\t        \t\t\tLocation\r\n\t        \t\t</th>\r\n\t        \t\r\n\t        \t\t<th>\r\n\t        \t\t\tCall No.\r\n\t        \t\t</th>\r\n\t        \t\r\n\t        \t\t<th>\r\n\t        \t\t\tStatus\r\n\t        \t\t</th>\r\n\t        \t\r\n        \t</tr>\r\n            \r\n            \t<tr>\r\n            \t\t\r\n                        \r\n            \t\t\r\n                        \r\n                            <td>\r\n                                \r\n                                    \r\n                                    \r\n                                        \r\n                                            \r\n \r\n\t \r\n\t    \t\r\n\t\t\r\n\t\t\r\n\t\t\tJamestown Bluffs\r\n\t\t\r\n    \r\n \r\n\r\n\r\n                                        \r\n                                        \r\n                                    \r\n            \t\t\t        \r\n\t            \t\t\t</td>\r\n            \t\t\t\r\n            \t\t\r\n                        \r\n                            <td>\r\n                                \r\n                                    \r\n                                    \r\n                                        \r\n                                        \r\n                                            \r\n                                                <a id="callNoBrowseDirectLinkComponent_0" href="/iii/encore/SearchResultsPage,searchResultsComponent.resultComponent.searchBrowseResultBibComponent.$BibHoldingsComponent.bibHoldingsAllItems.itemTableComponent.callNoBrowseDirectLinkComponent.sdirect;jsessionid=5F4C8E89B7C5F964F02DBB6C904346CF?lang=eng&amp;sp=Si20195753&amp;sp=Sb2568299&amp;suite=cobalt" onclick="return tapestry.linkOnClick(this.href,\'callNoBrowseDirectLinkComponent_0\', false)">\r\n                                                    VIDEO GAME\r\n                                                </a>\r\n                                            \r\n                                            \r\n                                        \r\n                                    \r\n            \t\t\t        \r\n                                    \r\n                                         \r\n                                    \r\n                                    \r\n            \t\t\t        \r\n                                    \r\n                                         \r\n                                    \r\n                                    \r\n            \t\t\t        \r\n\t            \t\t\t</td>\r\n            \t\t\t\r\n            \t\t\r\n                        \r\n                            <td>\r\n                                \r\n                                    \r\n                                        IN LIBRARY\r\n                                    \r\n                                    \r\n            \t\t\t        \r\n\t            \t\t\t</td>\r\n            \t\t\t\r\n            \t\t\r\n            \t</tr>\r\n            \r\n        </table>\r\n    \r\n\r\n\t                        \r\n\t\t\t\t\t\t\t\r\n\t\t\t\t\t\t\t\t<a id="showAllItemsLinkComponent_0" class="showAllItemsLink customToggle" href="/iii/encore/SearchResultsPage,searchResultsComponent.resultComponent.searchBrowseResultBibComponent.$BibHoldingsComponent.bibHoldingsAllItems.showAllItemsLinkComponent.sdirect;jsessionid=5F4C8E89B7C5F964F02DBB6C904346CF?lang=eng&amp;sp=Sb2568299&amp;sp=T&amp;sp=Sallitems-b2568299&amp;sp=F&amp;suite=cobalt" onclick="return tapestry.linkOnClick(this.href,\'showAllItemsLinkComponent_0\', false)">\r\n\t\t\t\t\t\t\t\tShow remaining items</a>\r\n\t\t\t\t\t\t\t\r\n\t\t\t\t\t\t\t\r\n  \xe2\x80\x8b\t\t\t\t\t\t\t\r\n  \r\n\t\t\t\t\t<form method="post" action="/iii/encore/SearchResultsPage,searchResultsComponent.resultComponent.searchBrowseResultBibComponent.$BibHoldingsComponent.bibHoldingsAllItems.countComponent.sdirect;jsessionid=5F4C8E89B7C5F964F02DBB6C904346CF" id="countComponent_0" style="display:none;">\n<div style="display:none;" id="countComponent_0hidden"><input type="hidden" name="formids" value="allCountInsertComponent_0,allAvailCountInsertComponent_0" />\n<input type="hidden" name="seedids" value="ZH4sIAAAAAAAAAI1YyXLjNhB1qpKPyN1HJ2XJs/koy56xquyxS9JMktMURLYklEGAAUDZzjfl1/IPaSw0sdEzF4ns191o9IYG//3v6Jd/jo5+Pvr15ESBPNAKjk9PWrIzf5VoWsGBa/vMNaEcJD4rUIoKbp5a/NkJVt+jxB+StC3IeSCl9sBYSNiI+jl6JwouqYRKo8IFRxP0AE9OtgQtEnwJjBiGUJKLVSVpq29BkyVsJah9vLJ4nHdKi+YaSA1ysQ3RKkSSVY2R4mFOpL6h/CG0ZrE9nnyI0BmPdrPYfjs9fnNyxRQcT2I9t+gz9FG+WEu0FHwtBFMhuaaqZeT53qJ3rdm9Wmyn0RbJAdZ7qlZAZLVPTDH7XyGDA40FsQfcsjOG1qgvbU00FBRYeNEYu7cF424I33UIroBhAAV60qRByd9+taoSHdc3Ykf59/cacnToNSsWhwQ9bv15PHnvl0Am0aF/+ZbK5oKJKuJunr0Jl6CT7XobnENmEkhswN5uyifU+vYmxLRo7UqxBFKXwFEos4IL/ef1copPf3cgY6fbaH0UsgmplCuTfgzdjX+qoxrMv+OlwOobsgGW61lpSVHk9ITUB8IrqIdkSHZPatsEUq5cpU2GVddsaJTEqsU6X3W7Hai0Tg+E0dpW75WUQr4CqY8xbFoOPinvxqRzeHSOmbsTsRf3ooH7LGl7qqnOrFPEypJmEYEUjJ1BIU5TU1w5QB2V6wR7jpSGK1nKJvDZKzvr1Rm7f0BhGrfXln2TB3gJqmNYAbyQlx4LAaH3IFeikxWoW8ppQ6I8BE42zHgidJd0alyfiCJElFtiBToOgROZm9LNO2goVgquy+c1PCVK1UDPdBo523D6vh1LCqn7ppfSff+KcvmN1XdP20jPWR+b1YuYCZ7x2A+yxbstMK6fW3/kTAs5EStEBtsEhrQe1xaGc0sq0J+k6NpwiYG6qJNkOlBFkz1OemK8o4nv79/e4Tr+8T0+Gm+uyW7ORFcniUJ3e72iNdiu+5k0kEbC72oZMYZODFM6zkEcQvruGEMK055dPbWE171ZURVESOINTXbqRpAaO/XojCCLRempSdfsS6VUAxdSPCpwxXIvxU6SJknsIusF3ZQqJ2GJjeDZDOAMW0IlZP3bZvr23Yfp+bk5e+zs54eQEHAn+ipoPd5Bke8Jfy4OnuIxTjAJeNoqnbZH9KlrIatu0wDvlo7NpHoyg6CfcbqbGIlvE3Mqq7sDyFrSA1yKR84whrEAVbMnqs7enabk5WBKOpa63BxwM14DTt20yt/sWRyTvIPsUK6FX37WtmMDkbTRmLkIeMA2AY8eKDyqq7yJD7PtHTo+m8178Mckw7QOwg9ovVYLfuH5Yy0pmjZ+UtdrcVEc5AOwIn6+TUoLGkJZRkjVWGJJ3J4eyJyfOdVIIKyqlSa6U0MMlX1PvEc3roTS4to+CvmgsAmJfL9YjZ+FBgemht4KCT4D8oxsBrC0UXQkvjYdp/oZ+1s2M7o+jcfoLu8zeLzuMDf4OJLGlJVuABXO6hpCK9QCvdxbG517NSWoY4bD5uNY2NZ7HG65iWtm1ppqhiL10gQr728jLNO83i799Ql3El/oglaXayrOKBlbaQCa1TU1ISTM3hZUqZm7VV84bRPo2Ysrz7yNryjr9F6kTgrxMksDGKYvy5sCtTSAxDrvuw2jap/FJmb5C1+/z/DqQlfOUeNaeoZMS4V/kiT55Ylp9PBYvRbMzAbxmcfMIG9yOdYy0FNFlcArG4e6pO1qeVsih5u5JirgWvCtGN+4+tgxljW4TbCTPVQPlKs0ozw9ubUR9VWwrklP44FeyviFhkbN+09Wa+wnaaLGHOHYgddzdLvZRNZ5ZwdsDGRDGTYavAQ3RGb9w+j1UPHqQAc8GtwmITI6CFIVDl15/8lXL3nHZ5UqG6j8LpmbBNbpfSSK5Quv9efU5eBLnkQDWACkU35DnmJeJKQ8xKzk7ox+3ou7u1mAWSbjSBVGtEYOP2JbM+O18P9OmkOwgBlV1gEh0Z1q2Q1GOz7MSR5F9n2IpCF968BLrNpI6CwUytBzjBIe6GE6XjHA8TVKCb/wV8K65BY0eXuCBxDlFgpFzgN6HIBzPH0rkra8sxdq+q3UneMDFvtq+DoL8vtomgoG/yQE1vQtabOhpYSnGnqrS5f/3PYx6fT67b8hzjERPwtXqLFhVYC4r96p2/wNYP0SuOz2Piktk1o4oibMO3eGM5v0mRXmQ8twHfjp976+Rr7AIGJzcQSOKyztSGl1FieYtBlX5qzYiCd7ZuCsaKa5Ej4KhILTUckICdued5zbe9pw/gfrGS/tVRkAAA==" />\n<input type="hidden" name="lang" value="eng" />\n<input type="hidden" name="suite" value="cobalt" />\n<input type="hidden" name="reservedids" value="inst,lang,suite" />\n<input type="hidden" name="submitmode" value="" />\n<input type="hidden" name="submitname" value="" />\n<input type="hidden" name="allCountInsertComponent_0" id="allCountInsertComponent_0" value="100" />\n<input type="hidden" name="allAvailCountInsertComponent_0" id="allAvailCountInsertComponent_0" value="100" />\n</div>\r\n\t\t\t\t\t\r\n\t\t\t\t\t\r\n\t\t\t\t\t</form> \r\n\t                    </div>\r\n\t                \r\n\t                \r\n                \r\n                \r\n            </div><!--end mark-->\r\n    \r\n\r\n                                    </div>\r\n                            \r\n                            \r\n                                <!--how to test for available items on the threshold link-->\r\n                                       <div class="availableMaxItemsSection">\r\n                                                \r\n    \r\n\r\n    \r\n            \r\n                 \r\n                \r\n                    <!--link moved into dpBibHoldingStatement via initBibHoldingsToggle JS -->\r\n                    <span class="itemsAvailHeader itemsSectionHeader" id="availHeaderWrapperAnyComponent">\r\n                           <a id="showMaxItemsLink2Component" class="maxItemsLink" href="/iii/encore/SearchResultsPage,searchResultsComponent.resultComponent.searchBrowseResultBibComponent.$BibHoldingsComponent.bibHoldingsAvailableMaxItems2.showMaxItemsLink2Component.sdirect;jsessionid=5F4C8E89B7C5F964F02DBB6C904346CF?lang=eng&amp;sp=Sb2568299&amp;sp=F&amp;sp=Sallavailitemsmax-b2568299&amp;sp=F&amp;suite=cobalt" onclick="return tapestry.linkOnClick(this.href,\'showMaxItemsLink2Component\', false)">\r\n                               <a href="javascript:void(0);" onclick="toggleBibHoldingsPopup(this)">see all</a>\r\n                           </a>\r\n                    </span>\r\n                \r\n            \r\n            \r\n            <!--start mark -->\r\n             <h3 class="sectionHeader itemsHeader customHeader">Items</h3>\r\n            <div id="allavailitemsmax-b2568299">\r\n                \r\n\t                \r\n\t                    <div class="itemTableWrapper popUpContentWrapper">\r\n\t                        \r\n    \r\n\t\t<table class="itemTable" cellspacing="3">\r\n        \t<tr>\r\n\t        \t\r\n\t        \t\t<th>\r\n\t        \t\t\tLocation\r\n\t        \t\t</th>\r\n\t        \t\r\n\t        \t\t<th>\r\n\t        \t\t\tCall No.\r\n\t        \t\t</th>\r\n\t        \t\r\n\t        \t\t<th>\r\n\t        \t\t\tStatus\r\n\t        \t\t</th>\r\n\t        \t\r\n        \t</tr>\r\n            \r\n            \t<tr>\r\n            \t\t\r\n                        \r\n            \t\t\r\n                        \r\n                            <td>\r\n                                \r\n                                    \r\n                                    \r\n                                        \r\n                                            \r\n \r\n\t \r\n\t    \t\r\n\t\t\r\n\t\t\r\n\t\t\tJamestown Bluffs\r\n\t\t\r\n    \r\n \r\n\r\n\r\n                                        \r\n                                        \r\n                                    \r\n            \t\t\t        \r\n\t            \t\t\t</td>\r\n            \t\t\t\r\n            \t\t\r\n                        \r\n                            <td>\r\n                                \r\n                                    \r\n                                    \r\n                                        \r\n                                        \r\n                                            \r\n                                                <a id="callNoBrowseDirectLinkComponent_1" href="/iii/encore/SearchResultsPage,searchResultsComponent.resultComponent.searchBrowseResultBibComponent.$BibHoldingsComponent.bibHoldingsAvailableMaxItems2.itemTableComponent.callNoBrowseDirectLinkComponent.sdirect;jsessionid=5F4C8E89B7C5F964F02DBB6C904346CF?lang=eng&amp;sp=Si20195753&amp;sp=Sb2568299&amp;suite=cobalt" onclick="return tapestry.linkOnClick(this.href,\'callNoBrowseDirectLinkComponent_1\', false)">\r\n                                                    VIDEO GAME\r\n                                                </a>\r\n                                            \r\n                                            \r\n                                        \r\n                                    \r\n            \t\t\t        \r\n                                    \r\n                                         \r\n                                    \r\n                                    \r\n            \t\t\t        \r\n                                    \r\n                                         \r\n                                    \r\n                                    \r\n            \t\t\t        \r\n\t            \t\t\t</td>\r\n            \t\t\t\r\n            \t\t\r\n                        \r\n                            <td>\r\n                                \r\n                                    \r\n                                        IN LIBRARY\r\n                                    \r\n                                    \r\n            \t\t\t        \r\n\t            \t\t\t</td>\r\n            \t\t\t\r\n            \t\t\r\n            \t</tr>\r\n            \r\n        </table>\r\n    \r\n\r\n\t                        \r\n\t\t\t\t\t\t\t\r\n\t\t\t\t\t\t\t\t<a id="showAllItemsLinkComponent_1" class="showAllItemsLink customToggle" href="/iii/encore/SearchResultsPage,searchResultsComponent.resultComponent.searchBrowseResultBibComponent.$BibHoldingsComponent.bibHoldingsAvailableMaxItems2.showAllItemsLinkComponent.sdirect;jsessionid=5F4C8E89B7C5F964F02DBB6C904346CF?lang=eng&amp;sp=Sb2568299&amp;sp=T&amp;sp=Sallavailitemsmax-b2568299&amp;sp=F&amp;suite=cobalt" onclick="return tapestry.linkOnClick(this.href,\'showAllItemsLinkComponent_1\', false)">\r\n\t\t\t\t\t\t\t\tShow remaining items</a>\r\n\t\t\t\t\t\t\t\r\n\t\t\t\t\t\t\t\r\n  \xe2\x80\x8b\t\t\t\t\t\t\t\r\n  \r\n\t\t\t\t\t<form method="post" action="/iii/encore/SearchResultsPage,searchResultsComponent.resultComponent.searchBrowseResultBibComponent.$BibHoldingsComponent.bibHoldingsAvailableMaxItems2.countComponent.sdirect;jsessionid=5F4C8E89B7C5F964F02DBB6C904346CF" id="countComponent_1" style="display:none;">\n<div style="display:none;" id="countComponent_1hidden"><input type="hidden" name="formids" value="allCountInsertComponent_1,allAvailCountInsertComponent_1" />\n<input type="hidden" name="seedids" value="ZH4sIAAAAAAAAAI1ZzXLbNhB2Z9qH6N1Hdcai7TQ5yrITa8ZKPJKStqcMREISxiDAAqBs95n6MJ2+R9+hCxA0sQDo5GKR2B8s9ufbBf33fyc//XVy8uPJz/9MNFVHVtLTs0lD9vanlHUjBRXGPQtDmKAKnjXVmklhnxr4s5e8ugeJ3xRpGqrmgZQ+UM7Dha2sntE70fSaKVoaULgQYIIZyNPJjoBFUqwoJ5YhlBRyXSrWmCU1ZEV3iuoD3lk+zlttZH1LSUXVYhdSy5AS7WqNlA9zoswdEw+hNYvdaYGpM4FOs9h9PTu9mNxwTU+nBeJcgs/AR+lmDTFKio2UXIfLFdMNJ8/3jvqpsafXi12BjkiOdHNgek2JKg+RKfb8a2DoiNYC7IFu2xkHa/TnpiKGZhQ48qK2du8yxt0RsW+BuKYcAijBkzYNcv72u5WlbIW5k3smvn3WkKMFrzkxHBLwuPPn6fSt3wKYZAv+FTum6isuS8RdP3sTrqmJjutt6BwyU5RgAw7uUD6hNsu7kGZk43bCErC6ogKEEiuENL/frgp4+rOlCjvdReu9VHW4yoQ2p8WEg7vhR7fMUPvb8TLKqzuypTzVszaKgcjZhFRHIkpaDckQnZ5UDgRirlSlS4Z1W28ZSmLdQJ2v2/2e6rhOj4SzylXvjVJSvULS7zHZQg48ae/GCDk8dQ6Zu5fYiwdZ0/skaftVW50JUmBlEVggIqPWzqAQi9iUrhxohcp1CpijlOWKtnIJfP7KyXp11u7vUBjH7bVtL9IAr6huOVSAyOSlp4UEaQ5UrWWrSqqXTLCaoDykgmy59UToLtWp6XACRYjobos1NTgEncjclm6KoKFYLrhdPm/oU6RUD+uJTivnAKfHbSwplelBL173+IVy+cLpu2cN0nPex2b9ImaDZz32nWz4tBnGzXPjW06RyQmsEBgcCAxpPa4tDOeOlNR8ULJtwi2G1UUVJdORaRadcdov4hNNPb5/fQOH84+/wqP15obs51y2VZQobH8wa1ZRh7ofSU3jSPhTrRBj6MQwpXEOwhDSoyMmaUh7fvPUEFH1ZqEqQJTIG4bs9Z0kFSD16IygskXpVyPU7EslVwNXSj5q2hXLvZJ7ReoosbOsV2ybq5yIBRshkhmgM2xFS6mqX7bF5Zu3xbt3tve42c8PISGh6+jrAHq8g5DviXjODp7yESeYotBttYnhEXzaQci63dZUtKuOzaZ6NIOAn2G6m1qJr1PblfWnI1WVYkd6LR8FhxhiAaZnT0yfvzmLl1eDKfFY2uXmQLfjNYWpm5Xpm+vFeMk7yA3lRvrtZ00zNhApF41ZFwFPcCDgqUdGH/VNCuLDFPwJHJ/M5j3x+yTDtA7CT8F6oxfiyvNjLTE1Bn5SVRt5lR3kA2JJ/HwblRatCePJQqzGLebEXfcA5rTnlCOBcKrWhphWDzHU7j3yHtt2JRQX1+5RqgcNICTT80I1fpSGdsTY0KVU1GdAmpH1QMwdFBwJr3UrmHkGfEtmxg6noY3uU5yB9rqH3BDjlDimPHcDKGFWNzS0Qi/Ay721qO9VjICOGQybj2Nh2xxguBU2rolZG2Y4iFQrG6wU30ZYirTerv31CU6CL3QB1KWasjNKwpYbgGZVxWwICXe3BZ0D827XF04HAj17dueZt/EVZa05yNhJIT3PUlMI0+fVXWY1N4BgnfftljN9SGKDWf6A128zvLrRTeeocS09Q6KlhB9Fovzyi3H0oK3eSm5nA9zzuB3kbS5jLcN6rKiUcGUTtMppu1ktc8vhYW6JDrgWYifHD67ft5wnALcNTnKg5QMTOs4ovx7d2oj+Inlbx914WM9l/MLQWs/7T1YbwJM4UTFHOHbA9Rzcbg+RIO/sCMBAtowD0MAluCYqwQ+r15OyVwc20NHgNg0po4Mg0+HQleJPunvOOz6rdN5A7U/Ju0lgE99HUCxfeJ0/iy4HX/IEXfsCAjaqmNTkCfPCQsxD7E7dndHPexjdp7ABd0zWkTqMaAUcfsR2ZuK94PeTsk0wQ7OqnAPCxa6rRV4pYJB3fJCTAkd2GpLimL7tiNdQtkjqMhRKqNMLiBO09DAhbziFARYlRb/1F8Lb6CJUnE+gBzHhSEjmIiBE17ELaMEliXHv8mUV9+bCN/OBhh02fKKl6tvUOB8s/YOUUNhL0iSTS44ea+itzn0BSG0fk8brl/2HxDlk40fZVSs2rAwo3afv2G3+GrB5CV1yhS9y28QWjqgJc69r5NxlfmKF/doylwACP/wbVjHPfoZx5efScYSMyyy+58clGtN7Q3HTtA1jK59c44CB0Y50OfooIRQsRiURJcQ+7zgHeinqOJOtQzYH+88JEOqSdFRdD6VLQMMXNM2hXjLBe4FkoESICJgamPc/bbEKwPkZAAA=" />\n<input type="hidden" name="lang" value="eng" />\n<input type="hidden" name="suite" value="cobalt" />\n<input type="hidden" name="reservedids" value="inst,lang,suite" />\n<input type="hidden" name="submitmode" value="" />\n<input type="hidden" name="submitname" value="" />\n<input type="hidden" name="allCountInsertComponent_1" id="allCountInsertComponent_1" value="100" />\n<input type="hidden" name="allAvailCountInsertComponent_1" id="allAvailCountInsertComponent_1" value="100" />\n</div>\r\n\t\t\t\t\t\r\n\t\t\t\t\t\r\n\t\t\t\t\t</form> \r\n\t                    </div>\r\n\t                \r\n\t                \r\n                \r\n                \r\n            </div><!--end mark-->\r\n    \r\n\r\n                                       </div>\r\n                            \r\n                            \r\n                                    <div id="allMaxItemsSection" class="allMaxItemsSection">\r\n                                        \r\n    \r\n\r\n    \r\n            \r\n                 \r\n                \r\n                    <!--link moved into dpBibHoldingStatement via initBibHoldingsToggle JS -->\r\n                    <span class="itemsSectionHeader" id="availHeaderWrapperAnyComponent_0">\r\n                           <a id="showMaxItemsLink2Component_0" class="maxItemsLink" href="/iii/encore/SearchResultsPage,searchResultsComponent.resultComponent.searchBrowseResultBibComponent.$BibHoldingsComponent.bibHoldingsAllMaxItems.showMaxItemsLink2Component.sdirect;jsessionid=5F4C8E89B7C5F964F02DBB6C904346CF?lang=eng&amp;sp=Sb2568299&amp;sp=F&amp;sp=Sallitemsmax-b2568299&amp;sp=F&amp;suite=cobalt" onclick="return tapestry.linkOnClick(this.href,\'showMaxItemsLink2Component_0\', false)">\r\n                               <a href="javascript:void(0);" onclick="toggleBibHoldingsPopup(this)">see all</a>\r\n                           </a>\r\n                    </span>\r\n                \r\n            \r\n            \r\n            <!--start mark -->\r\n             <h3 class="sectionHeader itemsHeader customHeader">Items</h3>\r\n            <div id="allitemsmax-b2568299">\r\n                \r\n\t                \r\n\t                    <div class="itemTableWrapper popUpContentWrapper">\r\n\t                        \r\n    \r\n\t\t<table class="itemTable" cellspacing="3">\r\n        \t<tr>\r\n\t        \t\r\n\t        \t\t<th>\r\n\t        \t\t\tLocation\r\n\t        \t\t</th>\r\n\t        \t\r\n\t        \t\t<th>\r\n\t        \t\t\tCall No.\r\n\t        \t\t</th>\r\n\t        \t\r\n\t        \t\t<th>\r\n\t        \t\t\tStatus\r\n\t        \t\t</th>\r\n\t        \t\r\n        \t</tr>\r\n            \r\n            \t<tr>\r\n            \t\t\r\n                        \r\n            \t\t\r\n                        \r\n                            <td>\r\n                                \r\n                                    \r\n                                    \r\n                                        \r\n                                            \r\n \r\n\t \r\n\t    \t\r\n\t\t\r\n\t\t\r\n\t\t\tJamestown Bluffs\r\n\t\t\r\n    \r\n \r\n\r\n\r\n                                        \r\n                                        \r\n                                    \r\n            \t\t\t        \r\n\t            \t\t\t</td>\r\n            \t\t\t\r\n            \t\t\r\n                        \r\n                            <td>\r\n                                \r\n                                    \r\n                                    \r\n                                        \r\n                                        \r\n                                            \r\n                                                <a id="callNoBrowseDirectLinkComponent_2" href="/iii/encore/SearchResultsPage,searchResultsComponent.resultComponent.searchBrowseResultBibComponent.$BibHoldingsComponent.bibHoldingsAllMaxItems.itemTableComponent.callNoBrowseDirectLinkComponent.sdirect;jsessionid=5F4C8E89B7C5F964F02DBB6C904346CF?lang=eng&amp;sp=Si20195753&amp;sp=Sb2568299&amp;suite=cobalt" onclick="return tapestry.linkOnClick(this.href,\'callNoBrowseDirectLinkComponent_2\', false)">\r\n                                                    VIDEO GAME\r\n                                                </a>\r\n                                            \r\n                                            \r\n                                        \r\n                                    \r\n            \t\t\t        \r\n                                    \r\n                                         \r\n                                    \r\n                                    \r\n            \t\t\t        \r\n                                    \r\n                                         \r\n                                    \r\n                                    \r\n            \t\t\t        \r\n\t            \t\t\t</td>\r\n            \t\t\t\r\n            \t\t\r\n                        \r\n                            <td>\r\n                                \r\n                                    \r\n                                        IN LIBRARY\r\n                                    \r\n                                    \r\n            \t\t\t        \r\n\t            \t\t\t</td>\r\n            \t\t\t\r\n            \t\t\r\n            \t</tr>\r\n            \r\n        </table>\r\n    \r\n\r\n\t                        \r\n\t\t\t\t\t\t\t\r\n\t\t\t\t\t\t\t\t<a id="showAllItemsLinkComponent_2" class="showAllItemsLink customToggle" href="/iii/encore/SearchResultsPage,searchResultsComponent.resultComponent.searchBrowseResultBibComponent.$BibHoldingsComponent.bibHoldingsAllMaxItems.showAllItemsLinkComponent.sdirect;jsessionid=5F4C8E89B7C5F964F02DBB6C904346CF?lang=eng&amp;sp=Sb2568299&amp;sp=T&amp;sp=Sallitemsmax-b2568299&amp;sp=F&amp;suite=cobalt" onclick="return tapestry.linkOnClick(this.href,\'showAllItemsLinkComponent_2\', false)">\r\n\t\t\t\t\t\t\t\tShow remaining items</a>\r\n\t\t\t\t\t\t\t\r\n\t\t\t\t\t\t\t\r\n  \xe2\x80\x8b\t\t\t\t\t\t\t\r\n  \r\n\t\t\t\t\t<form method="post" action="/iii/encore/SearchResultsPage,searchResultsComponent.resultComponent.searchBrowseResultBibComponent.$BibHoldingsComponent.bibHoldingsAllMaxItems.countComponent.sdirect;jsessionid=5F4C8E89B7C5F964F02DBB6C904346CF" id="countComponent_2" style="display:none;">\n<div style="display:none;" id="countComponent_2hidden"><input type="hidden" name="formids" value="allCountInsertComponent_2,allAvailCountInsertComponent_2" />\n<input type="hidden" name="seedids" value="ZH4sIAAAAAAAAAI1ZzVIjNxCmUslL5EzlRKqwYZdwNIZdXIUXyvZuktOWPCPbKjTSRNIY2GfKq+Ud0voZrJY07F7wjPpHrf75ujX8+9/RL9+Ojn4++vX4RFO1ZxU9Pj1pydb+VLJppaDCuGdhCBNUwbOmWjMp7FMLf7aS1w8g8acibUvVNJLSO8p5vLCW9Qt6J5peM0UrAwpnAkwwB/LoZEPAIikWlBPLEEsKuawUa82cGrKgG0X1Du8sn6adNrK5paSmaraJqVVMSXa1RsrHKVHmjonH2JrZ5ng8RtSJQKeZbb6eHp+f3HBNj0fniHMOPgMf5Zu1xCgpVlJyHS/XTLecvDw46n1rT69nmzE6ItnT1Y7pJSWq2iWm2PMvgcETrQXYA37bCQdr9Oe2JoYWFDjyrLF2bwrG3RGx7YC4pBwCKMGTNg1K/g67VZXshLmTWya+f9aYowOvOTEcEvC48+fx6DJsAUyyA/+KDVPNFZcV4m5eggnX1CTHDTZ4h0wUJdiAnTtUSKjV/C6mGdm6nbAErC6oAKHMCiHNX7eLMTz901GFne6i9UGqJl5lQpvjsxMO7oYf3TFD7a/nZZTXd2RNea5naRQDkdMTUu+JqGh9SIbk9KR2IJBy5SpdMiy7Zs1QEusW6nzZbbdUp3W6J5zVrnpvlJLqDZL+gMkWcuBJBzcmyBGoU8jcrcRe3MmGPmRJ26/a6syQAitLwAIRGbV2RoU4Tk3x5UBrVK4jwBylLFeylUvgszdO1quzdv+AwjRub217ngd4QXXHoQJEIS8DLSZIs6NqKTtVUT1ngjUE5SEVZM2tJ2J3Ka/G4wSKENF+iyU1OAReZGpLN0fQWKwUXJ/PK/qcKNWH9UynlXOA0+M2lpTK9KCXrgf8Qrl87vQ9sBbpOetjs3wVs8GzHvtBNnzaAuPqpQ0tZ1zICawQGBwIHNJ6WFsczg2pqPmoZNfGWxxWZ3WSTHumWXLGUb+ITzQK+P71PbgwPF4Eb67IdsplVyeJwrY7s2Q1daj7iTQ0jUQ41QIxxk6MUxrnIAwhPTpikoa05zfPLRF1bxaqAkRJvGHIVt9JUgNSD84IqliUYTVBzb5USjVwpeSTpr5YHpTcKtIkiV1kvWLrUuUkLNgIkc0A3rAFraSqf1+P373/Y3x5aXuPm/3CEBITfEdfRtATHIR8T8RLcfCUTzjBFIVuq00Kj+BTDyHLbt1Q0S08m031ZAYBP8N0N7ISX0e2K+v7PVW1Ynt6LZ8EhxhiAaYnz0yfvT9NlxcHU9Kx1OfmgW7HawpTN6vyN9eL8VJwkBvKjQzbT9p2aCBSLhoTH4FAcCAQqHtGn/RNDuKHGfkeHJ/N5j3xxyTjtI7CT8F6o2fiKvBjLSk1BX5S1yt5VRzkI2JFwnyblBZtCOPZQqrGLZbEXfcA5rznVAOBcKqWhphOH2Ko3XviPbb2JZQW1+ZJqkcNICTz80I1fpKGemJq6FwqGjIgz8jmQCwdFBwJr00nmHkBfMtmRo/T0Ea3Oc5Ae91CbohhShpTXroBVDCrGxpboWfg5d5a1PdqRkDHBIbNp6GwrXYw3Aob18ysFTMcROqFDVaObwMs47zersP1CU6CL3QR1OWaijNKxlYagCZ1zWwICXe3BV0Cc7/rK6cDgZ69uPMk2PiGss7sZOqkmF5maSiE6fPirrBaGkCwzoduzZneZbHBLH/D6/cZ3tzoxjtqWEvPkGmp4EeRJL/CYho9aKu3ktvZAPc8bgd5m8tYy2E9VVRJuLIJWpe03SzmpeX4MLdER1wzsZHDB9cfOs4zgFtHJ9nR6pEJnWZUWE9ubUR/kbxr0m58WC9l/MzQRk/7T1YrwJM0UTFHPHbA9Rzcbg+RIe9kD8BA1owD0MAluCEqww+rN5CKVwd2oKPBbRRTBgdBpuOhK8effPeSd0JW6bKBOpyS+0lgld5HUCxfeZ0/xz4HX/ME3WIiQnpvacgz5oWFlIfYnfydMcx7GN1HsAF3TNaROo5oDRxhxHZm4r3g917ZJligWVXOAfGi72rZLc14PshJgSP7LiZl3zhHnnoNdYvELmKpjDq6hEBBT48z8oZTmGBRVvR7fyG8S25CZ6MTaEJMOBKSuYwIyX3sEnpwRVLgu3hdxc35LHTzAw177PCNlqrvU9OEsPSPUkJlz0mbjS4leqqht7r0CSC3fUgar1/0XxKnkI6fpC/X5DofUfy379Rt4R6weg1ddoc/K20z8DkgVYOSz7dy7nI/M8N+bwEQ+Ok3XMe8+CFmbCkuHwfIuNCwseOsSFN6byhum7ZlrOWzax0wMtqhrkQfJMSC40FJRInRLzjOwV6OO85k65DVzv57AoR8lg6q68F0Dnj4iqcl3Ithz83wQSAZKRNMBFTNzOOpccNH7TeJTos1/g9P8hvtTRoAAA==" />\n<input type="hidden" name="lang" value="eng" />\n<input type="hidden" name="suite" value="cobalt" />\n<input type="hidden" name="reservedids" value="inst,lang,suite" />\n<input type="hidden" name="submitmode" value="" />\n<input type="hidden" name="submitname" value="" />\n<input type="hidden" name="allCountInsertComponent_2" id="allCountInsertComponent_2" value="100" />\n<input type="hidden" name="allAvailCountInsertComponent_2" id="allAvailCountInsertComponent_2" value="100" />\n</div>\r\n\t\t\t\t\t\r\n\t\t\t\t\t\r\n\t\t\t\t\t</form> \r\n\t                    </div>\r\n\t                \r\n\t                \r\n                \r\n                \r\n            </div><!--end mark-->\r\n    \r\n\r\n                                    </div>\r\n                            \r\n                            \r\n                            <div id ="showMoreLessLinkContainer">&nbsp;</div>\r\n                            \r\n                            <img alt="Drop Up Shadow" src="resources/gold/images/dropShadowUpArrow.png" class="dropShadowUpArrow" id="dialogUpArrowImageAnyComponent"></img>\r\n                        </div>\r\n                    </div>\r\n                    \r\n               \r\n               \r\n    \t\r\n    \t<!-- Order info -->\r\n        \r\n   \r\n\r\n\r\n                    \r\n                    \n    \n     \n\r\n                    \r\n\t\r\n\t\t<span title="ctx_ver=Z39.88-2004&amp;rft_val_fmt=info%3Aofi%2Ffmt%3Akev%3Amtx%3Abook&amp;rfr_id=info%3Asid%2Fiii.com%3Aencore&amp;rft.btitle=Nintendo+Switch+%3A+LEGO+The+Incredibles.&amp;rft.isbn=&amp;rft.date=&amp;rft_id=http%3A%2F%2Fencore.slcl.org%2Fiii%2Fencore%2Frecord%2FC__Rb2568299__SNintendo%2520Switch__Orightresult__X3%3Bjsessionid%3D5F4C8E89B7C5F964F02DBB6C904346CF%3Flang%3Deng%26suite%3Dcobalt" class="Z3988" id="coinsAnyComponent"></span>\r\n\t\r\n\r\n                    <!-- ratingReviewsSummaryComponent -->\r\n                    \r\n                    <div class="addtlInfo">\r\n                       \r\n                       \r\n                       \r\n   \r\n\r\n                    </div>\r\n                </div>\r\n            </div>\r\n            <div class="bibLocations">\r\n                \r\n                \r\n            </div>\r\n        </div>\r\n    \r\n\r\n\t\r\n\r\n\t<!-- Browse Result Resource -->\r\n\t\r\n\r\n\t<!-- Browse Result External -->\r\n\t\r\n\r\n               \r\n           \r\n               \r\n\t<!-- Browse Result Program -->\r\n\t\r\n\r\n\t<!-- Browse Result Bib -->\r\n\t\r\n\t\t \r\n    \r\n        <div id="resultRecord-b2568406" class="gridBrowseContent2 searchResult">\r\n            <div class="gridBrowseCol1">\r\n                <div id="actionsUpdate-b2568406">\r\n                  \r\n    <span id="anyWrapperComponent_0">\r\n        \r\n    </span>\r\n\r\n                  <div class="citationButtons">\r\n                     \n    <div class="requestLink" id="Any_0">\n        \n\n        \n            <div class="Request" id="Any_1_0"> \n                        \t         \n            \t \n                \n                \n                \n                \t\n    \n    \n \n       \n        \n        \n            \n                <div class="requestButton">\n                   <a id="genericLink_0" class="button secondaryAction" href="https://encore.slcl.org/iii/encore/search;jsessionid=5F4C8E89B7C5F964F02DBB6C904346CF/Sdologin?lang=eng&amp;target=Nintendo%20Switch&amp;loginReason=doRequest&amp;actionRecordId=b2568406">\n                       <img alt="Direct Link" src="resources/gold/images/hold.png" id="genericLinkImage_0"></img>Request it\n                   </a>\n                </div>   \n            \n            \n        \n    \n\n                \n                \n                  <!--     popup -->\n                 \n        \t <!--    popup -->\n                \n            </div>\n        \n    </div>\n\r\n                  </div>\r\n                  \r\n<div class="addtlActions">\r\n\t\t<p>Additional actions:</p>\r\n    <ul class="inline-list initialActions">\r\n        \r\n        <li>\r\n    \r\n        <span id="bookCartOperationAnyComponentb2568406">\r\n            \r\n            \r\n\t\t\t\t\t<a id="addToBookCartLinkComponent_0" onMouseup="renewSession()" href="/iii/encore/SearchResultsPage,searchResultsComponent.resultComponent.searchBrowseResultBibComponent.recordActionsComponent.bookCartOperationComponent.addToBookCartLinkComponent.sdirect;jsessionid=5F4C8E89B7C5F964F02DBB6C904346CF?lang=eng&amp;sp=Sb2568406&amp;suite=cobalt" onclick="return tapestry.linkOnClick(this.href,\'addToBookCartLinkComponent_0\', false)">\r\n\t\t\t\t\t\t<img alt="Book Cart" width="22" title="Add to cart" src="resources/gold/images/bookcart.png" class="actionIcon" height="20" id="addToBookcartImageAnyComponent_0"></img>\r\n\t\t\t\t    </a>\r\n            \r\n        </span>\r\n    \r\n</li>\r\n        <li>\r\n    <a id="emailLinkComponent_0" onMouseup="renewSession()" class="toolbarItem popInDialogTrigger" href="/iii/encore/SearchResultsPage,searchResultsComponent.resultComponent.searchBrowseResultBibComponent.recordActionsComponent.emailComponent.emailLinkComponent.sdirect;jsessionid=5F4C8E89B7C5F964F02DBB6C904346CF?lang=eng&amp;sp=Sb2568406&amp;suite=cobalt" onclick="return tapestry.linkOnClick(this.href,\'emailLinkComponent_0\', false)">\r\n        <img alt="Email" width="19" title="Email" src="resources/gold/images/email.png" class="actionIcon" height="13" id="emailImageAnyComponent_0"></img>\r\n        \r\n    </a>\r\n    <!--confirmation dialog-->\r\n    \r\n    <div id="emailMessageContainer">\r\n        <div id="sentStatus">\r\n            <div id="emailStatusMessage">\r\n                \r\n            </div>\r\n        </div>\r\n    </div>\r\n</li>\r\n        \r\n             <li>\r\n\t\r\n</li>\r\n             <li>\r\n    \r\n</li>\r\n        \r\n        \r\n            <li><a href="javascript:void(0);" class="popUpTrigger moreActionsLink" onclick="toggleBibHoldingsPopup(this, false, \'moreActionsWrapper\',\'gridBrowseCol1\')">\r\n            <img width="13" alt="more actions" title="More actions" src="resources/gold/images/more.png" class="actionIcon" height="13" id="moreActionsImageAnyComponent_0"></img></a></li>\r\n        \r\n    </ul>\r\n   <div class="moreActionsWrapper popUpWrapper">\r\n       <a class="closeLink" onclick="toggleBibHoldingsPopup(this, true, \'moreActionsWrapper\',\'gridBrowseCol1\')" href="javascript:void(0);">\r\n           close\r\n       </a>\r\n       <h3 class="moreActionsHeader">more</h3>\r\n        <ul class="inline-list moreActions">\r\n            <li>\r\n    \r\n\t    \r\n\t    \r\n\t        <a id="loginLinkComponent_0" href="https://encore.slcl.org/iii/encore/search;jsessionid=5F4C8E89B7C5F964F02DBB6C904346CF/Sdologin?lang=eng&amp;target=Nintendo%20Switch&amp;loginReason=doTag&amp;actionRecordId=b2568406">\r\n\t           <img width="20" title="Add a Tag" src="resources/gold/images/tag.png" class="actionIcon" height="19" id="createCommunityTagsIconImageAny2Component_0"></img>\r\n\t        </a>\r\n\t    \r\n    \r\n</li>\r\n            \r\n            \r\n        </ul>\r\n       <img src="resources/gold/images/dropShadowArrow.png" class="dropShadowArrow" id="dialogArrowImageAnyComponent_0"></img>\r\n    </div>\r\n</div>\t \r\n\r\n                </div>\r\n            </div>\r\n            <div class="gridBrowseCol2">\r\n                \r\n                    <!--title-->\r\n                <div class="dpBibTitle">\r\n                    <!-- please read c1063106, c1063117, c1044421, c1060576a before changing title -->\r\n                    \r\n                        \r\n                            <span class="title">\r\n                                <a id="recordDisplayLink2Component_0" href="/iii/encore/record/C__Rb2568406__SNintendo%20Switch__P0%2C1__Orightresult__X3;jsessionid=5F4C8E89B7C5F964F02DBB6C904346CF?lang=eng&amp;suite=cobalt">\r\n                                    Nintendo Switch : Super Bomberman R.\r\n                                </a>\r\n                            </span>\r\n                        \r\n                        \r\n                        \r\n                            <span class="title">\r\n                                <span class="additionalFields customSecondaryText">\r\n                                    \r\n                                </span>\r\n                            </span>\r\n                        \r\n                    \r\n\r\n                    \r\n                    <div class="dpBibAuthor">\r\n                        \r\n                        \r\n                    </div>\r\n                    <!-- MARC 962 Media -->\r\n                    <div class="recordDetailValue">\r\n                        \r\n                        <span class="itemMediaDescription" id="mediaTypeInsertComponent_0">ELECTRONIC RES</span>\r\n                        \r\n                        \r\n                                <span class="pipeDivider">|</span>\r\n                                <span class="itemMediaYear" id="searchResultPubYearInsertComponent_0"></span>\r\n                            \r\n                        \r\n                              <span class="pipeDivider">|</span>\r\n                              <span class="itemEdition" id="searchResultEditionInsertComponent_0">Nintendo Switch ed.</span>\r\n                           \r\n                    </div>\r\n                    \r\n                    \r\n                        <!-- bibHoldingsComponentAvailableOnlyOrAllItems -->\r\n                        \r\n    <!--start item info-->\r\n    \r\n    \r\n        <!-- over threshold holdings info -->\r\n        \r\n\t\r\n\r\n    \t<!--ERM-->\r\n        \r\n    \r\n    <!-- Dialog content -->\r\n    \r\n\r\n        <!-- checkin info -->\r\n        \r\n\t\r\n\r\n        <!-- Volume info -->\r\n        \r\n        <!-- Item info -->\r\n        \r\n                \r\n                  <!--This ItemsContainer elem does not get rendered into a toggle on the record page - only the browse -->\r\n                  <div id="ItemsContainer-b2568406" class="ItemsContainer">\r\n                        \r\n                           \r\n    \r\n        <div class="availabilitySummaryArea">\r\n            \r\n                <div class="dpBibHoldingStatement">\r\n                    <span class="availabilityMessage">\r\n                        <span class="itemsAvailable">Available</span> at Indian Trails (<span class="availCallNumber">VIDEO GAME</span>) plus 2 more\r\n                    </span>\r\n                    \r\n                        <span class="itemsContainerPopUpTrigger"></span>\r\n                    \r\n                </div>\r\n            \r\n        </div>\r\n    \r\n    \r\n    \r\n\r\n                        \r\n                        <div class="content bibHoldingsWrapper popUpWrapper">\r\n                            <a href="javascript:void(0);" onclick="toggleBibHoldingsPopup(this, true)" class="closeLink">close</a>\r\n                            <!-- available-->\r\n                              \r\n                                  <div id="availableItemsSection" class="availableItemsSection">\r\n                                      \r\n    \r\n\r\n    \r\n            \r\n            \r\n                    <!--link moved into dpBibHoldingStatement via initBibHoldingsToggle JS -->\r\n                    <span class="itemsAvailHeader itemsSectionHeader" id="availHeaderWrapperAny2Component_1"><a href="javascript:void(0);" onclick="toggleBibHoldingsPopup(this)">see all</a></span>\r\n            \r\n            <!--start mark -->\r\n             <h3 class="sectionHeader itemsHeader customHeader">Items</h3>\r\n            <div id="allavailitems-b2568406">\r\n                \r\n\t                \r\n\t                    <div class="itemTableWrapper popUpContentWrapper">\r\n\t                        \r\n    \r\n\t\t<table class="itemTable" cellspacing="3">\r\n        \t<tr>\r\n\t        \t\r\n\t        \t\t<th>\r\n\t        \t\t\tLocation\r\n\t        \t\t</th>\r\n\t        \t\r\n\t        \t\t<th>\r\n\t        \t\t\tCall No.\r\n\t        \t\t</th>\r\n\t        \t\r\n\t        \t\t<th>\r\n\t        \t\t\tStatus\r\n\t        \t\t</th>\r\n\t        \t\r\n        \t</tr>\r\n            \r\n            \t<tr>\r\n            \t\t\r\n                        \r\n            \t\t\r\n                        \r\n                            <td>\r\n                                \r\n                                    \r\n                                    \r\n                                        \r\n                                            \r\n \r\n\t \r\n\t    \t\r\n\t\t\r\n\t\t\r\n\t\t\tIndian Trails\r\n\t\t\r\n    \r\n \r\n\r\n\r\n                                        \r\n                                        \r\n                                    \r\n            \t\t\t        \r\n\t            \t\t\t</td>\r\n            \t\t\t\r\n            \t\t\r\n                        \r\n                            <td>\r\n                                \r\n                                    \r\n                                    \r\n                                        \r\n                                        \r\n                                            \r\n                                                <a id="callNoBrowseDirectLinkComponent_3" href="/iii/encore/SearchResultsPage,searchResultsComponent.resultComponent.searchBrowseResultBibComponent.$BibHoldingsComponent.bibHoldingsAvailableItems2.itemTableComponent.callNoBrowseDirectLinkComponent.sdirect;jsessionid=5F4C8E89B7C5F964F02DBB6C904346CF?lang=eng&amp;sp=Si20198301&amp;sp=Sb2568406&amp;suite=cobalt" onclick="return tapestry.linkOnClick(this.href,\'callNoBrowseDirectLinkComponent_3\', false)">\r\n                                                    VIDEO GAME\r\n                                                </a>\r\n                                            \r\n                                            \r\n                                        \r\n                                    \r\n            \t\t\t        \r\n                                    \r\n                                         \r\n                                    \r\n                                    \r\n            \t\t\t        \r\n                                    \r\n                                         \r\n                                    \r\n                                    \r\n            \t\t\t        \r\n\t            \t\t\t</td>\r\n            \t\t\t\r\n            \t\t\r\n                        \r\n                            <td>\r\n                                \r\n                                    \r\n                                        IN LIBRARY\r\n                                    \r\n                                    \r\n            \t\t\t        \r\n\t            \t\t\t</td>\r\n            \t\t\t\r\n            \t\t\r\n            \t</tr>\r\n            \r\n        </table>\r\n    \r\n\r\n\t                        \r\n\t\t\t\t\t\t\t\r\n\t\t\t\t\t\t\t\t<a id="showAllItemsLinkComponent_3" class="showAllItemsLink customToggle" href="/iii/encore/SearchResultsPage,searchResultsComponent.resultComponent.searchBrowseResultBibComponent.$BibHoldingsComponent.bibHoldingsAvailableItems2.showAllItemsLinkComponent.sdirect;jsessionid=5F4C8E89B7C5F964F02DBB6C904346CF?lang=eng&amp;sp=Sb2568406&amp;sp=T&amp;sp=Sallavailitems-b2568406&amp;sp=F&amp;suite=cobalt" onclick="return tapestry.linkOnClick(this.href,\'showAllItemsLinkComponent_3\', false)">\r\n\t\t\t\t\t\t\t\tShow remaining items</a>\r\n\t\t\t\t\t\t\t\r\n\t\t\t\t\t\t\t\r\n  \xe2\x80\x8b\t\t\t\t\t\t\t\r\n  \r\n\t\t\t\t\t<form method="post" action="/iii/encore/SearchResultsPage,searchResultsComponent.resultComponent.searchBrowseResultBibComponent.$BibHoldingsComponent.bibHoldingsAvailableItems2.countComponent.sdirect;jsessionid=5F4C8E89B7C5F964F02DBB6C904346CF" id="countComponent_3" style="display:none;">\n<div style="display:none;" id="countComponent_3hidden"><input type="hidden" name="formids" value="allCountInsertComponent_3,allAvailCountInsertComponent_3" />\n<input type="hidden" name="seedids" value="ZH4sIAAAAAAAAAI1Z3XIiuxHei+QtculLUmUw66wvMWbPUmXWLmBPkqstMSNAtRppImmwfZ4pr5ZK5Q3S+hlGLQnv3hjor7vVf2q15H//58Of//jw4U8f/vLfkabqxCp6dT1qycF+VLJppaDCuO/CECaogu+aas2ksN9a+HOQvH4Gib8r0rZUzSMpfaScx4SdrN/Qb6LpA1O0MqBwKcAEM8Dj0Z6ARVKsKSeWIZYUclMp1poVNWRN94rqI15Zvsw7bWTzhZKaquU+RqsYSVa1Rsofc6LMIxM/YmuW+6vJJ4TOBPJmuf9+fXU7WnBNr8aYcwUxgxjli7XEKCm2UnIdk2umW07enh361Frv9XI/QS6SE90emd5QoqpjYor1fwMMHrQW4Aj4ZWccrNHf2poYWlDg4GVj7d4XjHsk4tABuKEcEighkrYMSvEOq1WV7IR5lAcmfu5rzNFB1JwYTglE3MXzajINSwCT7CC+Ys9Uc89lhbibt2DCAzWJu8EGH5CZogQbcHROhYLarh5jzMjWrYQlgLqmAoQyK4Q0//iynsC3f3VU4aC7bH2WqompTGhzNR1xCDd86I4Zaj89L6O8fiQ7ynM9G6MYiFyPSH0ioqL1UAyJ96R2TSDlylW6Yth0zY6hItYt7PNNdzhQne7TE+Gsdrt3oZRU70D6M4Zty4FvOoQx6RwBnUPlHiSO4lE29Dkr2p5qd2fWKbCypFkgkFFrZ7QRJ6kpfjvQGm3XMfQcpSxXspQr4Jt3POvVWbt/QWGat/eWneYJXlPdcdgBolCXAYsBaY5UbWSnKqpXTLCGoDqkguy4jcRAvBkpr8b3CZQhov0SG2pwCrzI3G7dvIPGYqXk+nre0tdEqR7omU4r5xpO37expFSmb3opPfQvVMtTp++ZtRRHIuRmcxazybMR+0U27G2BcfvWhiNnUqgJrBAYXBMYyvqytrj696Si5jcluzZeYqAu66SYTkyzxMdxT8QejUN//3579bH/+jf4aqO5JYc5l12dFAo7HM2G1dR13a+koWkmgldrxBgHMS5pXIMwhPTdEUMayp4vXlsi6t4stAsQkkTDkIN+lKSGTn1xRlDFTRmoyL/xeasMlGEP3Cv5oqnfLM9KHhRpcBbKrPdsl7CVWLARIpkBesPWtJKq/utu8vH20+Tuzp49bvYLQ0gM+BN9E7WeECAdqyXiLRs8vSNp14HTVmczHcQU/kIL2XS7hopu7dlsqWtsP8QZprsbK/F9DL+ZfjpRVSt2og/yRXDIIRZgevbK9M3tdUpeD6ZgqK/NAQfigcLUzar8lzuLMSkEyBKlkWH5WduWByKbE5uNmc9AAFwTCOiJ0Re9yJv4+DzbPkHgk9l8AH9NMi7rKP0UrDd6Ke4DP9aSomnjIHW9lfcXBvkzWJEw36KtBdobwnhGSNU4YkncnR7AnJ45Y3u2FxPhVG0MMZ0ecqjd7yR6bOe3ULq59i9S/dDQhGTuL+zGr9JQD6aGrqSioQLyimwGsOQoBBJ+Np1g5g36W7pu6NNwjB7yPgPH6wFqQ1xG0pzy/AYAEYVZ3dDYCr2EKPfWoompZgR0zGDYfLmUtu0Rhlth85qZtWWGg0i9tsnK+9sFlkm+3x7C9Qk8QWg8ZeWasstxccE0Zu4aV9fMppBwd1vQpWbuVz1zuibQsxdXngUb31HWmaNMgxTjZZaGQpq+rR8L1NIAgnU+dzvO9DHLDWb5J/z8OcO7Cy18oC5r6RkyLRV8KJLUVyCm2YNj9YvkdjbAZx63g7ytZaxloKeKKglXNkHrkrbFelUix858ITriWoq9vOy4/txxnjW4XeTJkVY/mNBpRQU61gwn8++Sd016Gg/0UsUvDW30vH+y2kI/SQsVc8RjB1zPIezWiazzzk7QGMiOcWg0cAluiMr6h9UboMLVAU7/AUeD202MXBgE7ewQD115/8lXL0UnVJUuG6iDl9xPAtv0PoJyeeZ18Zz4GjzXSSQ1jQFs1HTUkFfMC4SUh9iV/J0xzHu4u09gAe6YbCB1nNEaOMKI7czEa8Hnk7KHYAGzqlwA0rtcFpUpDPKOD2pS4JH8LoaynAbBB9i3SAxJZegEbNNwpscVueAUJlhcFUHL74R3yU3o5m4EhxATDopl7FvaGcBZAAj2NUkb392Zig/naTjNBwxHbHijpernaFoQFv9NStjZK9Jmo0sJTzX0VpeeAHLbL0lj+l3/kjiHcvwq/XbFhlUR4t++07CFe8D2nLrsDj8tLZNaeEENKj5/lHNX+5kZ9r3FNQG8j3nxIebGIq4eL8B4o6VvF+kmTfHeUPw0Z4+MnXx1RweMjHaoK+EXgVhwclESIXH3C4Gzt1ie9x1nsg3I9mj/PQFCvkovquub6Qr6oe+n1+W+l83wQSAbKVFPhK6amcdT4y672i8SeZto9PP1t/bChG1fspmJZhp/MPv/4wSDSid39qgXTRtPKvtnA7U3zLgxIllYY3FmSKrJz05ziYYTTE+fhoGU+AiTyVLvBGb0j8ydckc3VSeaKIpdurudJA7Zt6qPtzY/OlW6mq3nnwKGpfbs1c3v4bZROALsC7xyPOPyC+jwFPS/89ABf93bWO5f/nC0eDVUCZKEGe7crOKhGZXeeeM3oun1bfmNyAM/f0zwfKVxL6jOpwYH/B+/O8frGh0AAA==" />\n<input type="hidden" name="lang" value="eng" />\n<input type="hidden" name="suite" value="cobalt" />\n<input type="hidden" name="reservedids" value="inst,lang,suite" />\n<input type="hidden" name="submitmode" value="" />\n<input type="hidden" name="submitname" value="" />\n<input type="hidden" name="allCountInsertComponent_3" id="allCountInsertComponent_3" value="100" />\n<input type="hidden" name="allAvailCountInsertComponent_3" id="allAvailCountInsertComponent_3" value="100" />\n</div>\r\n\t\t\t\t\t\r\n\t\t\t\t\t\r\n\t\t\t\t\t</form> \r\n\t                    </div>\r\n\t                \r\n\t                \r\n                \r\n                \r\n            </div><!--end mark-->\r\n    \r\n\r\n                                  </div>\r\n                              \r\n                             <!--all -->\r\n                              \r\n                                   <a href="javascript:void(0);" onclick="showHideItemsToggle(this)" class="showAllToggleLink availCheckboxLink"><img width="15" src="resources/gold/images/checkbox_checked.png" class="availCheckbox" height="13" id="checkboxCheckedImageComponent_0"></img>only show available</a>\r\n                                   <a href="javascript:void(0);" onclick="showHideItemsToggle(this)" class="showAvailableToggleLink availCheckboxLink"><img width="15" src="resources/gold/images/checkbox.png" class="availCheckbox" height="13" id="checkboxImageComponent_0"></img>only show available</a>\r\n                                   <a href="javascript:void(0);" onclick="showHideItemsToggle(this)" class="showAllMaxToggleLink availCheckboxLink"><img width="15" src="resources/gold/images/checkbox_checked.png" class="availCheckbox" height="13" id="checkboxCheckedImage2Component_0"></img>only show available</a>\r\n                                   <a href="javascript:void(0);" onclick="showHideItemsToggle(this)" class="showAvailableMaxToggleLink availCheckboxLink"><img width="15" src="resources/gold/images/checkbox.png" class="availCheckbox" height="13" id="checkboxImage2Component_0"></img>only show available</a>\r\n                                    \r\n                                    <div id="allItemsSection" class="allItemsSection">\r\n                                       \r\n    \r\n\r\n    \r\n            \r\n            \r\n                    <!--link moved into dpBibHoldingStatement via initBibHoldingsToggle JS -->\r\n                    <span class="itemsSectionHeader" id="availHeaderWrapperAny2Component_2"><a href="javascript:void(0);" onclick="toggleBibHoldingsPopup(this)">see all</a></span>\r\n            \r\n            <!--start mark -->\r\n             <h3 class="sectionHeader itemsHeader customHeader">Items</h3>\r\n            <div id="allitems-b2568406">\r\n                \r\n\t                \r\n\t                    <div class="itemTableWrapper popUpContentWrapper">\r\n\t                        \r\n    \r\n\t\t<table class="itemTable" cellspacing="3">\r\n        \t<tr>\r\n\t        \t\r\n\t        \t\t<th>\r\n\t        \t\t\tLocation\r\n\t        \t\t</th>\r\n\t        \t\r\n\t        \t\t<th>\r\n\t        \t\t\tCall No.\r\n\t        \t\t</th>\r\n\t        \t\r\n\t        \t\t<th>\r\n\t        \t\t\tStatus\r\n\t        \t\t</th>\r\n\t        \t\r\n        \t</tr>\r\n            \r\n            \t<tr>\r\n            \t\t\r\n                        \r\n            \t\t\r\n                        \r\n                            <td>\r\n                                \r\n                                    \r\n                                    \r\n                                        \r\n                                            \r\n \r\n\t \r\n\t    \t\r\n\t\t\r\n\t\t\r\n\t\t\tIndian Trails\r\n\t\t\r\n    \r\n \r\n\r\n\r\n                                        \r\n                                        \r\n                                    \r\n            \t\t\t        \r\n\t            \t\t\t</td>\r\n            \t\t\t\r\n            \t\t\r\n                        \r\n                            <td>\r\n                                \r\n                                    \r\n                                    \r\n                                        \r\n                                        \r\n                                            \r\n                                                <a id="callNoBrowseDirectLinkComponent_4" href="/iii/encore/SearchResultsPage,searchResultsComponent.resultComponent.searchBrowseResultBibComponent.$BibHoldingsComponent.bibHoldingsAllItems.itemTableComponent.callNoBrowseDirectLinkComponent.sdirect;jsessionid=5F4C8E89B7C5F964F02DBB6C904346CF?lang=eng&amp;sp=Si20198301&amp;sp=Sb2568406&amp;suite=cobalt" onclick="return tapestry.linkOnClick(this.href,\'callNoBrowseDirectLinkComponent_4\', false)">\r\n                                                    VIDEO GAME\r\n                                                </a>\r\n                                            \r\n                                            \r\n                                        \r\n                                    \r\n            \t\t\t        \r\n                                    \r\n                                         \r\n                                    \r\n                                    \r\n            \t\t\t        \r\n                                    \r\n                                         \r\n                                    \r\n                                    \r\n            \t\t\t        \r\n\t            \t\t\t</td>\r\n            \t\t\t\r\n            \t\t\r\n                        \r\n                            <td>\r\n                                \r\n                                    \r\n                                        IN LIBRARY\r\n                                    \r\n                                    \r\n            \t\t\t        \r\n\t            \t\t\t</td>\r\n            \t\t\t\r\n            \t\t\r\n            \t</tr>\r\n            \r\n        </table>\r\n    \r\n\r\n\t                        \r\n\t\t\t\t\t\t\t\r\n\t\t\t\t\t\t\t\t<a id="showAllItemsLinkComponent_4" class="showAllItemsLink customToggle" href="/iii/encore/SearchResultsPage,searchResultsComponent.resultComponent.searchBrowseResultBibComponent.$BibHoldingsComponent.bibHoldingsAllItems.showAllItemsLinkComponent.sdirect;jsessionid=5F4C8E89B7C5F964F02DBB6C904346CF?lang=eng&amp;sp=Sb2568406&amp;sp=T&amp;sp=Sallitems-b2568406&amp;sp=F&amp;suite=cobalt" onclick="return tapestry.linkOnClick(this.href,\'showAllItemsLinkComponent_4\', false)">\r\n\t\t\t\t\t\t\t\tShow remaining items</a>\r\n\t\t\t\t\t\t\t\r\n\t\t\t\t\t\t\t\r\n  \xe2\x80\x8b\t\t\t\t\t\t\t\r\n  \r\n\t\t\t\t\t<form method="post" action="/iii/encore/SearchResultsPage,searchResultsComponent.resultComponent.searchBrowseResultBibComponent.$BibHoldingsComponent.bibHoldingsAllItems.countComponent.sdirect;jsessionid=5F4C8E89B7C5F964F02DBB6C904346CF" id="countComponent_4" style="display:none;">\n<div style="display:none;" id="countComponent_4hidden"><input type="hidden" name="formids" value="allCountInsertComponent_4,allAvailCountInsertComponent_4" />\n<input type="hidden" name="seedids" value="ZH4sIAAAAAAAAAI1ZzXIjuQ2eVCWpvERuPipVlvwz66Msa3ZUZY1dkmZ3c5qiuimJNWyyQ7Jle58pr5Z3CPjTaoKkPHOxJHwACAIgANL//d+Hv/354cNfP/zz7yNN1ZFV9OJy1JK9/ahk00pBhXHfhSFMUAXfNdWaSWG/tfBnL3n9DBK/K9K2VM0iKX2gnMeErazf0G+i6QNTtDKgcCHABDPA49GOgEVSrCgnliGWFHJdKdaaJTVkRXeK6gNeWb7MOm1k85mSmqrFLkarGElWtUbK7zOizCMT32NrFruLyR1CpwLtZrH7dnlxO5pzTS/GmHMJPgMf5Yu1xCgpNlJyHZNrpltO3p4d+tTa3evFboK2SI50c2B6TYmqDokpdv9rYPCgtQB7wC875WCN/trWxNCCAgcvGmv3rmDcIxH7DsA15RBACZ60aVDyd1itqmQnzKPcM/HjvcYcHXjNieGQgMedP21Y/BLAJDvwr9gx1dxzWSHu5i2Y8EBNst1gg3fIVFGCDTi4TYWE2iwfY8zI1q2EJYC6ogKEMiuENH98Xk3g2386qrDTXbQ+SdXEVCa0ubgZcXA3fOiOGWo/PS+jvH4kW8pzPWujGIhcjkh9JKKi9ZAMye5J7YpAypWrdMmw7potQ0msWzjn626/pzo9p0fCWe1O71wpqd6B9CcM25ID33RwY1I5AjqDzN1L7MWDbOhzlrQ91Z7OrFJgZUmxQCCj1s7oIE5SU/xxoDU6rmOoOUpZrmQpl8BX7+ysV2ft/gmFadzeW/Y6D/CK6o7DCRCFvAxYDEhzoGotO1VRvWSCNQTlIRVky60nBuLVSHk1vk6gCBHtl1hTg0PgRWb26OYVNBYrBdfn84a+Jkr1QM90WjlXcPq6jSWlMn3RS+mhfqFcvnb6nllLsSdCbNYnMRs867GfZMO7LTBu3trQciaFnMAKgcEVgSGtz2uLs39HKmp+VbJr4yUG6qJOkunINEv2OO6JeEfjUN+/3UJXDV8/wlfrzQ3Zz7js6iRR2P5g1qymrup+IQ1NIxF2tUKMsRPjlMY5CENIXx0xpCHt+fy1JaLuzUKnACGJNwzZ60dJaqjUZ2cEVTyUgYr2Nz4dlYEynIF7JV809YflWcm9Ig2OQpn1nm0TthILNkIkM0Bv2IpWUtX/2k5ubn+Z3N3Z3uNmvzCExIDv6Ouo9AQH6VgtEW/Z4Ok3klYd6LY6m+nAp/AXSsi62zZUdCvPZlNdY/vBzzDdXVmJb2P4zfTTkapasSN9kC+CQwyxANPTV6avbi9T8mowBUN9bg44EPcUpm5W5b9cL8ak4CBLlEaG5adtWx6IbExsNKY+AgFwRSCgR0Zf9Dwv4uPTbPsEjk9m8wH8Ock4raPwU7De6IW4D/xYS4qmhYPU9UbenxnkT2BFwnyLjhZobwjjGSFV44glcdc9gDntOWPb24uBcKrWhphODzHU7nfiPbb1Ryg9XLsXqb5rKEIy3y+cxi/SUA+mhi6loiED8oxsBrC0UXAk/Gw6wcwb1Ld03VCnoY3u8zoD7XUPuSHOI2lMeX4DAI/CrG5obIVegJd7a9HEVDMCOqYwbL6cC9vmAMOtsHHNzNoww0GkXtlg5fXtDMskP28P4foEO0FoPGXlmrLLcXHB1GfuGlfXzIaQcHdb0KVi7lc9cboi0LMXV54GG99R1pmDTJ0U42WWhkKYvq4eC9TSAIJ1PndbzvQhiw1m+Tf8/DHDuwvNvaPOa+kZMi0VfCiS5FcgptGDtvpZcjsb4J7H7SBvcxlrGeipokrClU3QuqRtvlqWyPFmPhMdcS3ETp7fuP7UcZ4VuG20kwOtvjOh04wKdKwZOvNvkndN2o0HeinjF4Y2etY/WW2gnqSJijnisQOu5+B2u4ms8k6PUBjIlnEoNHAJbojK6ofVG6DC1QG6/4Cjwe0qRs4MgnZ2iIeuvP7kq5e8E7JKlw3UYZfcTwKb9D6CYnnidf6c+Bw85UkkdRMD2KibUUNeMS8QUh5iV/J3xjDv4ep+BQtwx2QdqeOI1sARRmxnJl4LPp+UbYIFzKpyDoiJvqslXrmBQd7xQU4KFNnJVQxlMf3o0Qc4t3iSH8diGTy5g0hBU49Tcs4pjLAoLfrFfyO8S69CH0fQhZhwEJK5iwAcBoDgYJOs8o1PZNyeb0I/HzDss+GVlqofo2lKWPxXKeFsL0mbDS8lPNXQW116BMhtPyednLFx/5g4g4z8Iv2JxZZVEeKfv1O/havA5hS87Bp/U1omNfGMGpR/vptzl/6ZGdIVgU4gxxD7qF94i7m2iMvIMzA+a9jY6+ycpnhvKO6ctmts5avrHjA12rmuhJ8FYsHJWUmExAUwOM5Vvrz0OJOtQzYH+x8KEPJpip5jSvV0CSXRl9TLcunLxvggkE2VqCxCYc3M46lx52zjvF/EGsWLGv2I/bU9M2Tbx2xmorHG92b/r5xgUKl5Z+960cDxpLL/N1B7yYxLI5KFNeYnhuSt149PM4nmE0xPX4eBlOwRhpOF3grM6N+ZO+W6N1VHmiiKt3R3O0k2ZJ+rbm5tfHSqdDldzX4JGJbasVc3wocLR6EJ2Ed45XjG5UdQ//wCReAv/4hHD/jrXsjyLebPR/NXQ5Ugiafh5s0qHupR6bU3fim6vrwtvxR54MdPCp6vNPQF1fnscAJS2v8BnrvfIzQdAAA=" />\n<input type="hidden" name="lang" value="eng" />\n<input type="hidden" name="suite" value="cobalt" />\n<input type="hidden" name="reservedids" value="inst,lang,suite" />\n<input type="hidden" name="submitmode" value="" />\n<input type="hidden" name="submitname" value="" />\n<input type="hidden" name="allCountInsertComponent_4" id="allCountInsertComponent_4" value="100" />\n<input type="hidden" name="allAvailCountInsertComponent_4" id="allAvailCountInsertComponent_4" value="100" />\n</div>\r\n\t\t\t\t\t\r\n\t\t\t\t\t\r\n\t\t\t\t\t</form> \r\n\t                    </div>\r\n\t                \r\n\t                \r\n                \r\n                \r\n            </div><!--end mark-->\r\n    \r\n\r\n                                    </div>\r\n                            \r\n                            \r\n                                <!--how to test for available items on the threshold link-->\r\n                                       <div class="availableMaxItemsSection">\r\n                                                \r\n    \r\n\r\n    \r\n            \r\n                 \r\n                \r\n                    <!--link moved into dpBibHoldingStatement via initBibHoldingsToggle JS -->\r\n                    <span class="itemsAvailHeader itemsSectionHeader" id="availHeaderWrapperAnyComponent_1">\r\n                           <a id="showMaxItemsLink2Component_1" class="maxItemsLink" href="/iii/encore/SearchResultsPage,searchResultsComponent.resultComponent.searchBrowseResultBibComponent.$BibHoldingsComponent.bibHoldingsAvailableMaxItems2.showMaxItemsLink2Component.sdirect;jsessionid=5F4C8E89B7C5F964F02DBB6C904346CF?lang=eng&amp;sp=Sb2568406&amp;sp=F&amp;sp=Sallavailitemsmax-b2568406&amp;sp=F&amp;suite=cobalt" onclick="return tapestry.linkOnClick(this.href,\'showMaxItemsLink2Component_1\', false)">\r\n                               <a href="javascript:void(0);" onclick="toggleBibHoldingsPopup(this)">see all</a>\r\n                           </a>\r\n                    </span>\r\n                \r\n            \r\n            \r\n            <!--start mark -->\r\n             <h3 class="sectionHeader itemsHeader customHeader">Items</h3>\r\n            <div id="allavailitemsmax-b2568406">\r\n                \r\n\t                \r\n\t                    <div class="itemTableWrapper popUpContentWrapper">\r\n\t                        \r\n    \r\n\t\t<table class="itemTable" cellspacing="3">\r\n        \t<tr>\r\n\t        \t\r\n\t        \t\t<th>\r\n\t        \t\t\tLocation\r\n\t        \t\t</th>\r\n\t        \t\r\n\t        \t\t<th>\r\n\t        \t\t\tCall No.\r\n\t        \t\t</th>\r\n\t        \t\r\n\t        \t\t<th>\r\n\t        \t\t\tStatus\r\n\t        \t\t</th>\r\n\t        \t\r\n        \t</tr>\r\n            \r\n            \t<tr>\r\n            \t\t\r\n                        \r\n            \t\t\r\n                        \r\n                            <td>\r\n                                \r\n                                    \r\n                                    \r\n                                        \r\n                                            \r\n \r\n\t \r\n\t    \t\r\n\t\t\r\n\t\t\r\n\t\t\tIndian Trails\r\n\t\t\r\n    \r\n \r\n\r\n\r\n                                        \r\n                                        \r\n                                    \r\n            \t\t\t        \r\n\t            \t\t\t</td>\r\n            \t\t\t\r\n            \t\t\r\n                        \r\n                            <td>\r\n                                \r\n                                    \r\n                                    \r\n                                        \r\n                                        \r\n                                            \r\n                                                <a id="callNoBrowseDirectLinkComponent_5" href="/iii/encore/SearchResultsPage,searchResultsComponent.resultComponent.searchBrowseResultBibComponent.$BibHoldingsComponent.bibHoldingsAvailableMaxItems2.itemTableComponent.callNoBrowseDirectLinkComponent.sdirect;jsessionid=5F4C8E89B7C5F964F02DBB6C904346CF?lang=eng&amp;sp=Si20198301&amp;sp=Sb2568406&amp;suite=cobalt" onclick="return tapestry.linkOnClick(this.href,\'callNoBrowseDirectLinkComponent_5\', false)">\r\n                                                    VIDEO GAME\r\n                                                </a>\r\n                                            \r\n                                            \r\n                                        \r\n                                    \r\n            \t\t\t        \r\n                                    \r\n                                         \r\n                                    \r\n                                    \r\n            \t\t\t        \r\n                                    \r\n                                         \r\n                                    \r\n                                    \r\n            \t\t\t        \r\n\t            \t\t\t</td>\r\n            \t\t\t\r\n            \t\t\r\n                        \r\n                            <td>\r\n                                \r\n                                    \r\n                                        IN LIBRARY\r\n                                    \r\n                                    \r\n            \t\t\t        \r\n\t            \t\t\t</td>\r\n            \t\t\t\r\n            \t\t\r\n            \t</tr>\r\n            \r\n        </table>\r\n    \r\n\r\n\t                        \r\n\t\t\t\t\t\t\t\r\n\t\t\t\t\t\t\t\t<a id="showAllItemsLinkComponent_5" class="showAllItemsLink customToggle" href="/iii/encore/SearchResultsPage,searchResultsComponent.resultComponent.searchBrowseResultBibComponent.$BibHoldingsComponent.bibHoldingsAvailableMaxItems2.showAllItemsLinkComponent.sdirect;jsessionid=5F4C8E89B7C5F964F02DBB6C904346CF?lang=eng&amp;sp=Sb2568406&amp;sp=T&amp;sp=Sallavailitemsmax-b2568406&amp;sp=F&amp;suite=cobalt" onclick="return tapestry.linkOnClick(this.href,\'showAllItemsLinkComponent_5\', false)">\r\n\t\t\t\t\t\t\t\tShow remaining items</a>\r\n\t\t\t\t\t\t\t\r\n\t\t\t\t\t\t\t\r\n  \xe2\x80\x8b\t\t\t\t\t\t\t\r\n  \r\n\t\t\t\t\t<form method="post" action="/iii/encore/SearchResultsPage,searchResultsComponent.resultComponent.searchBrowseResultBibComponent.$BibHoldingsComponent.bibHoldingsAvailableMaxItems2.countComponent.sdirect;jsessionid=5F4C8E89B7C5F964F02DBB6C904346CF" id="countComponent_5" style="display:none;">\n<div style="display:none;" id="countComponent_5hidden"><input type="hidden" name="formids" value="allCountInsertComponent_5,allAvailCountInsertComponent_5" />\n<input type="hidden" name="seedids" value="ZH4sIAAAAAAAAAI1Z3XIiuxHeVCWPkZuUL50qAzZ79hJj9ixVZu0C9iS52hIzAlSrkSaSBtt5prxa3iGtn2HUkvDujYH+Wq3+U3dL/u//PvzlPx8+/PnDX/92rak6sYpe3Vy35GA/Ktm0UlBh3HdhCBNUwXdNtWZS2G8t/DlIXj/Din8o0rZUzaNV+kg5jwk7Wb+h30TTB6ZoZUDgUoAKZoBH13sCGkmxppxYhnilkJtKsdasqCFruldUH/HO8mXeaSObL5TUVC33MVrFSLKrVVL+mBNlHpn4EWuz3F9NRgidCWTNcv/95mp6veCaXo0x5wp8Bj7KN2uJUVJspeQ6JtdMt5y8PTv0qbXW6+V+jEwkJ7o9Mr2hRFXHRBVr/wYYPGg1wB7w2844aKO/tTUxtCDAwcvG6r0vKPdIxKEDcEM5BFCCJ20alPwddqsq2QnzKA9M/NzWmKMDr7llOCTgcefPq0m/BTDJDvwr9kw191xWiLt5Cyo8UJOYG3TwDpkpSrACR2dUSKjt6jHGjGzdTngFUNdUwKJMCyHNP7+sx/Dt3x1V2OkuWp+lamIqE9pAWnFwN3zojhlqPz0vo7x+JDvKczkboxgsubkm9YmIitZDMiTWk9oVgZQrF+mSYdM1O4aSWLdwzjfd4UB1ek5PhLPand6FUlK9A+nPGLYlB77p4MakcgR0Dpl7kNiLR9nQ5yxpe6o9nVmlwMKSYoFARq2e0UEcp6r440BrdFxHUHOUslzJVi6BJ+9Y1ouzev+CwDRu7217mwd4TXXH4QSIQl4GLAakOVK1kZ2qqF4xwRqC8pAKsuPWEwNxcq28GF8nUISI9ltsqMEh8Evm9ujmFTReVgquz+ctfU2E6oGeybTrXMHp6zZeKZXpi15KD/UL5fKtk/fMWoo9EWKzOS+zwbMe+0U2bG2BcfvWhpYzLuQEFggMrggMaX1ZWpz9e1JR87uSXRtvMVCXdZJMJ6ZZYuOoJ2KLRqG+f59efey/foSv1ptbcphz2dVJorDD0WxYTV3V/UoamkYiWLVGjLET45TGOQhDSF8dMaQh7fnitSWi7tVCpwAhiTcMOehHSWqo1BdnBFU8lIGK7Budj8pAGc7AvZIvmvrD8qzkQZEGR6HMes92CVuJBSshkhmgV2xNK6nqv+/Gd9Pfxp8+2d7jZr8whMSA7+ibqPQEB+lYLBFv2eDpDUmrDnRbnc104FP4CyVk0+0aKrq1Z7OprrH+4GeY7iZ2xfcR/Gb66URVrdiJPsgXwSGGeAHTs1emJ9OblLweVMFQn5sDDsQDhambVfkv14sxKTjIEqWRYftZ25YHIhsTG42Zj0AAXBEI6InRF73Ii/gw2z6B45PZfAB/bWWc1lH4KWhv9FLcB34sJUXTwkHqeivvLwzyZ7AiYb5FRwukN4TxjJCKccTSctc9gDntOSPb24uBcKI2hphODzHU7nfiPbbzRyg9XPsXqX5oKEIytxdO41dpqAdTRVdS0ZABeUY2A1gyFBwJP5tOMPMG9S3dN9RpaKOHvM5Aez1AbojLSBpTnt8AwKMwqxsaa6GX4OVeWzQx1YyAjBkMmy+XwrY9wnArbFwztbbMcFhSr22w8vp2gWWcn7eHcH0CSxAaT1m5pOxyXNww9Zm7xtU1syEk3N0WdKmY+13PnK4I9OzFnWdBx3eEdeYoUyfFeJmloRCmb+vHArU0gGCZz92OM33MYoNZ/gU/f87w7kYL76jLUnqGTEoFH4ok+RWIafSgrX6R3M4GuOdxO8jbXMZSBnoqqJJwZRO0LklbrFclcmzMF6IjrqXYy8uG688d51mB20WWHGn1gwmdZlSgY8nQmf+QvGvSbjzQSxm/NLTR8/7Jagv1JE1UzBGPHXA9B7dbI7LKOztBYSA7xqHQwCW4ISqrH1ZugApXB+j+A44Gt0mMXBgE7ewQD115/cl3L3knZJUuK6iDldxPAtv0PoJieeZ1/hz7HDznSbRqGgNYqel1Q14xLxBSHmJ38nfGMO/h6j6BDbhjso7UcURr4AgjtlMT7wWfT8o2wQJmRTkHxETf1RKvTGGQd3yQkwJFdvwxhrL7041HH+Dc4kl+Ei/L4MktRAqaepySC05hhEVp0W/+B+FdchW6u7uGLsSEg9CsfBsByRXzFppwRbLKNzmTcXuehn4+YNhnwystVT9H05Sw+O9SwtlekTYbXkp4KqHXuvQIkOt+aXVyxib9Y+IcMvKr9CcWa1ZFiH/+Tv0WrgLbc/Cya/y0tE2q4gUxKP98N+cu/TM1pCsCnUCOIfZRv/AWc2cRl5EXYHzWsLJ32TlN8V5R3Dlt19jJV9c9YGq0c10JvwjEC8cXVyIkLoDBca7y5aXHqWwdsj3a/1DAIp+mF8X19XQFJfFcUkulLwqhH+PDgmSqHOOyCIU1U4+nyg2rbxJT+03stZ0XJfoR+1t7Yci2j9nMRGON783+XzlBoVLzzt71ooHjSWX/b6D2khmXRrQW9licGZK3Xj8+zSWaTzA9fR0GUmIjDCdLvROY0b8zd8p1b6pONBEUm/RpOk4Mss9Vd1MbH50KXc3W898Chlft2asb4cOFo9AE7CO8cjyj8iOof36BIvCnq3j0gL/uhSw3MX8+WrwaqgRJPA03b1bxUI9Kr73xS9HtzbT8UuSBnz8peL7S0BdE57PDGSjRCifKYf8HCvNhrVAdAAA=" />\n<input type="hidden" name="lang" value="eng" />\n<input type="hidden" name="suite" value="cobalt" />\n<input type="hidden" name="reservedids" value="inst,lang,suite" />\n<input type="hidden" name="submitmode" value="" />\n<input type="hidden" name="submitname" value="" />\n<input type="hidden" name="allCountInsertComponent_5" id="allCountInsertComponent_5" value="100" />\n<input type="hidden" name="allAvailCountInsertComponent_5" id="allAvailCountInsertComponent_5" value="100" />\n</div>\r\n\t\t\t\t\t\r\n\t\t\t\t\t\r\n\t\t\t\t\t</form> \r\n\t                    </div>\r\n\t                \r\n\t                \r\n                \r\n                \r\n            </div><!--end mark-->\r\n    \r\n\r\n                                       </div>\r\n                            \r\n                            \r\n                                    <div id="allMaxItemsSection" class="allMaxItemsSection">\r\n                                        \r\n    \r\n\r\n    \r\n            \r\n                 \r\n                \r\n                    <!--link moved into dpBibHoldingStatement via initBibHoldingsToggle JS -->\r\n                    <span class="itemsSectionHeader" id="availHeaderWrapperAnyComponent_2">\r\n                           <a id="showMaxItemsLink2Component_2" class="maxItemsLink" href="/iii/encore/SearchResultsPage,searchResultsComponent.resultComponent.searchBrowseResultBibComponent.$BibHoldingsComponent.bibHoldingsAllMaxItems.showMaxItemsLink2Component.sdirect;jsessionid=5F4C8E89B7C5F964F02DBB6C904346CF?lang=eng&amp;sp=Sb2568406&amp;sp=F&amp;sp=Sallitemsmax-b2568406&amp;sp=F&amp;suite=cobalt" onclick="return tapestry.linkOnClick(this.href,\'showMaxItemsLink2Component_2\', false)">\r\n                               <a href="javascript:void(0);" onclick="toggleBibHoldingsPopup(this)">see all</a>\r\n                           </a>\r\n                    </span>\r\n                \r\n            \r\n            \r\n            <!--start mark -->\r\n             <h3 class="sectionHeader itemsHeader customHeader">Items</h3>\r\n            <div id="allitemsmax-b2568406">\r\n                \r\n\t                \r\n\t                    <div class="itemTableWrapper popUpContentWrapper">\r\n\t                        \r\n    \r\n\t\t<table class="itemTable" cellspacing="3">\r\n        \t<tr>\r\n\t        \t\r\n\t        \t\t<th>\r\n\t        \t\t\tLocation\r\n\t        \t\t</th>\r\n\t        \t\r\n\t        \t\t<th>\r\n\t        \t\t\tCall No.\r\n\t        \t\t</th>\r\n\t        \t\r\n\t        \t\t<th>\r\n\t        \t\t\tStatus\r\n\t        \t\t</th>\r\n\t        \t\r\n        \t</tr>\r\n            \r\n            \t<tr>\r\n            \t\t\r\n                        \r\n            \t\t\r\n                        \r\n                            <td>\r\n                                \r\n                                    \r\n                                    \r\n                                        \r\n                                            \r\n \r\n\t \r\n\t    \t\r\n\t\t\r\n\t\t\r\n\t\t\tIndian Trails\r\n\t\t\r\n    \r\n \r\n\r\n\r\n                                        \r\n                                        \r\n                                    \r\n            \t\t\t        \r\n\t            \t\t\t</td>\r\n            \t\t\t\r\n            \t\t\r\n                        \r\n                            <td>\r\n                                \r\n                                    \r\n                                    \r\n                                        \r\n                                        \r\n                                            \r\n                                                <a id="callNoBrowseDirectLinkComponent_6" href="/iii/encore/SearchResultsPage,searchResultsComponent.resultComponent.searchBrowseResultBibComponent.$BibHoldingsComponent.bibHoldingsAllMaxItems.itemTableComponent.callNoBrowseDirectLinkComponent.sdirect;jsessionid=5F4C8E89B7C5F964F02DBB6C904346CF?lang=eng&amp;sp=Si20198301&amp;sp=Sb2568406&amp;suite=cobalt" onclick="return tapestry.linkOnClick(this.href,\'callNoBrowseDirectLinkComponent_6\', false)">\r\n                                                    VIDEO GAME\r\n                                                </a>\r\n                                            \r\n                                            \r\n                                        \r\n                                    \r\n            \t\t\t        \r\n                                    \r\n                                         \r\n                                    \r\n                                    \r\n            \t\t\t        \r\n                                    \r\n                                         \r\n                                    \r\n                                    \r\n            \t\t\t        \r\n\t            \t\t\t</td>\r\n            \t\t\t\r\n            \t\t\r\n                        \r\n                            <td>\r\n                                \r\n                                    \r\n                                        IN LIBRARY\r\n                                    \r\n                                    \r\n            \t\t\t        \r\n\t            \t\t\t</td>\r\n            \t\t\t\r\n            \t\t\r\n            \t</tr>\r\n            \r\n        </table>\r\n    \r\n\r\n\t                        \r\n\t\t\t\t\t\t\t\r\n\t\t\t\t\t\t\t\t<a id="showAllItemsLinkComponent_6" class="showAllItemsLink customToggle" href="/iii/encore/SearchResultsPage,searchResultsComponent.resultComponent.searchBrowseResultBibComponent.$BibHoldingsComponent.bibHoldingsAllMaxItems.showAllItemsLinkComponent.sdirect;jsessionid=5F4C8E89B7C5F964F02DBB6C904346CF?lang=eng&amp;sp=Sb2568406&amp;sp=T&amp;sp=Sallitemsmax-b2568406&amp;sp=F&amp;suite=cobalt" onclick="return tapestry.linkOnClick(this.href,\'showAllItemsLinkComponent_6\', false)">\r\n\t\t\t\t\t\t\t\tShow remaining items</a>\r\n\t\t\t\t\t\t\t\r\n\t\t\t\t\t\t\t\r\n  \xe2\x80\x8b\t\t\t\t\t\t\t\r\n  \r\n\t\t\t\t\t<form method="post" action="/iii/encore/SearchResultsPage,searchResultsComponent.resultComponent.searchBrowseResultBibComponent.$BibHoldingsComponent.bibHoldingsAllMaxItems.countComponent.sdirect;jsessionid=5F4C8E89B7C5F964F02DBB6C904346CF" id="countComponent_6" style="display:none;">\n<div style="display:none;" id="countComponent_6hidden"><input type="hidden" name="formids" value="allCountInsertComponent_6,allAvailCountInsertComponent_6" />\n<input type="hidden" name="seedids" value="ZH4sIAAAAAAAAAI1Z3XIiuxHeVCWPkTtfcqoMrPG6coUxe5Yqs3YBe05ytSVmBKhWI02kGWznmfJqeYe0foZRSxrv3hjor9XqP3W35P/+78Pf/vPhw18//P1upKk6s4JeXY9qcjQfhaxqKaho7HfRECaogu+aas2kMN9q+HOUvHyGFX8qUtdULYJV+kQ5Dwl7Wb6h30TTB6Zo0YDAlQAVmh4ejw4ENJJiQzkxDOFKIbeFYnWzpg3Z0IOi+oR3li+LVjey+kJJSdXqEKJFiES7GiXljwVRzSMTP0JtVoer6RShc4GsWR2+X1/NRkuu6dUEc67BZ+CjdLOaNEqKnZRch+SS6ZqTt2eLPtXGer06TJCJ5Ex3J6a3lKjiFKli7N8CgwONBtgDbts5B230t7okDc0IsPCqMnofMso9EnFsAdxSDgGU4EmTBjl/+92KQraieZRHJn5ua8jRgtfsMhwS8Lj159V07LcAJtmCf8WBqeqeywJxV29ehQfaROZ6HZxD5ooSrMDJGuUTard+DLFG1nYnvAKoGypgUaKFkM0/v2wm8O3fLVXY6TZan6WqQioTurm6HXFwN3zoljXUfDpeRnn5SPaUp3K2jWKw5HpEyjMRBS37ZIisJ6UtAjFXKtImw7at9gwlsa7hnG/b45Hq+JyeCWelPb1LpaR6B9KfMWxKDnzT3o1R5fDoAjL3KLEXT7Kiz0nSdlRzOpNKgYVFxQKBjBo9g4M4iVVxx4GW6LiOoeYoZbiirWwCT9+xrBNn9P4FgXHc3tv2YxrgDdUthxMgMnnpsRCQzYmqrWxVQfWaCVYRlIdUkD03nuiJ05FyYlydQBEi2m2xpQ0OgVuyMEc3raDhslxwXT7v6GskVPf0RKZZZwtOV7fxSqmarujFdF+/UC5/tPKeWU2xJ3xstpdlJnjGY7/Ihq3NMO7eat9yJpmcwAKBwRaBPq2HpYXZfyAFbX5Xsq3DLXrqqoyS6cw0i2wcd0Rs0djX9++zq0/d11v4ary5I8cFl20ZJQo7npotK6mtul9JReNIeKs2iDF0YpjSOAdhCOmqI4Y0pD1fvtZElJ1a6BQgJPJGQ476UZISKvXgjKCyh9JTkX3jy1HpKf0ZuFfyRVN3WJ6VPCpS4SjkWe/ZPmLLsWAlRDQDdIptaCFV+dt+cjP7NLm7M73Hzn5+CAkB19G3QenxDtKhWCLeksHTGRJXHei2OpnpwKfwF0rItt1XVLQbx2ZSXWP9wc8w3U3Niu9j+M3005mqUrEzfZAvgkMM8QKm569MT2fXMXnTq4KhLjd7HIhHClM3K9JfthdjkneQIcpG+u3ndZ0fiExMTDTmLgIesEXAo2dGX/QyLeLjy2z7BI6PZvMe/LWVYVoH4aegfaNX4t7zYykxGhcOUpY7eT8wyF/Agvj5Fh0tkF4RxhNCLMYSc8tt9wDmuOeMTW/PBsKK2jakaXUfQ21/R95je3eE4sN1eJHqh4YiJFN74TR+lQ11YKzoWirqMyDNyKoHc4aCI+Fn1QrWvEF9i/f1dRra6DGtM9Bej5AbYhiJY8rTGwB4FGb1hoZa6BV4udMWTUwlIyBjDsPmy1DYdicYboWJa6LWjjUclpQbE6y0vg2wTNLz9uCvT2AJQsMpK5WUXI6zG8Y+s9e4smQmhITb24LOFXO364XTFoGOPbvz3Ov4jrC2OcnYSSGeZ6kohOnb5jFDzQ0gWOZzu+dMn5LYYJZ/wc+fM7y70dI5alhKx5BIKeBDkSi/PDGOHrTVL5Kb2QD3PG4GeZPLWEpPjwUVEq5sgpY5acvNOkcOjflCdMC1Egc5bLj+3HKeFLh9YMmJFj+Y0HFGeTqWDJ35D8nbKu7GPT2X8auGVnrRPVntoJ7EiYo5wrEDrufgdmNEUnnnZygMZM84FBq4BFdEJfXDyPVQ5uoA3b/H0eA2DZGBQdDMDuHQldafdPecd3xW6byC2lvJ3SSwi+8jKJYXXuvPicvBS54Eq25DACt1O6rIK+YFQsxDzE7uzujnPVzdp7ABt0zGkTqMaAkcfsS2auK94PNJmSaYwYwo64CQ6Lpa5JVbGOQtH+SkwJEdh1Byf5o69AHOLZ7kb8JlCTy9g0hBUw9TcskpjLAoLbrN/yC8ja5Cs+kIuhATFkJr7gIgumLeQRMuSFL5bi5k3J5vfT/vMeyz/pWWqp+jcUoY/Hcp4WyvSZ0MLzk8ltBpnXsESHUfWh2dsZvuMXEBGflVuhOLNSsCxD1/x37zV4HdJXjJNf42t02s4oAYlH+um3Ob/oka0haBViDHEPOon3mLmRnEZuQAjM8aVnaWnNMY7xTFndN0jb18td0DpkYz1+XwQSBcOBlciZCwAHrH2cqXlh6rsnHI7mT+QwGLXJoOiuvq6RpK4qWk5kpfWPnsGO8XRFNlVBahsCbq8Vi5YVO7TQJrI4luxP5WDwzZ5jGbNcFY43qz+1eOVyjXvJN3vWDgeFLJ/xuouWSGpRGthT2WF4bordeNTwuJ5hNMj1+HgRTZCMPJSu8FZnTvzK2y3ZuqM40EhSbdzSaRQea56mZm4qNjoev5ZvHJY3jVgb3aEd5fODJNwDzCK8szzj+CuucXKAJ/+Uc4esBf+0KWmpg+Hy1fG6oEiTwNN29WcF+Pcq+94UvRx+tZ/qXIAT9/UnB8uaHPi05nhwuQo2VOFObH5P8D802xJ2cdAAA=" />\n<input type="hidden" name="lang" value="eng" />\n<input type="hidden" name="suite" value="cobalt" />\n<input type="hidden" name="reservedids" value="inst,lang,suite" />\n<input type="hidden" name="submitmode" value="" />\n<input type="hidden" name="submitname" value="" />\n<input type="hidden" name="allCountInsertComponent_6" id="allCountInsertComponent_6" value="100" />\n<input type="hidden" name="allAvailCountInsertComponent_6" id="allAvailCountInsertComponent_6" value="100" />\n</div>\r\n\t\t\t\t\t\r\n\t\t\t\t\t\r\n\t\t\t\t\t</form> \r\n\t                    </div>\r\n\t                \r\n\t                \r\n                \r\n                \r\n            </div><!--end mark-->\r\n    \r\n\r\n                                    </div>\r\n                            \r\n                            \r\n                            <div id ="showMoreLessLinkContainer">&nbsp;</div>\r\n                            \r\n                            <img alt="Drop Up Shadow" src="resources/gold/images/dropShadowUpArrow.png" class="dropShadowUpArrow" id="dialogUpArrowImageAnyComponent_0"></img>\r\n                        </div>\r\n                    </div>\r\n                    \r\n               \r\n               \r\n    \t\r\n    \t<!-- Order info -->\r\n        \r\n   \r\n\r\n\r\n                    \r\n                    \n    \n     \n\r\n                    \r\n\t\r\n\t\t<span title="ctx_ver=Z39.88-2004&amp;rft_val_fmt=info%3Aofi%2Ffmt%3Akev%3Amtx%3Abook&amp;rfr_id=info%3Asid%2Fiii.com%3Aencore&amp;rft.btitle=Nintendo+Switch+%3A+Super+Bomberman+R.&amp;rft.isbn=&amp;rft.date=&amp;rft_id=http%3A%2F%2Fencore.slcl.org%2Fiii%2Fencore%2Frecord%2FC__Rb2568406__SNintendo%2520Switch__P0%252C1__Orightresult__X3%3Bjsessionid%3D5F4C8E89B7C5F964F02DBB6C904346CF%3Flang%3Deng%26suite%3Dcobalt" class="Z3988" id="coinsAnyComponent_0"></span>\r\n\t\r\n\r\n                    <!-- ratingReviewsSummaryComponent -->\r\n                    \r\n                    <div class="addtlInfo">\r\n                       \r\n                       \r\n                       \r\n   \r\n\r\n                    </div>\r\n                </div>\r\n            </div>\r\n            <div class="bibLocations">\r\n                \r\n                \r\n            </div>\r\n        </div>\r\n    \r\n\r\n\t\r\n\r\n\t<!-- Browse Result Resource -->\r\n\t\r\n\r\n\t<!-- Browse Result External -->\r\n\t\r\n\r\n               \r\n           \r\n               \r\n\t<!-- Browse Result Program -->\r\n\t\r\n\r\n\t<!-- Browse Result Bib -->\r\n\t\r\n\t\t \r\n    \r\n        <div id="resultRecord-b2568401" class="gridBrowseContent2 searchResult">\r\n            <div class="gridBrowseCol1">\r\n                <div id="actionsUpdate-b2568401">\r\n                  \r\n    <span id="anyWrapperComponent_1">\r\n        \r\n    </span>\r\n\r\n                  <div class="citationButtons">\r\n                     \n    <div class="requestLink" id="Any_2">\n        \n\n        \n            <div class="Request" id="Any_1_1"> \n                        \t         \n            \t \n                \n                \n                \n                \t\n    \n    \n \n       \n        \n        \n            \n                <div class="requestButton">\n                   <a id="genericLink_1" class="button secondaryAction" href="https://encore.slcl.org/iii/encore/search;jsessionid=5F4C8E89B7C5F964F02DBB6C904346CF/Sdologin?lang=eng&amp;target=Nintendo%20Switch&amp;loginReason=doRequest&amp;actionRecordId=b2568401">\n                       <img alt="Direct Link" src="resources/gold/images/hold.png" id="genericLinkImage_1"></img>Request it\n                   </a>\n                </div>   \n            \n            \n        \n    \n\n                \n                \n                  <!--     popup -->\n                 \n        \t <!--    popup -->\n                \n            </div>\n        \n    </div>\n\r\n                  </div>\r\n                  \r\n<div class="addtlActions">\r\n\t\t<p>Additional actions:</p>\r\n    <ul class="inline-list initialActions">\r\n        \r\n        <li>\r\n    \r\n        <span id="bookCartOperationAnyComponentb2568401">\r\n            \r\n            \r\n\t\t\t\t\t<a id="addToBookCartLinkComponent_1" onMouseup="renewSession()" href="/iii/encore/SearchResultsPage,searchResultsComponent.resultComponent.searchBrowseResultBibComponent.recordActionsComponent.bookCartOperationComponent.addToBookCartLinkComponent.sdirect;jsessionid=5F4C8E89B7C5F964F02DBB6C904346CF?lang=eng&amp;sp=Sb2568401&amp;suite=cobalt" onclick="return tapestry.linkOnClick(this.href,\'addToBookCartLinkComponent_1\', false)">\r\n\t\t\t\t\t\t<img alt="Book Cart" width="22" title="Add to cart" src="resources/gold/images/bookcart.png" class="actionIcon" height="20" id="addToBookcartImageAnyComponent_1"></img>\r\n\t\t\t\t    </a>\r\n            \r\n        </span>\r\n    \r\n</li>\r\n        <li>\r\n    <a id="emailLinkComponent_1" onMouseup="renewSession()" class="toolbarItem popInDialogTrigger" href="/iii/encore/SearchResultsPage,searchResultsComponent.resultComponent.searchBrowseResultBibComponent.recordActionsComponent.emailComponent.emailLinkComponent.sdirect;jsessionid=5F4C8E89B7C5F964F02DBB6C904346CF?lang=eng&amp;sp=Sb2568401&amp;suite=cobalt" onclick="return tapestry.linkOnClick(this.href,\'emailLinkComponent_1\', false)">\r\n        <img alt="Email" width="19" title="Email" src="resources/gold/images/email.png" class="actionIcon" height="13" id="emailImageAnyComponent_1"></img>\r\n        \r\n    </a>\r\n    <!--confirmation dialog-->\r\n    \r\n    <div id="emailMessageContainer">\r\n        <div id="sentStatus">\r\n            <div id="emailStatusMessage">\r\n                \r\n            </div>\r\n        </div>\r\n    </div>\r\n</li>\r\n        \r\n             <li>\r\n\t\r\n</li>\r\n             <li>\r\n    \r\n</li>\r\n        \r\n        \r\n            <li><a href="javascript:void(0);" class="popUpTrigger moreActionsLink" onclick="toggleBibHoldingsPopup(this, false, \'moreActionsWrapper\',\'gridBrowseCol1\')">\r\n            <img width="13" alt="more actions" title="More actions" src="resources/gold/images/more.png" class="actionIcon" height="13" id="moreActionsImageAnyComponent_1"></img></a></li>\r\n        \r\n    </ul>\r\n   <div class="moreActionsWrapper popUpWrapper">\r\n       <a class="closeLink" onclick="toggleBibHoldingsPopup(this, true, \'moreActionsWrapper\',\'gridBrowseCol1\')" href="javascript:void(0);">\r\n           close\r\n       </a>\r\n       <h3 class="moreActionsHeader">more</h3>\r\n        <ul class="inline-list moreActions">\r\n            <li>\r\n    \r\n\t    \r\n\t    \r\n\t        <a id="loginLinkComponent_1" href="https://encore.slcl.org/iii/encore/search;jsessionid=5F4C8E89B7C5F964F02DBB6C904346CF/Sdologin?lang=eng&amp;target=Nintendo%20Switch&amp;loginReason=doTag&amp;actionRecordId=b2568401">\r\n\t           <img width="20" title="Add a Tag" src="resources/gold/images/tag.png" class="actionIcon" height="19" id="createCommunityTagsIconImageAny2Component_1"></img>\r\n\t        </a>\r\n\t    \r\n    \r\n</li>\r\n            \r\n            \r\n        </ul>\r\n       <img src="resources/gold/images/dropShadowArrow.png" class="dropShadowArrow" id="dialogArrowImageAnyComponent_1"></img>\r\n    </div>\r\n</div>\t \r\n\r\n                </div>\r\n            </div>\r\n            <div class="gridBrowseCol2">\r\n                \r\n                    <!--title-->\r\n                <div class="dpBibTitle">\r\n                    <!-- please read c1063106, c1063117, c1044421, c1060576a before changing title -->\r\n                    \r\n                        \r\n                            <span class="title">\r\n                                <a id="recordDisplayLink2Component_1" href="/iii/encore/record/C__Rb2568401__SNintendo%20Switch__P0%2C2__Orightresult__X3;jsessionid=5F4C8E89B7C5F964F02DBB6C904346CF?lang=eng&amp;suite=cobalt">\r\n                                    Nintendo Switch : Legend of Kay : anniversary.\r\n                                </a>\r\n                            </span>\r\n                        \r\n                        \r\n                        \r\n                            <span class="title">\r\n                                <span class="additionalFields customSecondaryText">\r\n                                    \r\n                                </span>\r\n                            </span>\r\n                        \r\n                    \r\n\r\n                    \r\n                    <div class="dpBibAuthor">\r\n                        \r\n                        \r\n                    </div>\r\n                    <!-- MARC 962 Media -->\r\n                    <div class="recordDetailValue">\r\n                        \r\n                        <span class="itemMediaDescription" id="mediaTypeInsertComponent_1">ELECTRONIC RES</span>\r\n                        \r\n                        \r\n                                <span class="pipeDivider">|</span>\r\n                                <span class="itemMediaYear" id="searchResultPubYearInsertComponent_1"></span>\r\n                            \r\n                        \r\n                              <span class="pipeDivider">|</span>\r\n                              <span class="itemEdition" id="searchResultEditionInsertComponent_1">Nintendo Switch ed.</span>\r\n                           \r\n                    </div>\r\n                    \r\n                    \r\n                        <!-- bibHoldingsComponentAvailableOnlyOrAllItems -->\r\n                        \r\n    <!--start item info-->\r\n    \r\n    \r\n        <!-- over threshold holdings info -->\r\n        \r\n\t\r\n\r\n    \t<!--ERM-->\r\n        \r\n    \r\n    <!-- Dialog content -->\r\n    \r\n\r\n        <!-- checkin info -->\r\n        \r\n\t\r\n\r\n        <!-- Volume info -->\r\n        \r\n        <!-- Item info -->\r\n        \r\n                \r\n                  <!--This ItemsContainer elem does not get rendered into a toggle on the record page - only the browse -->\r\n                  <div id="ItemsContainer-b2568401" class="ItemsContainer">\r\n                        \r\n                           \r\n    \r\n        <div class="availabilitySummaryArea">\r\n            \r\n                <div class="dpBibHoldingStatement">\r\n                    <span class="availabilityMessage">\r\n                        <span class="itemsAvailable">Available</span> at Bridgeton Trails (<span class="availCallNumber">VIDEO GAME</span>) plus 6 more\r\n                    </span>\r\n                    \r\n                        <span class="itemsContainerPopUpTrigger"></span>\r\n                    \r\n                </div>\r\n            \r\n        </div>\r\n    \r\n    \r\n    \r\n\r\n                        \r\n                        <div class="content bibHoldingsWrapper popUpWrapper">\r\n                            <a href="javascript:void(0);" onclick="toggleBibHoldingsPopup(this, true)" class="closeLink">close</a>\r\n                            <!-- available-->\r\n                              \r\n                                  <div id="availableItemsSection" class="availableItemsSection">\r\n                                      \r\n    \r\n\r\n    \r\n            \r\n            \r\n                    <!--link moved into dpBibHoldingStatement via initBibHoldingsToggle JS -->\r\n                    <span class="itemsAvailHeader itemsSectionHeader" id="availHeaderWrapperAny2Component_3"><a href="javascript:void(0);" onclick="toggleBibHoldingsPopup(this)">see all</a></span>\r\n            \r\n            <!--start mark -->\r\n             <h3 class="sectionHeader itemsHeader customHeader">Items</h3>\r\n            <div id="allavailitems-b2568401">\r\n                \r\n\t                \r\n\t                    <div class="itemTableWrapper popUpContentWrapper">\r\n\t                        \r\n    \r\n\t\t<table class="itemTable" cellspacing="3">\r\n        \t<tr>\r\n\t        \t\r\n\t        \t\t<th>\r\n\t        \t\t\tLocation\r\n\t        \t\t</th>\r\n\t        \t\r\n\t        \t\t<th>\r\n\t        \t\t\tCall No.\r\n\t        \t\t</th>\r\n\t        \t\r\n\t        \t\t<th>\r\n\t        \t\t\tStatus\r\n\t        \t\t</th>\r\n\t        \t\r\n        \t</tr>\r\n            \r\n            \t<tr>\r\n            \t\t\r\n                        \r\n            \t\t\r\n                        \r\n                            <td>\r\n                                \r\n                                    \r\n                                    \r\n                                        \r\n                                            \r\n \r\n\t \r\n\t    \t\r\n\t\t\r\n\t\t\r\n\t\t\tBridgeton Trails\r\n\t\t\r\n    \r\n \r\n\r\n\r\n                                        \r\n                                        \r\n                                    \r\n            \t\t\t        \r\n\t            \t\t\t</td>\r\n            \t\t\t\r\n            \t\t\r\n                        \r\n                            <td>\r\n                                \r\n                                    \r\n                                    \r\n                                        \r\n                                        \r\n                                            \r\n                                                <a id="callNoBrowseDirectLinkComponent_7" href="/iii/encore/SearchResultsPage,searchResultsComponent.resultComponent.searchBrowseResultBibComponent.$BibHoldingsComponent.bibHoldingsAvailableItems2.itemTableComponent.callNoBrowseDirectLinkComponent.sdirect;jsessionid=5F4C8E89B7C5F964F02DBB6C904346CF?lang=eng&amp;sp=Si20198315&amp;sp=Sb2568401&amp;suite=cobalt" onclick="return tapestry.linkOnClick(this.href,\'callNoBrowseDirectLinkComponent_7\', false)">\r\n                                                    VIDEO GAME\r\n                                                </a>\r\n                                            \r\n                                            \r\n                                        \r\n                                    \r\n            \t\t\t        \r\n                                    \r\n                                         \r\n                                    \r\n                                    \r\n            \t\t\t        \r\n                                    \r\n                                         \r\n                                    \r\n                                    \r\n            \t\t\t        \r\n\t            \t\t\t</td>\r\n            \t\t\t\r\n            \t\t\r\n                        \r\n                            <td>\r\n                                \r\n                                    \r\n                                        IN LIBRARY\r\n                                    \r\n                                    \r\n            \t\t\t        \r\n\t            \t\t\t</td>\r\n            \t\t\t\r\n            \t\t\r\n            \t</tr>\r\n            \r\n        </table>\r\n    \r\n\r\n\t                        \r\n\t\t\t\t\t\t\t\r\n\t\t\t\t\t\t\t\t<a id="showAllItemsLinkComponent_7" class="showAllItemsLink customToggle" href="/iii/encore/SearchResultsPage,searchResultsComponent.resultComponent.searchBrowseResultBibComponent.$BibHoldingsComponent.bibHoldingsAvailableItems2.showAllItemsLinkComponent.sdirect;jsessionid=5F4C8E89B7C5F964F02DBB6C904346CF?lang=eng&amp;sp=Sb2568401&amp;sp=T&amp;sp=Sallavailitems-b2568401&amp;sp=F&amp;suite=cobalt" onclick="return tapestry.linkOnClick(this.href,\'showAllItemsLinkComponent_7\', false)">\r\n\t\t\t\t\t\t\t\tShow remaining items</a>\r\n\t\t\t\t\t\t\t\r\n\t\t\t\t\t\t\t\r\n  \xe2\x80\x8b\t\t\t\t\t\t\t\r\n  \r\n\t\t\t\t\t<form method="post" action="/iii/encore/SearchResultsPage,searchResultsComponent.resultComponent.searchBrowseResultBibComponent.$BibHoldingsComponent.bibHoldingsAvailableItems2.countComponent.sdirect;jsessionid=5F4C8E89B7C5F964F02DBB6C904346CF" id="countComponent_7" style="display:none;">\n<div style="display:none;" id="countComponent_7hidden"><input type="hidden" name="formids" value="allCountInsertComponent_7,allAvailCountInsertComponent_7" />\n<input type="hidden" name="seedids" value="ZH4sIAAAAAAAAAI1ZS24jORKtAaaPMTsv1YAl/5eyrOoSYJUNSdWfVYHKpCSimGQOmSnbfaa5xqBP03fo4CeVDJLpqo0lxYsIxo/BIP2/vz/89OeHD//+8J//jzRVR1bQs/NRTfbmo5BVLQUVjf0uGsIEVfBdU62ZFOZbDX/2kpfPIPGbInVN1SyQ0gfKeUjYyvIN/SaaPjBFiwYULgSY0PTweLQjYJEUK8qJYQglhVwXitXNkjZkRXeK6gNeWb7MWt3I6hMlJVWLXYgWIRKtaoyU32ZENY9MfAutWezOLu4QOhXIm8Xu6/nZ7WjONT2b3CDOJcQMYpQuVpNGSbGRkuuQXDJdc/L2bNGn2nivF7sJcpEc6ebA9JoSVRwiU4z/a2BwoLEAR8AtO+Vgjf5Sl6ShGQUWXlTG7l3GuEci9i2Aa8ohgRIiacogF2+/WlHIVjSPcs/E930NOVqImhXDKYGI23ieXVz7JYBJthBfsWOquueyQNzVmzfhgTaRu94GF5CpogQbcLBO+YLaLB9DrJG1XQlLAHVFBQglVgjZ/P5pNYFv/22pwkG32fooVRVSmdANlBWHcMOHbllDzafjZZSXj2RLeapn3SgGIucjUh6JKGjZF0PkPSltE4i5UpW2GNZttWWoiHUN+3zd7vdUx/v0SDgr7e6dKyXVO5D+iGHTcuCb9mGMOodHZ1C5e4mjeJAVfU6KtqOa3Zl0CqwsahYIZNTYGWzESWyK2w60RNt1DD1HKcMVLWUL+OIdzzp1xu4fUBjn7b1lL9MEr6huOewAkalLj4WAbA5UrWWrCqqXTLCKoDqkgmy5iURPvBwpp8b1CZQhot0Sa9rgFDiRmdm6aQcNxXLJdfW8oa+RUt3TE51Gzjacrm9jSamarunFdN+/UC1fWn3PrEZ6LrrcrE9iJnkmYj/Ihr3NMG7ean/kTDI1gRUCg20CfVkPawurf0cK2vyiZFuHS/TURRkV05FpFvk47ojYo7Hv71+vz+66rzfw1URzQ/YzLtsyKhS2PzRrVlLbdT+TisaZ8F6tEGMYxLCkcQ3CENJ1RwxpKHs+f62JKDuz0C5ASBSNhuz1oyQldOrBGUFlN6WnIv8mp63SU/o9cK/ki6ZuszwruVekCsM3xHrPthFbjgUbIaIZoDNsRQupyp+3k6vr28ndnTl77Oznh5AQcCf6Omg9PkA6VEvEWzJ4OkfC5a9geThtdTTTTUYQU8g5tJB1u62oaFeOzZS6xvZDnGG6uzISX8fwm+mnI1WlYkf6IF8EhxxiAaanr0xfXJ/H5FVvCoa62uxxIO4pTN2sSH/ZsxiTfIAMUTbSLz+t6/xAZHJisjF1GfCAbQIePTL6oudpE5+cZtsnCHw0m/fgj0mGZR2kn4L1jV6Ie8+PtcQobhxQFmW5kffZQT4AC+LnW7S1QHtFGE8IsRpLzInb0wOY4zPHjgrZRFhV64Y0re5zqO3vKHps67ZQvLl2L1J909CEZOov7MbPsqEOjA1dSkV9BaQVWfVgzlEIJPysWsGaN+hv8bq+T8Mxuk/7DByve6gNMYzEOeXpDQAiCrN6Q0Mr9AKi3FmLBrWSEdAxhWHzZShtmwMMt8LkNTFrwxoOIuXKJCvtbwMsk3S/PfjrE3iC0HDKSjUlB292wThm9hpXlsykkHB7W9C5Zu5WPXHaJtCxZ1eeehvfUdY2BxkHKcTzLBWFNH1ZPWao+QEk1PncbjnThyQ3mOUP+Pl9hncXmrtADWvpGBItBXwoEtWXJ8bZg2P1k+RmNsBnHjeDvKllrKWnx4oKCVc2QcuctvlqmSOHznwiOuBaiJ0cdlx/bDlPGtw28ORAi29M6LiiPB1rhpP5V8nbKj6Ne3qu4hcNrfSse7LaQD+JCxVzhGMHXM8h7MaJpPNOj9AYyJZxaDRwCa6ISvqH0euhzNUBTv8eR4PbVYgMDIJmdgiHrrT/pKvnouOrSucN1N5L7iaBTXwfQbk88dp4TlwNnuokkLoNAWzU7agir5gXCDEPMSu5O6Of93B3v4QFuGUygdRhRkvg8CO2NROvBZ9PyhyCGcyosgEIie5Ui6JyC4O85YOaFCizF1chlOT02qEPsG+R2PgmFEvgy0vIFBzqYUnOOYURFpVFt/ivhLfRVehmPIJTiAkLoRv6ZQDgNAAEG5vEnQ9s7cj4eL7153mP4Zj1r7RUfR+NS8Lgv0gJe3tJ6mR4yeGxhs7q3CNAavuQdHRpvekeE2dQkZ+l27HYsiJA3PN3HDd/Fdickpdc429zy8QmDqhB9edOc27LPzFD2ibQChQYYh71M28xNwaxFTkA472Gjb1J9mmMd4aih4PCnBpb+WpPD5gazVyXwweBUHAyKImQsAH6wAEVfE9ajzXZBGRzMP+hACFXpoPqun66hJboWuo43/qCPe7GeC8QTZUXuC1CY03M47Fxw652iwTeRhrdiP2lHhiyxyMGU3ow1riz2f0rB9Chwzt+FwoHjicVzeLjETWXzLA1IllYY35iiKrJjU8zieYTTI8kDCnyEYaThd7iFunfmVtlT2+qjjRSFLp0dz2JHDLPVVfXJj86Vrqcrma3HsNSO/ZqR3h/4cgcAuPRkSjLM07/+9a/BkET+Ndf4egBf+0LWepi+nw0f22oEiSKNNy8WcF9P8JQ+lJ0eX6dfylywPefFBxfbujzqtPZ4QTkaJkdhfkjcs6l8ZBL4x90aTzo0njIJQD+ATkRQ0/zHQAA" />\n<input type="hidden" name="lang" value="eng" />\n<input type="hidden" name="suite" value="cobalt" />\n<input type="hidden" name="reservedids" value="inst,lang,suite" />\n<input type="hidden" name="submitmode" value="" />\n<input type="hidden" name="submitname" value="" />\n<input type="hidden" name="allCountInsertComponent_7" id="allCountInsertComponent_7" value="100" />\n<input type="hidden" name="allAvailCountInsertComponent_7" id="allAvailCountInsertComponent_7" value="100" />\n</div>\r\n\t\t\t\t\t\r\n\t\t\t\t\t\r\n\t\t\t\t\t</form> \r\n\t                    </div>\r\n\t                \r\n\t                \r\n                \r\n                \r\n            </div><!--end mark-->\r\n    \r\n\r\n                                  </div>\r\n                              \r\n                             <!--all -->\r\n                              \r\n                                   <a href="javascript:void(0);" onclick="showHideItemsToggle(this)" class="showAllToggleLink availCheckboxLink"><img width="15" src="resources/gold/images/checkbox_checked.png" class="availCheckbox" height="13" id="checkboxCheckedImageComponent_1"></img>only show available</a>\r\n                                   <a href="javascript:void(0);" onclick="showHideItemsToggle(this)" class="showAvailableToggleLink availCheckboxLink"><img width="15" src="resources/gold/images/checkbox.png" class="availCheckbox" height="13" id="checkboxImageComponent_1"></img>only show available</a>\r\n                                   <a href="javascript:void(0);" onclick="showHideItemsToggle(this)" class="showAllMaxToggleLink availCheckboxLink"><img width="15" src="resources/gold/images/checkbox_checked.png" class="availCheckbox" height="13" id="checkboxCheckedImage2Component_1"></img>only show available</a>\r\n                                   <a href="javascript:void(0);" onclick="showHideItemsToggle(this)" class="showAvailableMaxToggleLink availCheckboxLink"><img width="15" src="resources/gold/images/checkbox.png" class="availCheckbox" height="13" id="checkboxImage2Component_1"></img>only show available</a>\r\n                                    \r\n                                    <div id="allItemsSection" class="allItemsSection">\r\n                                       \r\n    \r\n\r\n    \r\n            \r\n            \r\n                    <!--link moved into dpBibHoldingStatement via initBibHoldingsToggle JS -->\r\n                    <span class="itemsSectionHeader" id="availHeaderWrapperAny2Component_4"><a href="javascript:void(0);" onclick="toggleBibHoldingsPopup(this)">see all</a></span>\r\n            \r\n            <!--start mark -->\r\n             <h3 class="sectionHeader itemsHeader customHeader">Items</h3>\r\n            <div id="allitems-b2568401">\r\n                \r\n\t                \r\n\t                    <div class="itemTableWrapper popUpContentWrapper">\r\n\t                        \r\n    \r\n\t\t<table class="itemTable" cellspacing="3">\r\n        \t<tr>\r\n\t        \t\r\n\t        \t\t<th>\r\n\t        \t\t\tLocation\r\n\t        \t\t</th>\r\n\t        \t\r\n\t        \t\t<th>\r\n\t        \t\t\tCall No.\r\n\t        \t\t</th>\r\n\t        \t\r\n\t        \t\t<th>\r\n\t        \t\t\tStatus\r\n\t        \t\t</th>\r\n\t        \t\r\n        \t</tr>\r\n            \r\n            \t<tr>\r\n            \t\t\r\n                        \r\n            \t\t\r\n                        \r\n                            <td>\r\n                                \r\n                                    \r\n                                    \r\n                                        \r\n                                            \r\n \r\n\t \r\n\t    \t\r\n\t\t\r\n\t\t\r\n\t\t\tBridgeton Trails\r\n\t\t\r\n    \r\n \r\n\r\n\r\n                                        \r\n                                        \r\n                                    \r\n            \t\t\t        \r\n\t            \t\t\t</td>\r\n            \t\t\t\r\n            \t\t\r\n                        \r\n                            <td>\r\n                                \r\n                                    \r\n                                    \r\n                                        \r\n                                        \r\n                                            \r\n                                                <a id="callNoBrowseDirectLinkComponent_8" href="/iii/encore/SearchResultsPage,searchResultsComponent.resultComponent.searchBrowseResultBibComponent.$BibHoldingsComponent.bibHoldingsAllItems.itemTableComponent.callNoBrowseDirectLinkComponent.sdirect;jsessionid=5F4C8E89B7C5F964F02DBB6C904346CF?lang=eng&amp;sp=Si20198315&amp;sp=Sb2568401&amp;suite=cobalt" onclick="return tapestry.linkOnClick(this.href,\'callNoBrowseDirectLinkComponent_8\', false)">\r\n                                                    VIDEO GAME\r\n                                                </a>\r\n                                            \r\n                                            \r\n                                        \r\n                                    \r\n            \t\t\t        \r\n                                    \r\n                                         \r\n                                    \r\n                                    \r\n            \t\t\t        \r\n                                    \r\n                                         \r\n                                    \r\n                                    \r\n            \t\t\t        \r\n\t            \t\t\t</td>\r\n            \t\t\t\r\n            \t\t\r\n                        \r\n                            <td>\r\n                                \r\n                                    \r\n                                        IN LIBRARY\r\n                                    \r\n                                    \r\n            \t\t\t        \r\n\t            \t\t\t</td>\r\n            \t\t\t\r\n            \t\t\r\n            \t</tr>\r\n            \r\n        </table>\r\n    \r\n\r\n\t                        \r\n\t\t\t\t\t\t\t\r\n\t\t\t\t\t\t\t\t<a id="showAllItemsLinkComponent_8" class="showAllItemsLink customToggle" href="/iii/encore/SearchResultsPage,searchResultsComponent.resultComponent.searchBrowseResultBibComponent.$BibHoldingsComponent.bibHoldingsAllItems.showAllItemsLinkComponent.sdirect;jsessionid=5F4C8E89B7C5F964F02DBB6C904346CF?lang=eng&amp;sp=Sb2568401&amp;sp=T&amp;sp=Sallitems-b2568401&amp;sp=F&amp;suite=cobalt" onclick="return tapestry.linkOnClick(this.href,\'showAllItemsLinkComponent_8\', false)">\r\n\t\t\t\t\t\t\t\tShow remaining items</a>\r\n\t\t\t\t\t\t\t\r\n\t\t\t\t\t\t\t\r\n  \xe2\x80\x8b\t\t\t\t\t\t\t\r\n  \r\n\t\t\t\t\t<form method="post" action="/iii/encore/SearchResultsPage,searchResultsComponent.resultComponent.searchBrowseResultBibComponent.$BibHoldingsComponent.bibHoldingsAllItems.countComponent.sdirect;jsessionid=5F4C8E89B7C5F964F02DBB6C904346CF" id="countComponent_8" style="display:none;">\n<div style="display:none;" id="countComponent_8hidden"><input type="hidden" name="formids" value="allCountInsertComponent_8,allAvailCountInsertComponent_8" />\n<input type="hidden" name="seedids" value="ZH4sIAAAAAAAAAI0Zy3LjNnJSlf2M3HxUqkz5Eesoy56MquyxS9Jkd09TEAlJqAEBBiBlO9+0f7S1n7D/kMaDIhoAPXOxpH6h392A//P/D//468OHnz/88t+JpurISnp2PmnI3nyUsm6koKK130VLmKAKvmuqNZPCfGvgz17y6hk4/qlI01C1CLj0gXIeArayekO/iaZ3TNGyBYFLASq0A7qY7AhoJMWKcmIIQk4h16ViTftIW7KiO0X1AZ8sXxadbmX9iZKKquUuxJYhJjrVKCm/LYhqH5j4Fmqz3J1dYuxcIGuWu6/nZzeTe67p2fQGUT6Cz8BH6WENaZUUGym5DsEV0w0nb88W+9QY6/VyN0UmkiPdHJheU6LKQ6SKsX8NBA5pNMAecMfOOWijvzQVaWlGgEUva6P3LqPcAxH7DpBryiGAEjxp0iDnb39aWcpOtA9yz8T3bQ0pOvCaZcMhAY9bf55dFv4IIJId+FfsmKpvuSwRdf3mVbijbWSu18E5ZK4owQocrFE+oTaPDyGulY09CXMAdEUFMCVaCNn+69NqCt/+7KjCTrfR+ihVHUKZ0O3ZbMLB3fChO9ZS8+loGeXVA9lSnspZt4oBy/mEVEciSloNyRBZTyrbBGKqVKRNhnVXbxlKYt1Ana+7/Z7quE6PhLPKVu+9UlK9g9IfMdq0HPimvRujzuGxC8jcvcRePMiaPidJ20NNdSadAguLmgVCMmr0DApxGqviyoFWqFwL6DlKGaroKJvAF+9Y1oszev+AwDhu7x17mQZ4RXXHoQJEJi89LkTI9kDVWnaqpPqRCVYTlIdUkC03nhiAlxPlxLg+gSJEtDtiTVscAseyMKWbdtCQLRdcl88b+hoJ1QM8kWn4bMPp+zbmlKrtm14M9/0L5fKllffMGiTnoo/N+sRmgmc89oNk2NoM4eat8SNnmskJLBAIbBMY0npcWpj9O1LS9ncluyY8YoAuqyiZjkyzyMaiB2KLCt/fv16fFX2v//qb+W78uSH7BZddFaUK2x/aNauo7bufSU3jWHi7VogwdGOY1DgLYQ3p+yNGaUh8fv/aEFH1aqE6QJjIHy3Z6wdJKujVo1uCypalhyL7pqdiGSBDFdwq+aKpK5dnJfeK1KH7xkhv2TYiy5FgJUS0BfSKrWgpVfXrdnp1fTOdzcz0sdufX0NChJvp66D5eAfpUCwRb8nq6QwJj7+C42He6mirm07ApxBzaCLrbltT0a0cmUl2jfUHP8N+d2U4vhbwm+mnI1WVYkd6J18EhxhiBqbnr0xfXJ/H4NWgCkb1uTngAbinsHezMv1lpzEGeQcZoGylP37eNPmVyMTERGPuImARtgmcsEdGX/R92sanp+32CRwfbecD8sc4w7QOwk9B+1Yvxa2nx1JiLG4dkBZVtZG32VU+QJbEb7iotEB6TRhPALEYC8yx2/kBxPHUsctCNhBW1LolbaeHGGr7O/Ie27oSiotr9yLVNw1NSKb2QjV+li11yFjRR6moz4A0I+sBmTMUHAk/606w9g36W3yu79MwSPdpn4EBu4fcEOOYOKY8vQOAR2Fbb2mohV6Cl3tt0apWMQIy5rBuvoyFbXOA9VaYuCZqbVjLgaVamWCl/W2EZJrW252/QIElCBvuWamkZPRmD4x9Zi9yVcVMCAm39wWda+buVE/pmsCJPHvy3Ov4jrCuPcjYSSE+T1JTCNOX1UMGml9BQpnP3ZYzfUhig0n+DT+/T/DuQffOpeNSeoJESgkfikT55YFx9GCsfpLc7AZ45nGzyptcxlIGeCyolHBpE7TKSbtfPebAoTGfiA6olmInxw3XHzvOkwa3DSw50PIbEzrOKA/HkmEy/yF5V8fTeIDnMn7Z0lov+kerDfSTOFExRbh2wAUd3G6MSDrv/AiNgWwZh0YD1+CaqKR/GLkelbk8wPQf8GhxuwoxI4ug2R3CpSvtP+npOe/4rNJ5BbW30jYBTjfxjQTF0tMChfHn1OXgKU8CrlmIwErNJjV5xbQAiGmIOcndGv2+h7v7FRzALZFxpA4jWgGFX7Gtmvgs+HxSZghmcEaUdUAIdFMt8soMFnlLBzkpUGQvECqJqcfeQd0itgKxJehLUE7DUA9T8p5TWGFRWvSH/0F4F12FfptNYAoxYVHojh4icBgABYVN4s5XDGA8nmd+ng847LPhnZaq72PjlDD436WE2n4kTbK85PCxhF7r3DNAqvsYd3RtnfXPiQvIyM/SVSzWrAww7gE89pu/CmxOwUsu8tljYhVHxKD8c9Oc2/SP1bBNwD6a4lLm2deYG4OxGTmCxrWGlb1J6jTG94riyWmmxla+2ukBW6PZ63L4UUTIOB3lRJiwAXrH2c6Xth6rsnHI5mD+RwFMLk3RU16unz5CS3Qttci3vqDG3RrvGaKt8gK3RWisiXo8Vm5MN877Q4xSPCvRrdhfmpElu5gw2NKDtcbNZvfPHMCODe/4ZShcOJ5UtIsXE2oumWFrRLxwxv2JADOWbn1aSLSfYHjEYUCRjbCcLPUWt0j/0twpO72pOtJIUGjS7HoaGWSeq66uTXx0LPRxvlrceBzm2rFXu8L7C0dmCBSTI1GWpkj//9a/BkET+Ol/+L0H/toXstTE9Pno/rWlSpDI03DzZiX3/Qij0peiy/Pr/EuRQ3z/ScHR5ZY+LzrdHU6IHCxTUZg+AudMKsZMKn7QpGLUpGLMpCJjEsD+Bmh8k74JHgAA" />\n<input type="hidden" name="lang" value="eng" />\n<input type="hidden" name="suite" value="cobalt" />\n<input type="hidden" name="reservedids" value="inst,lang,suite" />\n<input type="hidden" name="submitmode" value="" />\n<input type="hidden" name="submitname" value="" />\n<input type="hidden" name="allCountInsertComponent_8" id="allCountInsertComponent_8" value="100" />\n<input type="hidden" name="allAvailCountInsertComponent_8" id="allAvailCountInsertComponent_8" value="100" />\n</div>\r\n\t\t\t\t\t\r\n\t\t\t\t\t\r\n\t\t\t\t\t</form> \r\n\t                    </div>\r\n\t                \r\n\t                \r\n                \r\n                \r\n            </div><!--end mark-->\r\n    \r\n\r\n                                    </div>\r\n                            \r\n                            \r\n                                <!--how to test for available items on the threshold link-->\r\n                                       <div class="availableMaxItemsSection">\r\n                                                \r\n    \r\n\r\n    \r\n            \r\n                 \r\n                \r\n                    <!--link moved into dpBibHoldingStatement via initBibHoldingsToggle JS -->\r\n                    <span class="itemsAvailHeader itemsSectionHeader" id="availHeaderWrapperAnyComponent_3">\r\n                           <a id="showMaxItemsLink2Component_3" class="maxItemsLink" href="/iii/encore/SearchResultsPage,searchResultsComponent.resultComponent.searchBrowseResultBibComponent.$BibHoldingsComponent.bibHoldingsAvailableMaxItems2.showMaxItemsLink2Component.sdirect;jsessionid=5F4C8E89B7C5F964F02DBB6C904346CF?lang=eng&amp;sp=Sb2568401&amp;sp=F&amp;sp=Sallavailitemsmax-b2568401&amp;sp=F&amp;suite=cobalt" onclick="return tapestry.linkOnClick(this.href,\'showMaxItemsLink2Component_3\', false)">\r\n                               <a href="javascript:void(0);" onclick="toggleBibHoldingsPopup(this)">see all</a>\r\n                           </a>\r\n                    </span>\r\n                \r\n            \r\n            \r\n            <!--start mark -->\r\n             <h3 class="sectionHeader itemsHeader customHeader">Items</h3>\r\n            <div id="allavailitemsmax-b2568401">\r\n                \r\n\t                \r\n\t                    <div class="itemTableWrapper popUpContentWrapper">\r\n\t                        \r\n    \r\n\t\t<table class="itemTable" cellspacing="3">\r\n        \t<tr>\r\n\t        \t\r\n\t        \t\t<th>\r\n\t        \t\t\tLocation\r\n\t        \t\t</th>\r\n\t        \t\r\n\t        \t\t<th>\r\n\t        \t\t\tCall No.\r\n\t        \t\t</th>\r\n\t        \t\r\n\t        \t\t<th>\r\n\t        \t\t\tStatus\r\n\t        \t\t</th>\r\n\t        \t\r\n        \t</tr>\r\n            \r\n            \t<tr>\r\n            \t\t\r\n                        \r\n            \t\t\r\n                        \r\n                            <td>\r\n                                \r\n                                    \r\n                                    \r\n                                        \r\n                                            \r\n \r\n\t \r\n\t    \t\r\n\t\t\r\n\t\t\r\n\t\t\tBridgeton Trails\r\n\t\t\r\n    \r\n \r\n\r\n\r\n                                        \r\n                                        \r\n                                    \r\n            \t\t\t        \r\n\t            \t\t\t</td>\r\n            \t\t\t\r\n            \t\t\r\n                        \r\n                            <td>\r\n                                \r\n                                    \r\n                                    \r\n                                        \r\n                                        \r\n                                            \r\n                                                <a id="callNoBrowseDirectLinkComponent_9" href="/iii/encore/SearchResultsPage,searchResultsComponent.resultComponent.searchBrowseResultBibComponent.$BibHoldingsComponent.bibHoldingsAvailableMaxItems2.itemTableComponent.callNoBrowseDirectLinkComponent.sdirect;jsessionid=5F4C8E89B7C5F964F02DBB6C904346CF?lang=eng&amp;sp=Si20198315&amp;sp=Sb2568401&amp;suite=cobalt" onclick="return tapestry.linkOnClick(this.href,\'callNoBrowseDirectLinkComponent_9\', false)">\r\n                                                    VIDEO GAME\r\n                                                </a>\r\n                                            \r\n                                            \r\n                                        \r\n                                    \r\n            \t\t\t        \r\n                                    \r\n                                         \r\n                                    \r\n                                    \r\n            \t\t\t        \r\n                                    \r\n                                         \r\n                                    \r\n                                    \r\n            \t\t\t        \r\n\t            \t\t\t</td>\r\n            \t\t\t\r\n            \t\t\r\n                        \r\n                            <td>\r\n                                \r\n                                    \r\n                                        IN LIBRARY\r\n                                    \r\n                                    \r\n            \t\t\t        \r\n\t            \t\t\t</td>\r\n            \t\t\t\r\n            \t\t\r\n            \t</tr>\r\n            \r\n        </table>\r\n    \r\n\r\n\t                        \r\n\t\t\t\t\t\t\t\r\n\t\t\t\t\t\t\t\t<a id="showAllItemsLinkComponent_9" class="showAllItemsLink customToggle" href="/iii/encore/SearchResultsPage,searchResultsComponent.resultComponent.searchBrowseResultBibComponent.$BibHoldingsComponent.bibHoldingsAvailableMaxItems2.showAllItemsLinkComponent.sdirect;jsessionid=5F4C8E89B7C5F964F02DBB6C904346CF?lang=eng&amp;sp=Sb2568401&amp;sp=T&amp;sp=Sallavailitemsmax-b2568401&amp;sp=F&amp;suite=cobalt" onclick="return tapestry.linkOnClick(this.href,\'showAllItemsLinkComponent_9\', false)">\r\n\t\t\t\t\t\t\t\tShow remaining items</a>\r\n\t\t\t\t\t\t\t\r\n\t\t\t\t\t\t\t\r\n  \xe2\x80\x8b\t\t\t\t\t\t\t\r\n  \r\n\t\t\t\t\t<form method="post" action="/iii/encore/SearchResultsPage,searchResultsComponent.resultComponent.searchBrowseResultBibComponent.$BibHoldingsComponent.bibHoldingsAvailableMaxItems2.countComponent.sdirect;jsessionid=5F4C8E89B7C5F964F02DBB6C904346CF" id="countComponent_9" style="display:none;">\n<div style="display:none;" id="countComponent_9hidden"><input type="hidden" name="formids" value="allCountInsertComponent_9,allAvailCountInsertComponent_9" />\n<input type="hidden" name="seedids" value="ZH4sIAAAAAAAAAI0Zy3IbN9KV2r2n8gF70pFbxaEesY4URcesEi0VSSfZkwucAUmUMcAEmKGkfNP+2v7DNh5DogGMrIs97Bf63Q3ov//78M+/P3z4x4d//TzSVB1ZSS/Go4bszX+lrBspqGjtt2gJE1TBt6ZaMynMVwP/7CWvnoDjD0WahqpZwKUPlPMQsJXVK/pNNL1nipYtCFwIUKE9o4vRjoBGUqwoJ4Yg5BRyXSrWtEvakhXdKaoP+GT5POt0K+vPlFRULXYhtgwx0alGSfl9RlT7wMT3UJvF7uJqgrBTgaxZ7L6NLz6O5lzTi0ssZwk+Ax+lhzWkVVJspOQ6BFdMN5y8PlnsY2Os14vdBJlIjnRzYHpNiSoPkSrG/jUQOKTRAHvAHTvloI3+2lSkpRkBFr2ojd67jHIPROw7QK4phwBK8KRJg5y//WllKTvRPsg9Ez+2NaTowGuWDYcEPG79acLijgAi2YF/xY6p+o7LElHXr16Fe9pG5nodnEOmihKswMEa5RNqs3wIca1s7EmYA6ArKoAp0ULI9s/Pqwl8/dVRhZ1uo/VJqjqEMqEh/cYjDv42/+uOtdR+OHJGefVAtpSnotatYsA0HpHqSERJq3M+YAfYJpChSkXafFh39ZahPNYNlPq62++pjkv1SDirbAHPlZLqDZT+hNGm68CX9p6MmofHziB59xI78iBr+pTkbQ81BZo0Cyws6hcIyajRM6jFSayKqwhaoYotoO0oZaiio2wOX75hWS/O6P0OgXHc3jr2Kg3wiuqOQxGITGp6XIiQ7YGqtexUSfWSCVYTlIdUkC03njgDr0bKiXGtAkWIaHfEmrY4BI5lZqo3baIhWy64Lp839CUSqs/wRKbhsz2nb92YU6q273sx3LcwlMtXVt4Ta5Ccyz426xObCZ7x2DvJsLUZws1r46fOJJMTWKBtAiith6WFZDtS0vY3JbsmPOIMXVRRMh2ZZpGNRQ/EFhW+xX+7uShO37+ab+PPDdnPuOyqKFXY/tCuWUVt6/1CahrHwtu1QoShG8OkxlkIm0jfHzFKQ+Lz+UtDRNWrheoAYSJ/tGSvHySpoFcPLgoqW5YeiuybnIrlDDlXwZ2Sz5q6cnlScq9IHbpviPSObSOyHAlWQkSLQK/YipZSVf/eTq5vPk5ub814sgug30RChBvr66D5eAfpUCwRr8n26QwJj7+G42Hk6mixm4zApxBzaCLrbltT0a0cmUl2jfUHP8OKd204vhXwm+nHI1WVYkd6L58FhxhiBqanL0xf3oxj8OqsCkb1uXnGA3BPYfVmZfrLTmMM8g4yQNlKf/y0afJbkYmJicbURWAmbRMIsUdGn/U8bePnVfgRHB8t6Gfk+zjDtA7CT0H7Vi/EnafHUmIsbh2QFlW1kXfZbT5AlsQvuai0QHpNGE8AsRgLzLHb+QHE8dSxy0I2EFbUuiVtp88x1PZ35D22dSUUF9fuWarvGpqQTO2FavwiW+qQsaJLqajPgDQj6zMyZyg4En7WnWDtK/S3+Fzfp2GQ7tM+AwN2D7khhjFxTHl6DQCPwsLe0lALvQAv99qiVa1iBGRMYd18Hgrb5gDrrTBxTdTasJYDS7UywUr72wDJJK23e3+HAksQNtyzUknJ6M0eGPvM3uWqipkQEm7vCzrXzN2phtI2AUSePXnqdXxDWNceZOykEJ8nqSmE6evqIQPNryChzKduy5k+JLHBJP+Bnz8mePOguXPpsJSeIJFSwn+KRPnlgXH0YKx+ltzsBnjmcbPKm1zGUs7wWFAp4dImaJWTNl8tc+DQmM9EB1QLsZPDhutPHedJg9sGlhxo+Z0JHWeUh2PJMJl/l7yr42l8hucyftHSWs/6d6sN9JM4UTFFuHbAHR3cboxIOu/0CI2BbBmHRgPX4JqopH8YuR6VuTzA9D/j0eJ2HWIGFkGzO4RLV9p/0tNz3vFZpfMKamOlbQLcTO9NfCNBsfQeAQrjz4nLwVOehDv+OMREi/54VJOXiBogCRUxp7mbo9/5cIe/hjO4JTLO1GFUK6Dwa7ZVNToNPh6VmYQ5pBFm3YCgbrjFVxmz0FtKyE2Brx6XISqO7eXEYe+hfvFGX4RsCfr6CiIGwz1MzTmnsMqi9OgP/53wLroSffx1BNOICYtCO/NVgMCxABQUOEk6YHECRw+o/Z36jIy8dn60peod6CQ1DMFvUkKdL0mTLDJZgkRGr3vuUSBjwSB/VHNF/8I4g+z8Il0FR9qVAco9iicO9JeDzSmMydW+GOdOStQcEIRy0U541wS4LYlUHfMcE9U3z77R3BqMzc8BNC4+rO9tUrkx3i0j8Tw1s2QrX+xMgV3SbHs5/CAiZJwMciJM2Ba912w/TJuRVdk4ZHMwf7wAJpewg+L6LruENnlqtLlmGFS8W+49Q7RrXuFGCb02UY/HygWxjkztDwFEb20k0S3eX5uB1bsYMdjdg2XHTWz3V56LYnCkx+9F4RryqKINvRhRc/UMGyXihTPmJwLMWLqlaibR1oLhEYcBRTbCyrLQW4EJ3ftzp+xMp+pII0GhSbc3k8gg84h1fWPio2Ohy+lq9tHjMNeOvdjF3l9DMiOhGB2JsjTFAprAT78kf53LPxTBv/bdLDUxpZ2/tFQJEnka7uOs5L4jYVT6fnQ1vsm/HznEjx8aHF1uFfSi023ihMjBMhWF6SNwzqRiyKTinSYVgyYVQyYVGZMS4kB3wP0faJXVlT4eAAA=" />\n<input type="hidden" name="lang" value="eng" />\n<input type="hidden" name="suite" value="cobalt" />\n<input type="hidden" name="reservedids" value="inst,lang,suite" />\n<input type="hidden" name="submitmode" value="" />\n<input type="hidden" name="submitname" value="" />\n<input type="hidden" name="allCountInsertComponent_9" id="allCountInsertComponent_9" value="100" />\n<input type="hidden" name="allAvailCountInsertComponent_9" id="allAvailCountInsertComponent_9" value="100" />\n</div>\r\n\t\t\t\t\t\r\n\t\t\t\t\t\r\n\t\t\t\t\t</form> \r\n\t                    </div>\r\n\t                \r\n\t                \r\n                \r\n                \r\n            </div><!--end mark-->\r\n    \r\n\r\n                                       </div>\r\n                            \r\n                            \r\n                                    <div id="allMaxItemsSection" class="allMaxItemsSection">\r\n                                        \r\n    \r\n\r\n    \r\n            \r\n                 \r\n                \r\n                    <!--link moved into dpBibHoldingStatement via initBibHoldingsToggle JS -->\r\n                    <span class="itemsSectionHeader" id="availHeaderWrapperAnyComponent_4">\r\n                           <a id="showMaxItemsLink2Component_4" class="maxItemsLink" href="/iii/encore/SearchResultsPage,searchResultsComponent.resultComponent.searchBrowseResultBibComponent.$BibHoldingsComponent.bibHoldingsAllMaxItems.showMaxItemsLink2Component.sdirect;jsessionid=5F4C8E89B7C5F964F02DBB6C904346CF?lang=eng&amp;sp=Sb2568401&amp;sp=F&amp;sp=Sallitemsmax-b2568401&amp;sp=F&amp;suite=cobalt" onclick="return tapestry.linkOnClick(this.href,\'showMaxItemsLink2Component_4\', false)">\r\n                               <a href="javascript:void(0);" onclick="toggleBibHoldingsPopup(this)">see all</a>\r\n                           </a>\r\n                    </span>\r\n                \r\n            \r\n            \r\n            <!--start mark -->\r\n             <h3 class="sectionHeader itemsHeader customHeader">Items</h3>\r\n            <div id="allitemsmax-b2568401">\r\n                \r\n\t                \r\n\t                    <div class="itemTableWrapper popUpContentWrapper">\r\n\t                        \r\n    \r\n\t\t<table class="itemTable" cellspacing="3">\r\n        \t<tr>\r\n\t        \t\r\n\t        \t\t<th>\r\n\t        \t\t\tLocation\r\n\t        \t\t</th>\r\n\t        \t\r\n\t        \t\t<th>\r\n\t        \t\t\tCall No.\r\n\t        \t\t</th>\r\n\t        \t\r\n\t        \t\t<th>\r\n\t        \t\t\tStatus\r\n\t        \t\t</th>\r\n\t        \t\r\n        \t</tr>\r\n            \r\n            \t<tr>\r\n            \t\t\r\n                        \r\n            \t\t\r\n                        \r\n                            <td>\r\n                                \r\n                                    \r\n                                    \r\n                                        \r\n                                            \r\n \r\n\t \r\n\t    \t\r\n\t\t\r\n\t\t\r\n\t\t\tBridgeton Trails\r\n\t\t\r\n    \r\n \r\n\r\n\r\n                                        \r\n                                        \r\n                                    \r\n            \t\t\t        \r\n\t            \t\t\t</td>\r\n            \t\t\t\r\n            \t\t\r\n                        \r\n                            <td>\r\n                                \r\n                                    \r\n                                    \r\n                                        \r\n                                        \r\n                                            \r\n                                                <a id="callNoBrowseDirectLinkComponent_10" href="/iii/encore/SearchResultsPage,searchResultsComponent.resultComponent.searchBrowseResultBibComponent.$BibHoldingsComponent.bibHoldingsAllMaxItems.itemTableComponent.callNoBrowseDirectLinkComponent.sdirect;jsessionid=5F4C8E89B7C5F964F02DBB6C904346CF?lang=eng&amp;sp=Si20198315&amp;sp=Sb2568401&amp;suite=cobalt" onclick="return tapestry.linkOnClick(this.href,\'callNoBrowseDirectLinkComponent_10\', false)">\r\n                                                    VIDEO GAME\r\n                                                </a>\r\n                                            \r\n                                            \r\n                                        \r\n                                    \r\n            \t\t\t        \r\n                                    \r\n                                         \r\n                                    \r\n                                    \r\n            \t\t\t        \r\n                                    \r\n                                         \r\n                                    \r\n                                    \r\n            \t\t\t        \r\n\t            \t\t\t</td>\r\n            \t\t\t\r\n            \t\t\r\n                        \r\n                            <td>\r\n                                \r\n                                    \r\n                                        IN LIBRARY\r\n                                    \r\n                                    \r\n            \t\t\t        \r\n\t            \t\t\t</td>\r\n            \t\t\t\r\n            \t\t\r\n            \t</tr>\r\n            \r\n        </table>\r\n    \r\n\r\n\t                        \r\n\t\t\t\t\t\t\t\r\n\t\t\t\t\t\t\t\t<a id="showAllItemsLinkComponent_10" class="showAllItemsLink customToggle" href="/iii/encore/SearchResultsPage,searchResultsComponent.resultComponent.searchBrowseResultBibComponent.$BibHoldingsComponent.bibHoldingsAllMaxItems.showAllItemsLinkComponent.sdirect;jsessionid=5F4C8E89B7C5F964F02DBB6C904346CF?lang=eng&amp;sp=Sb2568401&amp;sp=T&amp;sp=Sallitemsmax-b2568401&amp;sp=F&amp;suite=cobalt" onclick="return tapestry.linkOnClick(this.href,\'showAllItemsLinkComponent_10\', false)">\r\n\t\t\t\t\t\t\t\tShow remaining items</a>\r\n\t\t\t\t\t\t\t\r\n\t\t\t\t\t\t\t\r\n  \xe2\x80\x8b\t\t\t\t\t\t\t\r\n  \r\n\t\t\t\t\t<form method="post" action="/iii/encore/SearchResultsPage,searchResultsComponent.resultComponent.searchBrowseResultBibComponent.$BibHoldingsComponent.bibHoldingsAllMaxItems.countComponent.sdirect;jsessionid=5F4C8E89B7C5F964F02DBB6C904346CF" id="countComponent_10" style="display:none;">\n<div style="display:none;" id="countComponent_10hidden"><input type="hidden" name="formids" value="allCountInsertComponent_10,allAvailCountInsertComponent_10" />\n<input type="hidden" name="seedids" value="ZH4sIAAAAAAAAAI0Zy3IbN9KV2vzGnnRbpkpDiop1pCg6ZpVoqUg6mz25wBmQRBkDTIAZSso35dfyD9t4jIgGMLIu9rBf6Hc3oL//+fDzXx8+/OvDv/8z0lSdWEkvLkcNOZj/Slk3UlDR2m/REiaogm9NtWZSmK8G/jlIXj0Cx38VaRqq5gGXPlLOQ8BOVi/oN9H0jilatiBwKUCF9owuRnsCGkmxppwYgpBTyE2pWNOuaEvWdK+oPuKT5dO8062sP1NSUbXch9gyxESnGiXl9zlR7T0T30NtlvuLqyuEnQlkzXL/7fLi42jBNb2YjBHlCnwGPkoPa0irpNhKyXUIrphuOHl5tNiHxlivl/sxMpGc6PbI9IYSVR4jVYz9GyBwSKMB9oA7dsZBG/21qUhLMwIselkbvfcZ5e6JOHSA3FAOAZTgSZMGOX/708pSdqK9lwcmfmxrSNGB1ywbDgl43Prz4mrijwAi2YF/xZ6p+pbLElHXL16FO9pG5nodnENmihKswNEa5RNqu7oPca1s7EmYA6BrKoAp0ULI9o/P6zF8/dlRhZ1uo/VJqjqEMqEh/YoRB3+b/3XHWmo/HDmjvLonO8pTUZtWMWC6HJHqRERJq3M+YAfYJpChSkXafNh09Y6hPNYNlPqmOxyojkv1RDirbAEvlJLqDZT+hNGm68CX9p6MmofHziF5DxI78ihr+pjkbQ81BZo0Cyws6hcIyajRM6jFcayKqwhaoYotoO0oZaiio2wOT96wrBdn9H6HwDhubx17lQZ4TXXHoQhEJjU9LkTI9kjVRnaqpHrFBKsJykMqyI4bT5yBVyPlxLhWgSJEtDtiQ1scAscyN9WbNtGQLRdcl89b+hwJ1Wd4ItPw2Z7Tt27MKVXb970Y7lsYyuUrK++RNUjOpI/N5pXNBM947J1k2NoM4fal8VNnnMkJLNA2AZTWw9JCsj0pafubkl0THnGGLqsomU5Ms8jGogdiiwrf4r9dXxTj/vtX8238uSWHOZddFaUKOxzbDauobb1fSE3jWHi71ogwdGOY1DgLYRPp+yNGaUh8vnhuiKh6tVAdIEzkj5Yc9L0kFfTqwUVBZcvSQ5F949diOUPOVXCr5JOmrlwelTwoUofuGyK9ZbuILEeClRDRItArtqalVNUvu/H0+uP45saMJ7sA+k0kRLixvgmaj3eQDsUS8ZJsn86Q8PgpHA8jV0eL3XgEPoWYQxPZdLuaim7tyEyya6w/+BlWvKnh+FbAb6YfTlRVip3onXwSHGKIGZiePTM9ub6MweuzKhjV5+YZD8ADhdWblekvO40xyDvIAGUr/fGzpslvRSYmJhozF4G5tE0gxJ4YfdKLtI2fF9wHcHy0oJ+R7+MM0zoIPwXtW70Ut54eS4mxuHVAWlTVVt5mt/kAWRK/5KLSAuk1YTwBxGIsMMdu5wcQx1PHLgvZQFhRm5a0nT7HUNvfkffYzpVQXFz7J6m+a2hCMrUXqvGLbKlDxoqupKI+A9KMrM/InKHgSPhZd4K1L9Df4nN9n4ZBekj7DAzYA+SGGMbEMeXpNQA8Cgt7S0Mt9BK83GuLVrWKEZAxg3XzaShs2yOst8LENVFry1oOLNXaBCvtbwMk47Te7vwdCixB2HDPSiUlozd7YOwze5erKmZCSLi9L+hcM3enGkrbBBB59uSZ1/ENYV17lLGTQnyepKYQpq/r+ww0v4KEMh+7HWf6mMQGk/wPfv6Y4M2DFs6lw1J6gkRKCf8pEuWXB8bRg7H6WXKzG+CZx80qb3IZSznDY0GlhEuboFVO2mK9yoFDYz4THVAtxV4OG64/dZwnDW4XWHKk5XcmdJxRHo4lw2T+XfKujqfxGZ7L+GVLaz3v36220E/iRMUU4doBd3RwuzEi6byzEzQGsmMcGg1cg2uikv5h5HpU5vIA0/+MR4vbNMQMLIJmdwiXrrT/pKfnvOOzSucV1MZK2wS4md7b+EaCYuk9AhTGn2OXg695Eu74RYiJFv1iVJPniBogCRUxp7mbo9/5cIefwhncEhln6jCqFVD4NduqGp0GHw/KTMIc0gizbkBQN9ziq0wBC72lhNwU+Orxa4iKYzuZOuwd1C/e6CchW4Ke3kDEYLiHqbngFFZZlB794b8T3kVXopvpCKYRExaFduabAIFjASgocJJ0wMkrOHpALfxgPyMjr50fbal6BzpJDUPwm5RQ5yvSJItMliCR0eueexTIWDDIH9XcpH9hnEN2fpGugiPtygDlHsUTB/rLwfY1jMnVHogyJyVqDghCuWgnvGsC3JZEqo55jonqm2ffaIpLg7IJOoTH5RdpnBZvQuAWknimmnmyk892rsA+aTa+HH4QETKOBzkRJmyN3nO2J6YNyapsfLI9mj9gAJNL2kFxfaddQat8bba5hhj2Q7vge4Zo34yaJfTbRD0eKzdsan9IYG0k0S3fX5uB9RvaLOzvwcLjprb7S89FMTjW4zejcBV5UNGWXoyouX6GzRLxwhmLVwLMWLrFai7R5oLhEYcBRTbC2rLUO4EJ3Rt0p+xcp+pEI0GhSTfX48gg85A1vTbx0bHQ1Ww9/+hxmGvPnu1y768imbFQjE5EAQ00gZ9+4VWR/oUu/1gE/9q3s9TElHbx3FIlSORpuJOzkvuuhFHpG9LV5XX+DckhfvzY4Ohy66AXnW4Ur4gcLFNRmD4C50wqhkwq3mlSMWhSMWRSkTEpIQ50L/ImAfj/Em7StFkeAAA=" />\n<input type="hidden" name="lang" value="eng" />\n<input type="hidden" name="suite" value="cobalt" />\n<input type="hidden" name="reservedids" value="inst,lang,suite" />\n<input type="hidden" name="submitmode" value="" />\n<input type="hidden" name="submitname" value="" />\n<input type="hidden" name="allCountInsertComponent_10" id="allCountInsertComponent_10" value="100" />\n<input type="hidden" name="allAvailCountInsertComponent_10" id="allAvailCountInsertComponent_10" value="100" />\n</div>\r\n\t\t\t\t\t\r\n\t\t\t\t\t\r\n\t\t\t\t\t</form> \r\n\t                    </div>\r\n\t                \r\n\t                \r\n                \r\n                \r\n            </div><!--end mark-->\r\n    \r\n\r\n                                    </div>\r\n                            \r\n                            \r\n                            <div id ="showMoreLessLinkContainer">&nbsp;</div>\r\n                            \r\n                            <img alt="Drop Up Shadow" src="resources/gold/images/dropShadowUpArrow.png" class="dropShadowUpArrow" id="dialogUpArrowImageAnyComponent_1"></img>\r\n                        </div>\r\n                    </div>\r\n                    \r\n               \r\n               \r\n    \t\r\n    \t<!-- Order info -->\r\n        \r\n   \r\n\r\n\r\n                    \r\n                    \n    \n     \n\r\n                    \r\n\t\r\n\t\t<span title="ctx_ver=Z39.88-2004&amp;rft_val_fmt=info%3Aofi%2Ffmt%3Akev%3Amtx%3Abook&amp;rfr_id=info%3Asid%2Fiii.com%3Aencore&amp;rft.btitle=Nintendo+Switch+%3A+Legend+of+Kay+%3A+anniversary.&amp;rft.isbn=&amp;rft.date=&amp;rft_id=http%3A%2F%2Fencore.slcl.org%2Fiii%2Fencore%2Frecord%2FC__Rb2568401__SNintendo%2520Switch__P0%252C2__Orightresult__X3%3Bjsessionid%3D5F4C8E89B7C5F964F02DBB6C904346CF%3Flang%3Deng%26suite%3Dcobalt" class="Z3988" id="coinsAnyComponent_1"></span>\r\n\t\r\n\r\n                    <!-- ratingReviewsSummaryComponent -->\r\n                    \r\n                    <div class="addtlInfo">\r\n                       \r\n                       \r\n                       \r\n   \r\n\r\n                    </div>\r\n                </div>\r\n            </div>\r\n            <div class="bibLocations">\r\n                \r\n                \r\n            </div>\r\n        </div>\r\n    \r\n\r\n\t\r\n\r\n\t<!-- Browse Result Resource -->\r\n\t\r\n\r\n\t<!-- Browse Result External -->\r\n\t\r\n\r\n               \r\n           \r\n               \r\n\t<!-- Browse Result Program -->\r\n\t\r\n\r\n\t<!-- Browse Result Bib -->\r\n\t\r\n\t\t \r\n    \r\n        <div id="resultRecord-b2574946" class="gridBrowseContent2 searchResult">\r\n            <div class="gridBrowseCol1">\r\n                <div id="actionsUpdate-b2574946">\r\n                  \r\n    <span id="anyWrapperComponent_2">\r\n        \r\n    </span>\r\n\r\n                  <div class="citationButtons">\r\n                     \n    <div class="requestLink" id="Any_3">\n        \n\n        \n            <div class="Request" id="Any_1_2"> \n                        \t         \n            \t \n                \n                \n                \n                \t\n    \n    \n \n       \n        \n        \n            \n                <div class="requestButton">\n                   <a id="genericLink_2" class="button secondaryAction" href="https://encore.slcl.org/iii/encore/search;jsessionid=5F4C8E89B7C5F964F02DBB6C904346CF/Sdologin?lang=eng&amp;target=Nintendo%20Switch&amp;loginReason=doRequest&amp;actionRecordId=b2574946">\n                       <img alt="Direct Link" src="resources/gold/images/hold.png" id="genericLinkImage_2"></img>Request it\n                   </a>\n                </div>   \n            \n            \n        \n    \n\n                \n                \n                  <!--     popup -->\n                 \n        \t <!--    popup -->\n                \n            </div>\n        \n    </div>\n\r\n                  </div>\r\n                  \r\n<div class="addtlActions">\r\n\t\t<p>Additional actions:</p>\r\n    <ul class="inline-list initialActions">\r\n        \r\n        <li>\r\n    \r\n        <span id="bookCartOperationAnyComponentb2574946">\r\n            \r\n            \r\n\t\t\t\t\t<a id="addToBookCartLinkComponent_2" onMouseup="renewSession()" href="/iii/encore/SearchResultsPage,searchResultsComponent.resultComponent.searchBrowseResultBibComponent.recordActionsComponent.bookCartOperationComponent.addToBookCartLinkComponent.sdirect;jsessionid=5F4C8E89B7C5F964F02DBB6C904346CF?lang=eng&amp;sp=Sb2574946&amp;suite=cobalt" onclick="return tapestry.linkOnClick(this.href,\'addToBookCartLinkComponent_2\', false)">\r\n\t\t\t\t\t\t<img alt="Book Cart" width="22" title="Add to cart" src="resources/gold/images/bookcart.png" class="actionIcon" height="20" id="addToBookcartImageAnyComponent_2"></img>\r\n\t\t\t\t    </a>\r\n            \r\n        </span>\r\n    \r\n</li>\r\n        <li>\r\n    <a id="emailLinkComponent_2" onMouseup="renewSession()" class="toolbarItem popInDialogTrigger" href="/iii/encore/SearchResultsPage,searchResultsComponent.resultComponent.searchBrowseResultBibComponent.recordActionsComponent.emailComponent.emailLinkComponent.sdirect;jsessionid=5F4C8E89B7C5F964F02DBB6C904346CF?lang=eng&amp;sp=Sb2574946&amp;suite=cobalt" onclick="return tapestry.linkOnClick(this.href,\'emailLinkComponent_2\', false)">\r\n        <img alt="Email" width="19" title="Email" src="resources/gold/images/email.png" class="actionIcon" height="13" id="emailImageAnyComponent_2"></img>\r\n        \r\n    </a>\r\n    <!--confirmation dialog-->\r\n    \r\n    <div id="emailMessageContainer">\r\n        <div id="sentStatus">\r\n            <div id="emailStatusMessage">\r\n                \r\n            </div>\r\n        </div>\r\n    </div>\r\n</li>\r\n        \r\n             <li>\r\n\t\r\n</li>\r\n             <li>\r\n    \r\n</li>\r\n        \r\n        \r\n            <li><a href="javascript:void(0);" class="popUpTrigger moreActionsLink" onclick="toggleBibHoldingsPopup(this, false, \'moreActionsWrapper\',\'gridBrowseCol1\')">\r\n            <img width="13" alt="more actions" title="More actions" src="resources/gold/images/more.png" class="actionIcon" height="13" id="moreActionsImageAnyComponent_2"></img></a></li>\r\n        \r\n    </ul>\r\n   <div class="moreActionsWrapper popUpWrapper">\r\n       <a class="closeLink" onclick="toggleBibHoldingsPopup(this, true, \'moreActionsWrapper\',\'gridBrowseCol1\')" href="javascript:void(0);">\r\n           close\r\n       </a>\r\n       <h3 class="moreActionsHeader">more</h3>\r\n        <ul class="inline-list moreActions">\r\n            <li>\r\n    \r\n\t    \r\n\t    \r\n\t        <a id="loginLinkComponent_2" href="https://encore.slcl.org/iii/encore/search;jsessionid=5F4C8E89B7C5F964F02DBB6C904346CF/Sdologin?lang=eng&amp;target=Nintendo%20Switch&amp;loginReason=doTag&amp;actionRecordId=b2574946">\r\n\t           <img width="20" title="Add a Tag" src="resources/gold/images/tag.png" class="actionIcon" height="19" id="createCommunityTagsIconImageAny2Component_2"></img>\r\n\t        </a>\r\n\t    \r\n    \r\n</li>\r\n            \r\n            \r\n        </ul>\r\n       <img src="resources/gold/images/dropShadowArrow.png" class="dropShadowArrow" id="dialogArrowImageAnyComponent_2"></img>\r\n    </div>\r\n</div>\t \r\n\r\n                </div>\r\n            </div>\r\n            <div class="gridBrowseCol2">\r\n                \r\n                    <!--title-->\r\n                <div class="dpBibTitle">\r\n                    <!-- please read c1063106, c1063117, c1044421, c1060576a before changing title -->\r\n                    \r\n                        \r\n                            <span class="title">\r\n                                <a id="recordDisplayLink2Component_2" href="/iii/encore/record/C__Rb2574946__SNintendo%20Switch__P0%2C3__Orightresult__X3;jsessionid=5F4C8E89B7C5F964F02DBB6C904346CF?lang=eng&amp;suite=cobalt">\r\n                                    Nintendo Switch : Blazblue cross tag battle.\r\n                                </a>\r\n                            </span>\r\n                        \r\n                        \r\n                        \r\n                            <span class="title">\r\n                                <span class="additionalFields customSecondaryText">\r\n                                    \r\n                                </span>\r\n                            </span>\r\n                        \r\n                    \r\n\r\n                    \r\n                    <div class="dpBibAuthor">\r\n                        \r\n                        \r\n                    </div>\r\n                    <!-- MARC 962 Media -->\r\n                    <div class="recordDetailValue">\r\n                        \r\n                        <span class="itemMediaDescription" id="mediaTypeInsertComponent_2">ELECTRONIC RES</span>\r\n                        \r\n                        \r\n                                <span class="pipeDivider">|</span>\r\n                                <span class="itemMediaYear" id="searchResultPubYearInsertComponent_2"></span>\r\n                            \r\n                        \r\n                              <span class="pipeDivider">|</span>\r\n                              <span class="itemEdition" id="searchResultEditionInsertComponent_2">Nintendo Switch ed.</span>\r\n                           \r\n                    </div>\r\n                    \r\n                    \r\n                        <!-- bibHoldingsComponentAvailableOnlyOrAllItems -->\r\n                        \r\n    <!--start item info-->\r\n    \r\n    \r\n        <!-- over threshold holdings info -->\r\n        \r\n\t\r\n\r\n    \t<!--ERM-->\r\n        \r\n    \r\n    <!-- Dialog content -->\r\n    \r\n\r\n        <!-- checkin info -->\r\n        \r\n\t\r\n\r\n        <!-- Volume info -->\r\n        \r\n        <!-- Item info -->\r\n        \r\n                \r\n                  <!--This ItemsContainer elem does not get rendered into a toggle on the record page - only the browse -->\r\n                  <div id="ItemsContainer-b2574946" class="ItemsContainer">\r\n                        \r\n                           \r\n    \r\n        <div class="availabilitySummaryArea">\r\n            \r\n                <div class="dpBibHoldingStatement">\r\n                    <span class="availabilityMessage">\r\n                        <span class="itemsAvailable">Available</span> at Eureka Hills (<span class="availCallNumber">VIDEO GAME</span>) plus 4 more\r\n                    </span>\r\n                    \r\n                        <span class="itemsContainerPopUpTrigger"></span>\r\n                    \r\n                </div>\r\n            \r\n        </div>\r\n    \r\n    \r\n    \r\n\r\n                        \r\n                        <div class="content bibHoldingsWrapper popUpWrapper">\r\n                            <a href="javascript:void(0);" onclick="toggleBibHoldingsPopup(this, true)" class="closeLink">close</a>\r\n                            <!-- available-->\r\n                              \r\n                                  <div id="availableItemsSection" class="availableItemsSection">\r\n                                      \r\n    \r\n\r\n    \r\n            \r\n            \r\n                    <!--link moved into dpBibHoldingStatement via initBibHoldingsToggle JS -->\r\n                    <span class="itemsAvailHeader itemsSectionHeader" id="availHeaderWrapperAny2Component_5"><a href="javascript:void(0);" onclick="toggleBibHoldingsPopup(this)">see all</a></span>\r\n            \r\n            <!--start mark -->\r\n             <h3 class="sectionHeader itemsHeader customHeader">Items</h3>\r\n            <div id="allavailitems-b2574946">\r\n                \r\n\t                \r\n\t                    <div class="itemTableWrapper popUpContentWrapper">\r\n\t                        \r\n    \r\n\t\t<table class="itemTable" cellspacing="3">\r\n        \t<tr>\r\n\t        \t\r\n\t        \t\t<th>\r\n\t        \t\t\tLocation\r\n\t        \t\t</th>\r\n\t        \t\r\n\t        \t\t<th>\r\n\t        \t\t\tCall No.\r\n\t        \t\t</th>\r\n\t        \t\r\n\t        \t\t<th>\r\n\t        \t\t\tStatus\r\n\t        \t\t</th>\r\n\t        \t\r\n        \t</tr>\r\n            \r\n            \t<tr>\r\n            \t\t\r\n                        \r\n            \t\t\r\n                        \r\n                            <td>\r\n                                \r\n                                    \r\n                                    \r\n                                        \r\n                                            \r\n \r\n\t \r\n\t    \t\r\n\t\t\r\n\t\t\r\n\t\t\tEureka Hills\r\n\t\t\r\n    \r\n \r\n\r\n\r\n                                        \r\n                                        \r\n                                    \r\n            \t\t\t        \r\n\t            \t\t\t</td>\r\n            \t\t\t\r\n            \t\t\r\n                        \r\n                            <td>\r\n                                \r\n                                    \r\n                                    \r\n                                        \r\n                                        \r\n                                            \r\n                                                <a id="callNoBrowseDirectLinkComponent_11" href="/iii/encore/SearchResultsPage,searchResultsComponent.resultComponent.searchBrowseResultBibComponent.$BibHoldingsComponent.bibHoldingsAvailableItems2.itemTableComponent.callNoBrowseDirectLinkComponent.sdirect;jsessionid=5F4C8E89B7C5F964F02DBB6C904346CF?lang=eng&amp;sp=Si20277227&amp;sp=Sb2574946&amp;suite=cobalt" onclick="return tapestry.linkOnClick(this.href,\'callNoBrowseDirectLinkComponent_11\', false)">\r\n                                                    VIDEO GAME\r\n                                                </a>\r\n                                            \r\n                                            \r\n                                        \r\n                                    \r\n            \t\t\t        \r\n                                    \r\n                                         \r\n                                    \r\n                                    \r\n            \t\t\t        \r\n                                    \r\n                                         \r\n                                    \r\n                                    \r\n            \t\t\t        \r\n\t            \t\t\t</td>\r\n            \t\t\t\r\n            \t\t\r\n                        \r\n                            <td>\r\n                                \r\n                                    \r\n                                        IN LIBRARY\r\n                                    \r\n                                    \r\n            \t\t\t        \r\n\t            \t\t\t</td>\r\n            \t\t\t\r\n            \t\t\r\n            \t</tr>\r\n            \r\n        </table>\r\n    \r\n\r\n\t                        \r\n\t\t\t\t\t\t\t\r\n\t\t\t\t\t\t\t\t<a id="showAllItemsLinkComponent_11" class="showAllItemsLink customToggle" href="/iii/encore/SearchResultsPage,searchResultsComponent.resultComponent.searchBrowseResultBibComponent.$BibHoldingsComponent.bibHoldingsAvailableItems2.showAllItemsLinkComponent.sdirect;jsessionid=5F4C8E89B7C5F964F02DBB6C904346CF?lang=eng&amp;sp=Sb2574946&amp;sp=T&amp;sp=Sallavailitems-b2574946&amp;sp=F&amp;suite=cobalt" onclick="return tapestry.linkOnClick(this.href,\'showAllItemsLinkComponent_11\', false)">\r\n\t\t\t\t\t\t\t\tShow remaining items</a>\r\n\t\t\t\t\t\t\t\r\n\t\t\t\t\t\t\t\r\n  \xe2\x80\x8b\t\t\t\t\t\t\t\r\n  \r\n\t\t\t\t\t<form method="post" action="/iii/encore/SearchResultsPage,searchResultsComponent.resultComponent.searchBrowseResultBibComponent.$BibHoldingsComponent.bibHoldingsAvailableItems2.countComponent.sdirect;jsessionid=5F4C8E89B7C5F964F02DBB6C904346CF" id="countComponent_11" style="display:none;">\n<div style="display:none;" id="countComponent_11hidden"><input type="hidden" name="formids" value="allCountInsertComponent_11,allAvailCountInsertComponent_11" />\n<input type="hidden" name="seedids" value="ZH4sIAAAAAAAAAI0Z23LbujHTaX+jT35UZ0zKl+RRlpUTzdixR1JO26cMREISxiDAAqRsn2/qD3T6Tf2HLi60sADo+CWm9oa97wL59/8+/eWPT5/+/Omv/5loqo6somfnk5bszZ9KNq0UVHT2W3SECargW1OtmRTmq4V/9pLXj8Dxd0Xalqp5wKUPlPMQsJX1K/pNNL1lilYdCFwKUKE7oYvJjoBGUqwoJ4Yg5BRyXSnWdve0Iyu6U1Qf8Mnyed7rTjbfKKmpWu5CbBViolONkvJpTlR3x8RTqM1yd3aJsTOBrFnufp6fFeeTBdf0bHqFSO/BaeCk9LSWdEqKjZRch+Ca6ZaT10eLfWiN+Xq5K5GN5Eg3B6bXlKjqEOliHLAGAoc0GmAXuGNnHLTRP9qadDQjwKKXjdF7l1Hujoh9D8g15RBBCa40eZBzuD+tqmQvuju5Z+LXtoYUPXjNsuGYgMutP88uPvsjgEj24F+xY6q54bJC1M2rV+GWdpG5XgfnkJmiBCtwsEb5jNrc34W4Trb2JMwB0BUVwJRoIWT3j2+rEr7+1VOFnW6j9VWqJoQyoSH/ygkHf5u/umcdtR+OnFFe35Et5amodacYMJ1PSH0koqL1KR+QA2wTyFGlIm0+rPtmy1Ae6xZqfd3v91THtXoknNW2ghdKSfUOSn/FaNN24Et7T0bdw2PnkLx7iR15kA19TPJ2gJoCTboFFhY1DIRk1OgZ1GIZq+IqgtaoYgvoO0oZqugom8PTdywbxBm9PyAwjtt7x16kAV5R3XMoApFJTY8LEbI7ULWWvaqovmeCNQTlIRVky40nTsDLiXJiXKtAESLaHbGmHQ6BY5mb6k2baMiWC67L5w19iYTqEzyRafhszxlaN+aUqhv6Xgz3LQzl8oWV98haJGc6xGb9xmaCZzz2QTJsbYZw89r6qVNmcgIJtE3gCaX1uLSQbEcq2v2mZN+GR5ygyzpKpiPTLLKxGIDYosK3+J9XZ8V0+L4238afG7Kfc9nXUaqw/aFbs5ra1vudNDSOhbdrhQhDN4ZJjbMQVpGhP2KUhsTni5eWiHpQC9UBwkT+6Mhe30lSQ68eXRRUtiw9FNk3fSuWE+RUBTdKPmvqyuVRyb0iDc61POkN20ZkORKshIgWgUGxFa2kqv+2LS+vPpdfvpjxZDdAv4mECDfW10Hz8Q7SoVgiXpP10xkSHn8Nx8PI1dFmN52ATyEpoIms+21DRb9yZCbZNdYf/Aw73rXh+FnAb6YfjlTVih3prXwWHGKIGZievTA9vTqPwauTKtlSD/AA3FPYvVmV/rLTGIO8gwxQdtIfP2vb/FZkYmKiMXMRmNsmgLBHRp/1Im3j07cF9wEcH23oJ+THOMO0DsJPQftOL8WNp8dSYmzcDEldb+RNdp0PkBXxSy4qLZDeEMYTQCzGAnPsdn4AcTx1pma6ZwNhRa070vX6FENtf0feY1tXQnFx7Z6letLQhGRqL1Tjd9lRh4wVvZeK+gxIM7I5IXOGgiPhZ9ML1r1Cf4vP9X0aBuk+7TMwYPeQG2IcE8eUp9cA8Cgs7B0NtdBL8PKgbRnS1oyAjBmsm89jYdscYL0VJq6JWhvWcWCpVyZYaX8bISnTerv1dyiwBGHDPSuVFE2FkQNjn9m7XF0zE0LC7X1B55q5OxUobRPA5NmTZ17Hd4T13UHGTgrxeZKGQph+rO4y0NwKgmU+9lvO9CGJDSb5J/z8NcG7By2cS8elDASJlAr+KBLllwfG0YOx+k1ysxvgmcfNKm9yGUs5wZPdUMKlTdA6J22xus+BQ2O+ER1QLcVOjhuuv/acJw1uG1hyoNUTXGzjjPJwLBkm8++S9008jU/wXMYvO9ro+fBwtYF+EicqpgjXDrijg9uNEUnnnR2hMZAt49Bo4BrcEJX0DyPXozKXB5j+Jzxa3K5DzMgiaHaHcOlK+096es47Pqt0XkENVromwM303qQ3kiCW3iNAYfxZuhx8y5Nwxy9DTLTol5OGvETUAEmoiDnN3Rz9zoc7/BWcwS2RcaYOo1oDhV+zrarRafDxoMwkzCGNMOsGBHXDLb7KlLDQW0rITYEifFmEqCS2nx32FuoXsZWXIVuCvrqAiMFwD1NzwSmssig9hsN/J7yPrkTF+XQC44gJiwuZQPYJgYMBKKhwErdAUHYAR0+opZ/sJ2TkttOzLVUfQCe5YQh+kxIK/Z60ySaTJUhkDLrnXgUyFozyYwQ4xT8xziE9v0tXwpF2VYByz+KJA/3tYPMWx+RuD0SZkxI1RwShZARbbROAOc9tTaTqmPeYqMB59pGmKAzKZugYHtdfpHGRVG9C4DYS1LFBQzNQtvLFDhZYKM3Kl8OPIkLGcpQTYcLe6D13Zj2TdCSrsvHJ5mD+CwOYXNKOihta7T30StdtRzpiUPZuw/cM0cJ5ibslNNxEPR4rN27qcEhgbSTRbd8/2pH9G/osLPDBxuPGtvu/nrNydK5HxYZ2kQcVrenlhJr7Z9gtES+csXgjiLLJbVZziVYXDI84DCiyEfaWpd7ipukfoXtlBztVRxoJCk36clVGBpmXrMsrEx8dC72freafPQ5z7diL3e79XSQzF8rJkaiv0AT+9F9DWKRvf/nXIvjXPp6lJqa0i5eOKkEiT8OlnFXcdyWMSh+RLs6v8o9IDvHr1wZHl9sHveh0pXhD5GCZisL0EThnUjFmUvFBk4pRk4oxk4qMSQlxoHuRN6nImHR98eUiG6UB8SuTBrrUpDfRsUke8X/lSJpC5x4AAA==" />\n<input type="hidden" name="lang" value="eng" />\n<input type="hidden" name="suite" value="cobalt" />\n<input type="hidden" name="reservedids" value="inst,lang,suite" />\n<input type="hidden" name="submitmode" value="" />\n<input type="hidden" name="submitname" value="" />\n<input type="hidden" name="allCountInsertComponent_11" id="allCountInsertComponent_11" value="100" />\n<input type="hidden" name="allAvailCountInsertComponent_11" id="allAvailCountInsertComponent_11" value="100" />\n</div>\r\n\t\t\t\t\t\r\n\t\t\t\t\t\r\n\t\t\t\t\t</form> \r\n\t                    </div>\r\n\t                \r\n\t                \r\n                \r\n                \r\n            </div><!--end mark-->\r\n    \r\n\r\n                                  </div>\r\n                              \r\n                             <!--all -->\r\n                              \r\n                                   <a href="javascript:void(0);" onclick="showHideItemsToggle(this)" class="showAllToggleLink availCheckboxLink"><img width="15" src="resources/gold/images/checkbox_checked.png" class="availCheckbox" height="13" id="checkboxCheckedImageComponent_2"></img>only show available</a>\r\n                                   <a href="javascript:void(0);" onclick="showHideItemsToggle(this)" class="showAvailableToggleLink availCheckboxLink"><img width="15" src="resources/gold/images/checkbox.png" class="availCheckbox" height="13" id="checkboxImageComponent_2"></img>only show available</a>\r\n                                   <a href="javascript:void(0);" onclick="showHideItemsToggle(this)" class="showAllMaxToggleLink availCheckboxLink"><img width="15" src="resources/gold/images/checkbox_checked.png" class="availCheckbox" height="13" id="checkboxCheckedImage2Component_2"></img>only show available</a>\r\n                                   <a href="javascript:void(0);" onclick="showHideItemsToggle(this)" class="showAvailableMaxToggleLink availCheckboxLink"><img width="15" src="resources/gold/images/checkbox.png" class="availCheckbox" height="13" id="checkboxImage2Component_2"></img>only show available</a>\r\n                                    \r\n                                    <div id="allItemsSection" class="allItemsSection">\r\n                                       \r\n    \r\n\r\n    \r\n            \r\n            \r\n                    <!--link moved into dpBibHoldingStatement via initBibHoldingsToggle JS -->\r\n                    <span class="itemsSectionHeader" id="availHeaderWrapperAny2Component_6"><a href="javascript:void(0);" onclick="toggleBibHoldingsPopup(this)">see all</a></span>\r\n            \r\n            <!--start mark -->\r\n             <h3 class="sectionHeader itemsHeader customHeader">Items</h3>\r\n            <div id="allitems-b2574946">\r\n                \r\n\t                \r\n\t                    <div class="itemTableWrapper popUpContentWrapper">\r\n\t                        \r\n    \r\n\t\t<table class="itemTable" cellspacing="3">\r\n        \t<tr>\r\n\t        \t\r\n\t        \t\t<th>\r\n\t        \t\t\tLocation\r\n\t        \t\t</th>\r\n\t        \t\r\n\t        \t\t<th>\r\n\t        \t\t\tCall No.\r\n\t        \t\t</th>\r\n\t        \t\r\n\t        \t\t<th>\r\n\t        \t\t\tStatus\r\n\t        \t\t</th>\r\n\t        \t\r\n        \t</tr>\r\n            \r\n            \t<tr>\r\n            \t\t\r\n                        \r\n            \t\t\r\n                        \r\n                            <td>\r\n                                \r\n                                    \r\n                                    \r\n                                        \r\n                                            \r\n \r\n\t \r\n\t    \t\r\n\t\t\r\n\t\t\r\n\t\t\tEureka Hills\r\n\t\t\r\n    \r\n \r\n\r\n\r\n                                        \r\n                                        \r\n                                    \r\n            \t\t\t        \r\n\t            \t\t\t</td>\r\n            \t\t\t\r\n            \t\t\r\n                        \r\n                            <td>\r\n                                \r\n                                    \r\n                                    \r\n                                        \r\n                                        \r\n                                            \r\n                                                <a id="callNoBrowseDirectLinkComponent_12" href="/iii/encore/SearchResultsPage,searchResultsComponent.resultComponent.searchBrowseResultBibComponent.$BibHoldingsComponent.bibHoldingsAllItems.itemTableComponent.callNoBrowseDirectLinkComponent.sdirect;jsessionid=5F4C8E89B7C5F964F02DBB6C904346CF?lang=eng&amp;sp=Si20277227&amp;sp=Sb2574946&amp;suite=cobalt" onclick="return tapestry.linkOnClick(this.href,\'callNoBrowseDirectLinkComponent_12\', false)">\r\n                                                    VIDEO GAME\r\n                                                </a>\r\n                                            \r\n                                            \r\n                                        \r\n                                    \r\n            \t\t\t        \r\n                                    \r\n                                         \r\n                                    \r\n                                    \r\n            \t\t\t        \r\n                                    \r\n                                         \r\n                                    \r\n                                    \r\n            \t\t\t        \r\n\t            \t\t\t</td>\r\n            \t\t\t\r\n            \t\t\r\n                        \r\n                            <td>\r\n                                \r\n                                    \r\n                                        IN LIBRARY\r\n                                    \r\n                                    \r\n            \t\t\t        \r\n\t            \t\t\t</td>\r\n            \t\t\t\r\n            \t\t\r\n            \t</tr>\r\n            \r\n        </table>\r\n    \r\n\r\n\t                        \r\n\t\t\t\t\t\t\t\r\n\t\t\t\t\t\t\t\t<a id="showAllItemsLinkComponent_12" class="showAllItemsLink customToggle" href="/iii/encore/SearchResultsPage,searchResultsComponent.resultComponent.searchBrowseResultBibComponent.$BibHoldingsComponent.bibHoldingsAllItems.showAllItemsLinkComponent.sdirect;jsessionid=5F4C8E89B7C5F964F02DBB6C904346CF?lang=eng&amp;sp=Sb2574946&amp;sp=T&amp;sp=Sallitems-b2574946&amp;sp=F&amp;suite=cobalt" onclick="return tapestry.linkOnClick(this.href,\'showAllItemsLinkComponent_12\', false)">\r\n\t\t\t\t\t\t\t\tShow remaining items</a>\r\n\t\t\t\t\t\t\t\r\n\t\t\t\t\t\t\t\r\n  \xe2\x80\x8b\t\t\t\t\t\t\t\r\n  \r\n\t\t\t\t\t<form method="post" action="/iii/encore/SearchResultsPage,searchResultsComponent.resultComponent.searchBrowseResultBibComponent.$BibHoldingsComponent.bibHoldingsAllItems.countComponent.sdirect;jsessionid=5F4C8E89B7C5F964F02DBB6C904346CF" id="countComponent_12" style="display:none;">\n<div style="display:none;" id="countComponent_12hidden"><input type="hidden" name="formids" value="allCountInsertComponent_12,allAvailCountInsertComponent_12" />\n<input type="hidden" name="seedids" value="ZH4sIAAAAAAAAAI0Zy3LjNnIqlf2NnHxUqkzKj/goy56MquyxS9Jkd09TEAlJKIMAA5CynW/aX9naL9l/SONBCw2AHl/GVL/Q725g/vP/T//469Onnz/98t+JpurAKnpyOmnJzvypZNNKQUVnv0VHmKAKvjXVmklhvlr4Zyd5/Qgc/1SkbamaB1x6TzkPARtZv6LfRNMbpmjVgcCFABW6I7qYbAloJMWScmIIQk4hV5VibXdPO7KkW0X1Hp8sn+e97mTzhZKaqsU2xFYhJjrVKCmf5kR1d0w8hdostifnBcLOBLJmsf1+elKcTm65pifTS0R6D04DJ6WntaRTUqyl5DoE10y3nLw+WuxDa8zXi22JbCQHut4zvaJEVftIF+OAFRA4pNEAu8AdO+Ogjf7W1qSjGQEWvWiM3tuMcndE7HpAriiHCEpwpcmDnMP9aVUle9HdyR0TP7Y1pOjBa5YNxwRcbv15cj71RwCR7MG/YstUc81lhaibV6/CDe0ic70OziEzRQlWYG+N8hm1vr8LcZ1s7UmYA6BLKoAp0ULI7l9fliV8/dlThZ1uo/VZqiaEMqEh/6YTDv42f3XPOmo/HDmjvL4jG8pTUatOMWA6nZD6QERF62M+IAfYJpCjSkXafFj1zYahPNYt1Pqq3+2ojmv1QDirbQXfKiXVOyj9GaNN24Ev7T0ZdQ+PnUPy7iR25F429DHJ2wFqCjTpFlhY1DAQklGjZ1CLZayKqwhao4otoO8oZaiio2wOT9+xbBBn9P6AwDhu7x17lgZ4SXXPoQhEJjU9LkTIbk/VSvaqovqeCdYQlIdUkA03njgCzyfKiXGtAkWIaHfEinY4BI5lbqo3baIhWy64Lp/X9CUSqo/wRKbhsz1naN2YU6pu6Hsx3LcwlMtnVt4ja5Gc6RCb1RubCZ7x2AfJsLUZwvVr66dOmckJJNA2gSeU1uPSQrItqWj3u5J9Gx5xhC7qKJkOTLPIxmIAYosK3+K/X5wUZ8P3pfk2/lyT3ZzLvo5She323YrV1Lber6ShcSy8XUtEGLoxTGqchbCKDP0RozQkPr99aYmoB7VQHSBM5I+O7PSdJDX06tFFQWXL0kORfdO3YjlCjlVwreSzpq5cHpXcKdLgXMuTXrNNRJYjwUqIaBEYFFvSSqr61015fvFbeXVlxpPdAP0mEiLcWF8Fzcc7SIdiiXhN1k9nSHj8JRwPI1dHm910Aj6FpIAmsuo3DRX90pGZZNdYf/Az7HiXhuN7Ab+ZfjhQVSt2oDfyWXCIIWZgevbC9PTiNAYvj6pkSz3AA3BHYfdmVfrLTmMM8g4yQNlJf/ysbfNbkYmJicbMRWBumwDCHhh91rdpG5++LbgP4PhoQz8iP8YZpnUQfgrad3ohrj09lhJj42ZI6notr7PrfICsiF9yUWmB9IYwngBiMRaYY7fzA4jjqTM10z0bCCtq1ZGu18cYavs78h7buBKKi2v7LNWThiYkU3uhGr/KjjpkrOi9VNRnQJqRzRGZMxQcCT+bXrDuFfpbfK7v0zBId2mfgQG7g9wQ45g4pjy9BoBHYWHvaKiFXoCXB23LkLZmBGTMYN18Hgvbeg/rrTBxTdRas44DS700wUr72whJmdbbjb9DgSUIG+5ZqaRoKowcGPvM3uXqmpkQEm7vCzrXzN2pQGmbACbPnjzzOr4jrO/2MnZSiM+TNBTC9G15l4HmVhAs87HfcKb3SWwwyb/h548J3j3o1rl0XMpAkEip4I8iUX55YBw9GKtfJDe7AZ553KzyJpexlCM82Q0lXNoErXPSbpf3OXBozBeiA6qF2Mpxw/XnnvOkwW0CS/a0eoKLbZxRHo4lw2T+Q/K+iafxEZ7L+EVHGz0fHq7W0E/iRMUU4doBd3RwuzEi6byzAzQGsmEcGg1cgxuikv5h5HpU5vIA0/+IR4vbZYgZWQTN7hAuXWn/SU/Pecdnlc4rqMFK1wS4md7r9EYSxNJ7BCiMP0uXg295Eu74CBMt+lDe5CWiBkhCRcxp7ubodz7c4S/hDG6JjDN1GNUaKPyabVWNToOPB2UmYQ5phFk3IKgbbvFVZgoLvaWE3BQowufnISqO7VnhsDdQv4itvAzZEvTFFUQMhnuYmrecwiqL0mM4/A/C++hKVBTFBMYRExYXMoHsIwIHA1BQ4SRugaDsAI6eUIfJfkRGbjs+21L1AXSSG4bgdymh0O9Jm2wyWYJExqB77lUgY8EoP0aAU/wT4xzS86t0JRxpVwUo9yyeONDfDtZvcUzu9sU0d1Ki5ogglIxgq20CMOe5rYlUHfMeExU4zz7SFKVB2Qwdw+P6izQuk+pNCNxGEg9VM1A28sUOFlgozcqXw48iQsZylBNhwt7oPWebYtqRrMrGJ+u9+S8MYHJJix4Xc632Hnql67ZlviMGZe82fM8QLZznuFtCw03U47FyY7pxPhxyUr5ZG0l02/e3dmT/LicMFvhg43Fj2/1fz0k5OtejYkO7yIOK1vRyQs39M+yWiBfOuH0jwIyV26zmEq0uGB5xGFBkI+wtC73BTdM/QvfKDnaqDjQSFJp0dVFGBpmXrPMLEx8dC72fLee/eRzm2rIXu937u0hmLpSTA1GfoQn89D9DWKRvf/nXIvjXPp6lJqa0ty8dVYJEnoZLOau470oYlT4inZ1e5B+RHOLHrw2OLrcPetHpSvGGyMEyFYXpI3DOpGLMpOKDJhWjJhVjJhUZkxLiQPcib1KRMeny7OosG6UB8SOTBrrUpDfRsUkBIob9DfXydB77HgAA" />\n<input type="hidden" name="lang" value="eng" />\n<input type="hidden" name="suite" value="cobalt" />\n<input type="hidden" name="reservedids" value="inst,lang,suite" />\n<input type="hidden" name="submitmode" value="" />\n<input type="hidden" name="submitname" value="" />\n<input type="hidden" name="allCountInsertComponent_12" id="allCountInsertComponent_12" value="100" />\n<input type="hidden" name="allAvailCountInsertComponent_12" id="allAvailCountInsertComponent_12" value="100" />\n</div>\r\n\t\t\t\t\t\r\n\t\t\t\t\t\r\n\t\t\t\t\t</form> \r\n\t                    </div>\r\n\t                \r\n\t                \r\n                \r\n                \r\n            </div><!--end mark-->\r\n    \r\n\r\n                                    </div>\r\n                            \r\n                            \r\n                                <!--how to test for available items on the threshold link-->\r\n                                       <div class="availableMaxItemsSection">\r\n                                                \r\n    \r\n\r\n    \r\n            \r\n                 \r\n                \r\n                    <!--link moved into dpBibHoldingStatement via initBibHoldingsToggle JS -->\r\n                    <span class="itemsAvailHeader itemsSectionHeader" id="availHeaderWrapperAnyComponent_5">\r\n                           <a id="showMaxItemsLink2Component_5" class="maxItemsLink" href="/iii/encore/SearchResultsPage,searchResultsComponent.resultComponent.searchBrowseResultBibComponent.$BibHoldingsComponent.bibHoldingsAvailableMaxItems2.showMaxItemsLink2Component.sdirect;jsessionid=5F4C8E89B7C5F964F02DBB6C904346CF?lang=eng&amp;sp=Sb2574946&amp;sp=F&amp;sp=Sallavailitemsmax-b2574946&amp;sp=F&amp;suite=cobalt" onclick="return tapestry.linkOnClick(this.href,\'showMaxItemsLink2Component_5\', false)">\r\n                               <a href="javascript:void(0);" onclick="toggleBibHoldingsPopup(this)">see all</a>\r\n                           </a>\r\n                    </span>\r\n                \r\n            \r\n            \r\n            <!--start mark -->\r\n             <h3 class="sectionHeader itemsHeader customHeader">Items</h3>\r\n            <div id="allavailitemsmax-b2574946">\r\n                \r\n\t                \r\n\t                    <div class="itemTableWrapper popUpContentWrapper">\r\n\t                        \r\n    \r\n\t\t<table class="itemTable" cellspacing="3">\r\n        \t<tr>\r\n\t        \t\r\n\t        \t\t<th>\r\n\t        \t\t\tLocation\r\n\t        \t\t</th>\r\n\t        \t\r\n\t        \t\t<th>\r\n\t        \t\t\tCall No.\r\n\t        \t\t</th>\r\n\t        \t\r\n\t        \t\t<th>\r\n\t        \t\t\tStatus\r\n\t        \t\t</th>\r\n\t        \t\r\n        \t</tr>\r\n            \r\n            \t<tr>\r\n            \t\t\r\n                        \r\n            \t\t\r\n                        \r\n                            <td>\r\n                                \r\n                                    \r\n                                    \r\n                                        \r\n                                            \r\n \r\n\t \r\n\t    \t\r\n\t\t\r\n\t\t\r\n\t\t\tEureka Hills\r\n\t\t\r\n    \r\n \r\n\r\n\r\n                                        \r\n                                        \r\n                                    \r\n            \t\t\t        \r\n\t            \t\t\t</td>\r\n            \t\t\t\r\n            \t\t\r\n                        \r\n                            <td>\r\n                                \r\n                                    \r\n                                    \r\n                                        \r\n                                        \r\n                                            \r\n                                                <a id="callNoBrowseDirectLinkComponent_13" href="/iii/encore/SearchResultsPage,searchResultsComponent.resultComponent.searchBrowseResultBibComponent.$BibHoldingsComponent.bibHoldingsAvailableMaxItems2.itemTableComponent.callNoBrowseDirectLinkComponent.sdirect;jsessionid=5F4C8E89B7C5F964F02DBB6C904346CF?lang=eng&amp;sp=Si20277227&amp;sp=Sb2574946&amp;suite=cobalt" onclick="return tapestry.linkOnClick(this.href,\'callNoBrowseDirectLinkComponent_13\', false)">\r\n                                                    VIDEO GAME\r\n                                                </a>\r\n                                            \r\n                                            \r\n                                        \r\n                                    \r\n            \t\t\t        \r\n                                    \r\n                                         \r\n                                    \r\n                                    \r\n            \t\t\t        \r\n                                    \r\n                                         \r\n                                    \r\n                                    \r\n            \t\t\t        \r\n\t            \t\t\t</td>\r\n            \t\t\t\r\n            \t\t\r\n                        \r\n                            <td>\r\n                                \r\n                                    \r\n                                        IN LIBRARY\r\n                                    \r\n                                    \r\n            \t\t\t        \r\n\t            \t\t\t</td>\r\n            \t\t\t\r\n            \t\t\r\n            \t</tr>\r\n            \r\n        </table>\r\n    \r\n\r\n\t                        \r\n\t\t\t\t\t\t\t\r\n\t\t\t\t\t\t\t\t<a id="showAllItemsLinkComponent_13" class="showAllItemsLink customToggle" href="/iii/encore/SearchResultsPage,searchResultsComponent.resultComponent.searchBrowseResultBibComponent.$BibHoldingsComponent.bibHoldingsAvailableMaxItems2.showAllItemsLinkComponent.sdirect;jsessionid=5F4C8E89B7C5F964F02DBB6C904346CF?lang=eng&amp;sp=Sb2574946&amp;sp=T&amp;sp=Sallavailitemsmax-b2574946&amp;sp=F&amp;suite=cobalt" onclick="return tapestry.linkOnClick(this.href,\'showAllItemsLinkComponent_13\', false)">\r\n\t\t\t\t\t\t\t\tShow remaining items</a>\r\n\t\t\t\t\t\t\t\r\n\t\t\t\t\t\t\t\r\n  \xe2\x80\x8b\t\t\t\t\t\t\t\r\n  \r\n\t\t\t\t\t<form method="post" action="/iii/encore/SearchResultsPage,searchResultsComponent.resultComponent.searchBrowseResultBibComponent.$BibHoldingsComponent.bibHoldingsAvailableMaxItems2.countComponent.sdirect;jsessionid=5F4C8E89B7C5F964F02DBB6C904346CF" id="countComponent_13" style="display:none;">\n<div style="display:none;" id="countComponent_13hidden"><input type="hidden" name="formids" value="allCountInsertComponent_13,allAvailCountInsertComponent_13" />\n<input type="hidden" name="seedids" value="ZH4sIAAAAAAAAAI0Zy27jNnBRtL/RU44uENlO0hwdx9s1EG8C29vHaUFLtE2EIlVScpJ+U3+sKPoPHVJUxCGpbC4beV6c9wy5f//34Ye/Pnz4/sOP/4w0VSeW07PzUUUO5k8uy0oKKmr7LWrCBFXwranWTArzVcE/B8mLB+D4TZGqomrucekj5dwH7GTxgn4TTW+ZonkNApcCVKh7dDbaE9BIijXlxBD4nEJucsWqekVrsqZ7RfURnyyf5o2uZfmJkoKq5d7H5j4mONUoKR/nRNV3TDz62iz3ZxcThJ0JZM1y//X8LDsfLbimZ5NrRLoCp4GT4tMqUisptlJy7YMLpitOXh4s9r4y5uvlfoxsJCe6PTK9oUTlx0AX44ANELRIowF2QXvsjIM2+ktVkJomBFj0sjR67xPK3RFxaAC5oRwiKMGVJg9SDnen5blsRH0nD0x821afogGvWTYcE3C59efZxdQdAUSyAf+KPVPlDZc5oi5fnAq3tA7MdTq0DpkpSrACR2uUy6jt6s7H1bKyJ2EOgK6pAKZICyHr3z+tx/D1Z0MVdrqN1kepSh/KhIb8m444+Nv81Q2rqf1oyRnlxR3ZUR6L2tSKAdP5iBQnInJa9PmAHGCbQIoqFmnzYdOUO4byWFdQ65vmcKA6rNUT4aywFbxQSqo3UPojRpu2A1/aeTLoHg47h+Q9SOzIoyzpQ5S3HdQUaNQtsLCgYSAko0ZPrxbHoSptRdACVWwGfUcpQxUcZXN48oZlnTij9zsEhnF769hpHOA11Q2HIhCJ1HQ4HyHrI1Ub2aic6hUTrCQoD6kgO2480QMvRqoV07YKFCGi2yM2tMYhaFnmpnrjJuqzpYLb5vOWPgdCdQ+PZBo+23O61o05paq7vhfCXQtDuTy18h5YheRMuthsXtlM8IzH3kmGrU0Qbl8qN3XGiZxAAm0TeERpPSzNJ9uTnNa/KNlU/hE9dFkEyXRimgU2Zh0QW5S5Fv/18iy76L6vzLfx55Yc5lw2RZAq7HCsN6ygtvV+JiUNY+HsWiNC341+UuMshFWk648YpSHx+eK5IqLo1EJ1gDCBP2py0HeSFNCrBxcFlSxLB0X2TV6LpYf0VXCj5JOmbbk8KHlQpMS5lia9YbuALEWClRDBItAptqa5VMVPu/HF5c/j62sznuwG6DYRH9GO9Y3XfJyDtC+WiJdo/WwN8Y+/guNh5Opgs5uMwKeQFNBENs2upKJZt2Qm2TXWH/wMO96V4fiawW+m709UFYqd6K18EhxiiBmYnj0zPbk8D8HrXpVkqXt4AB4o7N4sj3/ZaYxBzkEGKGvpjp9VVXorMjEx0Zi1EZjbJoCwJ0af9CJu4/0ufA+ODzb0Hvk+Tj+tvfBT0L7WS3Hj6LGUEBs2Q1IUW3mTXOc9ZE7ckotKC6SXhPEIEIqxwBS7nR9AHE6diZnuyUBYUZua1I3uY6jt78B7bNeWUFhc+yepHjU0IRnbC9X4Wda0RYaKrqSiLgPijCx7ZMpQcCT8LBvB6hfob+G5rk/DID3EfQYG7AFyQwxjwpjy+BoAHoWFvaa+FnoJXu60Hfu0BSMgYwbr5tNQ2LZHWG+FiWuk1pbVHFiKtQlW3N8GSMZxvd26OxRYgrD+nhVLCqbCwIGhz+xdriiYCSHh9r6gU828PRUobRPA5MmTZ07HN4Q19VGGTvLxaZKSQpi+rO8S0NQKgmU+NDvO9DGKDSb5A35+m+DNgxatS4eldASRlBz+KBLklwOG0YOx+klysxvgmcfNKm9yGUvp4dFuKOHSJmiRkrZYr1Jg35hPRHtUS7GXw4brjw3nUYPbeZYcaf4IF9swoxwcS4bJ/KvkTRlO4x6eyvhlTUs97x6uttBPwkTFFP7aAXd0cLsxIuq8sxM0BrJjHBoNXINLoqL+YeQ6VOLyANO/x6PF7crHDCyCZnfwl664/8Snp7zjskqnFdRgZdsEuJne2/hG4sXSeQQojD/HbQ6+5om/4099TLDoT0cleQ6oARJREXNae3N0Ox/u8FdwBrdExpnaj2oBFG7NtqoGp8HHvTKTMIU0wqwbELQdbuFVZgoLvaWE3BQowhfXPiqM7dQx3kL9IrYxYovQV6CehuHup+aCU1hlUXp0h/9KeBNcibLsegTjiAmLQ0vz1EPgYAAKKpyELRCU7cDBE+rUTfYeGbitf7al6h3oKDcMwS9SQqGvSBVtMkmCSEane+pVIGHBID9GgFPcE+Mc0vOzbEs40C73UO2zeORAdzvYvsYxutsDUeKkSM0BQSgZwVbbBGDOc1sTsTrmPSYocJ58pMlMV+A2Q4fwuP4CjSdR9UYE7UYSDlUzUHby2Q4WWCjNypfCDyJ8xvEgJ8L4vdF5zjbFuCNZlY1PtkfzXxjA1CbtoLiu1a6gV75221RH7AVcthu+YwgWzkvcLaHhRurxUDkvqwNTu0MA0VkbSGy37y/VwP49HjFY4L2Npx3b7f/1AHZorgfFhnaRexWs6eMRNfdPv1siXjhj8UqAGfN2s5pLtLpgeMBhQIGNsLcs9Q43TfcI3Sg72Kk60UCQb9L15TgwyLxkXVya+OhQ6Gq2nv/scJhrz57tdu/uIom5MB6diPoITeC7fw1hFr/9pV+L4F/7eBabGNMunmuqBAk8DZdylnPXlTAqfkSanl+mH5FaxLdfG1q61D7oRMcrxSsiBUtUFKYPwCmTsiGTsnealA2alA2ZlCVMiog93bO0SVnCpKvp9TQZpQ7xLZM6utikV9GhSR4iBYtMcrj/AVU48P0XHwAA" />\n<input type="hidden" name="lang" value="eng" />\n<input type="hidden" name="suite" value="cobalt" />\n<input type="hidden" name="reservedids" value="inst,lang,suite" />\n<input type="hidden" name="submitmode" value="" />\n<input type="hidden" name="submitname" value="" />\n<input type="hidden" name="allCountInsertComponent_13" id="allCountInsertComponent_13" value="100" />\n<input type="hidden" name="allAvailCountInsertComponent_13" id="allAvailCountInsertComponent_13" value="100" />\n</div>\r\n\t\t\t\t\t\r\n\t\t\t\t\t\r\n\t\t\t\t\t</form> \r\n\t                    </div>\r\n\t                \r\n\t                \r\n                \r\n                \r\n            </div><!--end mark-->\r\n    \r\n\r\n                                       </div>\r\n                            \r\n                            \r\n                                    <div id="allMaxItemsSection" class="allMaxItemsSection">\r\n                                        \r\n    \r\n\r\n    \r\n            \r\n                 \r\n                \r\n                    <!--link moved into dpBibHoldingStatement via initBibHoldingsToggle JS -->\r\n                    <span class="itemsSectionHeader" id="availHeaderWrapperAnyComponent_6">\r\n                           <a id="showMaxItemsLink2Component_6" class="maxItemsLink" href="/iii/encore/SearchResultsPage,searchResultsComponent.resultComponent.searchBrowseResultBibComponent.$BibHoldingsComponent.bibHoldingsAllMaxItems.showMaxItemsLink2Component.sdirect;jsessionid=5F4C8E89B7C5F964F02DBB6C904346CF?lang=eng&amp;sp=Sb2574946&amp;sp=F&amp;sp=Sallitemsmax-b2574946&amp;sp=F&amp;suite=cobalt" onclick="return tapestry.linkOnClick(this.href,\'showMaxItemsLink2Component_6\', false)">\r\n                               <a href="javascript:void(0);" onclick="toggleBibHoldingsPopup(this)">see all</a>\r\n                           </a>\r\n                    </span>\r\n                \r\n            \r\n            \r\n            <!--start mark -->\r\n             <h3 class="sectionHeader itemsHeader customHeader">Items</h3>\r\n            <div id="allitemsmax-b2574946">\r\n                \r\n\t                \r\n\t                    <div class="itemTableWrapper popUpContentWrapper">\r\n\t                        \r\n    \r\n\t\t<table class="itemTable" cellspacing="3">\r\n        \t<tr>\r\n\t        \t\r\n\t        \t\t<th>\r\n\t        \t\t\tLocation\r\n\t        \t\t</th>\r\n\t        \t\r\n\t        \t\t<th>\r\n\t        \t\t\tCall No.\r\n\t        \t\t</th>\r\n\t        \t\r\n\t        \t\t<th>\r\n\t        \t\t\tStatus\r\n\t        \t\t</th>\r\n\t        \t\r\n        \t</tr>\r\n            \r\n            \t<tr>\r\n            \t\t\r\n                        \r\n            \t\t\r\n                        \r\n                            <td>\r\n                                \r\n                                    \r\n                                    \r\n                                        \r\n                                            \r\n \r\n\t \r\n\t    \t\r\n\t\t\r\n\t\t\r\n\t\t\tEureka Hills\r\n\t\t\r\n    \r\n \r\n\r\n\r\n                                        \r\n                                        \r\n                                    \r\n            \t\t\t        \r\n\t            \t\t\t</td>\r\n            \t\t\t\r\n            \t\t\r\n                        \r\n                            <td>\r\n                                \r\n                                    \r\n                                    \r\n                                        \r\n                                        \r\n                                            \r\n                                                <a id="callNoBrowseDirectLinkComponent_14" href="/iii/encore/SearchResultsPage,searchResultsComponent.resultComponent.searchBrowseResultBibComponent.$BibHoldingsComponent.bibHoldingsAllMaxItems.itemTableComponent.callNoBrowseDirectLinkComponent.sdirect;jsessionid=5F4C8E89B7C5F964F02DBB6C904346CF?lang=eng&amp;sp=Si20277227&amp;sp=Sb2574946&amp;suite=cobalt" onclick="return tapestry.linkOnClick(this.href,\'callNoBrowseDirectLinkComponent_14\', false)">\r\n                                                    VIDEO GAME\r\n                                                </a>\r\n                                            \r\n                                            \r\n                                        \r\n                                    \r\n            \t\t\t        \r\n                                    \r\n                                         \r\n                                    \r\n                                    \r\n            \t\t\t        \r\n                                    \r\n                                         \r\n                                    \r\n                                    \r\n            \t\t\t        \r\n\t            \t\t\t</td>\r\n            \t\t\t\r\n            \t\t\r\n                        \r\n                            <td>\r\n                                \r\n                                    \r\n                                        IN LIBRARY\r\n                                    \r\n                                    \r\n            \t\t\t        \r\n\t            \t\t\t</td>\r\n            \t\t\t\r\n            \t\t\r\n            \t</tr>\r\n            \r\n        </table>\r\n    \r\n\r\n\t                        \r\n\t\t\t\t\t\t\t\r\n\t\t\t\t\t\t\t\t<a id="showAllItemsLinkComponent_14" class="showAllItemsLink customToggle" href="/iii/encore/SearchResultsPage,searchResultsComponent.resultComponent.searchBrowseResultBibComponent.$BibHoldingsComponent.bibHoldingsAllMaxItems.showAllItemsLinkComponent.sdirect;jsessionid=5F4C8E89B7C5F964F02DBB6C904346CF?lang=eng&amp;sp=Sb2574946&amp;sp=T&amp;sp=Sallitemsmax-b2574946&amp;sp=F&amp;suite=cobalt" onclick="return tapestry.linkOnClick(this.href,\'showAllItemsLinkComponent_14\', false)">\r\n\t\t\t\t\t\t\t\tShow remaining items</a>\r\n\t\t\t\t\t\t\t\r\n\t\t\t\t\t\t\t\r\n  \xe2\x80\x8b\t\t\t\t\t\t\t\r\n  \r\n\t\t\t\t\t<form method="post" action="/iii/encore/SearchResultsPage,searchResultsComponent.resultComponent.searchBrowseResultBibComponent.$BibHoldingsComponent.bibHoldingsAllMaxItems.countComponent.sdirect;jsessionid=5F4C8E89B7C5F964F02DBB6C904346CF" id="countComponent_14" style="display:none;">\n<div style="display:none;" id="countComponent_14hidden"><input type="hidden" name="formids" value="allCountInsertComponent_14,allAvailCountInsertComponent_14" />\n<input type="hidden" name="seedids" value="ZH4sIAAAAAAAAAI0Zy1IjOZKY2f2OuXD0RlAG4+FoDD3tCGgI2z27e+qQq2RbgUqqkaoM7Dftr+0/bOpRtlJS0Vyacr6U70yp//u/s7//5+zsb2e/nY00VQdW0vOLUUN25k8p60YKKlr7LVrCBFXwranWTArz1cA/O8mrZ+D4pyJNQ9U84NJ7ynkI2MjqHf0mmt4xRcsWBC4EqNCe0MVoS0AjKZaUE0MQcgq5KhVr2kfakiXdKqr3+GT5Ou90K+uvlFRULbYhtgwx0alGSfkyJ6p9YOIl1GaxPZ9MEHYmkDWL7Y+L8+JidM81Pb8qEOkjOA2clJ7WkFZJsZaS6xBcMd1w8v5ssU+NMV8vtmNkIznQ9Z7pFSWq3Ee6GAesgMAhjQbYBe7YGQdt9PemIi3NCLDoRW303maUeyBi1wFyRTlEUIIrTR7kHO5PK0vZifZB7pj4ua0hRQdes2w4JuBy608TF3cEEMkO/Cu2TNW3XJaIun73KtzRNjLX6+AcMlOUYAX21iifUevHhxDXysaehDkAuqQCmBIthGz/9XU5hq+/Oqqw0220vkhVh1AmNOTfZMTB3+av7lhL7YcjZ5RXD2RDeSpq1SoGTBcjUh2IKGl1ygfkANsEclSpSJsPq67eMJTHuoFaX3W7HdVxrR4IZ5Wt4HulpPoApb9gtGk78KW9J6Pu4bFzSN6dxI7cy5o+J3nbQ02BJt0CC4saBkIyavQManEcq+IqglaoYgvoO0oZqugom8OXH1jWizN6f0JgHLePjr1KA7ykuuNQBCKTmh4XImS7p2olO1VS/cgEqwnKQyrIhhtPnICTkXJiXKtAESLaHbGiLQ6BY5mb6k2baMiWC67L5zV9i4TqEzyRafhsz+lbN+aUqu37Xgz3LQzl8pWV98waJOeyj83qyGaCZzz2STJsbYZw/d74qTPO5AQSaJvAC0rrYWkh2ZaUtP1Dya4JjzhBF1WUTAemWWRj0QOxRYVv8T+uz4vr/ntqvo0/12Q357KrolRhu327YhW1rfcbqWkcC2/XEhGGbgyTGmchrCJ9f8QoDYnP798aIqpeLVQHCBP5oyU7/SBJBb16cFFQ2bL0UGTf5bFYTpBTFdwq+aqpK5dnJXeK1DjX8qS3bBOR5UiwEiJaBHrFlrSUqvrHZjy5/n18c2PGk90A/SYSItxYXwXNxztIh2KJeE/WT2dIePwUjoeRq6PN7nIEPoWkgCay6jY1Fd3SkZlk11h/8DPseFPD8aOA30w/HaiqFDvQO/kqOMQQMzA9e2P68voiBi9PqmRLPcADcEdh92Zl+stOYwzyDjJA2Up//Kxp8luRiYmJxsxFYG6bAMIeGH3V92kbvzwuuE/g+GhDPyE/xxmmdRB+Ctq3eiFuPT2WEmPjZkiqai1vs+t8gCyJX3JRaYH0mjCeAGIxFphjt/MDiOOpc2mmezYQVtSqJW2nTzHU9nfkPbZxJRQX1/ZVqhcNTUim9kI1fpMtdchY0UepqM+ANCPrEzJnKDgSftadYO079Lf4XN+nYZDu0j4DA3YHuSGGMXFMeXoNAI/Cwt7SUAu9AC/32o5D2ooRkDGDdfN1KGzrPay3wsQ1UWvNWg4s1dIEK+1vAyTjtN7u/B0KLEHYcM9KJUVTYeDA2Gf2LldVzISQcHtf0Llm7k4FStsEMHn25JnX8QNhXbuXsZNCfJ6kphCm78uHDDS3gmCZz92GM71PYoNJ/g0/f07w4UH3zqXDUnqCREoJfxSJ8ssD4+jBWP0qudkN8MzjZpU3uYylnODJbijh0iZolZN2v3zMgUNjvhIdUC3EVg4brr90nCcNbhNYsqflC1xs44zycCwZJvOfknd1PI1P8FzGL1pa63n/cLWGfhInKqYI1w64o4PbjRFJ550doDGQDePQaOAaXBOV9A8j16MylweY/ic8WtymIWZgETS7Q7h0pf0nPT3nHZ9VOq+gBitdE+Bmeq/TG0kQS+8RoDD+HLscPOZJuONPQky06E9GNXmLqAGSUBFzmrs5+p0Pd/gpnMEtkXGmDqNaAYVfs62q0Wnw8aTMJMwhjTDrBgR1wy2+ykxgobeUkJsCRfj6MkTFsb2aOuwd1C/e6IuQLUFPbyBiMNzD1LznFFZZlB794X8S3kVXomI8HcE4YsLi0NJ8EyBwMAAFFU6SFlgcwdET6sRP9hMyctvp2ZaqT6CT3DAEf0gJhf5ImmSTyRIkMnrdc68CGQsG+aOiK/onxjmk5zfpSjjSrgxQ7lk8caC/HayPcUzu9kCUOSlRc0AQSkaw1TYBmPPc1kSqjnmPiQqcZx9piiuDshk6hMf1F2l8lVRvQuA2kniomoGykW92sMBCaVa+HH4QETKOBzkRJuyN3nO2KaYdyapsfLLem//CACaXtIPi+lb7CL3y2G1zHTFsiHbD9wzRwhl1S2i4iXo8Vm7Y1P6QwNpIotu+vzcD+/d4xGCBDzYeN7bd//UAdmiu41wYo13kSUVr+nhEzf0z7JaIF864PxJgxtJtVnOJVhcMjzgMKLIR9paF3ghM6B6hO2UHO1UHGgkKTbq5HkcGmZesybWJj46FPs6W8989DnNt2Zvd7v1dJDMXxqMDUV+gCfz6iyEs0re//GsR/Gsfz1ITU9r7t5YqQSJPw6Wcldx3JYxKH5GuLq7zj0gO8fPXBkeX2we96HSlOCJysExFYfoInDOpGDKp+KRJxaBJxZBJRcakhDjQvcibVGRMml7dXGWj1CN+ZlJPl5p0FB2bFCBysMSkmB6D/w+CsWaWLh8AAA==" />\n<input type="hidden" name="lang" value="eng" />\n<input type="hidden" name="suite" value="cobalt" />\n<input type="hidden" name="reservedids" value="inst,lang,suite" />\n<input type="hidden" name="submitmode" value="" />\n<input type="hidden" name="submitname" value="" />\n<input type="hidden" name="allCountInsertComponent_14" id="allCountInsertComponent_14" value="100" />\n<input type="hidden" name="allAvailCountInsertComponent_14" id="allAvailCountInsertComponent_14" value="100" />\n</div>\r\n\t\t\t\t\t\r\n\t\t\t\t\t\r\n\t\t\t\t\t</form> \r\n\t                    </div>\r\n\t                \r\n\t                \r\n                \r\n                \r\n            </div><!--end mark-->\r\n    \r\n\r\n                                    </div>\r\n                            \r\n                            \r\n                            <div id ="showMoreLessLinkContainer">&nbsp;</div>\r\n                            \r\n                            <img alt="Drop Up Shadow" src="resources/gold/images/dropShadowUpArrow.png" class="dropShadowUpArrow" id="dialogUpArrowImageAnyComponent_2"></img>\r\n                        </div>\r\n                    </div>\r\n                    \r\n               \r\n               \r\n    \t\r\n    \t<!-- Order info -->\r\n        \r\n   \r\n\r\n\r\n                    \r\n                    \n    \n     \n\r\n                    \r\n\t\r\n\t\t<span title="ctx_ver=Z39.88-2004&amp;rft_val_fmt=info%3Aofi%2Ffmt%3Akev%3Amtx%3Abook&amp;rfr_id=info%3Asid%2Fiii.com%3Aencore&amp;rft.btitle=Nintendo+Switch+%3A+Blazblue+cross+tag+battle.&amp;rft.isbn=&amp;rft.date=&amp;rft_id=http%3A%2F%2Fencore.slcl.org%2Fiii%2Fencore%2Frecord%2FC__Rb2574946__SNintendo%2520Switch__P0%252C3__Orightresult__X3%3Bjsessionid%3D5F4C8E89B7C5F964F02DBB6C904346CF%3Flang%3Deng%26suite%3Dcobalt" class="Z3988" id="coinsAnyComponent_2"></span>\r\n\t\r\n\r\n                    <!-- ratingReviewsSummaryComponent -->\r\n                    \r\n                    <div class="addtlInfo">\r\n                       \r\n                       \r\n                       \r\n   \r\n\r\n                    </div>\r\n                </div>\r\n            </div>\r\n            <div class="bibLocations">\r\n                \r\n                \r\n            </div>\r\n        </div>\r\n    \r\n\r\n\t\r\n\r\n\t<!-- Browse Result Resource -->\r\n\t\r\n\r\n\t<!-- Browse Result External -->\r\n\t\r\n\r\n               \r\n           \r\n               \r\n\t<!-- Browse Result Program -->\r\n\t\r\n\r\n\t<!-- Browse Result Bib -->\r\n\t\r\n\t\t \r\n    \r\n        <div id="resultRecord-b2574944" class="gridBrowseContent2 searchResult">\r\n            <div class="gridBrowseCol1">\r\n                <div id="actionsUpdate-b2574944">\r\n                  \r\n    <span id="anyWrapperComponent_3">\r\n        \r\n    </span>\r\n\r\n                  <div class="citationButtons">\r\n                     \n    <div class="requestLink" id="Any_4">\n        \n\n        \n            <div class="Request" id="Any_1_3"> \n                        \t         \n            \t \n                \n                \n                \n                \t\n    \n    \n \n       \n        \n        \n            \n                <div class="requestButton">\n                   <a id="genericLink_3" class="button secondaryAction" href="https://encore.slcl.org/iii/encore/search;jsessionid=5F4C8E89B7C5F964F02DBB6C904346CF/Sdologin?lang=eng&amp;target=Nintendo%20Switch&amp;loginReason=doRequest&amp;actionRecordId=b2574944">\n                       <img alt="Direct Link" src="resources/gold/images/hold.png" id="genericLinkImage_3"></img>Request it\n                   </a>\n                </div>   \n            \n            \n        \n    \n\n                \n                \n                  <!--     popup -->\n                 \n        \t <!--    popup -->\n                \n            </div>\n        \n    </div>\n\r\n                  </div>\r\n                  \r\n<div class="addtlActions">\r\n\t\t<p>Additional actions:</p>\r\n    <ul class="inline-list initialActions">\r\n        \r\n        <li>\r\n    \r\n        <span id="bookCartOperationAnyComponentb2574944">\r\n            \r\n            \r\n\t\t\t\t\t<a id="addToBookCartLinkComponent_3" onMouseup="renewSession()" href="/iii/encore/SearchResultsPage,searchResultsComponent.resultComponent.searchBrowseResultBibComponent.recordActionsComponent.bookCartOperationComponent.addToBookCartLinkComponent.sdirect;jsessionid=5F4C8E89B7C5F964F02DBB6C904346CF?lang=eng&amp;sp=Sb2574944&amp;suite=cobalt" onclick="return tapestry.linkOnClick(this.href,\'addToBookCartLinkComponent_3\', false)">\r\n\t\t\t\t\t\t<img alt="Book Cart" width="22" title="Add to cart" src="resources/gold/images/bookcart.png" class="actionIcon" height="20" id="addToBookcartImageAnyComponent_3"></img>\r\n\t\t\t\t    </a>\r\n            \r\n        </span>\r\n    \r\n</li>\r\n        <li>\r\n    <a id="emailLinkComponent_3" onMouseup="renewSession()" class="toolbarItem popInDialogTrigger" href="/iii/encore/SearchResultsPage,searchResultsComponent.resultComponent.searchBrowseResultBibComponent.recordActionsComponent.emailComponent.emailLinkComponent.sdirect;jsessionid=5F4C8E89B7C5F964F02DBB6C904346CF?lang=eng&amp;sp=Sb2574944&amp;suite=cobalt" onclick="return tapestry.linkOnClick(this.href,\'emailLinkComponent_3\', false)">\r\n        <img alt="Email" width="19" title="Email" src="resources/gold/images/email.png" class="actionIcon" height="13" id="emailImageAnyComponent_3"></img>\r\n        \r\n    </a>\r\n    <!--confirmation dialog-->\r\n    \r\n    <div id="emailMessageContainer">\r\n        <div id="sentStatus">\r\n            <div id="emailStatusMessage">\r\n                \r\n            </div>\r\n        </div>\r\n    </div>\r\n</li>\r\n        \r\n             <li>\r\n\t\r\n</li>\r\n             <li>\r\n    \r\n</li>\r\n        \r\n        \r\n            <li><a href="javascript:void(0);" class="popUpTrigger moreActionsLink" onclick="toggleBibHoldingsPopup(this, false, \'moreActionsWrapper\',\'gridBrowseCol1\')">\r\n            <img width="13" alt="more actions" title="More actions" src="resources/gold/images/more.png" class="actionIcon" height="13" id="moreActionsImageAnyComponent_3"></img></a></li>\r\n        \r\n    </ul>\r\n   <div class="moreActionsWrapper popUpWrapper">\r\n       <a class="closeLink" onclick="toggleBibHoldingsPopup(this, true, \'moreActionsWrapper\',\'gridBrowseCol1\')" href="javascript:void(0);">\r\n           close\r\n       </a>\r\n       <h3 class="moreActionsHeader">more</h3>\r\n        <ul class="inline-list moreActions">\r\n            <li>\r\n    \r\n\t    \r\n\t    \r\n\t        <a id="loginLinkComponent_3" href="https://encore.slcl.org/iii/encore/search;jsessionid=5F4C8E89B7C5F964F02DBB6C904346CF/Sdologin?lang=eng&amp;target=Nintendo%20Switch&amp;loginReason=doTag&amp;actionRecordId=b2574944">\r\n\t           <img width="20" title="Add a Tag" src="resources/gold/images/tag.png" class="actionIcon" height="19" id="createCommunityTagsIconImageAny2Component_3"></img>\r\n\t        </a>\r\n\t    \r\n    \r\n</li>\r\n            \r\n            \r\n        </ul>\r\n       <img src="resources/gold/images/dropShadowArrow.png" class="dropShadowArrow" id="dialogArrowImageAnyComponent_3"></img>\r\n    </div>\r\n</div>\t \r\n\r\n                </div>\r\n            </div>\r\n            <div class="gridBrowseCol2">\r\n                \r\n                    <!--title-->\r\n                <div class="dpBibTitle">\r\n                    <!-- please read c1063106, c1063117, c1044421, c1060576a before changing title -->\r\n                    \r\n                        \r\n                            <span class="title">\r\n                                <a id="recordDisplayLink2Component_3" href="/iii/encore/record/C__Rb2574944__SNintendo%20Switch__P0%2C4__Orightresult__X3;jsessionid=5F4C8E89B7C5F964F02DBB6C904346CF?lang=eng&amp;suite=cobalt">\r\n                                    Nintendo Switch : Max : the curse of brotherhood.\r\n                                </a>\r\n                            </span>\r\n                        \r\n                        \r\n                        \r\n                            <span class="title">\r\n                                <span class="additionalFields customSecondaryText">\r\n                                    \r\n                                </span>\r\n                            </span>\r\n                        \r\n                    \r\n\r\n                    \r\n                    <div class="dpBibAuthor">\r\n                        \r\n                        \r\n                    </div>\r\n                    <!-- MARC 962 Media -->\r\n                    <div class="recordDetailValue">\r\n                        \r\n                        <span class="itemMediaDescription" id="mediaTypeInsertComponent_3">ELECTRONIC RES</span>\r\n                        \r\n                        \r\n                                <span class="pipeDivider">|</span>\r\n                                <span class="itemMediaYear" id="searchResultPubYearInsertComponent_3"></span>\r\n                            \r\n                        \r\n                              <span class="pipeDivider">|</span>\r\n                              <span class="itemEdition" id="searchResultEditionInsertComponent_3">Nintendo Switch ed.</span>\r\n                           \r\n                    </div>\r\n                    \r\n                    \r\n                        <!-- bibHoldingsComponentAvailableOnlyOrAllItems -->\r\n                        \r\n    <!--start item info-->\r\n    \r\n    \r\n        <!-- over threshold holdings info -->\r\n        \r\n\t\r\n\r\n    \t<!--ERM-->\r\n        \r\n    \r\n    <!-- Dialog content -->\r\n    \r\n\r\n        <!-- checkin info -->\r\n        \r\n\t\r\n\r\n        <!-- Volume info -->\r\n        \r\n        <!-- Item info -->\r\n        \r\n                \r\n                  <!--This ItemsContainer elem does not get rendered into a toggle on the record page - only the browse -->\r\n                  <div id="ItemsContainer-b2574944" class="ItemsContainer">\r\n                        \r\n                           \r\n    \r\n        <div class="availabilitySummaryArea">\r\n            \r\n                <div class="dpBibHoldingStatement">\r\n                    <span class="availabilityMessage">\r\n                        <span class="itemsAvailable">Available</span> at Eureka Hills (<span class="availCallNumber">VIDEO GAME</span>) plus 8 more\r\n                    </span>\r\n                    \r\n                        <span class="itemsContainerPopUpTrigger"></span>\r\n                    \r\n                </div>\r\n            \r\n        </div>\r\n    \r\n    \r\n    \r\n\r\n                        \r\n                        <div class="content bibHoldingsWrapper popUpWrapper">\r\n                            <a href="javascript:void(0);" onclick="toggleBibHoldingsPopup(this, true)" class="closeLink">close</a>\r\n                            <!-- available-->\r\n                              \r\n                                  <div id="availableItemsSection" class="availableItemsSection">\r\n                                      \r\n    \r\n\r\n    \r\n            \r\n            \r\n                    <!--link moved into dpBibHoldingStatement via initBibHoldingsToggle JS -->\r\n                    <span class="itemsAvailHeader itemsSectionHeader" id="availHeaderWrapperAny2Component_7"><a href="javascript:void(0);" onclick="toggleBibHoldingsPopup(this)">see all</a></span>\r\n            \r\n            <!--start mark -->\r\n             <h3 class="sectionHeader itemsHeader customHeader">Items</h3>\r\n            <div id="allavailitems-b2574944">\r\n                \r\n\t                \r\n\t                    <div class="itemTableWrapper popUpContentWrapper">\r\n\t                        \r\n    \r\n\t\t<table class="itemTable" cellspacing="3">\r\n        \t<tr>\r\n\t        \t\r\n\t        \t\t<th>\r\n\t        \t\t\tLocation\r\n\t        \t\t</th>\r\n\t        \t\r\n\t        \t\t<th>\r\n\t        \t\t\tCall No.\r\n\t        \t\t</th>\r\n\t        \t\r\n\t        \t\t<th>\r\n\t        \t\t\tStatus\r\n\t        \t\t</th>\r\n\t        \t\r\n        \t</tr>\r\n            \r\n            \t<tr>\r\n            \t\t\r\n                        \r\n            \t\t\r\n                        \r\n                            <td>\r\n                                \r\n                                    \r\n                                    \r\n                                        \r\n                                            \r\n \r\n\t \r\n\t    \t\r\n\t\t\r\n\t\t\r\n\t\t\tEureka Hills\r\n\t\t\r\n    \r\n \r\n\r\n\r\n                                        \r\n                                        \r\n                                    \r\n            \t\t\t        \r\n\t            \t\t\t</td>\r\n            \t\t\t\r\n            \t\t\r\n                        \r\n                            <td>\r\n                                \r\n                                    \r\n                                    \r\n                                        \r\n                                        \r\n                                            \r\n                                                <a id="callNoBrowseDirectLinkComponent_15" href="/iii/encore/SearchResultsPage,searchResultsComponent.resultComponent.searchBrowseResultBibComponent.$BibHoldingsComponent.bibHoldingsAvailableItems2.itemTableComponent.callNoBrowseDirectLinkComponent.sdirect;jsessionid=5F4C8E89B7C5F964F02DBB6C904346CF?lang=eng&amp;sp=Si20277210&amp;sp=Sb2574944&amp;suite=cobalt" onclick="return tapestry.linkOnClick(this.href,\'callNoBrowseDirectLinkComponent_15\', false)">\r\n                                                    VIDEO GAME\r\n                                                </a>\r\n                                            \r\n                                            \r\n                                        \r\n                                    \r\n            \t\t\t        \r\n                                    \r\n                                         \r\n                                    \r\n                                    \r\n            \t\t\t        \r\n                                    \r\n                                         \r\n                                    \r\n                                    \r\n            \t\t\t        \r\n\t            \t\t\t</td>\r\n            \t\t\t\r\n            \t\t\r\n                        \r\n                            <td>\r\n                                \r\n                                    \r\n                                        IN LIBRARY\r\n                                    \r\n                                    \r\n            \t\t\t        \r\n\t            \t\t\t</td>\r\n            \t\t\t\r\n            \t\t\r\n            \t</tr>\r\n            \r\n        </table>\r\n    \r\n\r\n\t                        \r\n\t\t\t\t\t\t\t\r\n\t\t\t\t\t\t\t\t<a id="showAllItemsLinkComponent_15" class="showAllItemsLink customToggle" href="/iii/encore/SearchResultsPage,searchResultsComponent.resultComponent.searchBrowseResultBibComponent.$BibHoldingsComponent.bibHoldingsAvailableItems2.showAllItemsLinkComponent.sdirect;jsessionid=5F4C8E89B7C5F964F02DBB6C904346CF?lang=eng&amp;sp=Sb2574944&amp;sp=T&amp;sp=Sallavailitems-b2574944&amp;sp=F&amp;suite=cobalt" onclick="return tapestry.linkOnClick(this.href,\'showAllItemsLinkComponent_15\', false)">\r\n\t\t\t\t\t\t\t\tShow remaining items</a>\r\n\t\t\t\t\t\t\t\r\n\t\t\t\t\t\t\t\r\n  \xe2\x80\x8b\t\t\t\t\t\t\t\r\n  \r\n\t\t\t\t\t<form method="post" action="/iii/encore/SearchResultsPage,searchResultsComponent.resultComponent.searchBrowseResultBibComponent.$BibHoldingsComponent.bibHoldingsAvailableItems2.countComponent.sdirect;jsessionid=5F4C8E89B7C5F964F02DBB6C904346CF" id="countComponent_15" style="display:none;">\n<div style="display:none;" id="countComponent_15hidden"><input type="hidden" name="formids" value="allCountInsertComponent_15,allAvailCountInsertComponent_15" />\n<input type="hidden" name="seedids" value="ZH4sIAAAAAAAAAI0ZS24ju3GAJOfIxksFsD6W7aUsa94IsMaGpHlJVgOqm5IIs8kO2S3b7wxBTpKr5Q4pftpikWyPN+NW/Vj/KnL++78vf/njy5c/f/nrvweaqhMr6MXloCYH86eQVS0FFY39Fg1hgir41lRrJoX5quGfg+TlE3D8XZG6pmoecOkj5TwE7GT5hn4TTe+ZokUDApcCVGjO6OFgT0AjKdaUE0MQcgq5KRSrmxVtyJruFdVHfLJ8mbe6kdU3SkqqlvsQW4SY6FSjpHyeE9U8MPEcarPcX0yHCDsTyJrl/uflxXA0WHBNLyZXiHQFTgMnpafVpFFSbKXkOgSXTNecvD1Z7GNtzNfL/QjZSE50e2R6Q4kqjpEuxgEbIHBIowF2gTt2xkEb/aMuSUMzAix6WRm99xnlHog4tIDcUA4RlOBKkwc5h/vTikK2onmQByZ+bWtI0YLXLBuOCbjc+vNi2h0BRLIF/4o9U9UdlwWirt68Cve0icz1OjiHzBQlWIGjNcpn1Hb1EOIaWduTMAdA11QAU6KFkM0/vq1H8PWvlirsdButr1JVIZQJDfk3HXDwt/mrW9ZQ++HIGeXlA9lRnoraNIoB0+WAlCciClqe8wE5wDaBHFUq0ubDpq12DOWxrqHWN+3hQHVcqyfCWWkreKGUVB+g9FeMNm0HvrT3ZNQ9PHYOyXuQ2JFHWdGnJG87qCnQpFtgYVHDQEhGjZ5BLY5iVVxF0BJV7BD6jlKGKjrK5vD4A8s6cUbvTwiM4/bRsZM0wGuqWw5FIDKp6XEhQjZHqjayVQXVKyZYRVAeUkF23HjiDJwOlBPjWgWKENHuiA1tcAgcy9xUb9pEQ7ZccF0+b+lrJFSf4YlMw2d7Tte6MadUTdf3YrhvYSiXJ1beE6uRnHEXm807mwme8dgnybC1GcLtW+2nziiTE0igbQLPKK37pYVke1LQ5jcl2zo84gxdllEynZhmkY3DDogtGvoW/3N6Mbzuvq/Nt/HnlhzmXLZllCrscGw2rKS29X4nFY1j4e1aI8LQjWFS4yyEVaTrjxilIfH54rUmouzUQnWAMJE/GnLQD5KU0Kt7FwWVLUsPjezrigVnn9P6TskXTV25PCl5UKQK3ddHesd2EVmOBCshokWgU2xNC6nKv+1GV9Ob0e2tGU92A/SbSIhwY30TNB/vIB2KJeItWT+dIeHxt3A8jFwdbXaTAfj04so0kU27q6ho147MJLvG+oOfYce7NRw/h/Cb6ccTVaViJ3ovXwSHGGIGpmevTI+nlzF4fVYFo7rcPOMBeKCwe7Mi/WWnMQZ5BxmgbKQ/flbX+a3IxMREY+YiMLdNAGFPjL7oRdrGJ+8L7iM4PtrQz8jPcYZpHYSfgvaNXoo7T4+lxFjcOiAtynIr77LrfIAsiF9yUWmB9IowngBiMRaYY7fzA4jjqTMx0z0bCCtq05Cm1ecYavs78h7buRKKi2v/ItWzhiYkU3uhGr/LhjpkrOhKKuozIM3I6ozMGQqOhJ9VK1jzBv0tPtf3aRikh7TPwIA9QG6IfkwcU55eA8CjsLA3NNRCL8HLnbajkLZkBGTMYN186Qvb9gjrrTBxTdTasoYDS7k2wUr7Ww/JKK23e3+HAksQNtyzUknRVOg5MPaZvcuVJTMhJNzeF3SumbtTgdI2AUyePXnmdfxAWNscZeykEJ8nqSiE6cf6IQPNrSBY5lO740wfk9hgkn/Cz18TfHjQwrm0X0pHkEgp4I8iUX55YBw9GKvfJDe7AZ553KzyJpexlDM8FlRIuLQJWuakLdarHDg05hvRAdVS7GW/4fpry3nS4HaBJUdaPMPFNs4oD8eSYTL/LnlbxdP4DM9l/LKhlZ53D1db6CdxomKKcO2AOzq43RiRdN7ZCRoD2TEOjQauwRVRSf8wcj0qc3mA6X/Go8XtNsT0LIJmdwiXrrT/pKfnvOOzSucV1GClawLcTO9tfCNBsfQeAQrjz5HLwfc8CXf8aYiJFv3poCKvETVAEipiTnM3R7/z4Q5/A2dwS2ScqcOolkDh12yranQafDwqMwlzSCPMugFB3XCLrzJTWOgtJeSmQBGeXoeoOLZXlw57D/WL2MbjkC1B35iIwXAPU3PBKayyKD26w38nvI2uRMPx1QDGERMWFzKB7DMCB+PGTOOCxC0QlO3A0RPq1E/2MzJy2/nZlqpPoJPcMAS/SQmFviJ1sslkCRIZne65V4GMBb380c183D0xziE9v0tXwpF2RYByz+KJA/3tYPsex+RuD0SZkxI1ewShZARbbROAOc9tTaTqmPeYqMB59pFmeGVQNkP78Lj+Io2vkupNCNxGgjr2eFCYgbKTr3awwEJpVr4cvhcRMo56OREm7I3ecwAF85OOZFU2PtkezX9hAJNL2l5xXatdQa903Xac74hnAe6ppGOIFs5r3C2h4Sbq8Vi5flO7QwJrI4lu+/5R9+zf4wGDBT7YeNzYdv/XA9i+uR4/g4W7yKOK1vTxgJr7Z9gtES+csXgniLLJbVZziVYXDI84DCiyEfaWpd7hpukfoVtlBztVJxoJCk26nY4ig8xL1tXUxEfHQlez9fzG4zDXnr3a7d7fRTJzYTw4EfUVmsCf/mMIh3HVjntei+Bf+3iWmpjSLl4bqgSJPA2XclZw35UwKn1EmlxO849IDvHr1wZHl9sHveh0pXhH5GCZisL0EThn0rDPpOEnTRr2mjTsM2mYMSkhDnQf5k0aZky6ntxOslHqEL8yqaNLTXoXHZsUIHKwxKSYPgLnTJr0mTT5pEmTXpMmfSYB4v8933QYuh8AAA==" />\n<input type="hidden" name="lang" value="eng" />\n<input type="hidden" name="suite" value="cobalt" />\n<input type="hidden" name="reservedids" value="inst,lang,suite" />\n<input type="hidden" name="submitmode" value="" />\n<input type="hidden" name="submitname" value="" />\n<input type="hidden" name="allCountInsertComponent_15" id="allCountInsertComponent_15" value="100" />\n<input type="hidden" name="allAvailCountInsertComponent_15" id="allAvailCountInsertComponent_15" value="100" />\n</div>\r\n\t\t\t\t\t\r\n\t\t\t\t\t\r\n\t\t\t\t\t</form> \r\n\t                    </div>\r\n\t                \r\n\t                \r\n                \r\n                \r\n            </div><!--end mark-->\r\n    \r\n\r\n                                  </div>\r\n                              \r\n                             <!--all -->\r\n                              \r\n                                   <a href="javascript:void(0);" onclick="showHideItemsToggle(this)" class="showAllToggleLink availCheckboxLink"><img width="15" src="resources/gold/images/checkbox_checked.png" class="availCheckbox" height="13" id="checkboxCheckedImageComponent_3"></img>only show available</a>\r\n                                   <a href="javascript:void(0);" onclick="showHideItemsToggle(this)" class="showAvailableToggleLink availCheckboxLink"><img width="15" src="resources/gold/images/checkbox.png" class="availCheckbox" height="13" id="checkboxImageComponent_3"></img>only show available</a>\r\n                                   <a href="javascript:void(0);" onclick="showHideItemsToggle(this)" class="showAllMaxToggleLink availCheckboxLink"><img width="15" src="resources/gold/images/checkbox_checked.png" class="availCheckbox" height="13" id="checkboxCheckedImage2Component_3"></img>only show available</a>\r\n                                   <a href="javascript:void(0);" onclick="showHideItemsToggle(this)" class="showAvailableMaxToggleLink availCheckboxLink"><img width="15" src="resources/gold/images/checkbox.png" class="availCheckbox" height="13" id="checkboxImage2Component_3"></img>only show available</a>\r\n                                    \r\n                                    <div id="allItemsSection" class="allItemsSection">\r\n                                       \r\n    \r\n\r\n    \r\n            \r\n            \r\n                    <!--link moved into dpBibHoldingStatement via initBibHoldingsToggle JS -->\r\n                    <span class="itemsSectionHeader" id="availHeaderWrapperAny2Component_8"><a href="javascript:void(0);" onclick="toggleBibHoldingsPopup(this)">see all</a></span>\r\n            \r\n            <!--start mark -->\r\n             <h3 class="sectionHeader itemsHeader customHeader">Items</h3>\r\n            <div id="allitems-b2574944">\r\n                \r\n\t                \r\n\t                    <div class="itemTableWrapper popUpContentWrapper">\r\n\t                        \r\n    \r\n\t\t<table class="itemTable" cellspacing="3">\r\n        \t<tr>\r\n\t        \t\r\n\t        \t\t<th>\r\n\t        \t\t\tLocation\r\n\t        \t\t</th>\r\n\t        \t\r\n\t        \t\t<th>\r\n\t        \t\t\tCall No.\r\n\t        \t\t</th>\r\n\t        \t\r\n\t        \t\t<th>\r\n\t        \t\t\tStatus\r\n\t        \t\t</th>\r\n\t        \t\r\n        \t</tr>\r\n            \r\n            \t<tr>\r\n            \t\t\r\n                        \r\n            \t\t\r\n                        \r\n                            <td>\r\n                                \r\n                                    \r\n                                    \r\n                                        \r\n                                            \r\n \r\n\t \r\n\t    \t\r\n\t\t\r\n\t\t\r\n\t\t\tEureka Hills\r\n\t\t\r\n    \r\n \r\n\r\n\r\n                                        \r\n                                        \r\n                                    \r\n            \t\t\t        \r\n\t            \t\t\t</td>\r\n            \t\t\t\r\n            \t\t\r\n                        \r\n                            <td>\r\n                                \r\n                                    \r\n                                    \r\n                                        \r\n                                        \r\n                                            \r\n                                                <a id="callNoBrowseDirectLinkComponent_16" href="/iii/encore/SearchResultsPage,searchResultsComponent.resultComponent.searchBrowseResultBibComponent.$BibHoldingsComponent.bibHoldingsAllItems.itemTableComponent.callNoBrowseDirectLinkComponent.sdirect;jsessionid=5F4C8E89B7C5F964F02DBB6C904346CF?lang=eng&amp;sp=Si20277210&amp;sp=Sb2574944&amp;suite=cobalt" onclick="return tapestry.linkOnClick(this.href,\'callNoBrowseDirectLinkComponent_16\', false)">\r\n                                                    VIDEO GAME\r\n                                                </a>\r\n                                            \r\n                                            \r\n                                        \r\n                                    \r\n            \t\t\t        \r\n                                    \r\n                                         \r\n                                    \r\n                                    \r\n            \t\t\t        \r\n                                    \r\n                                         \r\n                                    \r\n                                    \r\n            \t\t\t        \r\n\t            \t\t\t</td>\r\n            \t\t\t\r\n            \t\t\r\n                        \r\n                            <td>\r\n                                \r\n                                    \r\n                                        IN LIBRARY\r\n                                    \r\n                                    \r\n            \t\t\t        \r\n\t            \t\t\t</td>\r\n            \t\t\t\r\n            \t\t\r\n            \t</tr>\r\n            \r\n        </table>\r\n    \r\n\r\n\t                        \r\n\t\t\t\t\t\t\t\r\n\t\t\t\t\t\t\t\t<a id="showAllItemsLinkComponent_16" class="showAllItemsLink customToggle" href="/iii/encore/SearchResultsPage,searchResultsComponent.resultComponent.searchBrowseResultBibComponent.$BibHoldingsComponent.bibHoldingsAllItems.showAllItemsLinkComponent.sdirect;jsessionid=5F4C8E89B7C5F964F02DBB6C904346CF?lang=eng&amp;sp=Sb2574944&amp;sp=T&amp;sp=Sallitems-b2574944&amp;sp=F&amp;suite=cobalt" onclick="return tapestry.linkOnClick(this.href,\'showAllItemsLinkComponent_16\', false)">\r\n\t\t\t\t\t\t\t\tShow remaining items</a>\r\n\t\t\t\t\t\t\t\r\n\t\t\t\t\t\t\t\r\n  \xe2\x80\x8b\t\t\t\t\t\t\t\r\n  \r\n\t\t\t\t\t<form method="post" action="/iii/encore/SearchResultsPage,searchResultsComponent.resultComponent.searchBrowseResultBibComponent.$BibHoldingsComponent.bibHoldingsAllItems.countComponent.sdirect;jsessionid=5F4C8E89B7C5F964F02DBB6C904346CF" id="countComponent_16" style="display:none;">\n<div style="display:none;" id="countComponent_16hidden"><input type="hidden" name="formids" value="allCountInsertComponent_16,allAvailCountInsertComponent_16" />\n<input type="hidden" name="seedids" value="ZH4sIAAAAAAAAAI0Zy3IbudFVm3zHXnRkqsSHSOtIUfSaVZKlIulNcnKBMyCJEgaYADOUtF+ztef8Wv4hjceIaAAj62IN+4V+dwP+7/8+/f2PT5/+9unXPweaqhMr6MXloCYH86eQVS0FFY39Fg1hgir41lRrJoX5quGfg+TlI3D8U5G6pmoRcOkj5TwE7GT5in4TTW+ZokUDAlcCVGjO6OFgT0AjKdaUE0MQcgq5KRSrm3vakDXdK6qP+GT5vGh1I6uvlJRUrfYhtggx0alGSfm0IKq5Y+Ip1Ga1v5iOEHYukDWr/Y/Li+FosOSaXkymiPQenAZOSk+rSaOk2ErJdQguma45eX202IfamK9X+xGykZzo9sj0hhJVHCNdjAM2QOCQRgPsAnfsnIM2+ntdkoZmBFj0qjJ67zPK3RFxaAG5oRwiKMGVJg9yDvenFYVsRXMnD0z83NaQogWvWTYcE3C59efF9MofAUSyBf+KPVPVDZcFoq5evQq3tInM9To4h8wVJViBozXKZ9T2/i7ENbK2J2EOgK6pAKZECyGbf31dj+DrPy1V2Ok2Wl+kqkIoExrybzbg4G/zV7esofbDkTPKyzuyozwVtWkUA6bLASlPRBS0POcDcoBtAjmqVKTNh01b7RjKY11DrW/aw4HquFZPhLPSVvBSKaneQekvGG3aDnxp78moe3jsApL3ILEjj7Kij0nedlBToEm3wMKihoGQjBo9g1ocxaq4iqAlqtgh9B2lDFV0lM3h8TuWdeKM3h8QGMftvWMnaYDXVLccikBkUtPjQoRsjlRtZKsKqu+ZYBVBeUgF2XHjiTNwOlBOjGsVKEJEuyM2tMEhcCwLU71pEw3ZcsF1+bylL5FQfYYnMg2f7Tld68acUjVd34vhvoWhXJ5YeY+sRnLGXWw2b2wmeMZjHyTD1mYIt6+1nzqjTE4ggbYJPKG07pcWku1JQZvflGzr8IgzdFVGyXRimkU2DjsgtmjoW/yP6cXwc/c9M9/Gn1tyWHDZllGqsMOx2bCS2tb7jVQ0joW3a40IQzeGSY2zEFaRrj9ilIbE58uXmoiyUwvVAcJE/mjIQd9JUkKv7l0UVLYsPTSyrysWnH1O6xslnzV15fKo5EGRKnRfH+kN20VkORKshIgWgU6xNS2kKv+xG11NP4+ur814shug30RChBvrm6D5eAfpUCwRr8n66QwJj7+G42Hk6mizmwzApxdXpols2l1FRbt2ZCbZNdYf/Aw73rXh+DGE30w/nKgqFTvRW/ksOMQQMzA9f2F6PL2MweuzKhjV5eYZD8ADhd2bFekvO40xyDvIAGUj/fHzus5vRSYmJhpzF4GFbQIIe2L0WS/TNj55W3AfwPHRhn5GfowzTOsg/BS0b/RK3Hh6LCXG4tYBaVGWW3mTXecDZEH8kotKC6RXhPEEEIuxwBy7nR9AHE+diZnu2UBYUZuGNK0+x1Db35H32M6VUFxc+2epnjQ0IZnaC9X4TTbUIWNF76WiPgPSjKzOyJyh4Ej4WbWCNa/Q3+JzfZ+GQXpI+wwM2APkhujHxDHl6TUAPAoLe0NDLfQKvNxpOwppS0ZAxhzWzee+sG2PsN4KE9dErS1rOLCUaxOstL/1kIzServ1dyiwBGHDPSuVFE2FngNjn9m7XFkyE0LC7X1B55q5OxUobRPA5NmT517Hd4S1zVHGTgrxeZKKQpi+r+8y0NwKgmU+tjvO9DGJDSb5N/z8OcG7By2dS/uldASJlAL+KBLllwfG0YOx+lVysxvgmcfNKm9yGUs5w2NBhYRLm6BlTtpyfZ8Dh8Z8JTqgWom97Ddcf2k5TxrcLrDkSIsnuNjGGeXhWDJM5t8lb6t4Gp/huYxfNbTSi+7hagv9JE5UTBGuHXBHB7cbI5LOOz9BYyA7xqHRwDW4IirpH0auR2UuDzD9z3i0uF2HmJ5F0OwO4dKV9p/09Jx3fFbpvIIarHRNgJvpvY1vJCiW3iNAYfw5cjn4lifhjj8LMdGiPxtU5CWiBkhCRcxp7ubodz7c4a/hDG6JjDN1GNUSKPyabVWNToOPB2UmYQ5phFk3IKgbbvFVZgYLvaWE3BQowrNhiIpjezV22FuoX8Q2vgrZEvRnSBwNwz1MzSWnsMqi9OgO/53wNroSDSfjAYwjJiwuZALZZwQOBqCgwkncAkHZDhw9oc78ZD8jI7edn22p+gA6yQ1D8JuUUOj3pE42mSxBIqPTPfcqkLGglz+6mV91T4wLSM9v0pVwpF0RoNyzeOJAfzvYvsUxudsDUeakRM0eQSgZwVbbBGDOc1sTqTrmPSYqcJ59pBlODcpmaB8e11+k8TSp3oTAbSTxUDUDZSdf7GCBhdKsfDl8LyJkHPVyIkzYG73nbFNMO5JV2fhkezT/hQFMLmkDceNsq72HXum67TjfEYOydxu+Z4gWzhnultBwE/V4rFyfbpx3hxileFai276/1z3793jAYIEPNh43tt3/9VyMe+d6/AwW7iIPKlrTxwNq7p9ht0S8cMbyjSB6h3Ob1UKi1QXDIw4DimyEvWWld7hp+kfoVtnBTtWJRoJCk66no8gg85J1NTXx0bHQ+/l68dnjMNeevdjt3t9FMnNhPDgR9QWawC9/GcJhXLXjntci+Nc+nqUmprTLl4YqQSJPw6WcFdx3JYxKH5Eml9P8I5JD/Py1wdHl9kEvOl0p3hA5WKaiMH0Ezpk07DNp+EGThr0mDftMGmZMSogD3Yd5k4YZk2aT60k2Sh3iZyZ1dKlJb6JjkwJEDpaYFNNH4JxJkz6TJh80adJr0qTPpEnGJID9H4LYcBvOHwAA" />\n<input type="hidden" name="lang" value="eng" />\n<input type="hidden" name="suite" value="cobalt" />\n<input type="hidden" name="reservedids" value="inst,lang,suite" />\n<input type="hidden" name="submitmode" value="" />\n<input type="hidden" name="submitname" value="" />\n<input type="hidden" name="allCountInsertComponent_16" id="allCountInsertComponent_16" value="100" />\n<input type="hidden" name="allAvailCountInsertComponent_16" id="allAvailCountInsertComponent_16" value="100" />\n</div>\r\n\t\t\t\t\t\r\n\t\t\t\t\t\r\n\t\t\t\t\t</form> \r\n\t                    </div>\r\n\t                \r\n\t                \r\n                \r\n                \r\n            </div><!--end mark-->\r\n    \r\n\r\n                                    </div>\r\n                            \r\n                            \r\n                                <!--how to test for available items on the threshold link-->\r\n                                       <div class="availableMaxItemsSection">\r\n                                                \r\n    \r\n\r\n    \r\n            \r\n                 \r\n                \r\n                    <!--link moved into dpBibHoldingStatement via initBibHoldingsToggle JS -->\r\n                    <span class="itemsAvailHeader itemsSectionHeader" id="availHeaderWrapperAnyComponent_7">\r\n                           <a id="showMaxItemsLink2Component_7" class="maxItemsLink" href="/iii/encore/SearchResultsPage,searchResultsComponent.resultComponent.searchBrowseResultBibComponent.$BibHoldingsComponent.bibHoldingsAvailableMaxItems2.showMaxItemsLink2Component.sdirect;jsessionid=5F4C8E89B7C5F964F02DBB6C904346CF?lang=eng&amp;sp=Sb2574944&amp;sp=F&amp;sp=Sallavailitemsmax-b2574944&amp;sp=F&amp;suite=cobalt" onclick="return tapestry.linkOnClick(this.href,\'showMaxItemsLink2Component_7\', false)">\r\n                               <a href="javascript:void(0);" onclick="toggleBibHoldingsPopup(this)">see all</a>\r\n                           </a>\r\n                    </span>\r\n                \r\n            \r\n            \r\n            <!--start mark -->\r\n             <h3 class="sectionHeader itemsHeader customHeader">Items</h3>\r\n            <div id="allavailitemsmax-b2574944">\r\n                \r\n\t                \r\n\t                    <div class="itemTableWrapper popUpContentWrapper">\r\n\t                        \r\n    \r\n\t\t<table class="itemTable" cellspacing="3">\r\n        \t<tr>\r\n\t        \t\r\n\t        \t\t<th>\r\n\t        \t\t\tLocation\r\n\t        \t\t</th>\r\n\t        \t\r\n\t        \t\t<th>\r\n\t        \t\t\tCall No.\r\n\t        \t\t</th>\r\n\t        \t\r\n\t        \t\t<th>\r\n\t        \t\t\tStatus\r\n\t        \t\t</th>\r\n\t        \t\r\n        \t</tr>\r\n            \r\n            \t<tr>\r\n            \t\t\r\n                        \r\n            \t\t\r\n                        \r\n                            <td>\r\n                                \r\n                                    \r\n                                    \r\n                                        \r\n                                            \r\n \r\n\t \r\n\t    \t\r\n\t\t\r\n\t\t\r\n\t\t\tEureka Hills\r\n\t\t\r\n    \r\n \r\n\r\n\r\n                                        \r\n                                        \r\n                                    \r\n            \t\t\t        \r\n\t            \t\t\t</td>\r\n            \t\t\t\r\n            \t\t\r\n                        \r\n                            <td>\r\n                                \r\n                                    \r\n                                    \r\n                                        \r\n                                        \r\n                                            \r\n                                                <a id="callNoBrowseDirectLinkComponent_17" href="/iii/encore/SearchResultsPage,searchResultsComponent.resultComponent.searchBrowseResultBibComponent.$BibHoldingsComponent.bibHoldingsAvailableMaxItems2.itemTableComponent.callNoBrowseDirectLinkComponent.sdirect;jsessionid=5F4C8E89B7C5F964F02DBB6C904346CF?lang=eng&amp;sp=Si20277210&amp;sp=Sb2574944&amp;suite=cobalt" onclick="return tapestry.linkOnClick(this.href,\'callNoBrowseDirectLinkComponent_17\', false)">\r\n                                                    VIDEO GAME\r\n                                                </a>\r\n                                            \r\n                                            \r\n                                        \r\n                                    \r\n            \t\t\t        \r\n                                    \r\n                                         \r\n                                    \r\n                                    \r\n            \t\t\t        \r\n                                    \r\n                                         \r\n                                    \r\n                                    \r\n            \t\t\t        \r\n\t            \t\t\t</td>\r\n            \t\t\t\r\n            \t\t\r\n                        \r\n                            <td>\r\n                                \r\n                                    \r\n                                        IN LIBRARY\r\n                                    \r\n                                    \r\n            \t\t\t        \r\n\t            \t\t\t</td>\r\n            \t\t\t\r\n            \t\t\r\n            \t</tr>\r\n            \r\n        </table>\r\n    \r\n\r\n\t                        \r\n\t\t\t\t\t\t\t\r\n\t\t\t\t\t\t\t\t<a id="showAllItemsLinkComponent_17" class="showAllItemsLink customToggle" href="/iii/encore/SearchResultsPage,searchResultsComponent.resultComponent.searchBrowseResultBibComponent.$BibHoldingsComponent.bibHoldingsAvailableMaxItems2.showAllItemsLinkComponent.sdirect;jsessionid=5F4C8E89B7C5F964F02DBB6C904346CF?lang=eng&amp;sp=Sb2574944&amp;sp=T&amp;sp=Sallavailitemsmax-b2574944&amp;sp=F&amp;suite=cobalt" onclick="return tapestry.linkOnClick(this.href,\'showAllItemsLinkComponent_17\', false)">\r\n\t\t\t\t\t\t\t\tShow remaining items</a>\r\n\t\t\t\t\t\t\t\r\n\t\t\t\t\t\t\t\r\n  \xe2\x80\x8b\t\t\t\t\t\t\t\r\n  \r\n\t\t\t\t\t<form method="post" action="/iii/encore/SearchResultsPage,searchResultsComponent.resultComponent.searchBrowseResultBibComponent.$BibHoldingsComponent.bibHoldingsAvailableMaxItems2.countComponent.sdirect;jsessionid=5F4C8E89B7C5F964F02DBB6C904346CF" id="countComponent_17" style="display:none;">\n<div style="display:none;" id="countComponent_17hidden"><input type="hidden" name="formids" value="allCountInsertComponent_17,allAvailCountInsertComponent_17" />\n<input type="hidden" name="seedids" value="ZH4sIAAAAAAAAAI1Z3XIiuxHeqiTPkRtfkiqDMYZLjNmzVNlrF7AnydWWmBGgskaaSDPYPs+UR0jljfIOaf2MUUsar2/WQ3+tVv+pu6X99/++/OWPL1/+/OWv/xloqk6soBeXg5oczJ9CVrUUVDT2WzSECargW1OtmRTmq4Z/DpKXT7Di74rUNVWLYJU+Us5Dwk6Wb+g30fSOKVo0IHAlQIXmDA8HewIaSbGmnBiGcKWQm0KxunmgDVnTvaL6iHeWL4tWN7L6RklJ1WofokWIRLsaJeXzgqjmnonnUJvV/mIyRuhcIGtW+5+XF8PRYMk1vRhPEesDOA2clO5Wk0ZJsZWS65BcMl1z8vZk0cfamK9X+xGykZzo9sj0hhJVHCNdjAM2wOBAowF2gdt2zkEb/aMuSUMzAiy8qoze+4xy90QcWgA3lEMEJbjS5EHO4X63opCtaO7lgYlf2xpytOA1uwzHBFxu/XkxmfgtgEm24F+xZ6q65bJA3NWbV+GONpG5XgfnkLmiBCtwtEb5jNo+3IdYI2u7E14B1DUVsCjRQsjmH9/WI/j6V0sVdrqN1lepqpDKhIb8mw44+Nv81S1rqP1w7Izy8p7sKE9FbRrFYNHlgJQnIgpanvMBOcAWgRxXKtLmw6atdgzlsa7hrG/aw4Hq+KyeCGelPcFLpaT6ANJfMWzKDnxp78moenh0Acl7kNiRR1nRpyRvO6o5oEm1wMKigoFARo2ewVkcxaq4E0FLdGKHUHeUMlzRVjaHrz6wrBNn9P6EwDhuH207TgO8prrlcAhEJjU9FgKyOVK1ka0qqH5gglUE5SEVZMeNJ87EyUA5Ma5UoAgR7bbY0AaHwC1ZmNObFtFwWS64Lp+39DUSqs/0RKZZZ2tOV7rxSqmaru7FdF/CUC6PrbwnViM5V11sNu/LTPCMxz7Jhq3NMG7fat91RpmcQAJtEXhGad0vLWTbk4I2vynZ1uEWZ+qqjJLpxDSLbBx2RGzR0Jf4n5OL4az7vjHfxp9bclhw2ZZRqrDDsdmwktrS+51UNI6Ft2uNGEM3hkmNsxBGka4+YkhD4vPla01E2amFzgFCIn805KDvJSmhVvcOCip7LD01sq87LDj7nNa3Sr5o6o7Lk5IHRarQfX2st2wXseVYsBIiGgQ6xda0kKr82250PZmOZjPTnuwE6CeREHBtfRMUH+8gHYol4i0ZP50h4fYz2B5aro4mu/EAfHpxbYrIpt1VVLRrx2aSXWP9wc8w483Mip9D+M3044mqUrETvZMvgkMM8QKm569MX00uY/L6rAqGutw840A8UJi9WZH+st0Yk7yDDFE20m8/r+v8VGRiYqIxdxFY2CKA0BOjL3qZlvHzLPwIjo8m9DP4uZVhWgfhp6B9o1fi1vNjKTGKSwekRVlu5W12nA/AgvghFx0tkF4RxhNCLMYSc8tt/wDmuOuMTXfPBsKK2jSkafU5htr+jrzHdu4IxYdr/yLVs4YiJFN74TR+lw11YKzog1TUZ0CakdUZzBkKjoSfVStY8wb1Ld7X12lopIe0zkCDPUBuiH4kjilPrwHgURjYGxpqoVfg5U7bUchbMgIy5jBuvvSFbXuE8VaYuCZqbVnDYUm5NsFK61sPyyg9b3f+DgWWIDScs1JJUVfo2TD2mb3LlSUzISTc3hd0rpi7XYHTFgHMnt157nX8QFjbHGXspBDPs1QUwvRjfZ+h5kYQLPOp3XGmj0lsMMs/4eevGT7caOlc2i+lY0ikFPBHkSi/PDGOHrTVb5Kb2QD3PG5GeZPLWMqZHgsqJFzaBC1z0pbrhxw5NOYb0QHXSuxlv+H6a8t5UuB2gSVHWjzDxTbOKE/HkqEz/y55W8Xd+EzPZfyqoZVedA9XW6gncaJijnDsgDs6uN0YkVTe+QkKA9kxDoUGrsEVUUn9MHI9lLk8QPc/42hwm4VIzyBoZodw6ErrT7p7zjs+q3ReQQ1WuiLATffexjcSFEvvEeAw/hy5HHzPk3DGn4ZINOhPBxV5jbiBknARs5u7OfqZD1f4GezBLZNxpg6jWgKHH7OtqtFu8PGoTCfMgUaYdQOiuuYWX2WmMNBbTshNgSJ8cx1CcWyvJw69g/OLll3dhMsSeGYiBs09TM0lpzDKovToNv+d8Da6Eg2vhwNoR0xYDA3N4wDAwZiZblyQuASCsh05ekKd+s5+BiO3nZ9tqfoEnOSGYfhNSjjoD6ROJpksQyKj0z33KpCxoHd9dDO/6Z4YF5Ce36U7wpF2RQC5Z/HEgf52sH2PY3K3B6bMTomaPYJQMoKttghAn+f2TKTqmPeY6IDz7CPN8MZANkP7cHz+Io1vktObMLiJJG6qpqHs5KttLDBQmpEvh/cC4cJR70qEhLXRe84WxbQiWZWNT7ZH818YsMglba+4rtQ+QK18r7a5ingW4HK2WxANnFNcLaHgJurxWLkgqyNTu00A6KyNJLrp+0fdM39fDRgM8MHE49q2+78eQPv6evwMFs4ijyoa068G1Nw/w2qJ1sIey3eG6B3OTVYLiUYXTI9WGFJkI8wtK73DRdM/QrfKNnaqTjQSFJo0m4wig8xL1vXExEfHQh/m68XUY3jVnr3a6d7fRTJ94WpwIuorFIE//dcwDuNTe9XzWgT/2sez1MSUd/naUCVI5Gm4lLOC+6qEofQRaXw5yT8iOeDXrw2OLzcPetHpSPEO5GiZE4X5I3LOpGGfScNPmjTsNWnYZ9IwY1LCHOg+zJs0zJh0M56Ns1HqgF+Z1PGlJr2Ljk0KgBwtMSnmj8g5k8Z9Jo0/adK416Rxn0njjEkJc6A7YP8HqUqTKOofAAA=" />\n<input type="hidden" name="lang" value="eng" />\n<input type="hidden" name="suite" value="cobalt" />\n<input type="hidden" name="reservedids" value="inst,lang,suite" />\n<input type="hidden" name="submitmode" value="" />\n<input type="hidden" name="submitname" value="" />\n<input type="hidden" name="allCountInsertComponent_17" id="allCountInsertComponent_17" value="100" />\n<input type="hidden" name="allAvailCountInsertComponent_17" id="allAvailCountInsertComponent_17" value="100" />\n</div>\r\n\t\t\t\t\t\r\n\t\t\t\t\t\r\n\t\t\t\t\t</form> \r\n\t                    </div>\r\n\t                \r\n\t                \r\n                \r\n                \r\n            </div><!--end mark-->\r\n    \r\n\r\n                                       </div>\r\n                            \r\n                            \r\n                                    <div id="allMaxItemsSection" class="allMaxItemsSection">\r\n                                        \r\n    \r\n\r\n    \r\n            \r\n                 \r\n                \r\n                    <!--link moved into dpBibHoldingStatement via initBibHoldingsToggle JS -->\r\n                    <span class="itemsSectionHeader" id="availHeaderWrapperAnyComponent_8">\r\n                           <a id="showMaxItemsLink2Component_8" class="maxItemsLink" href="/iii/encore/SearchResultsPage,searchResultsComponent.resultComponent.searchBrowseResultBibComponent.$BibHoldingsComponent.bibHoldingsAllMaxItems.showMaxItemsLink2Component.sdirect;jsessionid=5F4C8E89B7C5F964F02DBB6C904346CF?lang=eng&amp;sp=Sb2574944&amp;sp=F&amp;sp=Sallitemsmax-b2574944&amp;sp=F&amp;suite=cobalt" onclick="return tapestry.linkOnClick(this.href,\'showMaxItemsLink2Component_8\', false)">\r\n                               <a href="javascript:void(0);" onclick="toggleBibHoldingsPopup(this)">see all</a>\r\n                           </a>\r\n                    </span>\r\n                \r\n            \r\n            \r\n            <!--start mark -->\r\n             <h3 class="sectionHeader itemsHeader customHeader">Items</h3>\r\n            <div id="allitemsmax-b2574944">\r\n                \r\n\t                \r\n\t                    <div class="itemTableWrapper popUpContentWrapper">\r\n\t                        \r\n    \r\n\t\t<table class="itemTable" cellspacing="3">\r\n        \t<tr>\r\n\t        \t\r\n\t        \t\t<th>\r\n\t        \t\t\tLocation\r\n\t        \t\t</th>\r\n\t        \t\r\n\t        \t\t<th>\r\n\t        \t\t\tCall No.\r\n\t        \t\t</th>\r\n\t        \t\r\n\t        \t\t<th>\r\n\t        \t\t\tStatus\r\n\t        \t\t</th>\r\n\t        \t\r\n        \t</tr>\r\n            \r\n            \t<tr>\r\n            \t\t\r\n                        \r\n            \t\t\r\n                        \r\n                            <td>\r\n                                \r\n                                    \r\n                                    \r\n                                        \r\n                                            \r\n \r\n\t \r\n\t    \t\r\n\t\t\r\n\t\t\r\n\t\t\tEureka Hills\r\n\t\t\r\n    \r\n \r\n\r\n\r\n                                        \r\n                                        \r\n                                    \r\n            \t\t\t        \r\n\t            \t\t\t</td>\r\n            \t\t\t\r\n            \t\t\r\n                        \r\n                            <td>\r\n                                \r\n                                    \r\n                                    \r\n                                        \r\n                                        \r\n                                            \r\n                                                <a id="callNoBrowseDirectLinkComponent_18" href="/iii/encore/SearchResultsPage,searchResultsComponent.resultComponent.searchBrowseResultBibComponent.$BibHoldingsComponent.bibHoldingsAllMaxItems.itemTableComponent.callNoBrowseDirectLinkComponent.sdirect;jsessionid=5F4C8E89B7C5F964F02DBB6C904346CF?lang=eng&amp;sp=Si20277210&amp;sp=Sb2574944&amp;suite=cobalt" onclick="return tapestry.linkOnClick(this.href,\'callNoBrowseDirectLinkComponent_18\', false)">\r\n                                                    VIDEO GAME\r\n                                                </a>\r\n                                            \r\n                                            \r\n                                        \r\n                                    \r\n            \t\t\t        \r\n                                    \r\n                                         \r\n                                    \r\n                                    \r\n            \t\t\t        \r\n                                    \r\n                                         \r\n                                    \r\n                                    \r\n            \t\t\t        \r\n\t            \t\t\t</td>\r\n            \t\t\t\r\n            \t\t\r\n                        \r\n                            <td>\r\n                                \r\n                                    \r\n                                        IN LIBRARY\r\n                                    \r\n                                    \r\n            \t\t\t        \r\n\t            \t\t\t</td>\r\n            \t\t\t\r\n            \t\t\r\n            \t</tr>\r\n            \r\n        </table>\r\n    \r\n\r\n\t                        \r\n\t\t\t\t\t\t\t\r\n\t\t\t\t\t\t\t\t<a id="showAllItemsLinkComponent_18" class="showAllItemsLink customToggle" href="/iii/encore/SearchResultsPage,searchResultsComponent.resultComponent.searchBrowseResultBibComponent.$BibHoldingsComponent.bibHoldingsAllMaxItems.showAllItemsLinkComponent.sdirect;jsessionid=5F4C8E89B7C5F964F02DBB6C904346CF?lang=eng&amp;sp=Sb2574944&amp;sp=T&amp;sp=Sallitemsmax-b2574944&amp;sp=F&amp;suite=cobalt" onclick="return tapestry.linkOnClick(this.href,\'showAllItemsLinkComponent_18\', false)">\r\n\t\t\t\t\t\t\t\tShow remaining items</a>\r\n\t\t\t\t\t\t\t\r\n\t\t\t\t\t\t\t\r\n  \xe2\x80\x8b\t\t\t\t\t\t\t\r\n  \r\n\t\t\t\t\t<form method="post" action="/iii/encore/SearchResultsPage,searchResultsComponent.resultComponent.searchBrowseResultBibComponent.$BibHoldingsComponent.bibHoldingsAllMaxItems.countComponent.sdirect;jsessionid=5F4C8E89B7C5F964F02DBB6C904346CF" id="countComponent_18" style="display:none;">\n<div style="display:none;" id="countComponent_18hidden"><input type="hidden" name="formids" value="allCountInsertComponent_18,allAvailCountInsertComponent_18" />\n<input type="hidden" name="seedids" value="ZH4sIAAAAAAAAAI0Z23LbujEzbb+jL35UZ6yLlehRlpUTzVixR1JO26cMREISxiDBAqRsn2/q33T6Gf2HLkDQwi5Axy8xtbvY+w3Iv//36S9/fPr0509//c/AcH0WGb+6HlTsaP9kqqhUycvafZc1EyXX8G24MUKV9quCf45K5o9w4u+aVRXXi+CUOXEpQ8Be5a/oNzP8Tmie1cBwVYIK9QU9HBwYaKTKDZfMEoQnS7XNtKjqNa/Zhh80NycsWT0vGlOr4htnOderQ4jNQgyRapVUTwum63tRPoXarA5X0ynCzktkzerw8/pqOBospeFXN5jRGpwGToqlVazWqtwpJU0IzoWpJHt9dNiHyppvVocRspGd+e4kzJYznZ2ILtYBWyBokVYD7IJW7FyCNuZHlbOaJxg49Kqweh8Syt2z8tgAcsslRFCBK20epBzupWWZasr6Xh1F+WtbQ4oGvOaO4ZiAy50/r6afvQggUg34tzwIXdxKlSHq4tWrcMdrYq7XoXXIXHOGFTg5o3xG7db3Ia5WlZOETwB0w0s4FGlRqvof3zYj+PpXwzV2uovWV6WLECpKA/k3G0jwt/1rGlFz99GSCy7ze7bnMma1rbWAQ9cDlp9ZmfH8kg/IAa4JpKhili4ftk2xFyiPTQW1vm2OR25orZ6ZFLmr4KXWSr+DMl8x2rYd+DLek6R7eOwCkveosCNPquCPUd52UFugUbfAzEjDQEjBrZ5BLY6oKm1F8BxV7BD6jtaWiohyOTx+x7KOndX7Awxp3N4TO4kDvOGmkVAEZSI1PS5EqPrE9VY1OuNmLUpRMJSHvGR7aT1xAU4HumXTtgoUIWZaEVte4xC0Rxa2euMmGh5LBbfN5x1/IUzNBR7xtOdcz+laNz6pdN31PQr3LQzl8sTxexQV4jPuYrN9O2aDZz32QTJsbYJw91r5qTNK5ARi6JrAE0rrfm4h2YFlvP5Nq6YKRVygq5wk01kYQWwcdkBs0dC3+J/Tq1HX7n9+tt/Wnzt2XEjV5CRVxPFUb0XOXev9zgpOY+Ht2iDC0I1hUuMshFWk648YZSDx5fKlYmXeqYXqAGGIP2p2NPeK5dCrexcFnSxLDyX2dcWCs6/V+larZ8PbcnnU6qhZEbqvj/RW7AlZigQrUZJFoFNswzOl87/tRzfTL6PZzI4ntwH6TSREtGN9GzQf7yATsmXla7R+toaE4mcgHkauIZvdZAA+vbqxTWTb7AteNpuWzCa7wfqDn2HHm9kTP4fwW5iHM9e5Fmd+p55LCTHEB4SZvwgznl5T8OaiCkZ1uXnBA/DIYfcWWfzLTWMM8g6yQFUrL35eVemtyMbERmPeRmDhmgDCngV/Nsu4jU/eFtwHcDzZ0C/Ij50M0zoIPwfta7Mqbz095kKxuHVAWuT5Tt0m1/kAmTG/5KLSAu4FEzICUDYOmDru5gcQ06kzsdM9GQjHaluzujGXGBr3m3hP7NsSosV1eFb6yUATUrG9UI3fVc1bJFV0rTT3GRBnZHFBpgwFR8LPoilF/Qr9jcr1fRoG6THuMzBgj5AbZT+GxlTG1wDwKCzsNQ+1MCvwcqftKKTNBQMec1g3n/vCtjvBelvauEZq7UQt4Ui+scGK+1sPySiutzt/hwJLEDbcs2JOZCr0CKQ+c3e5PBc2hEy6+4JJNfNWKlC6JoDJk5LnXsd3mDX1SVEnhfg0ScEhTD829wloagXBPB+bvRTmFMUGk/wTfv6a4F1By9al/Vw6gohLBn80I/nlgTR6MFa/KWl3AzzzpF3lbS5jLhc4ZZQpuLSVPE9xW27WKXBozDdmAqpVeVD9hpuvjZRRg9sHlpx49gQXW5pRHo45w2T+XcmmoNP4Ak9l/KrmhVl0D1c76Cc0UTFFuHbAHR3cbo2IOu/8DI2B7YWERgPX4ILpqH9Yvh6VuDzA9L/g0eI2CzE9i6DdHcKlK+4/sfSUd3xWmbSCBqxsm4C003tHbyQolt4jQGH9OWpz8C1Pwh1/FmLIoj8bFOyFUAMkomJWWntz9Dsf7vBWhnRE1pkmjGoOFH7NdqoSafDxoO0kTCEtM+cGBG2HG73KzGChd5SQmyWK8GeEorG98dg7qF90bIyORegZqGdguIepuZQcVlmUHp3w35lsyJVoCKJhHInS4dDSHCJwMAAFFc5oCxxfwOQJdeYn+wVJ3HZ5tuX6A+goNyzBb0pBoa9ZFW0ySYKIR6d76lUgYUHveXIzn3VPjAtIz++qLWGiXRag2mfxyIH+drB7i2N0tx8mJUVq9jBCyQi2uiYAc166mojVse8xpMBl8pFm+MWiXIb24XH9EY2/RNUbEbQbCR2qdqDs1YsbLLBQ2pUvhe9FhAdHvScRJuyN3nOuKcYdyalsfbI72f/CgENt0vay61rtGnrlW7dNdcSwIboN3x8gCyfpltBwI/UkVa7f1E5IYC3h2G7fP6qe/Xs8ELDABxtPO7bb/+sBbN9cp89g4S7yoMmaPh5we/8MuyU6CzKWbwTkHa7drBYKrS4YTk5YELER9paV2eOm6R+hG+0GO9dnThiFJs2mI2KQfcm6mdr4GMp0Pd8svngcPnUQL26793eRxFwYD85Mf4Um8Kf/WsIhrdpxz2sR/Osez2ITY9rlS811yYin4VIuMum7EkbFj0iT62n6EalF/Pq1oaVL7YOedbxSvCFSsERFYXoCTpk07DNp+EGThr0mDftMGiZMiogD3Ydpk4YJkz5PZpNklDrEr0zq6GKT3lhTkwJEChaZROkJOGXSpM+kyQdNmvSaNOkzaZIwKSIOdJ+kTQLw/wGgxkw7ASAAAA==" />\n<input type="hidden" name="lang" value="eng" />\n<input type="hidden" name="suite" value="cobalt" />\n<input type="hidden" name="reservedids" value="inst,lang,suite" />\n<input type="hidden" name="submitmode" value="" />\n<input type="hidden" name="submitname" value="" />\n<input type="hidden" name="allCountInsertComponent_18" id="allCountInsertComponent_18" value="100" />\n<input type="hidden" name="allAvailCountInsertComponent_18" id="allAvailCountInsertComponent_18" value="100" />\n</div>\r\n\t\t\t\t\t\r\n\t\t\t\t\t\r\n\t\t\t\t\t</form> \r\n\t                    </div>\r\n\t                \r\n\t                \r\n                \r\n                \r\n            </div><!--end mark-->\r\n    \r\n\r\n                                    </div>\r\n                            \r\n                            \r\n                            <div id ="showMoreLessLinkContainer">&nbsp;</div>\r\n                            \r\n                            <img alt="Drop Up Shadow" src="resources/gold/images/dropShadowUpArrow.png" class="dropShadowUpArrow" id="dialogUpArrowImageAnyComponent_3"></img>\r\n                        </div>\r\n                    </div>\r\n                    \r\n               \r\n               \r\n    \t\r\n    \t<!-- Order info -->\r\n        \r\n   \r\n\r\n\r\n                    \r\n                    \n    \n     \n\r\n                    \r\n\t\r\n\t\t<span title="ctx_ver=Z39.88-2004&amp;rft_val_fmt=info%3Aofi%2Ffmt%3Akev%3Amtx%3Abook&amp;rfr_id=info%3Asid%2Fiii.com%3Aencore&amp;rft.btitle=Nintendo+Switch+%3A+Max+%3A+the+curse+of+brotherhood.&amp;rft.isbn=&amp;rft.date=&amp;rft_id=http%3A%2F%2Fencore.slcl.org%2Fiii%2Fencore%2Frecord%2FC__Rb2574944__SNintendo%2520Switch__P0%252C4__Orightresult__X3%3Bjsessionid%3D5F4C8E89B7C5F964F02DBB6C904346CF%3Flang%3Deng%26suite%3Dcobalt" class="Z3988" id="coinsAnyComponent_3"></span>\r\n\t\r\n\r\n                    <!-- ratingReviewsSummaryComponent -->\r\n                    \r\n                    <div class="addtlInfo">\r\n                       \r\n                       \r\n                       \r\n   \r\n\r\n                    </div>\r\n                </div>\r\n            </div>\r\n            <div class="bibLocations">\r\n                \r\n                \r\n            </div>\r\n        </div>\r\n    \r\n\r\n\t\r\n\r\n\t<!-- Browse Result Resource -->\r\n\t\r\n\r\n\t<!-- Browse Result External -->\r\n\t\r\n\r\n               \r\n           \r\n               \r\n\t<!-- Browse Result Program -->\r\n\t\r\n\r\n\t<!-- Browse Result Bib -->\r\n\t\r\n\t\t \r\n    \r\n        <div id="resultRecord-b2581877" class="gridBrowseContent2 searchResult">\r\n            <div class="gridBrowseCol1">\r\n                <div id="actionsUpdate-b2581877">\r\n                  \r\n    <span id="anyWrapperComponent_4">\r\n        \r\n    </span>\r\n\r\n                  <div class="citationButtons">\r\n                     \n    <div class="requestLink" id="Any_5">\n        \n\n        \n            <div class="Request" id="Any_1_4"> \n                        \t         \n            \t \n                \n                \n                \n                \t\n    \n    \n \n       \n        \n        \n            \n                <div class="requestButton">\n                   <a id="genericLink_4" class="button secondaryAction" href="https://encore.slcl.org/iii/encore/search;jsessionid=5F4C8E89B7C5F964F02DBB6C904346CF/Sdologin?lang=eng&amp;target=Nintendo%20Switch&amp;loginReason=doRequest&amp;actionRecordId=b2581877">\n                       <img alt="Direct Link" src="resources/gold/images/hold.png" id="genericLinkImage_4"></img>Request it\n                   </a>\n                </div>   \n            \n            \n        \n    \n\n                \n                \n                  <!--     popup -->\n                 \n        \t <!--    popup -->\n                \n            </div>\n        \n    </div>\n\r\n                  </div>\r\n                  \r\n<div class="addtlActions">\r\n\t\t<p>Additional actions:</p>\r\n    <ul class="inline-list initialActions">\r\n        \r\n        <li>\r\n    \r\n        <span id="bookCartOperationAnyComponentb2581877">\r\n            \r\n            \r\n\t\t\t\t\t<a id="addToBookCartLinkComponent_4" onMouseup="renewSession()" href="/iii/encore/SearchResultsPage,searchResultsComponent.resultComponent.searchBrowseResultBibComponent.recordActionsComponent.bookCartOperationComponent.addToBookCartLinkComponent.sdirect;jsessionid=5F4C8E89B7C5F964F02DBB6C904346CF?lang=eng&amp;sp=Sb2581877&amp;suite=cobalt" onclick="return tapestry.linkOnClick(this.href,\'addToBookCartLinkComponent_4\', false)">\r\n\t\t\t\t\t\t<img alt="Book Cart" width="22" title="Add to cart" src="resources/gold/images/bookcart.png" class="actionIcon" height="20" id="addToBookcartImageAnyComponent_4"></img>\r\n\t\t\t\t    </a>\r\n            \r\n        </span>\r\n    \r\n</li>\r\n        <li>\r\n    <a id="emailLinkComponent_4" onMouseup="renewSession()" class="toolbarItem popInDialogTrigger" href="/iii/encore/SearchResultsPage,searchResultsComponent.resultComponent.searchBrowseResultBibComponent.recordActionsComponent.emailComponent.emailLinkComponent.sdirect;jsessionid=5F4C8E89B7C5F964F02DBB6C904346CF?lang=eng&amp;sp=Sb2581877&amp;suite=cobalt" onclick="return tapestry.linkOnClick(this.href,\'emailLinkComponent_4\', false)">\r\n        <img alt="Email" width="19" title="Email" src="resources/gold/images/email.png" class="actionIcon" height="13" id="emailImageAnyComponent_4"></img>\r\n        \r\n    </a>\r\n    <!--confirmation dialog-->\r\n    \r\n    <div id="emailMessageContainer">\r\n        <div id="sentStatus">\r\n            <div id="emailStatusMessage">\r\n                \r\n            </div>\r\n        </div>\r\n    </div>\r\n</li>\r\n        \r\n             <li>\r\n\t\r\n</li>\r\n             <li>\r\n    \r\n</li>\r\n        \r\n        \r\n            <li><a href="javascript:void(0);" class="popUpTrigger moreActionsLink" onclick="toggleBibHoldingsPopup(this, false, \'moreActionsWrapper\',\'gridBrowseCol1\')">\r\n            <img width="13" alt="more actions" title="More actions" src="resources/gold/images/more.png" class="actionIcon" height="13" id="moreActionsImageAnyComponent_4"></img></a></li>\r\n        \r\n    </ul>\r\n   <div class="moreActionsWrapper popUpWrapper">\r\n       <a class="closeLink" onclick="toggleBibHoldingsPopup(this, true, \'moreActionsWrapper\',\'gridBrowseCol1\')" href="javascript:void(0);">\r\n           close\r\n       </a>\r\n       <h3 class="moreActionsHeader">more</h3>\r\n        <ul class="inline-list moreActions">\r\n            <li>\r\n    \r\n\t    \r\n\t    \r\n\t        <a id="loginLinkComponent_4" href="https://encore.slcl.org/iii/encore/search;jsessionid=5F4C8E89B7C5F964F02DBB6C904346CF/Sdologin?lang=eng&amp;target=Nintendo%20Switch&amp;loginReason=doTag&amp;actionRecordId=b2581877">\r\n\t           <img width="20" title="Add a Tag" src="resources/gold/images/tag.png" class="actionIcon" height="19" id="createCommunityTagsIconImageAny2Component_4"></img>\r\n\t        </a>\r\n\t    \r\n    \r\n</li>\r\n            \r\n            \r\n        </ul>\r\n       <img src="resources/gold/images/dropShadowArrow.png" class="dropShadowArrow" id="dialogArrowImageAnyComponent_4"></img>\r\n    </div>\r\n</div>\t \r\n\r\n                </div>\r\n            </div>\r\n            <div class="gridBrowseCol2">\r\n                \r\n                    <!--title-->\r\n                <div class="dpBibTitle">\r\n                    <!-- please read c1063106, c1063117, c1044421, c1060576a before changing title -->\r\n                    \r\n                        \r\n                            <span class="title">\r\n                                <a id="recordDisplayLink2Component_4" href="/iii/encore/record/C__Rb2581877__SNintendo%20Switch__P0%2C5__Orightresult__X3;jsessionid=5F4C8E89B7C5F964F02DBB6C904346CF?lang=eng&amp;suite=cobalt">\r\n                                    Nintendo Switch : The world ends with you : final remix.\r\n                                </a>\r\n                            </span>\r\n                        \r\n                        \r\n                        \r\n                            <span class="title">\r\n                                <span class="additionalFields customSecondaryText">\r\n                                    \r\n                                </span>\r\n                            </span>\r\n                        \r\n                    \r\n\r\n                    \r\n                    <div class="dpBibAuthor">\r\n                        \r\n                        \r\n                    </div>\r\n                    <!-- MARC 962 Media -->\r\n                    <div class="recordDetailValue">\r\n                        \r\n                        <span class="itemMediaDescription" id="mediaTypeInsertComponent_4">ELECTRONIC RES</span>\r\n                        \r\n                        \r\n                                <span class="pipeDivider">|</span>\r\n                                <span class="itemMediaYear" id="searchResultPubYearInsertComponent_4"></span>\r\n                            \r\n                        \r\n                              <span class="pipeDivider">|</span>\r\n                              <span class="itemEdition" id="searchResultEditionInsertComponent_4">Nintendo Switch ed.</span>\r\n                           \r\n                    </div>\r\n                    \r\n                    \r\n                        <!-- bibHoldingsComponentAvailableOnlyOrAllItems -->\r\n                        \r\n    <!--start item info-->\r\n    \r\n    \r\n        <!-- over threshold holdings info -->\r\n        \r\n\t\r\n\r\n    \t<!--ERM-->\r\n        \r\n    \r\n    <!-- Dialog content -->\r\n    \r\n\r\n        <!-- checkin info -->\r\n        \r\n\t\r\n\r\n        <!-- Volume info -->\r\n        \r\n        <!-- Item info -->\r\n        \r\n                \r\n                  <!--This ItemsContainer elem does not get rendered into a toggle on the record page - only the browse -->\r\n                  <div id="ItemsContainer-b2581877" class="ItemsContainer">\r\n                        \r\n                           \r\n    \r\n        <div class="availabilitySummaryArea">\r\n            \r\n                <div class="dpBibHoldingStatement">\r\n                    <span class="availabilityMessage">\r\n                        <span class="itemsAvailable">Available</span> at Headquarters (<span class="availCallNumber">VIDEO GAME</span>) plus 3 more\r\n                    </span>\r\n                    \r\n                        <span class="itemsContainerPopUpTrigger"></span>\r\n                    \r\n                </div>\r\n            \r\n        </div>\r\n    \r\n    \r\n    \r\n        <div class="holdsMessage">1 hold on first copy returned of 15 copies</div>\r\n    \r\n\r\n                        \r\n                        <div class="content bibHoldingsWrapper popUpWrapper">\r\n                            <a href="javascript:void(0);" onclick="toggleBibHoldingsPopup(this, true)" class="closeLink">close</a>\r\n                            <!-- available-->\r\n                              \r\n                                  <div id="availableItemsSection" class="availableItemsSection">\r\n                                      \r\n    \r\n\r\n    \r\n            \r\n            \r\n                    <!--link moved into dpBibHoldingStatement via initBibHoldingsToggle JS -->\r\n                    <span class="itemsAvailHeader itemsSectionHeader" id="availHeaderWrapperAny2Component_9"><a href="javascript:void(0);" onclick="toggleBibHoldingsPopup(this)">see all</a></span>\r\n            \r\n            <!--start mark -->\r\n             <h3 class="sectionHeader itemsHeader customHeader">Items</h3>\r\n            <div id="allavailitems-b2581877">\r\n                \r\n\t                \r\n\t                    <div class="itemTableWrapper popUpContentWrapper">\r\n\t                        \r\n    \r\n\t\t<table class="itemTable" cellspacing="3">\r\n        \t<tr>\r\n\t        \t\r\n\t        \t\t<th>\r\n\t        \t\t\tLocation\r\n\t        \t\t</th>\r\n\t        \t\r\n\t        \t\t<th>\r\n\t        \t\t\tCall No.\r\n\t        \t\t</th>\r\n\t        \t\r\n\t        \t\t<th>\r\n\t        \t\t\tStatus\r\n\t        \t\t</th>\r\n\t        \t\r\n        \t</tr>\r\n            \r\n            \t<tr>\r\n            \t\t\r\n                        \r\n            \t\t\r\n                        \r\n                            <td>\r\n                                \r\n                                    \r\n                                    \r\n                                        \r\n                                            \r\n \r\n\t \r\n\t    \t\r\n\t\t\r\n\t\t\r\n\t\t\tHeadquarters\r\n\t\t\r\n    \r\n \r\n\r\n\r\n                                        \r\n                                        \r\n                                    \r\n            \t\t\t        \r\n\t            \t\t\t</td>\r\n            \t\t\t\r\n            \t\t\r\n                        \r\n                            <td>\r\n                                \r\n                                    \r\n                                    \r\n                                        \r\n                                        \r\n                                            \r\n                                                <a id="callNoBrowseDirectLinkComponent_19" href="/iii/encore/SearchResultsPage,searchResultsComponent.resultComponent.searchBrowseResultBibComponent.$BibHoldingsComponent.bibHoldingsAvailableItems2.itemTableComponent.callNoBrowseDirectLinkComponent.sdirect;jsessionid=5F4C8E89B7C5F964F02DBB6C904346CF?lang=eng&amp;sp=Si20338344&amp;sp=Sb2581877&amp;suite=cobalt" onclick="return tapestry.linkOnClick(this.href,\'callNoBrowseDirectLinkComponent_19\', false)">\r\n                                                    VIDEO GAME\r\n                                                </a>\r\n                                            \r\n                                            \r\n                                        \r\n                                    \r\n            \t\t\t        \r\n                                    \r\n                                         \r\n                                    \r\n                                    \r\n            \t\t\t        \r\n                                    \r\n                                         \r\n                                    \r\n                                    \r\n            \t\t\t        \r\n\t            \t\t\t</td>\r\n            \t\t\t\r\n            \t\t\r\n                        \r\n                            <td>\r\n                                \r\n                                    \r\n                                        IN LIBRARY\r\n                                    \r\n                                    \r\n            \t\t\t        \r\n\t            \t\t\t</td>\r\n            \t\t\t\r\n            \t\t\r\n            \t</tr>\r\n            \r\n        </table>\r\n    \r\n\r\n\t                        \r\n\t\t\t\t\t\t\t\r\n\t\t\t\t\t\t\t\t<a id="showAllItemsLinkComponent_19" class="showAllItemsLink customToggle" href="/iii/encore/SearchResultsPage,searchResultsComponent.resultComponent.searchBrowseResultBibComponent.$BibHoldingsComponent.bibHoldingsAvailableItems2.showAllItemsLinkComponent.sdirect;jsessionid=5F4C8E89B7C5F964F02DBB6C904346CF?lang=eng&amp;sp=Sb2581877&amp;sp=T&amp;sp=Sallavailitems-b2581877&amp;sp=F&amp;suite=cobalt" onclick="return tapestry.linkOnClick(this.href,\'showAllItemsLinkComponent_19\', false)">\r\n\t\t\t\t\t\t\t\tShow remaining items</a>\r\n\t\t\t\t\t\t\t\r\n\t\t\t\t\t\t\t\r\n  \xe2\x80\x8b\t\t\t\t\t\t\t\r\n  \r\n\t\t\t\t\t<form method="post" action="/iii/encore/SearchResultsPage,searchResultsComponent.resultComponent.searchBrowseResultBibComponent.$BibHoldingsComponent.bibHoldingsAvailableItems2.countComponent.sdirect;jsessionid=5F4C8E89B7C5F964F02DBB6C904346CF" id="countComponent_19" style="display:none;">\n<div style="display:none;" id="countComponent_19hidden"><input type="hidden" name="formids" value="allCountInsertComponent_19,allAvailCountInsertComponent_19" />\n<input type="hidden" name="seedids" value="ZH4sIAAAAAAAAAI0ZS3LjunEWyT2y8FKpEjnybynLnjeqsscuSfPey2oKIiEJZZBgAFK2c4FU7pKr5Q5pfCiiAdD2Zkz1D/3vBua///vy1399+fKXL3/790RReWQFPZtOGrLXfwpRNaKmdWu+65awmkr4VlQpJmr91cA/e8HLJ+D4Q5KmoXLhcakD5dwHbEX5hn4TRW+ZpEULApc1qNAO6GyyI6CRqFeUE03gc9ZiXUjWtA+0JSu6k1Qd8MniZdGpVlTfKSmpXO58bOFjglO1kuJ5QWR7z+pnX5vl7uwyR9h5jaxZ7n5Nz7LZ5I4renY+Q6QP4DRwUnxaQ1op6o0QXPngkqmGk7cng31stPlqucuRjeRINwem1pTI4hDooh2wBgKL1BpgF9hj5xy0UT+bkrQ0IcCgl5XWe5dQ7p7U+w6Qa8ohggJcqfMg5XB3WlGIrm7vxZ7VH9vqU3TgNcOGYwIuN/7UcbFHAJHowL/1jsnqhosCUVdvToVb2gbmOh2sQ+aSEqzAwRjlMmrzcO/jWtGYkzAHQFe0BqZIi1q0f35f5fD1z45K7HQTrW9CVj6U1ao9y6cTDv7Wf1XHWmo+LDmjvLwnW8pjUetWMmCaTkh5JHVByyEfkANME0hRxSJNPqy7astQHqsGan3d7fdUhbV6JJyVpoLvpBTyHZT6htG67cCXcp4MuofDLiB59wI78iAq+hTlbQ/VBRp1CywsaBgIyajW06vFPFTFVgQtUcVm0Hek1FTBUSaHv75jWS9O6/0JgWHc3jt2Fgd4RVXHoQjqRGo6nI8Q7YHKtehkQdUDq1lFUB7Smmy59sQAvJxIK8a2ChQhouwRa9riEFiWha7euIn6bKng2nze0NdAqBrgkUzNZ3pO37oxp5Bt3/dCuGthKJdnRt4Ta5Ccr31s1ic2HTztsU+SYWsThJu3xk2dPJETSKBpAs8orcel+WQ7UtD2Nym6xj9igC7LIJmOTLHAxqwHYosy1+J/XZzlp+9L/a39uSH7BRddGaQK2x/aNSupab0/SEXDWDi7VojQd6Of1DgLYRXp+yNGKUh8fvfakLrs1UJ1gDCBP1qyV/eClNCrRxcFmSxLB0X2nZ+KZYAMVXAjxYuitlyepNhLUvnuGyO9YduALEWClaiDRaBXbEULIcu/b/Pzi6v8+lqPJ7MBuk3ER9ixvvaaj3OQ8sWS+i1aP60hKMUyOB9mrgpWu/MJOPXsQneRdbetaN2tLJnOdoUNAEfrJS/TLL8yADD1eKSylOxIb8VLzSGKmIOp+StTXy+mIXg16IJRfXYOeADuKWzfrIh/mXmMQc5FGiha4Y6fN016L9JR0fGYmxiYJqAw9sjoi7qLG/n5acV9BNcHO/qA/Bynn9heAlDQvlXL+sbRYykhFjcPSIyy3Iib5ELvIQvi1lxUXCC9IoxHgFCMAabYzQQB4nDunOv5ngyEEbVuSdupIYbK/A68x7a2iMLy2r0I+aygDYnYXqjHH6KlFhkq+iAktRmg4oysBmTKUHAk/Ky6mrVv0OHCc12nhlG6jzsNjNg95EY9jgljyuOLAHgUVvaW+lqoJXi51zb3aUtGQMYcFs6XsbBtDrDg1jqukVob1nJgKVc6WHGHGyHJ43q7dbcosARh/U0rlhTMhZEDQ5+Z21xZMh1Cws2NQaXauT11bppASJ48ee50fEdY1x5E6CQfnyapKITp5+o+AU0tIVjmU7flTB2i2GCSf8DPjwnePejO+mhcSk8QSSngjyRBfjlgGD0YrN8F19sBnnpcL/M6l7GUAR4KKgRc22papqTdrR5SYN+Y70R5VMt6J8YNV986zqMGt/UsOdDiGa62YUY5OJYMo/l3wbsqHMcDPJXxy5ZWatE/XW2gn4SJiin8xQNu6eB2bUTUeedHaAxkyzg0GrgIV0RG/UPLdajE9QGm/4BHqxssFixmjZKHKX/vihtQfHzKPS6tVFpDZZqAs5XTTXgpQcE8kRmH5jYJT4niceVTH4O1AlxFXgNqgERURJ9mL49u7cMtPtOHcEOlvan8uJZA4lZto2twHHw8Sj0LU0gtzPgBQe14C7yT66XeUEJ21ijGV199VBjci9xib6GC8a0l89kidDadQcxgvvvZeccprLMoQfrTfye8C+5F2cXlBCYSqw0Obc4gfMAENzTAQZmTsA+Cvj0YD+u8v1sPyMBzw+stlZ9AR/mhCX4TAqr9gTTROpMkiGT0uqceBxIWjPJjBDjFvTQuIEN/CFvGgXaFh7Kv45ED3RVhc4pkdMXPp6mTIjVHBJ1oTBPQSWmHPTdlEaujn2WCIufJt5rsWqNMjo7hcQkGyXYdFXBE0Gvq5+Kk0FNlK17NdIGtUu99KfwowmfMRzkRxu+PznMABfOjpmRU1j7ZHPT/ZACTTdpRcX27fYB+aTvuLN0VBwHWMT1DsHVe44YJTTdSj4fKjZvaH+JZG0i0K/jPZmQJh1YGW7y39tjZbf/Lx72lpYZ7UGxoIXmUwa4+m1B9CfX7JeKFM+5OBEE22fVqIdD+guEBhwYFNsLyslRb3DTdW3QnzXCn8kgDQb5J1xd5YJB+0Dq/0PFRodCH+Wpx5XCYa8dezYrvLiTxZLBNYDY5EmkIs7BqZyOPRvCveUOLTYxp715bKmsSeBpu5qzgrithVPyWNJtepN+SLOLjJwdLl1oKneh4qzghUrBERWH6AJwyKRszKfukSdmoSdmYSVnCpIjY0z1Lm5QlTLqcXc+SUeoRH5nU08UmnUSHJnmIFCwyKaQPwCmTZmMmzT5p0mzUpNmYSbOESRGxp/ssbdIsYdJVdnV5iU16+Y81qkd9ZFRPFxt1khDcP6In78hqx/l/iEW64rcgAAA=" />\n<input type="hidden" name="lang" value="eng" />\n<input type="hidden" name="suite" value="cobalt" />\n<input type="hidden" name="reservedids" value="inst,lang,suite" />\n<input type="hidden" name="submitmode" value="" />\n<input type="hidden" name="submitname" value="" />\n<input type="hidden" name="allCountInsertComponent_19" id="allCountInsertComponent_19" value="100" />\n<input type="hidden" name="allAvailCountInsertComponent_19" id="allAvailCountInsertComponent_19" value="100" />\n</div>\r\n\t\t\t\t\t\r\n\t\t\t\t\t\r\n\t\t\t\t\t</form> \r\n\t                    </div>\r\n\t                \r\n\t                \r\n                \r\n                \r\n            </div><!--end mark-->\r\n    \r\n\r\n                                  </div>\r\n                              \r\n                             <!--all -->\r\n                              \r\n                                   <a href="javascript:void(0);" onclick="showHideItemsToggle(this)" class="showAllToggleLink availCheckboxLink"><img width="15" src="resources/gold/images/checkbox_checked.png" class="availCheckbox" height="13" id="checkboxCheckedImageComponent_4"></img>only show available</a>\r\n                                   <a href="javascript:void(0);" onclick="showHideItemsToggle(this)" class="showAvailableToggleLink availCheckboxLink"><img width="15" src="resources/gold/images/checkbox.png" class="availCheckbox" height="13" id="checkboxImageComponent_4"></img>only show available</a>\r\n                                   <a href="javascript:void(0);" onclick="showHideItemsToggle(this)" class="showAllMaxToggleLink availCheckboxLink"><img width="15" src="resources/gold/images/checkbox_checked.png" class="availCheckbox" height="13" id="checkboxCheckedImage2Component_4"></img>only show available</a>\r\n                                   <a href="javascript:void(0);" onclick="showHideItemsToggle(this)" class="showAvailableMaxToggleLink availCheckboxLink"><img width="15" src="resources/gold/images/checkbox.png" class="availCheckbox" height="13" id="checkboxImage2Component_4"></img>only show available</a>\r\n                                    \r\n                                    <div id="allItemsSection" class="allItemsSection">\r\n                                       \r\n    \r\n\r\n    \r\n            \r\n            \r\n                    <!--link moved into dpBibHoldingStatement via initBibHoldingsToggle JS -->\r\n                    <span class="itemsSectionHeader" id="availHeaderWrapperAny2Component_10"><a href="javascript:void(0);" onclick="toggleBibHoldingsPopup(this)">see all</a></span>\r\n            \r\n            <!--start mark -->\r\n             <h3 class="sectionHeader itemsHeader customHeader">Items</h3>\r\n            <div id="allitems-b2581877">\r\n                \r\n\t                \r\n\t                    <div class="itemTableWrapper popUpContentWrapper">\r\n\t                        \r\n    \r\n\t\t<table class="itemTable" cellspacing="3">\r\n        \t<tr>\r\n\t        \t\r\n\t        \t\t<th>\r\n\t        \t\t\tLocation\r\n\t        \t\t</th>\r\n\t        \t\r\n\t        \t\t<th>\r\n\t        \t\t\tCall No.\r\n\t        \t\t</th>\r\n\t        \t\r\n\t        \t\t<th>\r\n\t        \t\t\tStatus\r\n\t        \t\t</th>\r\n\t        \t\r\n        \t</tr>\r\n            \r\n            \t<tr>\r\n            \t\t\r\n                        \r\n            \t\t\r\n                        \r\n                            <td>\r\n                                \r\n                                    \r\n                                    \r\n                                        \r\n                                            \r\n \r\n\t \r\n\t    \t\r\n\t\t\r\n\t\t\r\n\t\t\tHeadquarters\r\n\t\t\r\n    \r\n \r\n\r\n\r\n                                        \r\n                                        \r\n                                    \r\n            \t\t\t        \r\n\t            \t\t\t</td>\r\n            \t\t\t\r\n            \t\t\r\n                        \r\n                            <td>\r\n                                \r\n                                    \r\n                                    \r\n                                        \r\n                                        \r\n                                            \r\n                                                <a id="callNoBrowseDirectLinkComponent_20" href="/iii/encore/SearchResultsPage,searchResultsComponent.resultComponent.searchBrowseResultBibComponent.$BibHoldingsComponent.bibHoldingsAllItems.itemTableComponent.callNoBrowseDirectLinkComponent.sdirect;jsessionid=5F4C8E89B7C5F964F02DBB6C904346CF?lang=eng&amp;sp=Si20338344&amp;sp=Sb2581877&amp;suite=cobalt" onclick="return tapestry.linkOnClick(this.href,\'callNoBrowseDirectLinkComponent_20\', false)">\r\n                                                    VIDEO GAME\r\n                                                </a>\r\n                                            \r\n                                            \r\n                                        \r\n                                    \r\n            \t\t\t        \r\n                                    \r\n                                         \r\n                                    \r\n                                    \r\n            \t\t\t        \r\n                                    \r\n                                         \r\n                                    \r\n                                    \r\n            \t\t\t        \r\n\t            \t\t\t</td>\r\n            \t\t\t\r\n            \t\t\r\n                        \r\n                            <td>\r\n                                \r\n                                    \r\n                                        IN LIBRARY\r\n                                    \r\n                                    \r\n            \t\t\t        \r\n\t            \t\t\t</td>\r\n            \t\t\t\r\n            \t\t\r\n            \t</tr>\r\n            \r\n        </table>\r\n    \r\n\r\n\t                        \r\n\t\t\t\t\t\t\t\r\n\t\t\t\t\t\t\t\t<a id="showAllItemsLinkComponent_20" class="showAllItemsLink customToggle" href="/iii/encore/SearchResultsPage,searchResultsComponent.resultComponent.searchBrowseResultBibComponent.$BibHoldingsComponent.bibHoldingsAllItems.showAllItemsLinkComponent.sdirect;jsessionid=5F4C8E89B7C5F964F02DBB6C904346CF?lang=eng&amp;sp=Sb2581877&amp;sp=T&amp;sp=Sallitems-b2581877&amp;sp=F&amp;suite=cobalt" onclick="return tapestry.linkOnClick(this.href,\'showAllItemsLinkComponent_20\', false)">\r\n\t\t\t\t\t\t\t\tShow remaining items</a>\r\n\t\t\t\t\t\t\t\r\n\t\t\t\t\t\t\t\r\n  \xe2\x80\x8b\t\t\t\t\t\t\t\r\n  \r\n\t\t\t\t\t<form method="post" action="/iii/encore/SearchResultsPage,searchResultsComponent.resultComponent.searchBrowseResultBibComponent.$BibHoldingsComponent.bibHoldingsAllItems.countComponent.sdirect;jsessionid=5F4C8E89B7C5F964F02DBB6C904346CF" id="countComponent_20" style="display:none;">\n<div style="display:none;" id="countComponent_20hidden"><input type="hidden" name="formids" value="allCountInsertComponent_20,allAvailCountInsertComponent_20" />\n<input type="hidden" name="seedids" value="ZH4sIAAAAAAAAAI0ZS3LjunEWyT2y8FKpMmXaspey7HmjKnvGJWnee1lNQSQkoQwSDEDKdq6Syg1ytdwhjQ9FNADa3oyp/qH/3cD8939f/vqvL1/+8uVv/54oKo+soGfnk4bs9Z9CVI2oad2a77olrKYSvhVViolafzXwz17w8gk4/pCkaahceFzqQDn3AVtRvqHfRNE7JmnRgsBlDSq0Azqb7AhoJOoV5UQT+Jy1WBeSNe0jbcmK7iRVB3yyeFl0qhXVN0pKKpc7H1v4mOBUraR4XhDZPrD62ddmuTubXSDsvEbWLHe/zs+yfHLPFT27vESkj+A0cFJ8WkNaKeqNEFz54JKphpO3J4P90Wjz1XI3RTaSI90cmFpTIotDoIt2wBoILFJrgF1gj51z0Eb9bErS0oQAg15WWu9dQrkHUu87QK4phwgKcKXOg5TD3WlFIbq6fRB7Vn9sq0/RgdcMG44JuNz482w2c0cAkejAv/WOyeqWiwJRV29OhTvaBuY6HaxD5pISrMDBGOUyavP44ONa0ZiTMAdAV7QGpkiLWrR/fltN4eufHZXY6SZaX4WsfCirVXs2zSYc/K3/qo611HxYckZ5+UC2lMei1q1kwHQ+IeWR1AUth3xADjBNIEUVizT5sO6qLUN5rBqo9XW331MV1uqRcFaaCr6XUsh3UOorRuu2A1/KeTLoHg67gOTdC+zIg6joU5S3PVQXaNQtsLCgYSAko1pPrxanoSq2ImiJKjaDviOlpgqOMjl88Y5lvTit9ycEhnF779g8DvCKqo5DEdSJ1HQ4HyHaA5Vr0cmCqkdWs4qgPKQ12XLtiQE4m0grxrYKFCGi7BFr2uIQWJaFrt64ifpsqeDafN7Q10CoGuCRTM1nek7fujGnkG3f90K4a2Eol3Mj74k1SM5FH5v1iU0HT3vsk2TY2gTh5q1xU2eayAkk0DSBZ5TW49J8sh0paPubFF3jHzFAl2WQTEemWGBj1gOxRZlr8b+uzqbT/numv7U/N2S/4KIrg1Rh+0O7ZiU1rfc7qWgYC2fXChH6bvSTGmchrCJ9f8QoBYnP718bUpe9WqgOECbwR0v26kGQEnr16KIgk2XpoMi+y1OxDJChCm6leFHUlsuTFHtJKt99Y6S3bBuQpUiwEnWwCPSKrWghZPn37fTy6np6c6PHk9kA3SbiI+xYX3vNxzlI+WJJ/Ratn9YQlGIZnA8zVwWr3eUEnHp2pbvIuttWtO5Wlkxnu8IGgKP1kpdpll8ZAJj6caSylOxI78RLzSGKmIOp+StTF1fnIXg16IJRfXYOeADuKWzfrIh/mXmMQc5FGiha4Y6fN016L9JR0fGYmxiYJqAw9sjoi7qPG/mw4v4A1wc7+oD8HKef2F4CUNC+Vcv61tFjKSEWNw9IjLLciNvkQu8hC+LWXFRcIL0ijEeAUIwBptjNBAHicO5c6vmeDIQRtW5J26khhsr8DrzHtraIwvLavQj5rKANidheqMfvoqUWGSr6KCS1GaDijKwGZMpQcCT8rLqatW/Q4cJzXaeGUbqPOw2M2D3kRj2OCWPK44sAeBRW9pb6WqgleLnXdurTloyAjDksnC9jYdscYMGtdVwjtTas5cBSrnSw4g43QjKN6+3O3aLAEoT1N61YUjAXRg4MfWZuc2XJdAgJNzcGlWrn9tS5aQIhefLkudPxHWFdexChk3x8mqSiEKafq4cENLWEYJlP3ZYzdYhig0n+AT8/Jnj3oHvro3EpPUEkpYA/kgT55YBh9GCwfhNcbwd46nG9zOtcxlIGeCioEHBtq2mZkna/ekyBfWO+EeVRLeudGDdcfe04jxrc1rPkQItnuNqGGeXgWDKM5t8F76pwHA/wVMYvW1qpRf90tYF+EiYqpvAXD7ilg9u1EVHnnR+hMZAt49Bo4CJcERn1Dy3XoRLXB5j+Ax6tbrBYsJg1Sh6m/L0rbkDx8Sn3uLRSaQ2VaQLOVk434aUEBfNEZhw6tUl4ShSPa5r5GKwV4CryGlADJKIi+jR7eXRrH27xmT6EGyrtTeXHtQQSt2obXYPj4OOH1LMwhdTCjB8Q1I63wDsAby0lZGeNYnw981FhcK8uLfYOKhjfWi58tgidnd9AzGC++9l5zymssyhB+tN/J7wL7kXZ7HICE4nVBoc2ZxA+YIIbGuCgzEnYB0HfHoyHtXPZg4cMPDe83lL5CXSUH5rgNyGg2h9JE60zSYJIRq976nEgYcEoP0aAU9xL4wIy9LuwZRxoV3go+zoeOdBdETanSEZXfCBKnBSpOSLoRGOagE5KO+y5KYtYHf0sExQ5T77VTM81yuToGB6XYKBxXMARQa8pnqx6qmzFq5kusFXqvS+FH0X4jNNRToTx+6PznGmMcVMyKmufbA76fzKAySatJy5PtttH6Je24+bprjgIuLFrvmMIts4b3DCh6Ubq8VC5Md047w/RSvGkRLuC/2xGlvB8wmCL99YeO7vtf/m4t7TUcA+KDS0kP2Swq+cTqi+hfr9EvHDG/YkAMxZ2vVoItL9geMChQYGNsLws1RY3TfcW3Ukz3Kk80kCQb9LN1TQwSD9oXV7p+KhQ6ON8tbh2OMy1Y69mxXcXkngy2CaQT45EGsIsrNp85NEI/jVvaLGJMe39a0tlTQJPw82cFdx1JYyK35Ly86v0W5JFfPzkYOlSS6ETHW8VJ0QKlqgoTB+AUyZlYyZlnzQpGzUpGzMpS5gUEXu6Z2mTsoRJs/wmT0apR3xkUk8Xm3QSHZrkIVKwyKSQPgCnTMrHTMo/aVI+alI+ZlKeMCki9nTP0yblCZOus+vZDJv08h9rVI/6yKieLjbqJCG4f0RP3pHVJ7V4BPs/cZpaP8sgAAA=" />\n<input type="hidden" name="lang" value="eng" />\n<input type="hidden" name="suite" value="cobalt" />\n<input type="hidden" name="reservedids" value="inst,lang,suite" />\n<input type="hidden" name="submitmode" value="" />\n<input type="hidden" name="submitname" value="" />\n<input type="hidden" name="allCountInsertComponent_20" id="allCountInsertComponent_20" value="100" />\n<input type="hidden" name="allAvailCountInsertComponent_20" id="allAvailCountInsertComponent_20" value="100" />\n</div>\r\n\t\t\t\t\t\r\n\t\t\t\t\t\r\n\t\t\t\t\t</form> \r\n\t                    </div>\r\n\t                \r\n\t                \r\n                \r\n                \r\n            </div><!--end mark-->\r\n    \r\n\r\n                                    </div>\r\n                            \r\n                            \r\n                                <!--how to test for available items on the threshold link-->\r\n                                       <div class="availableMaxItemsSection">\r\n                                                \r\n    \r\n\r\n    \r\n            \r\n                 \r\n                \r\n                    <!--link moved into dpBibHoldingStatement via initBibHoldingsToggle JS -->\r\n                    <span class="itemsAvailHeader itemsSectionHeader" id="availHeaderWrapperAnyComponent_9">\r\n                           <a id="showMaxItemsLink2Component_9" class="maxItemsLink" href="/iii/encore/SearchResultsPage,searchResultsComponent.resultComponent.searchBrowseResultBibComponent.$BibHoldingsComponent.bibHoldingsAvailableMaxItems2.showMaxItemsLink2Component.sdirect;jsessionid=5F4C8E89B7C5F964F02DBB6C904346CF?lang=eng&amp;sp=Sb2581877&amp;sp=F&amp;sp=Sallavailitemsmax-b2581877&amp;sp=F&amp;suite=cobalt" onclick="return tapestry.linkOnClick(this.href,\'showMaxItemsLink2Component_9\', false)">\r\n                               <a href="javascript:void(0);" onclick="toggleBibHoldingsPopup(this)">see all</a>\r\n                           </a>\r\n                    </span>\r\n                \r\n            \r\n            \r\n            <!--start mark -->\r\n             <h3 class="sectionHeader itemsHeader customHeader">Items</h3>\r\n            <div id="allavailitemsmax-b2581877">\r\n                \r\n\t                \r\n\t                    <div class="itemTableWrapper popUpContentWrapper">\r\n\t                        \r\n    \r\n\t\t<table class="itemTable" cellspacing="3">\r\n        \t<tr>\r\n\t        \t\r\n\t        \t\t<th>\r\n\t        \t\t\tLocation\r\n\t        \t\t</th>\r\n\t        \t\r\n\t        \t\t<th>\r\n\t        \t\t\tCall No.\r\n\t        \t\t</th>\r\n\t        \t\r\n\t        \t\t<th>\r\n\t        \t\t\tStatus\r\n\t        \t\t</th>\r\n\t        \t\r\n        \t</tr>\r\n            \r\n            \t<tr>\r\n            \t\t\r\n                        \r\n            \t\t\r\n                        \r\n                            <td>\r\n                                \r\n                                    \r\n                                    \r\n                                        \r\n                                            \r\n \r\n\t \r\n\t    \t\r\n\t\t\r\n\t\t\r\n\t\t\tHeadquarters\r\n\t\t\r\n    \r\n \r\n\r\n\r\n                                        \r\n                                        \r\n                                    \r\n            \t\t\t        \r\n\t            \t\t\t</td>\r\n            \t\t\t\r\n            \t\t\r\n                        \r\n                            <td>\r\n                                \r\n                                    \r\n                                    \r\n                                        \r\n                                        \r\n                                            \r\n                                                <a id="callNoBrowseDirectLinkComponent_21" href="/iii/encore/SearchResultsPage,searchResultsComponent.resultComponent.searchBrowseResultBibComponent.$BibHoldingsComponent.bibHoldingsAvailableMaxItems2.itemTableComponent.callNoBrowseDirectLinkComponent.sdirect;jsessionid=5F4C8E89B7C5F964F02DBB6C904346CF?lang=eng&amp;sp=Si20338344&amp;sp=Sb2581877&amp;suite=cobalt" onclick="return tapestry.linkOnClick(this.href,\'callNoBrowseDirectLinkComponent_21\', false)">\r\n                                                    VIDEO GAME\r\n                                                </a>\r\n                                            \r\n                                            \r\n                                        \r\n                                    \r\n            \t\t\t        \r\n                                    \r\n                                         \r\n                                    \r\n                                    \r\n            \t\t\t        \r\n                                    \r\n                                         \r\n                                    \r\n                                    \r\n            \t\t\t        \r\n\t            \t\t\t</td>\r\n            \t\t\t\r\n            \t\t\r\n                        \r\n                            <td>\r\n                                \r\n                                    \r\n                                        IN LIBRARY\r\n                                    \r\n                                    \r\n            \t\t\t        \r\n\t            \t\t\t</td>\r\n            \t\t\t\r\n            \t\t\r\n            \t</tr>\r\n            \r\n        </table>\r\n    \r\n\r\n\t                        \r\n\t\t\t\t\t\t\t\r\n\t\t\t\t\t\t\t\t<a id="showAllItemsLinkComponent_21" class="showAllItemsLink customToggle" href="/iii/encore/SearchResultsPage,searchResultsComponent.resultComponent.searchBrowseResultBibComponent.$BibHoldingsComponent.bibHoldingsAvailableMaxItems2.showAllItemsLinkComponent.sdirect;jsessionid=5F4C8E89B7C5F964F02DBB6C904346CF?lang=eng&amp;sp=Sb2581877&amp;sp=T&amp;sp=Sallavailitemsmax-b2581877&amp;sp=F&amp;suite=cobalt" onclick="return tapestry.linkOnClick(this.href,\'showAllItemsLinkComponent_21\', false)">\r\n\t\t\t\t\t\t\t\tShow remaining items</a>\r\n\t\t\t\t\t\t\t\r\n\t\t\t\t\t\t\t\r\n  \xe2\x80\x8b\t\t\t\t\t\t\t\r\n  \r\n\t\t\t\t\t<form method="post" action="/iii/encore/SearchResultsPage,searchResultsComponent.resultComponent.searchBrowseResultBibComponent.$BibHoldingsComponent.bibHoldingsAvailableMaxItems2.countComponent.sdirect;jsessionid=5F4C8E89B7C5F964F02DBB6C904346CF" id="countComponent_21" style="display:none;">\n<div style="display:none;" id="countComponent_21hidden"><input type="hidden" name="formids" value="allCountInsertComponent_21,allAvailCountInsertComponent_21" />\n<input type="hidden" name="seedids" value="ZH4sIAAAAAAAAAI0ZSXLjOLIO0/+Yg4/qCFOmvBxlWdWlCLvskFTdPacKiIQkhEGAA5Cy3W/qD0zMm+YPkwBBCQmAti9lKjfkngnU3//78stfX77848s//zPSVB1YQc/ORzXZmT+FrGopqGjst2gIE1TBt6ZaMynMVw3/7CQvn4DjD0XqmqqZx6X3lHMfsJHlG/pNNL1jihYNCFwIUKE5obPRloBGUiwpJ4bA5xRyVShWNw+0IUu6VVTv8cnyZdbqRlbfKCmpWmx9bOFjglONkvJ5RlRzz8Szr81ie3Y1QdipQNYstj/Pz7J8NOeank2uEOkDOA2cFJ9Wk0ZJsZaSax9cMl1z8vZksY+1MV8vtmNkIznQ9Z7pFSWq2Ae6GAesgKBDGg2wC7pjpxy00T/qkjQ0IcCiF5XRe5tQ7p6IXQvIFeUQQQmuNHmQcrg7rShkK5p7uWPiY1t9iha8ZtlwTMDl1p9nV9fuCCCSLfhXbJmqbrksEHX15lS4o01grtOhc8hUUYIV2FujXEatH+59XCNrexLmAOiSCmCKtBCy+fPbcgxf/26pwk630foqVeVDmdDN2Xg84uBv81e3rKH2oyNnlJf3ZEN5LGrVKAZM5yNSHogoaHnKB+QA2wRSVLFImw+rttowlMe6hlpftbsd1WGtHghnpa3guVJSvYPSXzHatB340s6TQfdw2Bkk705iR+5lRZ+ivO2hpkCjboGFBQ0DIRk1enq1OA5V6SqClqhiM+g7Shmq4CibwxfvWNaLM3p/QmAYt/eOzeMAL6luORSBSKSmw/kI2eypWslWFVQ/MMEqgvKQCrLhxhMn4NVIdWK6VoEiRHR3xIo2OAQdy8xUb9xEfbZUcLt8XtPXQKg+wSOZhs/2nL51Y06pmr7vhXDXwlAu51beE6uRnIs+Nqsjmwme8dgnybC1CcL1W+2mzjiRE0igbQLPKK2HpflkW1LQ5jcl29o/4gRdlEEyHZhmgY1ZD8QWZa7F/7w8G1/031fm2/hzTXYzLtsySBW22zcrVlLber+TioaxcHYtEaHvRj+pcRbCKtL3R4zSkPh8/loTUfZqoTpAmMAfDdnpe0lK6NWDi4JKlqWDIvsmx2I5QU5VcKvki6ZduTwpuVOk8t03RHrLNgFZigQrIYJFoFdsSQupyl8348nl9fjmxownuwG6TcRHdGN95TUf5yDtiyXiLVo/O0NQimVwPsxcHax2kxE49ezSdJFVu6moaJcdmcl2jQ0AR5slLzMsPzMAMP14oKpU7EDv5IvgEEXMwfT0lemLy/MQvDzpglF9dp7wANxR2L5ZEf+y8xiDnIsMUDbSHT+t6/ReZKJi4jG1MbBNQGPsgdEXPY8b+WkbfgTXBzv6Cfk5Tj+xvQSgoH2jF+LW0WMpIRY3D0iMslzL2+RC7yEL4tZcVFwgvSKMR4BQjAWm2O0EAeJw7kzMfE8GwopaNaRp9SmG2v4OvMc2XRGF5bV9kepZQxuSsb1Qj99lQztkqOiDVLTLAB1nZHVCpgwFR8LPqhWseYMOF57rOjWM0l3caWDE7iA3xDAmjCmPLwLgUVjZG+proRfg5V7bsU9bMgIyprBwvgyFbb2HBVeYuEZqrVnDgaVcmmDFHW6AZBzX2527RYElCOtvWrGkYC4MHBj6zN7mypKZEBJubww61c67U6e2CYTkyZOnTsd3hLXNXoZO8vFpkopCmH4s7xPQ1BKCZT61G870PooNJvkX/PyY4N2D5p2PhqX0BJGUAv4oEuSXA4bRg8H6TXKzHeCpx80yb3IZSznBQ0GFhGuboGVK2nz5kAL7xnwj2qNaiK0cNlx/bTmPGtzGs2RPi2e42oYZ5eBYMozm3yVvq3Acn+CpjF80tNKz/ulqDf0kTFRM4S8ecEsHtxsjos47PUBjIBvGodHARbgiKuofRq5DJa4PMP1PeLS6wWLBYtYoeZj29664AcXHp9zj0kqnNdS2CThbOV2HlxIUzCOZdei4S8Jjonhc47GPwVoBriKvATVAIipiTusuj27twy0evAi7uKUy3tR+XEsgcau21TU4Dj4elZmFKaQRZv2AoN14C7wD8KajhOwUKMY3mY8Kg3t53WHvoILxrWXis0XoLMshZjDf/eyccwrrLEqQ/vTfCW+De1F2fTGCicSExeHNOfcwwQ0NcFDmJOyD+eQIxsPauezeQwaeO73eUvUJdJQfhuA3KaHaH0gdrTNJgkhGr3vqcSBhwSA/RuST/qVxBhn6XXZlHGhXeKjudTxyoLsirI+RjK74QJQ4KVJzQNCRxjYBk5TdsOe2LGJ1zLNMUOQ8+VYztqVpc3QIj0sw0DiLCjgi6DXFk9VMlY18tdMFtkqz96XwgwifcTzIiTB+f3Ses40xbkpWZeOT9d78TwYwdUk7KK5vtw/QL48dN9UVvTrtjuk5grUTsKhlQtuNFOShel5eB8b2pwCitzeQ2C3hP+qBNRyaGezx3uLTTe/uP33ca1pqvAflhlaSRxVs6/mImmuo3zERL5wxPxJgxqJbsGYSbTAYHnAYUGAjrC8LvcFt071Gt8qOd6oONBDkm3RzOQ4MMk9ak0sTHx0KfZguZ9cOh7m27NUu+e5KEs4G2wQs4YEoS5iFdZsPPBvBv/YVLTYxpp2/NlQJEnga7uas4K4vYVT8mpSfX6ZfkzrEx48OHV1qLXSi473iiEjBEhWF6QNwyqRsyKTskyZlgyZlQyZlCZMiYk/3LG1SljDpKr/Jk1HqER+Z1NPFJh1FhyZ5iBQsMimkD8Apk/Ihk/JPmpQPmpQPmZQnTIqIPd3ztEl5wqTr7Prqyjfp5b+9UT3qI6N6utioo4TgBhI9ekdWH9XiSVhktcP9H3tsjH7pIAAA" />\n<input type="hidden" name="lang" value="eng" />\n<input type="hidden" name="suite" value="cobalt" />\n<input type="hidden" name="reservedids" value="inst,lang,suite" />\n<input type="hidden" name="submitmode" value="" />\n<input type="hidden" name="submitname" value="" />\n<input type="hidden" name="allCountInsertComponent_21" id="allCountInsertComponent_21" value="100" />\n<input type="hidden" name="allAvailCountInsertComponent_21" id="allAvailCountInsertComponent_21" value="100" />\n</div>\r\n\t\t\t\t\t\r\n\t\t\t\t\t\r\n\t\t\t\t\t</form> \r\n\t                    </div>\r\n\t                \r\n\t                \r\n                \r\n                \r\n            </div><!--end mark-->\r\n    \r\n\r\n                                       </div>\r\n                            \r\n                            \r\n                                    <div id="allMaxItemsSection" class="allMaxItemsSection">\r\n                                        \r\n    \r\n\r\n    \r\n            \r\n                 \r\n                \r\n                    <!--link moved into dpBibHoldingStatement via initBibHoldingsToggle JS -->\r\n                    <span class="itemsSectionHeader" id="availHeaderWrapperAnyComponent_10">\r\n                           <a id="showMaxItemsLink2Component_10" class="maxItemsLink" href="/iii/encore/SearchResultsPage,searchResultsComponent.resultComponent.searchBrowseResultBibComponent.$BibHoldingsComponent.bibHoldingsAllMaxItems.showMaxItemsLink2Component.sdirect;jsessionid=5F4C8E89B7C5F964F02DBB6C904346CF?lang=eng&amp;sp=Sb2581877&amp;sp=F&amp;sp=Sallitemsmax-b2581877&amp;sp=F&amp;suite=cobalt" onclick="return tapestry.linkOnClick(this.href,\'showMaxItemsLink2Component_10\', false)">\r\n                               <a href="javascript:void(0);" onclick="toggleBibHoldingsPopup(this)">see all</a>\r\n                           </a>\r\n                    </span>\r\n                \r\n            \r\n            \r\n            <!--start mark -->\r\n             <h3 class="sectionHeader itemsHeader customHeader">Items</h3>\r\n            <div id="allitemsmax-b2581877">\r\n                \r\n\t                \r\n\t                    <div class="itemTableWrapper popUpContentWrapper">\r\n\t                        \r\n    \r\n\t\t<table class="itemTable" cellspacing="3">\r\n        \t<tr>\r\n\t        \t\r\n\t        \t\t<th>\r\n\t        \t\t\tLocation\r\n\t        \t\t</th>\r\n\t        \t\r\n\t        \t\t<th>\r\n\t        \t\t\tCall No.\r\n\t        \t\t</th>\r\n\t        \t\r\n\t        \t\t<th>\r\n\t        \t\t\tStatus\r\n\t        \t\t</th>\r\n\t        \t\r\n        \t</tr>\r\n            \r\n            \t<tr>\r\n            \t\t\r\n                        \r\n            \t\t\r\n                        \r\n                            <td>\r\n                                \r\n                                    \r\n                                    \r\n                                        \r\n                                            \r\n \r\n\t \r\n\t    \t\r\n\t\t\r\n\t\t\r\n\t\t\tHeadquarters\r\n\t\t\r\n    \r\n \r\n\r\n\r\n                                        \r\n                                        \r\n                                    \r\n            \t\t\t        \r\n\t            \t\t\t</td>\r\n            \t\t\t\r\n            \t\t\r\n                        \r\n                            <td>\r\n                                \r\n                                    \r\n                                    \r\n                                        \r\n                                        \r\n                                            \r\n                                                <a id="callNoBrowseDirectLinkComponent_22" href="/iii/encore/SearchResultsPage,searchResultsComponent.resultComponent.searchBrowseResultBibComponent.$BibHoldingsComponent.bibHoldingsAllMaxItems.itemTableComponent.callNoBrowseDirectLinkComponent.sdirect;jsessionid=5F4C8E89B7C5F964F02DBB6C904346CF?lang=eng&amp;sp=Si20338344&amp;sp=Sb2581877&amp;suite=cobalt" onclick="return tapestry.linkOnClick(this.href,\'callNoBrowseDirectLinkComponent_22\', false)">\r\n                                                    VIDEO GAME\r\n                                                </a>\r\n                                            \r\n                                            \r\n                                        \r\n                                    \r\n            \t\t\t        \r\n                                    \r\n                                         \r\n                                    \r\n                                    \r\n            \t\t\t        \r\n                                    \r\n                                         \r\n                                    \r\n                                    \r\n            \t\t\t        \r\n\t            \t\t\t</td>\r\n            \t\t\t\r\n            \t\t\r\n                        \r\n                            <td>\r\n                                \r\n                                    \r\n                                        IN LIBRARY\r\n                                    \r\n                                    \r\n            \t\t\t        \r\n\t            \t\t\t</td>\r\n            \t\t\t\r\n            \t\t\r\n            \t</tr>\r\n            \r\n        </table>\r\n    \r\n\r\n\t                        \r\n\t\t\t\t\t\t\t\r\n\t\t\t\t\t\t\t\t<a id="showAllItemsLinkComponent_22" class="showAllItemsLink customToggle" href="/iii/encore/SearchResultsPage,searchResultsComponent.resultComponent.searchBrowseResultBibComponent.$BibHoldingsComponent.bibHoldingsAllMaxItems.showAllItemsLinkComponent.sdirect;jsessionid=5F4C8E89B7C5F964F02DBB6C904346CF?lang=eng&amp;sp=Sb2581877&amp;sp=T&amp;sp=Sallitemsmax-b2581877&amp;sp=F&amp;suite=cobalt" onclick="return tapestry.linkOnClick(this.href,\'showAllItemsLinkComponent_22\', false)">\r\n\t\t\t\t\t\t\t\tShow remaining items</a>\r\n\t\t\t\t\t\t\t\r\n\t\t\t\t\t\t\t\r\n  \xe2\x80\x8b\t\t\t\t\t\t\t\r\n  \r\n\t\t\t\t\t<form method="post" action="/iii/encore/SearchResultsPage,searchResultsComponent.resultComponent.searchBrowseResultBibComponent.$BibHoldingsComponent.bibHoldingsAllMaxItems.countComponent.sdirect;jsessionid=5F4C8E89B7C5F964F02DBB6C904346CF" id="countComponent_22" style="display:none;">\n<div style="display:none;" id="countComponent_22hidden"><input type="hidden" name="formids" value="allCountInsertComponent_22,allAvailCountInsertComponent_22" />\n<input type="hidden" name="seedids" value="ZH4sIAAAAAAAAAI0Zy3LbODKH3f+Yg4/aKlOWregoy0qiKit2SUpm5pSCSEhCGQS4ACnb+037MVv7H/MP0wBBCQ2Ati8x1S/0uxvIf//69M//fPr0j0+//W+gqTqynF5cDiqyN39yWVZSUFHbb1ETJqiCb021ZlKYrwr+2UtePALH74pUFVUzj0sfKOc+YCuLV/SbaHrHFM1rELgQoEJ9RmeDHQGNpFhRTgyBzynkOlesqpe0Jiu6U1Qf8MnyedboWpbfKCmoWux8bO5jglONkvJpRlR9z8STr81idzEeI+xUIGsWu1+XF9loMOeaXlxPEOkSnAZOik+rSK2k2EjJtQ8umK44eX202IfKmK8XuyGykRzp5sD0mhKVHwJdjAPWQNAijQbYBe2xUw7a6B9VQWqaEGDRi9LovUsod0/EvgHkmnKIoARXmjxIOdydlueyEfW93DPxvq0+RQNes2w4JuBy68+L8cQdAUSyAf+KHVPlLZc5oi5fnQp3tA7MdTq0DpkqSrACB2uUy6jN8t7H1bKyJ2EOgK6oAKZICyHrP76thvD174Yq7HQbrS9SlT6UCV1fDK8GHPxt/uqG1dR+tOSM8uKebCmPRa1rxYDpckCKIxE5Lc75gBxgm0CKKhZp82HdlFuG8lhXUOvrZr+nOqzVI+GssBU8V0qqN1D6C0abtgNf2nky6B4OO4Pk3UvsyIMs6WOUtx3UFGjULbCwoGEgJKNGT68Wh6EqbUXQAlVsBn1HKUMVHGVz+OoNyzpxRu8PCAzj9taxozjAK6obDkUgEqnpcD5C1geq1rJROdVLJlhJUB5SQbbceOIMHA9UK6ZtFShCRLdHrGmNQ9CyzEz1xk3UZ0sFt83nDX0JhOozPJJp+GzP6Vo35pSq7vpeCHctDOXyyMp7ZBWSc9XFZn1iM8EzHvsgGbY2Qbh5rdzUGSZyAgm0TeAJpXW/NJ9sR3Jaf1WyqfwjztBFESTTkWkW2Jh1QGxR5lr8r5uL4aj7Hptv488N2c+4bIogVdj+UK9ZQW3r/U5KGsbC2bVChL4b/aTGWQirSNcfMUpD4vP5S0VE0amF6gBhAn/UZK/vJSmgV/cuCipZlg6K7Ls+FcsZcq6CWyWfNW3L5VHJvSKl774+0lu2DchSJFgJESwCnWIrmktV/Gs7vL75PJxMzHiyG6DbRHxEO9bXXvNxDtK+WCJeo/WzNQSlWAbnw8zVwWp3PQCnXtyYLrJutiUVzaolM9musQHgaLPkZYblVwYAph+OVBWKHemdfBYcoog5mJ6+MH11cxmCV2ddMKrLzjMegHsK2zfL4192HmOQc5EBylq646dVld6LTFRMPKY2BrYJaIw9Mvqs53Ejvz6tuA/g+mBHPyM/xukntpcAFLSv9ULcOnosJcTi5gGJURQbeZtc6D1kTtyai4oLpJeE8QgQirHAFLudIEAczp1rM9+TgbCi1jWpG32Ooba/A++xbVtEYXntnqV60tCGZGwv1ON3WdMWGSq6lIq2GaDjjCzPyJSh4Ej4WTaC1a/Q4cJzXaeGUbqPOw2M2D3khujHhDHl8UUAPAore019LfQCvNxpO/RpC0ZAxhQWzue+sG0OsOAKE9dIrQ2rObAUKxOsuMP1kAzjertztyiwBGH9TSuWFMyFngNDn9nbXFEwE0LC7Y1Bp9p5e+rUNoGQPHny1On4hrCmPsjQST4+TVJSCNOP1X0CmlpCsMzHZsuZPkSxwSR/ws/3Cd48aN76qF9KRxBJyeGPIkF+OWAYPRis3yQ32wGeetws8yaXsZQzPBSUS7i2CVqkpM1XyxTYN+Yb0R7VQuxkv+H6S8N51OC2niUHmj/B1TbMKAfHkmE0/5S8KcNxfIanMn5R01LPuqerDfSTMFExhb94wC0d3G6MiDrv9AiNgWwZh0YDF+GSqKh/GLkOlbg+wPQ/49HqBosFi1mj5GHa37viBhQfn3KPSyud1lDbJuBs5XQTXkpQME9k1qHDNglPieJxDa98DNYKcCV5CagBElERc1p7eXRrH27x4EXYxS2V8ab241oAiVu1ra7BcfDxoMwsTCGNMOsHBG3HW+AdgNctJWSnQDGeXPuoMLjjrMXeQQXjW8vYZ4vQWTaBmMF897NzzimssyhButN/Et4E96Jskg1gIjFhcXhznniY4IYGOChzEvZB0LcD42HtXHbvIQPPnV9vqfoAOsoPQ/BVSqj2JamidSZJEMnodE89DiQs6OXHCHCKe2mcQYZ+l20ZB9rlHqp9HY8c6K4Im1Mkoys+ECVOitTsEXSisU3AJGU77Lkti1gd8ywTFDlPvtUMhwZlc7QPj0sw0HgYFXBE0GmKJ6uZKlv5YqcLbJVm70vhexE+47CXE2H8/ug8Zxtj3JSsysYnm4P5nwxgapO2V1zXbpfQL08dN9UVUVO0e77jCNbOsGVC240U5KF6/cZ2p3j2BhLbJfxH1bOGjwYM9nhv8Wmnd/ufPu41LTXeg3JDK8mDCrb10YCaa6jfMREvnDE/EWDGvF2wZhJtMBgecBhQYCOsLwu9xW3TvUY3yo53qo40EOSbNLkZBgaZJ63rGxMfHQpdTlezzw6HuXbsxS757koSzgbbBCzhkShLmIV1O+p5NoJ/7StabGJMO3+pqRIk8DTczVnOXV/CqPg1aXR5k35NahHvPzq0dKm10ImO94oTIgVLVBSmD8Apk7I+k7IPmpT1mpT1mZQlTIqIPd2ztElZwqTxaDJKRqlDvGdSRxebdBIdmuQhUrDIpJA+AKdMGvWZNPqgSaNek0Z9Jo0SJkXEnu6jtEmjhEmfs8/jsW/S8/87ozrUe0Z1dLFRJwnBDSR69I6sPqnFk7DI6pAeg/8GK4Ap5gAhAAA=" />\n<input type="hidden" name="lang" value="eng" />\n<input type="hidden" name="suite" value="cobalt" />\n<input type="hidden" name="reservedids" value="inst,lang,suite" />\n<input type="hidden" name="submitmode" value="" />\n<input type="hidden" name="submitname" value="" />\n<input type="hidden" name="allCountInsertComponent_22" id="allCountInsertComponent_22" value="100" />\n<input type="hidden" name="allAvailCountInsertComponent_22" id="allAvailCountInsertComponent_22" value="100" />\n</div>\r\n\t\t\t\t\t\r\n\t\t\t\t\t\r\n\t\t\t\t\t</form> \r\n\t                    </div>\r\n\t                \r\n\t                \r\n                \r\n                \r\n            </div><!--end mark-->\r\n    \r\n\r\n                                    </div>\r\n                            \r\n                            \r\n                            <div id ="showMoreLessLinkContainer">&nbsp;</div>\r\n                            \r\n                            <img alt="Drop Up Shadow" src="resources/gold/images/dropShadowUpArrow.png" class="dropShadowUpArrow" id="dialogUpArrowImageAnyComponent_4"></img>\r\n                        </div>\r\n                    </div>\r\n                    \r\n               \r\n               \r\n    \t\r\n    \t<!-- Order info -->\r\n        \r\n   \r\n\r\n\r\n                    \r\n                    \n    \n     \n\r\n                    \r\n\t\r\n\t\t<span title="ctx_ver=Z39.88-2004&amp;rft_val_fmt=info%3Aofi%2Ffmt%3Akev%3Amtx%3Abook&amp;rfr_id=info%3Asid%2Fiii.com%3Aencore&amp;rft.btitle=Nintendo+Switch+%3A+The+world+ends+with+you+%3A+final+remix.&amp;rft.isbn=&amp;rft.date=&amp;rft_id=http%3A%2F%2Fencore.slcl.org%2Fiii%2Fencore%2Frecord%2FC__Rb2581877__SNintendo%2520Switch__P0%252C5__Orightresult__X3%3Bjsessionid%3D5F4C8E89B7C5F964F02DBB6C904346CF%3Flang%3Deng%26suite%3Dcobalt" class="Z3988" id="coinsAnyComponent_4"></span>\r\n\t\r\n\r\n                    <!-- ratingReviewsSummaryComponent -->\r\n                    \r\n                    <div class="addtlInfo">\r\n                       \r\n                       \r\n                       \r\n   \r\n\r\n                    </div>\r\n                </div>\r\n            </div>\r\n            <div class="bibLocations">\r\n                \r\n                \r\n            </div>\r\n        </div>\r\n    \r\n\r\n\t\r\n\r\n\t<!-- Browse Result Resource -->\r\n\t\r\n\r\n\t<!-- Browse Result External -->\r\n\t\r\n\r\n               \r\n           \r\n               \r\n\t<!-- Browse Result Program -->\r\n\t\r\n\r\n\t<!-- Browse Result Bib -->\r\n\t\r\n\t\t \r\n    \r\n        <div id="resultRecord-b2576481" class="gridBrowseContent2 searchResult">\r\n            <div class="gridBrowseCol1">\r\n                <div id="actionsUpdate-b2576481">\r\n                  \r\n    <span id="anyWrapperComponent_5">\r\n        \r\n    </span>\r\n\r\n                  <div class="citationButtons">\r\n                     \n    <div class="requestLink" id="Any_6">\n        \n\n        \n            <div class="Request" id="Any_1_5"> \n                        \t         \n            \t \n                \n                \n                \n                \t\n    \n    \n \n       \n        \n        \n            \n                <div class="requestButton">\n                   <a id="genericLink_5" class="button secondaryAction" href="https://encore.slcl.org/iii/encore/search;jsessionid=5F4C8E89B7C5F964F02DBB6C904346CF/Sdologin?lang=eng&amp;target=Nintendo%20Switch&amp;loginReason=doRequest&amp;actionRecordId=b2576481">\n                       <img alt="Direct Link" src="resources/gold/images/hold.png" id="genericLinkImage_5"></img>Request it\n                   </a>\n                </div>   \n            \n            \n        \n    \n\n                \n                \n                  <!--     popup -->\n                 \n        \t <!--    popup -->\n                \n            </div>\n        \n    </div>\n\r\n                  </div>\r\n                  \r\n<div class="addtlActions">\r\n\t\t<p>Additional actions:</p>\r\n    <ul class="inline-list initialActions">\r\n        \r\n        <li>\r\n    \r\n        <span id="bookCartOperationAnyComponentb2576481">\r\n            \r\n            \r\n\t\t\t\t\t<a id="addToBookCartLinkComponent_5" onMouseup="renewSession()" href="/iii/encore/SearchResultsPage,searchResultsComponent.resultComponent.searchBrowseResultBibComponent.recordActionsComponent.bookCartOperationComponent.addToBookCartLinkComponent.sdirect;jsessionid=5F4C8E89B7C5F964F02DBB6C904346CF?lang=eng&amp;sp=Sb2576481&amp;suite=cobalt" onclick="return tapestry.linkOnClick(this.href,\'addToBookCartLinkComponent_5\', false)">\r\n\t\t\t\t\t\t<img alt="Book Cart" width="22" title="Add to cart" src="resources/gold/images/bookcart.png" class="actionIcon" height="20" id="addToBookcartImageAnyComponent_5"></img>\r\n\t\t\t\t    </a>\r\n            \r\n        </span>\r\n    \r\n</li>\r\n        <li>\r\n    <a id="emailLinkComponent_5" onMouseup="renewSession()" class="toolbarItem popInDialogTrigger" href="/iii/encore/SearchResultsPage,searchResultsComponent.resultComponent.searchBrowseResultBibComponent.recordActionsComponent.emailComponent.emailLinkComponent.sdirect;jsessionid=5F4C8E89B7C5F964F02DBB6C904346CF?lang=eng&amp;sp=Sb2576481&amp;suite=cobalt" onclick="return tapestry.linkOnClick(this.href,\'emailLinkComponent_5\', false)">\r\n        <img alt="Email" width="19" title="Email" src="resources/gold/images/email.png" class="actionIcon" height="13" id="emailImageAnyComponent_5"></img>\r\n        \r\n    </a>\r\n    <!--confirmation dialog-->\r\n    \r\n    <div id="emailMessageContainer">\r\n        <div id="sentStatus">\r\n            <div id="emailStatusMessage">\r\n                \r\n            </div>\r\n        </div>\r\n    </div>\r\n</li>\r\n        \r\n             <li>\r\n\t\r\n</li>\r\n             <li>\r\n    \r\n</li>\r\n        \r\n        \r\n            <li><a href="javascript:void(0);" class="popUpTrigger moreActionsLink" onclick="toggleBibHoldingsPopup(this, false, \'moreActionsWrapper\',\'gridBrowseCol1\')">\r\n            <img width="13" alt="more actions" title="More actions" src="resources/gold/images/more.png" class="actionIcon" height="13" id="moreActionsImageAnyComponent_5"></img></a></li>\r\n        \r\n    </ul>\r\n   <div class="moreActionsWrapper popUpWrapper">\r\n       <a class="closeLink" onclick="toggleBibHoldingsPopup(this, true, \'moreActionsWrapper\',\'gridBrowseCol1\')" href="javascript:void(0);">\r\n           close\r\n       </a>\r\n       <h3 class="moreActionsHeader">more</h3>\r\n        <ul class="inline-list moreActions">\r\n            <li>\r\n    \r\n\t    \r\n\t    \r\n\t        <a id="loginLinkComponent_5" href="https://encore.slcl.org/iii/encore/search;jsessionid=5F4C8E89B7C5F964F02DBB6C904346CF/Sdologin?lang=eng&amp;target=Nintendo%20Switch&amp;loginReason=doTag&amp;actionRecordId=b2576481">\r\n\t           <img width="20" title="Add a Tag" src="resources/gold/images/tag.png" class="actionIcon" height="19" id="createCommunityTagsIconImageAny2Component_5"></img>\r\n\t        </a>\r\n\t    \r\n    \r\n</li>\r\n            \r\n            \r\n        </ul>\r\n       <img src="resources/gold/images/dropShadowArrow.png" class="dropShadowArrow" id="dialogArrowImageAnyComponent_5"></img>\r\n    </div>\r\n</div>\t \r\n\r\n                </div>\r\n            </div>\r\n            <div class="gridBrowseCol2">\r\n                \r\n                    <!--title-->\r\n                <div class="dpBibTitle">\r\n                    <!-- please read c1063106, c1063117, c1044421, c1060576a before changing title -->\r\n                    \r\n                        \r\n                            <span class="title">\r\n                                <a id="recordDisplayLink2Component_5" href="/iii/encore/record/C__Rb2576481__SNintendo%20Switch__P0%2C6__Orightresult__X3;jsessionid=5F4C8E89B7C5F964F02DBB6C904346CF?lang=eng&amp;suite=cobalt">\r\n                                    Nintendo Switch : Monster hunter generations ultimate.\r\n                                </a>\r\n                            </span>\r\n                        \r\n                        \r\n                        \r\n                            <span class="title">\r\n                                <span class="additionalFields customSecondaryText">\r\n                                    \r\n                                </span>\r\n                            </span>\r\n                        \r\n                    \r\n\r\n                    \r\n                    <div class="dpBibAuthor">\r\n                        \r\n                        \r\n                    </div>\r\n                    <!-- MARC 962 Media -->\r\n                    <div class="recordDetailValue">\r\n                        \r\n                        <span class="itemMediaDescription" id="mediaTypeInsertComponent_5">ELECTRONIC RES</span>\r\n                        \r\n                        \r\n                                <span class="pipeDivider">|</span>\r\n                                <span class="itemMediaYear" id="searchResultPubYearInsertComponent_5"></span>\r\n                            \r\n                        \r\n                              <span class="pipeDivider">|</span>\r\n                              <span class="itemEdition" id="searchResultEditionInsertComponent_5">Nintendo Switch ed.</span>\r\n                           \r\n                    </div>\r\n                    \r\n                    \r\n                        <!-- bibHoldingsComponentAvailableOnlyOrAllItems -->\r\n                        \r\n    <!--start item info-->\r\n    \r\n    \r\n        <!-- over threshold holdings info -->\r\n        \r\n\t\r\n\r\n    \t<!--ERM-->\r\n        \r\n    \r\n    <!-- Dialog content -->\r\n    \r\n\r\n        <!-- checkin info -->\r\n        \r\n\t\r\n\r\n        <!-- Volume info -->\r\n        \r\n        <!-- Item info -->\r\n        \r\n                \r\n                  <!--This ItemsContainer elem does not get rendered into a toggle on the record page - only the browse -->\r\n                  <div id="ItemsContainer-b2576481" class="ItemsContainer">\r\n                        \r\n                           \r\n    \r\n        <div class="availabilitySummaryArea">\r\n            \r\n                <div class="dpBibHoldingStatement">\r\n                    <span class="availabilityMessage">\r\n                        <span class="itemsAvailable">Available</span> at Indian Trails (<span class="availCallNumber">VIDEO GAME</span>) plus 2 more\r\n                    </span>\r\n                    \r\n                        <span class="itemsContainerPopUpTrigger"></span>\r\n                    \r\n                </div>\r\n            \r\n        </div>\r\n    \r\n    \r\n    \r\n\r\n                        \r\n                        <div class="content bibHoldingsWrapper popUpWrapper">\r\n                            <a href="javascript:void(0);" onclick="toggleBibHoldingsPopup(this, true)" class="closeLink">close</a>\r\n                            <!-- available-->\r\n                              \r\n                                  <div id="availableItemsSection" class="availableItemsSection">\r\n                                      \r\n    \r\n\r\n    \r\n            \r\n            \r\n                    <!--link moved into dpBibHoldingStatement via initBibHoldingsToggle JS -->\r\n                    <span class="itemsAvailHeader itemsSectionHeader" id="availHeaderWrapperAny2Component_11"><a href="javascript:void(0);" onclick="toggleBibHoldingsPopup(this)">see all</a></span>\r\n            \r\n            <!--start mark -->\r\n             <h3 class="sectionHeader itemsHeader customHeader">Items</h3>\r\n            <div id="allavailitems-b2576481">\r\n                \r\n\t                \r\n\t                    <div class="itemTableWrapper popUpContentWrapper">\r\n\t                        \r\n    \r\n\t\t<table class="itemTable" cellspacing="3">\r\n        \t<tr>\r\n\t        \t\r\n\t        \t\t<th>\r\n\t        \t\t\tLocation\r\n\t        \t\t</th>\r\n\t        \t\r\n\t        \t\t<th>\r\n\t        \t\t\tCall No.\r\n\t        \t\t</th>\r\n\t        \t\r\n\t        \t\t<th>\r\n\t        \t\t\tStatus\r\n\t        \t\t</th>\r\n\t        \t\r\n        \t</tr>\r\n            \r\n            \t<tr>\r\n            \t\t\r\n                        \r\n            \t\t\r\n                        \r\n                            <td>\r\n                                \r\n                                    \r\n                                    \r\n                                        \r\n                                            \r\n \r\n\t \r\n\t    \t\r\n\t\t\r\n\t\t\r\n\t\t\tIndian Trails\r\n\t\t\r\n    \r\n \r\n\r\n\r\n                                        \r\n                                        \r\n                                    \r\n            \t\t\t        \r\n\t            \t\t\t</td>\r\n            \t\t\t\r\n            \t\t\r\n                        \r\n                            <td>\r\n                                \r\n                                    \r\n                                    \r\n                                        \r\n                                        \r\n                                            \r\n                                                <a id="callNoBrowseDirectLinkComponent_23" href="/iii/encore/SearchResultsPage,searchResultsComponent.resultComponent.searchBrowseResultBibComponent.$BibHoldingsComponent.bibHoldingsAvailableItems2.itemTableComponent.callNoBrowseDirectLinkComponent.sdirect;jsessionid=5F4C8E89B7C5F964F02DBB6C904346CF?lang=eng&amp;sp=Si20283988&amp;sp=Sb2576481&amp;suite=cobalt" onclick="return tapestry.linkOnClick(this.href,\'callNoBrowseDirectLinkComponent_23\', false)">\r\n                                                    VIDEO GAME\r\n                                                </a>\r\n                                            \r\n                                            \r\n                                        \r\n                                    \r\n            \t\t\t        \r\n                                    \r\n                                         \r\n                                    \r\n                                    \r\n            \t\t\t        \r\n                                    \r\n                                         \r\n                                    \r\n                                    \r\n            \t\t\t        \r\n\t            \t\t\t</td>\r\n            \t\t\t\r\n            \t\t\r\n                        \r\n                            <td>\r\n                                \r\n                                    \r\n                                        IN LIBRARY\r\n                                    \r\n                                    \r\n            \t\t\t        \r\n\t            \t\t\t</td>\r\n            \t\t\t\r\n            \t\t\r\n            \t</tr>\r\n            \r\n        </table>\r\n    \r\n\r\n\t                        \r\n\t\t\t\t\t\t\t\r\n\t\t\t\t\t\t\t\t<a id="showAllItemsLinkComponent_23" class="showAllItemsLink customToggle" href="/iii/encore/SearchResultsPage,searchResultsComponent.resultComponent.searchBrowseResultBibComponent.$BibHoldingsComponent.bibHoldingsAvailableItems2.showAllItemsLinkComponent.sdirect;jsessionid=5F4C8E89B7C5F964F02DBB6C904346CF?lang=eng&amp;sp=Sb2576481&amp;sp=T&amp;sp=Sallavailitems-b2576481&amp;sp=F&amp;suite=cobalt" onclick="return tapestry.linkOnClick(this.href,\'showAllItemsLinkComponent_23\', false)">\r\n\t\t\t\t\t\t\t\tShow remaining items</a>\r\n\t\t\t\t\t\t\t\r\n\t\t\t\t\t\t\t\r\n  \xe2\x80\x8b\t\t\t\t\t\t\t\r\n  \r\n\t\t\t\t\t<form method="post" action="/iii/encore/SearchResultsPage,searchResultsComponent.resultComponent.searchBrowseResultBibComponent.$BibHoldingsComponent.bibHoldingsAvailableItems2.countComponent.sdirect;jsessionid=5F4C8E89B7C5F964F02DBB6C904346CF" id="countComponent_23" style="display:none;">\n<div style="display:none;" id="countComponent_23hidden"><input type="hidden" name="formids" value="allCountInsertComponent_23,allAvailCountInsertComponent_23" />\n<input type="hidden" name="seedids" value="ZH4sIAAAAAAAAAI1ZXW7jOBLuBWYPsoAfvUDk2E7y6DjuaQNJJ7Dds7vAYhu0RNtEKFFDSk4yZ5qrzR22+CObRVJJXjpyfcVi/bPI/vOvL3//48uXX778479DReWR5XRwMazJXv/JRVmLilaN+a4awioq4VtRpZio9FcN/+wFL55gxb8kqWsq594qdaCc+4StKN7Qb6LoHZM0b0DgsgIVmjOcDXcENBLVinKiGfyVlVjnktXNA23Iiu4kVQe8s3iZt6oR5TdKCiqXOx/NfSTYVSspnudENveseva1We4G15cInVXImuXu58Ugmw4XXNHBFLM+gNPASfFuNWmkqDZCcOWTC6ZqTt6eDPpYa/PVcjdCNpIj3RyYWlMi80Ogi3bAGhgsqDXALrDbzjhoo37UBWloQoCBl6XWe5dQ7p5U+xbANeUQQQGu1HmQcrjbLc9FWzX3Ys+qj231OVrwmlmGYwIuN/4cXI/dFsAkWvBvtWOyvOUiR9zlm1PhjjaBuU4H65CZpAQrcDBGuYzaPNz7WCNqsxNeAdQVrWBRpEUlmn9/W43g6/eWSux0E62vQpY+lVWqGYzGQw7+1n9VyxpqPiw7o7y4J1vKY1HrRjJYdDEkxZFUOS3O+YAcYJpAiisWafJh3ZZbhvJY1VDr63a/pyqs1SPhrDAVvJBSyHcg9RXDuu3Al3KeDLqHQ+eQvHuBHXkQJX2K8raj6gKNugUWFjQMBDKq9fRqcRSqYiuCFqhiM+g7UmquYCuTw5fvWNaJ03p/QmAYt/e2HccBXlHVciiCKpGaDvMB0RyoXItW5lQ9sIqVBOUhrciWa0+ciddDacXYVoEiRJTdYk0bHAK7ZK6rN26i/rJUcG0+b+hrIFSd6ZFMvc70nK5145VCNl3fC+muhaFcHht5T6xGci672KxPy3TwtMc+yYatTTBu3mp36owSOYEEmibwjNK6X5rPtiM5bX6Voq39Lc7UZREk05EpFtiYdURsUeZa/M/pYDTpvq/0t/bnhuznXLRFkCpsf2jWrKCm9X4nJQ1j4exaIUbfjX5S4yyEUaTrjxhSkPh88VqTqujUQnWAkMAfDdmre0EK6NW9g4JMlqWjIvump2I5U85VcCvFi6K2XJ6k2EtS+u7rY71l24AtxYKVqIJBoFNsRXMhi39uR5Pp9ejmRh9PZgJ0k4gP2GN97TUf5yDliyXVWzR+WkNQil3C/nDmqmC0mw7BqYMr3UXW7bakVbuybDrbFTYAHK2HvEu95GcGBKYej1QWkh3pnXipOEQRr2Bq9srU5fQiJK/OumCoy84zDsQ9hemb5fEvcx5jknORJopGuO1ndZ2ei3RUdDxmJgamCSiMHhl9UYu4kU9PI+4juD6Y0c/g51b6ie0lAAXtG7Wsbh0/lhKiuHlAYhTFRtwmB3oPzIkbc1FxgfSSMB4RQjGGmFpuThBgDs+dqT7fk4EwotYNaVp1jqEyvwPvsa0torC8di9CPitoQyK2F+rxu2ioBUNFH4SkNgNUnJHlGUwZCo6En2VbseYNOly4r+vUcJTu404DR+wecqPqR8KY8vgiAB6Fkb2hvhZqCV7utB35vAUjIGMGA+dLX9g2BxhwKx3XSK0NazgsKVY6WHGH62EZxfV2525RYAlC/UkrlhScCz0bhj4zt7miYDqEhJsbg0q1c7vrzDSBkD2588zp+I6wtjmI0Ek+nmYpKYTpx+o+QU0NIVjmU7vlTB2i2GCW/8DPjxne3WhhfdQvpWOIpOTwR5IgvxwxjB4crN8E19MBPvW4HuZ1LmMpZ3ooKBdwbatokZK2WD2kyL4x34jyuJbVTvQbrr62nEcNbutZcqD5M1xtw4xydCwZjubfBG/L8Dg+01MZv2xoqebd09UG+kmYqJjDHzzglg5u10ZEnXd2hMZAtoxDo4GLcElk1D+0XAclrg9w+p9xNLrBYMHipVHyMOXPXXEDirdPucellUprqEwTcLZyugkvJSiYJzbj0JFNwlOieKtGYx/BWgFWkteAGygRF9G72cujG/twi89GsAk3XNqbyo9rASxu1Da6BtvBx6PUZ2EK1MKMHxDVHm+Bd4DeWE7IzgrF+ObGh8LgXrmFd1DB+NaClkVwpvVTcL772bngFMZZlCDd7r8R3gb3ogwwOJFYZTA0OYPwMxLc0PTLlMhJ2AdB346MD2vnsnsPDDx3fr2l8hNwlB+a4VchoNofSB2NM0mGSEane+pxIGFB73oMgFPcS+McMvS7sGUcaJd7kH0djxzorgibUySjKz4wJXaK1OwRdOIxTUAnpT3suSmLWB39LBMUOU++1YwuNWRytA/HJRhofBkVcMTQaeo5dTLM9amyFa/mdIGpUs99KbwX8BeOelcixO+PznNABfOjpmRU1j7ZHPT/ZMAim7S94rp2+wD90nbcSborenWa2TnfrQjGTkBRy4S2GynIQ/X6je128ewNJNoh/EfdM4ZPhgzmeG/wsae3/U+fwaT3eMfZMEEjyaMMpvXJkOprqN8x0VrYY3FiCPLJDlhzgSYYTA9WaFJgI4wvS7WtMKN9jW6lOd6pPNJAkG/SzXQUGKSftCZTHR8VCn2YrebXDsOrduzVDPnuShKeDaYJGMYjkYYxC+t20vNsBP+aV7TYxJh38dpQWZHA03A3Zzl3fQlD8WvS+GKafk2ywMePDpYvNRY60fFccQJStERFYf6AnDIp6zMp+6RJWa9JWZ9JWcKkiNnTPUublCVMuhrfjJNR6oCPTOr4YpNOokOTPCBFi0wK+QNyyqRxn0njT5o07jVp3GfSOGFSxOzpPk6bNE6YdJ1dX135JkET+Nv/Ors69CO7Or7YrpOE4BISvXtHhp8040laZHjIH5CjWE7H18mK64APY+n4ErHsREextMD/AXvZSlSPIQAA" />\n<input type="hidden" name="lang" value="eng" />\n<input type="hidden" name="suite" value="cobalt" />\n<input type="hidden" name="reservedids" value="inst,lang,suite" />\n<input type="hidden" name="submitmode" value="" />\n<input type="hidden" name="submitname" value="" />\n<input type="hidden" name="allCountInsertComponent_23" id="allCountInsertComponent_23" value="100" />\n<input type="hidden" name="allAvailCountInsertComponent_23" id="allAvailCountInsertComponent_23" value="100" />\n</div>\r\n\t\t\t\t\t\r\n\t\t\t\t\t\r\n\t\t\t\t\t</form> \r\n\t                    </div>\r\n\t                \r\n\t                \r\n                \r\n                \r\n            </div><!--end mark-->\r\n    \r\n\r\n                                  </div>\r\n                              \r\n                             <!--all -->\r\n                              \r\n                                   <a href="javascript:void(0);" onclick="showHideItemsToggle(this)" class="showAllToggleLink availCheckboxLink"><img width="15" src="resources/gold/images/checkbox_checked.png" class="availCheckbox" height="13" id="checkboxCheckedImageComponent_5"></img>only show available</a>\r\n                                   <a href="javascript:void(0);" onclick="showHideItemsToggle(this)" class="showAvailableToggleLink availCheckboxLink"><img width="15" src="resources/gold/images/checkbox.png" class="availCheckbox" height="13" id="checkboxImageComponent_5"></img>only show available</a>\r\n                                   <a href="javascript:void(0);" onclick="showHideItemsToggle(this)" class="showAllMaxToggleLink availCheckboxLink"><img width="15" src="resources/gold/images/checkbox_checked.png" class="availCheckbox" height="13" id="checkboxCheckedImage2Component_5"></img>only show available</a>\r\n                                   <a href="javascript:void(0);" onclick="showHideItemsToggle(this)" class="showAvailableMaxToggleLink availCheckboxLink"><img width="15" src="resources/gold/images/checkbox.png" class="availCheckbox" height="13" id="checkboxImage2Component_5"></img>only show available</a>\r\n                                    \r\n                                    <div id="allItemsSection" class="allItemsSection">\r\n                                       \r\n    \r\n\r\n    \r\n            \r\n            \r\n                    <!--link moved into dpBibHoldingStatement via initBibHoldingsToggle JS -->\r\n                    <span class="itemsSectionHeader" id="availHeaderWrapperAny2Component_12"><a href="javascript:void(0);" onclick="toggleBibHoldingsPopup(this)">see all</a></span>\r\n            \r\n            <!--start mark -->\r\n             <h3 class="sectionHeader itemsHeader customHeader">Items</h3>\r\n            <div id="allitems-b2576481">\r\n                \r\n\t                \r\n\t                    <div class="itemTableWrapper popUpContentWrapper">\r\n\t                        \r\n    \r\n\t\t<table class="itemTable" cellspacing="3">\r\n        \t<tr>\r\n\t        \t\r\n\t        \t\t<th>\r\n\t        \t\t\tLocation\r\n\t        \t\t</th>\r\n\t        \t\r\n\t        \t\t<th>\r\n\t        \t\t\tCall No.\r\n\t        \t\t</th>\r\n\t        \t\r\n\t        \t\t<th>\r\n\t        \t\t\tStatus\r\n\t        \t\t</th>\r\n\t        \t\r\n        \t</tr>\r\n            \r\n            \t<tr>\r\n            \t\t\r\n                        \r\n            \t\t\r\n                        \r\n                            <td>\r\n                                \r\n                                    \r\n                                    \r\n                                        \r\n                                            \r\n \r\n\t \r\n\t    \t\r\n\t\t\r\n\t\t\r\n\t\t\tIndian Trails\r\n\t\t\r\n    \r\n \r\n\r\n\r\n                                        \r\n                                        \r\n                                    \r\n            \t\t\t        \r\n\t            \t\t\t</td>\r\n            \t\t\t\r\n            \t\t\r\n                        \r\n                            <td>\r\n                                \r\n                                    \r\n                                    \r\n                                        \r\n                                        \r\n                                            \r\n                                                <a id="callNoBrowseDirectLinkComponent_24" href="/iii/encore/SearchResultsPage,searchResultsComponent.resultComponent.searchBrowseResultBibComponent.$BibHoldingsComponent.bibHoldingsAllItems.itemTableComponent.callNoBrowseDirectLinkComponent.sdirect;jsessionid=5F4C8E89B7C5F964F02DBB6C904346CF?lang=eng&amp;sp=Si20283988&amp;sp=Sb2576481&amp;suite=cobalt" onclick="return tapestry.linkOnClick(this.href,\'callNoBrowseDirectLinkComponent_24\', false)">\r\n                                                    VIDEO GAME\r\n                                                </a>\r\n                                            \r\n                                            \r\n                                        \r\n                                    \r\n            \t\t\t        \r\n                                    \r\n                                         \r\n                                    \r\n                                    \r\n            \t\t\t        \r\n                                    \r\n                                         \r\n                                    \r\n                                    \r\n            \t\t\t        \r\n\t            \t\t\t</td>\r\n            \t\t\t\r\n            \t\t\r\n                        \r\n                            <td>\r\n                                \r\n                                    \r\n                                        IN LIBRARY\r\n                                    \r\n                                    \r\n            \t\t\t        \r\n\t            \t\t\t</td>\r\n            \t\t\t\r\n            \t\t\r\n            \t</tr>\r\n            \r\n        </table>\r\n    \r\n\r\n\t                        \r\n\t\t\t\t\t\t\t\r\n\t\t\t\t\t\t\t\t<a id="showAllItemsLinkComponent_24" class="showAllItemsLink customToggle" href="/iii/encore/SearchResultsPage,searchResultsComponent.resultComponent.searchBrowseResultBibComponent.$BibHoldingsComponent.bibHoldingsAllItems.showAllItemsLinkComponent.sdirect;jsessionid=5F4C8E89B7C5F964F02DBB6C904346CF?lang=eng&amp;sp=Sb2576481&amp;sp=T&amp;sp=Sallitems-b2576481&amp;sp=F&amp;suite=cobalt" onclick="return tapestry.linkOnClick(this.href,\'showAllItemsLinkComponent_24\', false)">\r\n\t\t\t\t\t\t\t\tShow remaining items</a>\r\n\t\t\t\t\t\t\t\r\n\t\t\t\t\t\t\t\r\n  \xe2\x80\x8b\t\t\t\t\t\t\t\r\n  \r\n\t\t\t\t\t<form method="post" action="/iii/encore/SearchResultsPage,searchResultsComponent.resultComponent.searchBrowseResultBibComponent.$BibHoldingsComponent.bibHoldingsAllItems.countComponent.sdirect;jsessionid=5F4C8E89B7C5F964F02DBB6C904346CF" id="countComponent_24" style="display:none;">\n<div style="display:none;" id="countComponent_24hidden"><input type="hidden" name="formids" value="allCountInsertComponent_24,allAvailCountInsertComponent_24" />\n<input type="hidden" name="seedids" value="ZH4sIAAAAAAAAAI0Zy27jOLIXmP2QBXz0ArFjO8nRcdzTBpJOYLt7Zk8NWqJtIpSoISUnmW/aX9t/2OJDFoukklw6cr1Y7yqy//u/L//8+8uX3778Sw4VlSeW0cHFsCIH/ScTRSVKWtbmu6wJK6mEb0WVYqLUXxX8cxA8fwKOPySpKioXHpc6Us59wE7kb+g3UfSOSZrVIHBVggp1hx4N9wQ0EuWacqIJfM5SbDLJqvqB1mRN95KqIz5ZvCwaVYviGyU5lau9j818THCqVlI8L4is71n57Guz2g+uJwg7L5E1q/2vi8FoNlxyRQczTPoATgMnxadVpJai3ArBlQ/Omao4eXsy2MdKm69W+zGykZzo9sjUhhKZHQNdtAM2QGCRWgPsAnvsnIM26keVk5omBBj0qtB67xPK3ZPy0AByQzlEUIArdR6kHO5OyzLRlPW9OLDyY1t9iga8ZthwTMDlxp+D6xt3BBCJBvxb7pksbrnIEHXx5lS4o3VgrtPBOmQuKcEKHI1RLqO2D/c+rhaVOQlzAHRNS2CKtChF/ee39Ri+/mqoxE430foqZOFDWanqwXg65OBv/Vc1rKbmw5IzyvN7sqM8FrWpJQOmiyHJT6TMaN7lA3KAaQIpqlikyYdNU+wYymNVQa1vmsOBqrBWT4Sz3FTwUkoh30Gprxit2w58KefJoHs47AKS9yCwI4+ioE9R3rZQXaBRt8DCgoaBkIxqPb1aHIeq2IqgOarYEfQdKTVVcJTJ4ct3LGvFab0/ITCM23vHTuIAr6lqOBRBmUhNh/MRoj5SuRGNzKh6YCUrCMpDWpId157ogNdDacXYVoEiRJQ9YkNrHALLstDVGzdRny0VXJvPW/oaCFUdPJKp+UzPaVs35hSybvteCHctDOXyxMh7YhWSc9nGZnNm08HTHvskGbY2Qbh9q9zUGSdyAgk0TeAZpXW/NJ9sTzJa/y5FU/lHdNBVHiTTiSkW2DhqgdiikWvxv2aD8az9vtLf2p9bclhw0eRBqrDDsd6wnJrW+50UNIyFs2uNCH03+kmNsxBWkbY/YpSCxOfL14qUeasWqgOECfxRk4O6FySHXt27KMhkWToosm92LpYO0lXBrRQvitpyeZLiIEnhu6+P9JbtArIUCVaiDBaBVrE1zYTM/70bT2fX45sbPZ7MBug2ER9hx/rGaz7OQcoXS8q3aP20hqAUu4TzYeaqYLWbDcGpgyvdRTbNrqBls7ZkOtsVNgAcrZe8S83yawQAph5PVOaSneideCk5RBFzMDV/ZepydhGC150uGNVmZ4cH4IHC9s2y+JeZxxjkXKSBohbu+HlVpfciHRUdj7mJgWkCCmNPjL6oZdzIZ+cV9xFcH+zoHfJznH5iewlAQftarcpbR4+lhFjcPCAx8nwrbpMLvYfMiFtzUXGB9IIwHgFCMQaYYjcTBIjDuTPT8z0ZCCNqU5O6UV0MlfkdeI/tbBGF5bV/EfJZQRsSsb1Qj99FTS0yVPRBSGozQMUZWXTIlKHgSPhZNCWr36DDhee6Tg2j9BB3GhixB8iNsh8TxpTHFwHwKKzsNfW1UCvwcqvt2KfNGQEZc1g4X/rCtj3CglvquEZqbVnNgSVf62DFHa6HZBzX2527RYElCOtvWrGkYC70HBj6zNzm8pzpEBJubgwq1c7tqXPTBELy5Mlzp+M7wpr6KEIn+fg0SUEhTD/W9wloagnBMp+aHWfqGMUGk/wHfn5M8O5BS+ujfiktQSQlgz+SBPnlgGH0YLB+E1xvB3jqcb3M61zGUjp4KCgTcG0raZ6Stlw/pMC+Md+I8qhW5V70G66+NpxHDW7nWXKk2TNcbcOMcnAsGUbzT8GbIhzHHTyV8auaFmrRPl1toZ+EiYop/MUDbungdm1E1HnnJ2gMZMc4NBq4CBdERv1Dy3WoxPUBpn+HR6sbLBYsZo2Shyl/74obUHx8yj0urVRaQ2WagLOV0214KUHBPJMZh45tEp4TxeMaT30M1gpwBXkNqAESURF9mr08urUPt3jwIuzihkp7U/lxzYHErdpG1+A4+HiUehamkFqY8QOC2vEWeAfgtaWE7CxxjC8ufVwY3asri72DEkZ805HPFqFH4xsIGgx4Pz2XnMI+izLkfPxPwpvgZjS+uBrCTGKlwSEukN5hgjsa4KDQSdgJQeEWjMe1c9q9hwx8173fUvkJdJQhmuB3IaDeH0gVLTRJgkhGq3vqeSBhQS8/RoBT3FvjAnL0u7CFHGiXeSj7Ph450F0StudIRpd8IEqcFKnZI8jRmCZgs9KOe24KI1ZHP8wEZc6TrzXjiUaZJO3D4yIMNJ5EJRwRtJri2arnyk68mvkCe6Xe/FL4XoTPOO7lRBi/QzrPmdYYtyWjsvbJ9qj/LwOYbNJ64qbJhvsAHdP23J6+6NXpyG76jiNYPAGLmiY03khBHqrXpx3n7SmD6dneQKJdw39UPYs4tFvY5L3Vx85v+98+g2nvgA/KDS0ljzLY16dDqi+ifstEvHDG8kyAGTO7Yi0E2mEwPODQoMBGWGBWaofbpnuPbqQZ8FSeaCDIN+lmNg4M0o9a05mOjwqFPszXi2uHw1x79mrWfHcpwbPBNgFLeCLSEI7Cup32PBzBv+YdLTYxpl2+1lSWJPA03M5Zxl1fwqj4PWlyMUu/J1nEx88Oli61GDrR8WZxRqRgiYrC9AE4ZdKoz6TRJ00a9Zo06jNplDApIvZ0H6VNGiVMuprcTJJRahEfmdTSxSadRYcmeYgULDIppA/AKZMmfSZNPmnSpNekSZ9Jk4RJEbGn+yRt0iRh0vXo+uqqMwmawD/qzq4W+5FdLV1s11lCcA2JXr4jw8+a8SQsMjykD8BRLGeT62TFtYgPY+noErFsRUex7BAh7P/i4tmMpSEAAA==" />\n<input type="hidden" name="lang" value="eng" />\n<input type="hidden" name="suite" value="cobalt" />\n<input type="hidden" name="reservedids" value="inst,lang,suite" />\n<input type="hidden" name="submitmode" value="" />\n<input type="hidden" name="submitname" value="" />\n<input type="hidden" name="allCountInsertComponent_24" id="allCountInsertComponent_24" value="100" />\n<input type="hidden" name="allAvailCountInsertComponent_24" id="allAvailCountInsertComponent_24" value="100" />\n</div>\r\n\t\t\t\t\t\r\n\t\t\t\t\t\r\n\t\t\t\t\t</form> \r\n\t                    </div>\r\n\t                \r\n\t                \r\n                \r\n                \r\n            </div><!--end mark-->\r\n    \r\n\r\n                                    </div>\r\n                            \r\n                            \r\n                                <!--how to test for available items on the threshold link-->\r\n                                       <div class="availableMaxItemsSection">\r\n                                                \r\n    \r\n\r\n    \r\n            \r\n                 \r\n                \r\n                    <!--link moved into dpBibHoldingStatement via initBibHoldingsToggle JS -->\r\n                    <span class="itemsAvailHeader itemsSectionHeader" id="availHeaderWrapperAnyComponent_11">\r\n                           <a id="showMaxItemsLink2Component_11" class="maxItemsLink" href="/iii/encore/SearchResultsPage,searchResultsComponent.resultComponent.searchBrowseResultBibComponent.$BibHoldingsComponent.bibHoldingsAvailableMaxItems2.showMaxItemsLink2Component.sdirect;jsessionid=5F4C8E89B7C5F964F02DBB6C904346CF?lang=eng&amp;sp=Sb2576481&amp;sp=F&amp;sp=Sallavailitemsmax-b2576481&amp;sp=F&amp;suite=cobalt" onclick="return tapestry.linkOnClick(this.href,\'showMaxItemsLink2Component_11\', false)">\r\n                               <a href="javascript:void(0);" onclick="toggleBibHoldingsPopup(this)">see all</a>\r\n                           </a>\r\n                    </span>\r\n                \r\n            \r\n            \r\n            <!--start mark -->\r\n             <h3 class="sectionHeader itemsHeader customHeader">Items</h3>\r\n            <div id="allavailitemsmax-b2576481">\r\n                \r\n\t                \r\n\t                    <div class="itemTableWrapper popUpContentWrapper">\r\n\t                        \r\n    \r\n\t\t<table class="itemTable" cellspacing="3">\r\n        \t<tr>\r\n\t        \t\r\n\t        \t\t<th>\r\n\t        \t\t\tLocation\r\n\t        \t\t</th>\r\n\t        \t\r\n\t        \t\t<th>\r\n\t        \t\t\tCall No.\r\n\t        \t\t</th>\r\n\t        \t\r\n\t        \t\t<th>\r\n\t        \t\t\tStatus\r\n\t        \t\t</th>\r\n\t        \t\r\n        \t</tr>\r\n            \r\n            \t<tr>\r\n            \t\t\r\n                        \r\n            \t\t\r\n                        \r\n                            <td>\r\n                                \r\n                                    \r\n                                    \r\n                                        \r\n                                            \r\n \r\n\t \r\n\t    \t\r\n\t\t\r\n\t\t\r\n\t\t\tIndian Trails\r\n\t\t\r\n    \r\n \r\n\r\n\r\n                                        \r\n                                        \r\n                                    \r\n            \t\t\t        \r\n\t            \t\t\t</td>\r\n            \t\t\t\r\n            \t\t\r\n                        \r\n                            <td>\r\n                                \r\n                                    \r\n                                    \r\n                                        \r\n                                        \r\n                                            \r\n                                                <a id="callNoBrowseDirectLinkComponent_25" href="/iii/encore/SearchResultsPage,searchResultsComponent.resultComponent.searchBrowseResultBibComponent.$BibHoldingsComponent.bibHoldingsAvailableMaxItems2.itemTableComponent.callNoBrowseDirectLinkComponent.sdirect;jsessionid=5F4C8E89B7C5F964F02DBB6C904346CF?lang=eng&amp;sp=Si20283988&amp;sp=Sb2576481&amp;suite=cobalt" onclick="return tapestry.linkOnClick(this.href,\'callNoBrowseDirectLinkComponent_25\', false)">\r\n                                                    VIDEO GAME\r\n                                                </a>\r\n                                            \r\n                                            \r\n                                        \r\n                                    \r\n            \t\t\t        \r\n                                    \r\n                                         \r\n                                    \r\n                                    \r\n            \t\t\t        \r\n                                    \r\n                                         \r\n                                    \r\n                                    \r\n            \t\t\t        \r\n\t            \t\t\t</td>\r\n            \t\t\t\r\n            \t\t\r\n                        \r\n                            <td>\r\n                                \r\n                                    \r\n                                        IN LIBRARY\r\n                                    \r\n                                    \r\n            \t\t\t        \r\n\t            \t\t\t</td>\r\n            \t\t\t\r\n            \t\t\r\n            \t</tr>\r\n            \r\n        </table>\r\n    \r\n\r\n\t                        \r\n\t\t\t\t\t\t\t\r\n\t\t\t\t\t\t\t\t<a id="showAllItemsLinkComponent_25" class="showAllItemsLink customToggle" href="/iii/encore/SearchResultsPage,searchResultsComponent.resultComponent.searchBrowseResultBibComponent.$BibHoldingsComponent.bibHoldingsAvailableMaxItems2.showAllItemsLinkComponent.sdirect;jsessionid=5F4C8E89B7C5F964F02DBB6C904346CF?lang=eng&amp;sp=Sb2576481&amp;sp=T&amp;sp=Sallavailitemsmax-b2576481&amp;sp=F&amp;suite=cobalt" onclick="return tapestry.linkOnClick(this.href,\'showAllItemsLinkComponent_25\', false)">\r\n\t\t\t\t\t\t\t\tShow remaining items</a>\r\n\t\t\t\t\t\t\t\r\n\t\t\t\t\t\t\t\r\n  \xe2\x80\x8b\t\t\t\t\t\t\t\r\n  \r\n\t\t\t\t\t<form method="post" action="/iii/encore/SearchResultsPage,searchResultsComponent.resultComponent.searchBrowseResultBibComponent.$BibHoldingsComponent.bibHoldingsAvailableMaxItems2.countComponent.sdirect;jsessionid=5F4C8E89B7C5F964F02DBB6C904346CF" id="countComponent_25" style="display:none;">\n<div style="display:none;" id="countComponent_25hidden"><input type="hidden" name="formids" value="allCountInsertComponent_25,allAvailCountInsertComponent_25" />\n<input type="hidden" name="seedids" value="ZH4sIAAAAAAAAAI0Z227junELtB9SwI8uECu2kzw6TvasgWQ3sL2n7dOClmibCCWqpOQk5yOKfkh/rf/Q4UUWh6SSvGzkuXHuM+T+939f/vLHly9//vLXf48VlSeW09HFuCYH/ScXZS0qWjXmu2oIq6iEb0WVYqLSXzX8cxC8eAKOv0tS11QuPS51pJz7gJ0o3tBvougdkzRvQOCqAhWaHj0Z7wloJKo15UQT+JyV2OSS1c0jbcia7iVVR3yyeFm2qhHlN0oKKld7H5v7mOBUraR4XhLZPLDq2ddmtR9dzxF2USFrVvtfF6PJfHzPFR3NMekjOA2cFJ9Wk0aKaisEVz64YKrm5O3JYH/U2ny12mfIRnKi2yNTG0pkfgx00Q7YAIFFag2wC+yxCw7aqJ91QRqaEGDQq1LrvU8o90CqQwvIDeUQQQGu1HmQcrg7Lc9FWzUP4sCqj231KVrwmmHDMQGXG3+ObrojgEi04N9qz2R5y0WOqMs3p8IdbQJznQ7WIQtJCVbgaIxyGbV9fPBxjajNSZgDoGtaAVOkRSWaf3xbZ/D1r5ZK7HQTra9Clj6UVaoZZfMxB3/rv6plDTUflpxRXjyQHeWxqE0jGTBdjElxIlVOiz4fkANME0hRxSJNPmzacsdQHqsaan3THg5UhbV6IpwVpoLvpRTyHZT6itG67cCXcp4MuofDLiF5DwI78ihK+hTlbQfVBRp1CywsaBgIyajW06vFLFTFVgQtUMVOoO9IqamCo0wOX75jWSdO6/0JgWHc3jt2Ggd4TVXLoQiqRGo6nI8QzZHKjWhlTtUjq1hJUB7Siuy49kQPvB5LK8a2ChQhouwRG9rgEFiWpa7euIn6bKng2nze0tdAqOrhkUzNZ3pO17oxp5BN1/dCuGthKJenRt4Tq5Gcyy42mzObDp722CfJsLUJwu1b7aZOlsgJJNA0gWeU1sPSfLI9yWnzmxRt7R/RQ1dFkEwnplhg46QDYosmrsX/mo+yq+77Sn9rf27JYclFWwSpwg7HZsMKalrvd1LSMBbOrjUi9N3oJzXOQlhFuv6IUQoSn9+/1qQqOrVQHSBM4I+GHNSDIAX06sFFQSbL0kGRffNzsfSQvgpupXhR1JbLkxQHSUrffUOkt2wXkKVIsBJVsAh0iq1pLmTxt102m19nNzd6PJkN0G0iPsKO9Y3XfJyDlC+WVG/R+mkNQSl2CefDzFXBajcfg1NHV7qLbNpdSat2bcl0titsADhaL3mXmuXXBABM/ThRWUh2onfipeIQRczB1OKVqcv5RQhe97pgVJedPR6ABwrbN8vjX2YeY5BzkQaKRrjjF3Wd3ot0VHQ8FiYGpgkojD0x+qLu40ber7g/wPXBjt4jP8fpJ7aXABS0b9SqunX0WEqIxc0DEqMotuI2udB7yJy4NRcVF0gvCeMRIBRjgCl2M0GAOJw7cz3fk4EwojYNaVrVx1CZ34H32M4WUVhe+xchnxW0IRHbC/X4XTTUIkNFH4WkNgNUnJFlj0wZCo6En2VbseYNOlx4ruvUMEoPcaeBEXuA3KiGMWFMeXwRAI/Cyt5QXwu1Ai932mY+bcEIyFjAwvkyFLbtERbcSsc1UmvLGg4sxVoHK+5wAyRZXG937hYFliCsv2nFkoK5MHBg6DNzmysKpkNIuLkxqFQ7t6cuTBMIyZMnL5yO7whrm6MIneTj0yQlhTD9XD8koKklBMt8anecqWMUG0zyT/j5McG7B91bHw1L6QgiKTn8kSTILwcMoweD9ZvgejvAU4/rZV7nMpbSw0NBuYBrW0WLlLT79WMK7BvzjSiPalXtxbDh6mvLedTgdp4lR5o/w9U2zCgHx5JhNP8ueFuG47iHpzJ+1dBSLbunqy30kzBRMYW/eMAtHdyujYg67+IEjYHsGIdGAxfhksiof2i5DpW4PsD07/FodYPFgsWsUfIw5e9dcQOKj0+5x6WVSmuoTBNwtnK6DS8lKJhnMuPQzCbhOVE8rgxhsFaAK8lrQA2QiIro0+zl0a19uMWDF2EXN1Tam8qPawEkbtU2ugbHwccPqWdhCqmFGT8gqB1vgXcA3lhKyM4Kx/jiyseF0b2+sNg7KGHEN7v02SL05HIKQYMB76fnPaewz6IMOR//O+FtcDPKJrMxzCRWGRzenaceJrijAQ4KnYSdEBTuwHhcZ92A75GB7/r3Wyo/gY4yRBP8JgTU+yOpo4UmSRDJ6HRPPQ8kLBjkxwhwintrXEKOfhe2kAPtcg9l38cjB7pLwvYcyeiSn81TJ0VqDghyNKYJ2Ky0456bwojV0Q8zQZnz5GtNNtMok6RDeFyEgcazqIQjgk5TPFv1XNmJVzNfYK/Um18KP4jwGbNBToTxO6TznGmNcVsyKmufbI/6/zKAySbtoLiu4T5Cxzz33FRf9Oo0s5u+4wgWT8CipgmNN1KQh+p5eR0Y250ymp3tDSTaNfxnPbCIz8YMNnlv9bHz2/63z2g2OOCDckNLyQ8Z7OuzMdUXUb9lIl444/5MgBlzu2ItBdphMDzg0KDARlhgVmqH26Z7j26lGfBUnmggyDfpZp4FBulHrdlcx0eFQh8X6+W1w2GuPXs1a767lODZYJuAJTwRaQgnYd3OBh6O4F/zjhabGNPevzZUViTwNNzOWc5dX8Ko+D1pejFPvydZxMfPDpYutRg60fFmcUakYImKwvQBOGXSZMikySdNmgyaNBkyaZIwKSL2dJ+kTZokTLqa3kyTUeoQH5nU0cUmnUWHJnmIFCwyKaQPwCmTpkMmTT9p0nTQpOmQSdOESRGxp/s0bdI0YdL15PrqqjcJmsCf/tPb1WE/squji+06SwiuIdHLd2T4WTOehEWGh/QBOIrlfHqdrLgO8WEsHV0ilp3oKJY9IgWLY2lx/wdVwhm4wSEAAA==" />\n<input type="hidden" name="lang" value="eng" />\n<input type="hidden" name="suite" value="cobalt" />\n<input type="hidden" name="reservedids" value="inst,lang,suite" />\n<input type="hidden" name="submitmode" value="" />\n<input type="hidden" name="submitname" value="" />\n<input type="hidden" name="allCountInsertComponent_25" id="allCountInsertComponent_25" value="100" />\n<input type="hidden" name="allAvailCountInsertComponent_25" id="allAvailCountInsertComponent_25" value="100" />\n</div>\r\n\t\t\t\t\t\r\n\t\t\t\t\t\r\n\t\t\t\t\t</form> \r\n\t                    </div>\r\n\t                \r\n\t                \r\n                \r\n                \r\n            </div><!--end mark-->\r\n    \r\n\r\n                                       </div>\r\n                            \r\n                            \r\n                                    <div id="allMaxItemsSection" class="allMaxItemsSection">\r\n                                        \r\n    \r\n\r\n    \r\n            \r\n                 \r\n                \r\n                    <!--link moved into dpBibHoldingStatement via initBibHoldingsToggle JS -->\r\n                    <span class="itemsSectionHeader" id="availHeaderWrapperAnyComponent_12">\r\n                           <a id="showMaxItemsLink2Component_12" class="maxItemsLink" href="/iii/encore/SearchResultsPage,searchResultsComponent.resultComponent.searchBrowseResultBibComponent.$BibHoldingsComponent.bibHoldingsAllMaxItems.showMaxItemsLink2Component.sdirect;jsessionid=5F4C8E89B7C5F964F02DBB6C904346CF?lang=eng&amp;sp=Sb2576481&amp;sp=F&amp;sp=Sallitemsmax-b2576481&amp;sp=F&amp;suite=cobalt" onclick="return tapestry.linkOnClick(this.href,\'showMaxItemsLink2Component_12\', false)">\r\n                               <a href="javascript:void(0);" onclick="toggleBibHoldingsPopup(this)">see all</a>\r\n                           </a>\r\n                    </span>\r\n                \r\n            \r\n            \r\n            <!--start mark -->\r\n             <h3 class="sectionHeader itemsHeader customHeader">Items</h3>\r\n            <div id="allitemsmax-b2576481">\r\n                \r\n\t                \r\n\t                    <div class="itemTableWrapper popUpContentWrapper">\r\n\t                        \r\n    \r\n\t\t<table class="itemTable" cellspacing="3">\r\n        \t<tr>\r\n\t        \t\r\n\t        \t\t<th>\r\n\t        \t\t\tLocation\r\n\t        \t\t</th>\r\n\t        \t\r\n\t        \t\t<th>\r\n\t        \t\t\tCall No.\r\n\t        \t\t</th>\r\n\t        \t\r\n\t        \t\t<th>\r\n\t        \t\t\tStatus\r\n\t        \t\t</th>\r\n\t        \t\r\n        \t</tr>\r\n            \r\n            \t<tr>\r\n            \t\t\r\n                        \r\n            \t\t\r\n                        \r\n                            <td>\r\n                                \r\n                                    \r\n                                    \r\n                                        \r\n                                            \r\n \r\n\t \r\n\t    \t\r\n\t\t\r\n\t\t\r\n\t\t\tIndian Trails\r\n\t\t\r\n    \r\n \r\n\r\n\r\n                                        \r\n                                        \r\n                                    \r\n            \t\t\t        \r\n\t            \t\t\t</td>\r\n            \t\t\t\r\n            \t\t\r\n                        \r\n                            <td>\r\n                                \r\n                                    \r\n                                    \r\n                                        \r\n                                        \r\n                                            \r\n                                                <a id="callNoBrowseDirectLinkComponent_26" href="/iii/encore/SearchResultsPage,searchResultsComponent.resultComponent.searchBrowseResultBibComponent.$BibHoldingsComponent.bibHoldingsAllMaxItems.itemTableComponent.callNoBrowseDirectLinkComponent.sdirect;jsessionid=5F4C8E89B7C5F964F02DBB6C904346CF?lang=eng&amp;sp=Si20283988&amp;sp=Sb2576481&amp;suite=cobalt" onclick="return tapestry.linkOnClick(this.href,\'callNoBrowseDirectLinkComponent_26\', false)">\r\n                                                    VIDEO GAME\r\n                                                </a>\r\n                                            \r\n                                            \r\n                                        \r\n                                    \r\n            \t\t\t        \r\n                                    \r\n                                         \r\n                                    \r\n                                    \r\n            \t\t\t        \r\n                                    \r\n                                         \r\n                                    \r\n                                    \r\n            \t\t\t        \r\n\t            \t\t\t</td>\r\n            \t\t\t\r\n            \t\t\r\n                        \r\n                            <td>\r\n                                \r\n                                    \r\n                                        IN LIBRARY\r\n                                    \r\n                                    \r\n            \t\t\t        \r\n\t            \t\t\t</td>\r\n            \t\t\t\r\n            \t\t\r\n            \t</tr>\r\n            \r\n        </table>\r\n    \r\n\r\n\t                        \r\n\t\t\t\t\t\t\t\r\n\t\t\t\t\t\t\t\t<a id="showAllItemsLinkComponent_26" class="showAllItemsLink customToggle" href="/iii/encore/SearchResultsPage,searchResultsComponent.resultComponent.searchBrowseResultBibComponent.$BibHoldingsComponent.bibHoldingsAllMaxItems.showAllItemsLinkComponent.sdirect;jsessionid=5F4C8E89B7C5F964F02DBB6C904346CF?lang=eng&amp;sp=Sb2576481&amp;sp=T&amp;sp=Sallitemsmax-b2576481&amp;sp=F&amp;suite=cobalt" onclick="return tapestry.linkOnClick(this.href,\'showAllItemsLinkComponent_26\', false)">\r\n\t\t\t\t\t\t\t\tShow remaining items</a>\r\n\t\t\t\t\t\t\t\r\n\t\t\t\t\t\t\t\r\n  \xe2\x80\x8b\t\t\t\t\t\t\t\r\n  \r\n\t\t\t\t\t<form method="post" action="/iii/encore/SearchResultsPage,searchResultsComponent.resultComponent.searchBrowseResultBibComponent.$BibHoldingsComponent.bibHoldingsAllMaxItems.countComponent.sdirect;jsessionid=5F4C8E89B7C5F964F02DBB6C904346CF" id="countComponent_26" style="display:none;">\n<div style="display:none;" id="countComponent_26hidden"><input type="hidden" name="formids" value="allCountInsertComponent_26,allAvailCountInsertComponent_26" />\n<input type="hidden" name="seedids" value="ZH4sIAAAAAAAAAI0Zy27jOLIH2P2QAXL0ApHjOM7RcdLTBpJOYLtnd08NWqJtIpSoJSUnmf8ZzGV/bf9hiw9ZLJJKcunI9WK9q8j+7/++/P2PL1/+9uXXP0eKyiPL6dn5qCZ7/ScXZS0qWjXmu2oIq6iEb0WVYqLSXzX8sxe8eAKOf0pS11QuPC51oJz7gK0o3tBvougtkzRvQOCyAhWaHp2NdgQ0EtWKcqIJfM5KrHPJ6uaBNmRFd5KqAz5ZvCxa1YjyGyUFlcudj819THCqVlI8L4hs7ln17Guz3J3NZgg7r5A1y93P87NsOrrjip5NMekDOA2cFJ9Wk0aKaiMEVz64YKrm5O3JYB9rbb5a7sbIRnKkmwNTa0pkfgh00Q5YA4FFag2wC+yxcw7aqB91QRqaEGDQy1LrvUsod0+qfQvINeUQQQGu1HmQcrg7Lc9FWzX3Ys+qj231KVrwmmHDMQGXG3+eXWfuCCASLfi32jFZ3nCRI+ryzalwS5vAXKeDdchcUoIVOBijXEZtHu59XCNqcxLmAOiKVsAUaVGJ5l/fVmP4+k9LJXa6idZXIUsfyirVnI2vRhz8rf+qljXUfFhyRnlxT7aUx6LWjWTAdD4ixZFUOS36fEAOME0gRRWLNPmwbsstQ3msaqj1dbvfUxXW6pFwVpgKvpNSyHdQ6itG67YDX8p5MugeDruA5N0L7MiDKOlTlLcdVBdo1C2wsKBhICSjWk+vFsehKrYiaIEqNoO+I6WmCo4yOXzxjmWdOK33JwSGcXvv2Ekc4BVVLYciqBKp6XA+QjQHKteilTlVD6xiJUF5SCuy5doTPXA2klaMbRUoQkTZI9a0wSGwLAtdvXET9dlSwbX5vKGvgVDVwyOZms/0nK51Y04hm67vhXDXwlAuT4y8J1YjORddbNYnNh087bFPkmFrE4Sbt9pNnXEiJ5BA0wSeUVoPS/PJdiSnzW9StLV/RA9dFkEyHZligY1ZB8QWZa7F/5yejWfd95X+1v7ckP2Ci7YIUoXtD82aFdS03u+kpGEsnF0rROi70U9qnIWwinT9EaMUJD6/e61JVXRqoTpAmMAfDdmre0EK6NWDi4JMlqWDIvump2LpIX0V3Ejxoqgtlycp9pKUvvuGSG/YNiBLkWAlqmAR6BRb0VzI4h/b8eV0Nr6+1uPJbIBuE/ERdqyvvebjHKR8saR6i9ZPawhKsQs4H2auCla76Qicenalu8i63Za0aleWTGe7wgaAo/WSd6FZfmYAYOrxSGUh2ZHeipeKQxQxB1PzV6YupucheNXrglFddvZ4AO4pbN8sj3+ZeYxBzkUaKBrhjp/XdXov0lHR8ZibGJgmoDD2yOiLuosb+fS04j6C64MdvUd+jtNPbC8BKGjfqGV14+ixlBCLmwckRlFsxE1yofeQOXFrLioukF4SxiNAKMYAU+xmggBxOHemer4nA2FErRvStKqPoTK/A++xrS2isLx2L0I+K2hDIrYX6vG7aKhFhoo+CEltBqg4I8semTIUHAk/y7ZizRt0uPBc16lhlO7jTgMjdg+5UQ1jwpjy+CIAHoWVvaG+FmoJXu60Hfu0BSMgYw4L58tQ2DYHWHArHddIrQ1rOLAUKx2suMMNkIzjert1tyiwBGH9TSuWFMyFgQNDn5nbXFEwHULCzY1Bpdq5PXVumkBInjx57nR8R1jbHEToJB+fJikphOnH6j4BTS0hWOZTu+VMHaLYYJJ/w8+PCd496M76aFhKRxBJyeGPJEF+OWAYPRis3wTX2wGeelwv8zqXsZQeHgrKBVzbKlqkpN2tHlJg35hvRHlUy2onhg1XX1vOowa39Sw50PwZrrZhRjk4lgyj+XfB2zIcxz08lfHLhpZq0T1dbaCfhImKKfzFA27p4HZtRNR550doDGTLODQauAiXREb9Q8t1qMT1AaZ/j0erGywWLGaNkocpf++KG1B8fMo9Lq1UWkNlmoCzldNNeClBwTyRGYeObRKeEsXjGl/5GKwV4EryGlADJKIi+jR7eXRrH27x4EXYxQ2V9qby41oAiVu1ja7BcfDxKPUsTCG1MOMHBLXjLfAOwBtLCdlZ4RhnmY8Lozu7sNhbKGHEd3nps0Xo7OIaggYD3k/PO05hn0UZcjr+d8Lb4GY0Hl+MYCaxyuDw7nztYYI7GuCg0EnYCUHhDozHtXPavYcMfNe/31L5CXSUIZrgNyGg3h9IHS00SYJIRqd76nkgYcEgP0aAU9xb4wJy9LuwhRxol3so+z4eOdBdEjanSEaXfCBKnBSpOSDI0ZgmYLPSjntuCiNWRz/MBGXOk681Y90buEnSITwuwkDjaVTCEUGnKZ6teq5sxauZL7BX6s0vhR9E+IzjQU6E8Tuk85xpjXFbMiprn2wO+v8ygMkm7aC4ruE+QMc89dxUX0Rt0Wz6jiNYPMOmCY03UpCH6g0b253i2RtItGv4j3pgEb8cMdjkvdXHzm/73z6AHRrwQbmhpeRRBvv65Yjqi6jfMhEvnHF3IsCMuV2xFgLtMBgecGhQYCMsMEu1xW3TvUe30gx4Ko80EOSbdD0dBwbpR63LqY6PCoU+zFeLmcNhrh17NWu+u5Tg2WCbgCU8EmkIs7BuLwcejuBf844WmxjT3r02VFYk8DTczlnOXV/CqPg9aXI+Tb8nWcTHzw6WLrUYOtHxZnFCpGCJisL0AThlUjZkUvZJk7JBk7Ihk7KESRGxp3uWNilLmHQ1uZ4ko9QhPjKpo4tNOokOTfIQKVhkUkgfgFMmTYZMmnzSpMmgSZMhkyYJkyJiT/dJ2qRJwqRZNru66k2CJvDLX71dHfYjuzq62K6ThOAaEr18R4afNONJWGR4SB+Ao1hOJ7NkxXWID2Pp6BKx7ERHsewRKVgcy4Aeg/8PbpmcetghAAA=" />\n<input type="hidden" name="lang" value="eng" />\n<input type="hidden" name="suite" value="cobalt" />\n<input type="hidden" name="reservedids" value="inst,lang,suite" />\n<input type="hidden" name="submitmode" value="" />\n<input type="hidden" name="submitname" value="" />\n<input type="hidden" name="allCountInsertComponent_26" id="allCountInsertComponent_26" value="100" />\n<input type="hidden" name="allAvailCountInsertComponent_26" id="allAvailCountInsertComponent_26" value="100" />\n</div>\r\n\t\t\t\t\t\r\n\t\t\t\t\t\r\n\t\t\t\t\t</form> \r\n\t                    </div>\r\n\t                \r\n\t                \r\n                \r\n                \r\n            </div><!--end mark-->\r\n    \r\n\r\n                                    </div>\r\n                            \r\n                            \r\n                            <div id ="showMoreLessLinkContainer">&nbsp;</div>\r\n                            \r\n                            <img alt="Drop Up Shadow" src="resources/gold/images/dropShadowUpArrow.png" class="dropShadowUpArrow" id="dialogUpArrowImageAnyComponent_5"></img>\r\n                        </div>\r\n                    </div>\r\n                    \r\n               \r\n               \r\n    \t\r\n    \t<!-- Order info -->\r\n        \r\n   \r\n\r\n\r\n                    \r\n                    \n    \n     \n\r\n                    \r\n\t\r\n\t\t<span title="ctx_ver=Z39.88-2004&amp;rft_val_fmt=info%3Aofi%2Ffmt%3Akev%3Amtx%3Abook&amp;rfr_id=info%3Asid%2Fiii.com%3Aencore&amp;rft.btitle=Nintendo+Switch+%3A+Monster+hunter+generations+ultimate.&amp;rft.isbn=&amp;rft.date=&amp;rft_id=http%3A%2F%2Fencore.slcl.org%2Fiii%2Fencore%2Frecord%2FC__Rb2576481__SNintendo%2520Switch__P0%252C6__Orightresult__X3%3Bjsessionid%3D5F4C8E89B7C5F964F02DBB6C904346CF%3Flang%3Deng%26suite%3Dcobalt" class="Z3988" id="coinsAnyComponent_5"></span>\r\n\t\r\n\r\n                    <!-- ratingReviewsSummaryComponent -->\r\n                    \r\n                    <div class="addtlInfo">\r\n                       \r\n                       \r\n                       \r\n   \r\n\r\n                    </div>\r\n                </div>\r\n            </div>\r\n            <div class="bibLocations">\r\n                \r\n                \r\n            </div>\r\n        </div>\r\n    \r\n\r\n\t\r\n\r\n\t<!-- Browse Result Resource -->\r\n\t\r\n\r\n\t<!-- Browse Result External -->\r\n\t\r\n\r\n               \r\n           \r\n               \r\n\t<!-- Browse Result Program -->\r\n\t\r\n\r\n\t<!-- Browse Result Bib -->\r\n\t\r\n\t\t \r\n    \r\n        <div id="resultRecord-b2574940" class="gridBrowseContent2 searchResult">\r\n            <div class="gridBrowseCol1">\r\n                <div id="actionsUpdate-b2574940">\r\n                  \r\n    <span id="anyWrapperComponent_6">\r\n        \r\n    </span>\r\n\r\n                  <div class="citationButtons">\r\n                     \n    <div class="requestLink" id="Any_7">\n        \n\n        \n            <div class="Request" id="Any_1_6"> \n                        \t         \n            \t \n                \n                \n                \n                \t\n    \n    \n \n       \n        \n        \n            \n                <div class="requestButton">\n                   <a id="genericLink_6" class="button secondaryAction" href="https://encore.slcl.org/iii/encore/search;jsessionid=5F4C8E89B7C5F964F02DBB6C904346CF/Sdologin?lang=eng&amp;target=Nintendo%20Switch&amp;loginReason=doRequest&amp;actionRecordId=b2574940">\n                       <img alt="Direct Link" src="resources/gold/images/hold.png" id="genericLinkImage_6"></img>Request it\n                   </a>\n                </div>   \n            \n            \n        \n    \n\n                \n                \n                  <!--     popup -->\n                 \n        \t <!--    popup -->\n                \n            </div>\n        \n    </div>\n\r\n                  </div>\r\n                  \r\n<div class="addtlActions">\r\n\t\t<p>Additional actions:</p>\r\n    <ul class="inline-list initialActions">\r\n        \r\n        <li>\r\n    \r\n        <span id="bookCartOperationAnyComponentb2574940">\r\n            \r\n            \r\n\t\t\t\t\t<a id="addToBookCartLinkComponent_6" onMouseup="renewSession()" href="/iii/encore/SearchResultsPage,searchResultsComponent.resultComponent.searchBrowseResultBibComponent.recordActionsComponent.bookCartOperationComponent.addToBookCartLinkComponent.sdirect;jsessionid=5F4C8E89B7C5F964F02DBB6C904346CF?lang=eng&amp;sp=Sb2574940&amp;suite=cobalt" onclick="return tapestry.linkOnClick(this.href,\'addToBookCartLinkComponent_6\', false)">\r\n\t\t\t\t\t\t<img alt="Book Cart" width="22" title="Add to cart" src="resources/gold/images/bookcart.png" class="actionIcon" height="20" id="addToBookcartImageAnyComponent_6"></img>\r\n\t\t\t\t    </a>\r\n            \r\n        </span>\r\n    \r\n</li>\r\n        <li>\r\n    <a id="emailLinkComponent_6" onMouseup="renewSession()" class="toolbarItem popInDialogTrigger" href="/iii/encore/SearchResultsPage,searchResultsComponent.resultComponent.searchBrowseResultBibComponent.recordActionsComponent.emailComponent.emailLinkComponent.sdirect;jsessionid=5F4C8E89B7C5F964F02DBB6C904346CF?lang=eng&amp;sp=Sb2574940&amp;suite=cobalt" onclick="return tapestry.linkOnClick(this.href,\'emailLinkComponent_6\', false)">\r\n        <img alt="Email" width="19" title="Email" src="resources/gold/images/email.png" class="actionIcon" height="13" id="emailImageAnyComponent_6"></img>\r\n        \r\n    </a>\r\n    <!--confirmation dialog-->\r\n    \r\n    <div id="emailMessageContainer">\r\n        <div id="sentStatus">\r\n            <div id="emailStatusMessage">\r\n                \r\n            </div>\r\n        </div>\r\n    </div>\r\n</li>\r\n        \r\n             <li>\r\n\t\r\n</li>\r\n             <li>\r\n    \r\n</li>\r\n        \r\n        \r\n            <li><a href="javascript:void(0);" class="popUpTrigger moreActionsLink" onclick="toggleBibHoldingsPopup(this, false, \'moreActionsWrapper\',\'gridBrowseCol1\')">\r\n            <img width="13" alt="more actions" title="More actions" src="resources/gold/images/more.png" class="actionIcon" height="13" id="moreActionsImageAnyComponent_6"></img></a></li>\r\n        \r\n    </ul>\r\n   <div class="moreActionsWrapper popUpWrapper">\r\n       <a class="closeLink" onclick="toggleBibHoldingsPopup(this, true, \'moreActionsWrapper\',\'gridBrowseCol1\')" href="javascript:void(0);">\r\n           close\r\n       </a>\r\n       <h3 class="moreActionsHeader">more</h3>\r\n        <ul class="inline-list moreActions">\r\n            <li>\r\n    \r\n\t    \r\n\t    \r\n\t        <a id="loginLinkComponent_6" href="https://encore.slcl.org/iii/encore/search;jsessionid=5F4C8E89B7C5F964F02DBB6C904346CF/Sdologin?lang=eng&amp;target=Nintendo%20Switch&amp;loginReason=doTag&amp;actionRecordId=b2574940">\r\n\t           <img width="20" title="Add a Tag" src="resources/gold/images/tag.png" class="actionIcon" height="19" id="createCommunityTagsIconImageAny2Component_6"></img>\r\n\t        </a>\r\n\t    \r\n    \r\n</li>\r\n            \r\n            \r\n        </ul>\r\n       <img src="resources/gold/images/dropShadowArrow.png" class="dropShadowArrow" id="dialogArrowImageAnyComponent_6"></img>\r\n    </div>\r\n</div>\t \r\n\r\n                </div>\r\n            </div>\r\n            <div class="gridBrowseCol2">\r\n                \r\n                    <!--title-->\r\n                <div class="dpBibTitle">\r\n                    <!-- please read c1063106, c1063117, c1044421, c1060576a before changing title -->\r\n                    \r\n                        \r\n                            <span class="title">\r\n                                <a id="recordDisplayLink2Component_6" href="/iii/encore/record/C__Rb2574940__SNintendo%20Switch__P0%2C7__Orightresult__X3;jsessionid=5F4C8E89B7C5F964F02DBB6C904346CF?lang=eng&amp;suite=cobalt">\r\n                                    Nintendo Switch : Overcooked! 2.\r\n                                </a>\r\n                            </span>\r\n                        \r\n                        \r\n                        \r\n                            <span class="title">\r\n                                <span class="additionalFields customSecondaryText">\r\n                                    \r\n                                </span>\r\n                            </span>\r\n                        \r\n                    \r\n\r\n                    \r\n                    <div class="dpBibAuthor">\r\n                        \r\n                        \r\n                    </div>\r\n                    <!-- MARC 962 Media -->\r\n                    <div class="recordDetailValue">\r\n                        \r\n                        <span class="itemMediaDescription" id="mediaTypeInsertComponent_6">ELECTRONIC RES</span>\r\n                        \r\n                        \r\n                                <span class="pipeDivider">|</span>\r\n                                <span class="itemMediaYear" id="searchResultPubYearInsertComponent_6"></span>\r\n                            \r\n                        \r\n                              <span class="pipeDivider">|</span>\r\n                              <span class="itemEdition" id="searchResultEditionInsertComponent_6">Nintendo Switch ed.</span>\r\n                           \r\n                    </div>\r\n                    \r\n                    \r\n                        <!-- bibHoldingsComponentAvailableOnlyOrAllItems -->\r\n                        \r\n    <!--start item info-->\r\n    \r\n    \r\n        <!-- over threshold holdings info -->\r\n        \r\n\t\r\n\r\n    \t<!--ERM-->\r\n        \r\n    \r\n    <!-- Dialog content -->\r\n    \r\n\r\n        <!-- checkin info -->\r\n        \r\n\t\r\n\r\n        <!-- Volume info -->\r\n        \r\n        <!-- Item info -->\r\n        \r\n                \r\n                  <!--This ItemsContainer elem does not get rendered into a toggle on the record page - only the browse -->\r\n                  <div id="ItemsContainer-b2574940" class="ItemsContainer">\r\n                        \r\n                           \r\n    \r\n        <div class="availabilitySummaryArea">\r\n            \r\n                <div class="dpBibHoldingStatement">\r\n                    <span class="availabilityMessage">\r\n                        <span class="itemsNotAvailable">Not Available</span> at Sachs (ON HOLDSHELF)\r\n                    </span>\r\n                    \r\n                        <span class="itemsContainerPopUpTrigger"></span>\r\n                    \r\n                </div>\r\n            \r\n        </div>\r\n    \r\n    \r\n    \r\n        <div class="holdsMessage">1 hold on first copy returned of 15 copies</div>\r\n    \r\n\r\n                        \r\n                        <div class="content bibHoldingsWrapper popUpWrapper">\r\n                            <a href="javascript:void(0);" onclick="toggleBibHoldingsPopup(this, true)" class="closeLink">close</a>\r\n                            <!-- available-->\r\n                              \r\n                             <!--all -->\r\n                              \r\n                                   <a href="javascript:void(0);" onclick="showHideItemsToggle(this)" class="showAllToggleLink availCheckboxLink"><img width="15" src="resources/gold/images/checkbox_checked.png" class="availCheckbox" height="13" id="checkboxCheckedImageComponent_6"></img>only show available</a>\r\n                                   <a href="javascript:void(0);" onclick="showHideItemsToggle(this)" class="showAvailableToggleLink availCheckboxLink"><img width="15" src="resources/gold/images/checkbox.png" class="availCheckbox" height="13" id="checkboxImageComponent_6"></img>only show available</a>\r\n                                   <a href="javascript:void(0);" onclick="showHideItemsToggle(this)" class="showAllMaxToggleLink availCheckboxLink"><img width="15" src="resources/gold/images/checkbox_checked.png" class="availCheckbox" height="13" id="checkboxCheckedImage2Component_6"></img>only show available</a>\r\n                                   <a href="javascript:void(0);" onclick="showHideItemsToggle(this)" class="showAvailableMaxToggleLink availCheckboxLink"><img width="15" src="resources/gold/images/checkbox.png" class="availCheckbox" height="13" id="checkboxImage2Component_6"></img>only show available</a>\r\n                                    \r\n                                    <div id="allItemsSection" class="allItemsSection">\r\n                                       \r\n    \r\n\r\n    \r\n            \r\n            \r\n                    <!--link moved into dpBibHoldingStatement via initBibHoldingsToggle JS -->\r\n                    <span class="itemsSectionHeader" id="availHeaderWrapperAny2Component_13"><a href="javascript:void(0);" onclick="toggleBibHoldingsPopup(this)">see all</a></span>\r\n            \r\n            <!--start mark -->\r\n             <h3 class="sectionHeader itemsHeader customHeader">Items</h3>\r\n            <div id="allitems-b2574940">\r\n                \r\n\t                \r\n\t                    <div class="itemTableWrapper popUpContentWrapper">\r\n\t                        \r\n    \r\n\t\t<table class="itemTable" cellspacing="3">\r\n        \t<tr>\r\n\t        \t\r\n\t        \t\t<th>\r\n\t        \t\t\tLocation\r\n\t        \t\t</th>\r\n\t        \t\r\n\t        \t\t<th>\r\n\t        \t\t\tCall No.\r\n\t        \t\t</th>\r\n\t        \t\r\n\t        \t\t<th>\r\n\t        \t\t\tStatus\r\n\t        \t\t</th>\r\n\t        \t\r\n        \t</tr>\r\n            \r\n            \t<tr>\r\n            \t\t\r\n                        \r\n            \t\t\r\n                        \r\n                            <td>\r\n                                \r\n                                    \r\n                                    \r\n                                        \r\n                                            \r\n \r\n\t \r\n\t    \t\r\n\t\t\r\n\t\t\r\n\t\t\tSachs\r\n\t\t\r\n    \r\n \r\n\r\n\r\n                                        \r\n                                        \r\n                                    \r\n            \t\t\t        \r\n\t            \t\t\t</td>\r\n            \t\t\t\r\n            \t\t\r\n                        \r\n                            <td>\r\n                                \r\n                                    \r\n                                    \r\n                                        \r\n                                        \r\n                                            \r\n                                                <a id="callNoBrowseDirectLinkComponent_27" href="/iii/encore/SearchResultsPage,searchResultsComponent.resultComponent.searchBrowseResultBibComponent.$BibHoldingsComponent.bibHoldingsAllItems.itemTableComponent.callNoBrowseDirectLinkComponent.sdirect;jsessionid=5F4C8E89B7C5F964F02DBB6C904346CF?lang=eng&amp;sp=Si20277194&amp;sp=Sb2574940&amp;suite=cobalt" onclick="return tapestry.linkOnClick(this.href,\'callNoBrowseDirectLinkComponent_27\', false)">\r\n                                                    VIDEO GAME\r\n                                                </a>\r\n                                            \r\n                                            \r\n                                        \r\n                                    \r\n            \t\t\t        \r\n                                    \r\n                                         \r\n                                    \r\n                                    \r\n            \t\t\t        \r\n                                    \r\n                                         \r\n                                    \r\n                                    \r\n            \t\t\t        \r\n\t            \t\t\t</td>\r\n            \t\t\t\r\n            \t\t\r\n                        \r\n                            <td>\r\n                                \r\n                                    \r\n                                        ON HOLDSHELF\r\n                                    \r\n                                    \r\n            \t\t\t        \r\n\t            \t\t\t</td>\r\n            \t\t\t\r\n            \t\t\r\n            \t</tr>\r\n            \r\n        </table>\r\n    \r\n\r\n\t                        \r\n\t\t\t\t\t\t\t\r\n\t\t\t\t\t\t\t\t<a id="showAllItemsLinkComponent_27" class="showAllItemsLink customToggle" href="/iii/encore/SearchResultsPage,searchResultsComponent.resultComponent.searchBrowseResultBibComponent.$BibHoldingsComponent.bibHoldingsAllItems.showAllItemsLinkComponent.sdirect;jsessionid=5F4C8E89B7C5F964F02DBB6C904346CF?lang=eng&amp;sp=Sb2574940&amp;sp=T&amp;sp=Sallitems-b2574940&amp;sp=F&amp;suite=cobalt" onclick="return tapestry.linkOnClick(this.href,\'showAllItemsLinkComponent_27\', false)">\r\n\t\t\t\t\t\t\t\tShow remaining items</a>\r\n\t\t\t\t\t\t\t\r\n\t\t\t\t\t\t\t\r\n  \xe2\x80\x8b\t\t\t\t\t\t\t\r\n  \r\n\t\t\t\t\t<form method="post" action="/iii/encore/SearchResultsPage,searchResultsComponent.resultComponent.searchBrowseResultBibComponent.$BibHoldingsComponent.bibHoldingsAllItems.countComponent.sdirect;jsessionid=5F4C8E89B7C5F964F02DBB6C904346CF" id="countComponent_27" style="display:none;">\n<div style="display:none;" id="countComponent_27hidden"><input type="hidden" name="formids" value="allCountInsertComponent_27,allAvailCountInsertComponent_27" />\n<input type="hidden" name="seedids" value="ZH4sIAAAAAAAAAI0a23Iiu3ErlfxIikdOhcEY8CPG3rNU2WsXsCfJ05aYEaBazWgizWD7fFN+Lf+Q1mVALWlsv6zHfVPfuyXvf//35W9/fvny1y9//22oqDyxnA5Gw5oc9I9clLWoaNWY76ohrKISvhVViolKf9Xwz0Hw4hk4/ilJXVO59LjUkXLuA3aieEO/E0XvmKR5AwJXFajQXNDZcE9AI1GtKSeawOesxCaXrG4eaUPWdC+pOuKTxcuyVY0ov1FSULna+9jcxwSnaiXFryWRzQOrfvnarPaDmwnCLipkzWr/czTI5sN7ruhgNkakj+A0cFJ8Wk0aKaqtEFz54IKpmpO3Z4N9qrX5arUfIxvJiW6PTG0okfkx0EU7YAMEFqk1wC6wxy44aKN+1AVpaEKAQa9Krfc+odwDqQ4tIDeUQwQFuFLnQcrh7rQ8F23VPIgDqz621adowWuGDccEXG78OchG3RlAJVpwcLVnsrzlIkfk5ZvT4Y42gb1OCeuRhaQEa3A0VrmU2j4++LhG1OYkzAHQNa2AKdKiEs2/vq3H8PWflkrsdROur0KWPpRVqhmM50MODtc/Vcsaaj4sOaO8eCA7ymNRm0YyYBoNSXEiVU6LS0L4DjBNIEkVizQJsWnLHUOJrGoo9k17OFAVFuuJcFaYEr6XUsh3UOorRuu+A1/KeTJoHw67hOw9COzIoyjpc5S4HVRXaNQusLCgYyAko1pPrxjHoSq2JGiBSjaDxiOlpgqOMkl89Y5lnTit9ycEhnF779hJHOA1VS2HIqgSqelwPkI0Ryo3opU5VY+sYiVBeUgrsuPaExfgzVBaMbZXoAgRZY/Y0AaHwLIsdfXGXdRnSwXX5vOWvgZC1QUeydR8pul0vRtzCtl0jS+Eux6Gcnli5D2zGsm56mKzObPp4GmPfZIMW5sg3L7VbuyMEznhCzRNwM+c8XvSfLI9yWnzuxRt7R9xga6KIJlOTLHAxqwDYosy1+N/Tgfjm+57pr+1P7fksOSiLYJUYYdjs2EFNa33OylpGAtn1xoR+m70kxpnIewiXX/EKAWJz+9fa1IVnVqoDhAm8EdDDupBkAJ6de+mIJNl6aDIvtm5WC6QSxXcSvGiqC2XZykOkpS++/pIb9kuIEuRYCWqYBPoFFvTXMjit934ejof39zowWNWQLeK+Ag71jde83EOUr5YUr1F+6c1BKXYNZwPM1cFu91sCE4dzHUX2bS7klbt2pLpbFfYAHC03vKuNcvPDABMPZ2oLCQ70TvxUnGIIuZgavHK1NV0FILXF10wqsvOCx6ABwrrN8vj38w8xiDnIg0UjXDHL+o6vRfpqOh4LHQMbBNQGHti9EXdx418dt5xn8D1wZJ+QX6O009sLwEoaN+oVXXr6LGUEIubByRGUWzFbXKj95A5cXsuKi6QXhLGI0AoxgBT7GaCAHE4d2Z6vicDYURtGtK06hJDZX4PvMd2tojC8tq/CPlLQRsSsb1Qj99FQy0yVPRRSLqwVRhnZHlBpgwFR8KvZVux5g06XHiu69QwSg9xp4ERe4DcqPoxYUx5fBMAj8LK3lBfC7UCL3fajn3aghGQsYCF86UvbNsjLLiVjmuk1pY1HFiKtQ5W3OF6SMZxvd25axRYgrD+phVLCuZCz4Ghz8x1riiYDiHh5sagUu3cnmqaQESePHnhdOwXtmibowid5OPTJCWFMP1YPySgqSUEy3xud5ypYxQbTPJv+PVjgncPurc+6pfSEURScvghSZBfDhhGDwbrN8H1doCnHtfLvM5lLOUCDwXlAq5tFS1S0u7Xjymwb8w3ojyqVbUX/Yarry3nUYPbeZYcaf6L4VFjLmIWjiXDaP5D8LYMx/EFnsr4VUNLtezerrbQT8JExRT+4gG3dHC7NiLqvIsTNAayYxwaDVyESyKj/qHlOlTi+gDT/4JHqxssFixmjZKHKX/vihtQfHzKPS6tVFpD0wSUs5XTbXgpQcE8kxmHjgdTnYTnRPG4xnMfg7UCXEleA2qARFREn2Yvj27twy0+m8Ah3FBpbyo/rgWQuFXb6BocBx9PUs/CFFILM35AUDveAu8AvLGUkJ0VjjEE2cOF0Z1PLfYOShjxXc98tgidTSaQFzDg/fS85xT2WZQh5+P/ILwNbkbjq2wIM4lVBoe4QPoFE9zRAAeFTsJOeD07g/G4dk578JCB7y4PuFR+Ah1liCb4XQio90dSRwtNkiCS0emeeh5IWNDLjxHXs+6tcQk5+l3YQg60yz2UfSCPHOguCdtzJKNLPhAlTorU7BFkaUwTcFlpxz03hRGrox9mgjLnydeasR5Q3CRpHx4XYaDxLCrhiKDTFM9WPVd24tXMF9gr9eaXwvcifMZxLyfC+B3Sec7M57gtGZW1T7ZH/ccMYLJJ64mbJhvuI3TMc89N9UWvTq/spu84gsUTsKhpQuONFOShen3acd6dYkZBUqJdw3/UPYv4dMhgk/dWHzu/7d99BtPeAY+zYYqWkicZ7OvTIdUXUb9lIl444/5MgBlzu2ItBdphMDzg0KDARlhgVmpXYUL7Ht1KM+CpPNFAkG/SzXQcGKQfta6nOj4qFPq4WC/nDoe59uzVrPnuUoJmg2kCHeGJSEOYhXU77Xk4gn/NO1psYkx7/9pQWZHA03A7Zzl3fQmj4vekyWiafk+yiI+fHSxdajF0ouPN4oxIwRIVhekDcMqkrM+k7JMmZb0mZX0mZQmTImJP9yxtUpYwaTa5mSSj1CE+Mqmji006iw5N8hApWGRSSB+AUyZN+kyafNKkSa9Jkz6TJgmTImJP90napEnCpHk2n83OJkET+Ms/PLs67Ed2dXSxXWcJwTUk+n8AkeFnzXgSFhke0gfgKJbTyTxZcR3iw1g6ukQsO9FRLC+IFCyOZUAfgFPpOepLz9En03PUm56jRBYC7P+up8qcYCIAAA==" />\n<input type="hidden" name="lang" value="eng" />\n<input type="hidden" name="suite" value="cobalt" />\n<input type="hidden" name="reservedids" value="inst,lang,suite" />\n<input type="hidden" name="submitmode" value="" />\n<input type="hidden" name="submitname" value="" />\n<input type="hidden" name="allCountInsertComponent_27" id="allCountInsertComponent_27" value="100" />\n<input type="hidden" name="allAvailCountInsertComponent_27" id="allAvailCountInsertComponent_27" value="100" />\n</div>\r\n\t\t\t\t\t\r\n\t\t\t\t\t\r\n\t\t\t\t\t</form> \r\n\t                    </div>\r\n\t                \r\n\t                \r\n                \r\n                \r\n            </div><!--end mark-->\r\n    \r\n\r\n                                    </div>\r\n                            \r\n                            \r\n                            \r\n                                    <div id="allMaxItemsSection" class="allMaxItemsSection">\r\n                                        \r\n    \r\n\r\n    \r\n            \r\n                 \r\n                \r\n                    <!--link moved into dpBibHoldingStatement via initBibHoldingsToggle JS -->\r\n                    <span class="itemsSectionHeader" id="availHeaderWrapperAnyComponent_13">\r\n                           <a id="showMaxItemsLink2Component_13" class="maxItemsLink" href="/iii/encore/SearchResultsPage,searchResultsComponent.resultComponent.searchBrowseResultBibComponent.$BibHoldingsComponent.bibHoldingsAllMaxItems.showMaxItemsLink2Component.sdirect;jsessionid=5F4C8E89B7C5F964F02DBB6C904346CF?lang=eng&amp;sp=Sb2574940&amp;sp=F&amp;sp=Sallitemsmax-b2574940&amp;sp=F&amp;suite=cobalt" onclick="return tapestry.linkOnClick(this.href,\'showMaxItemsLink2Component_13\', false)">\r\n                               <a href="javascript:void(0);" onclick="toggleBibHoldingsPopup(this)">see all</a>\r\n                           </a>\r\n                    </span>\r\n                \r\n            \r\n            \r\n            <!--start mark -->\r\n             <h3 class="sectionHeader itemsHeader customHeader">Items</h3>\r\n            <div id="allitemsmax-b2574940">\r\n                \r\n\t                \r\n\t                    <div class="itemTableWrapper popUpContentWrapper">\r\n\t                        \r\n    \r\n\t\t<table class="itemTable" cellspacing="3">\r\n        \t<tr>\r\n\t        \t\r\n\t        \t\t<th>\r\n\t        \t\t\tLocation\r\n\t        \t\t</th>\r\n\t        \t\r\n\t        \t\t<th>\r\n\t        \t\t\tCall No.\r\n\t        \t\t</th>\r\n\t        \t\r\n\t        \t\t<th>\r\n\t        \t\t\tStatus\r\n\t        \t\t</th>\r\n\t        \t\r\n        \t</tr>\r\n            \r\n            \t<tr>\r\n            \t\t\r\n                        \r\n            \t\t\r\n                        \r\n                            <td>\r\n                                \r\n                                    \r\n                                    \r\n                                        \r\n                                            \r\n \r\n\t \r\n\t    \t\r\n\t\t\r\n\t\t\r\n\t\t\tSachs\r\n\t\t\r\n    \r\n \r\n\r\n\r\n                                        \r\n                                        \r\n                                    \r\n            \t\t\t        \r\n\t            \t\t\t</td>\r\n            \t\t\t\r\n            \t\t\r\n                        \r\n                            <td>\r\n                                \r\n                                    \r\n                                    \r\n                                        \r\n                                        \r\n                                            \r\n                                                <a id="callNoBrowseDirectLinkComponent_28" href="/iii/encore/SearchResultsPage,searchResultsComponent.resultComponent.searchBrowseResultBibComponent.$BibHoldingsComponent.bibHoldingsAllMaxItems.itemTableComponent.callNoBrowseDirectLinkComponent.sdirect;jsessionid=5F4C8E89B7C5F964F02DBB6C904346CF?lang=eng&amp;sp=Si20277194&amp;sp=Sb2574940&amp;suite=cobalt" onclick="return tapestry.linkOnClick(this.href,\'callNoBrowseDirectLinkComponent_28\', false)">\r\n                                                    VIDEO GAME\r\n                                                </a>\r\n                                            \r\n                                            \r\n                                        \r\n                                    \r\n            \t\t\t        \r\n                                    \r\n                                         \r\n                                    \r\n                                    \r\n            \t\t\t        \r\n                                    \r\n                                         \r\n                                    \r\n                                    \r\n            \t\t\t        \r\n\t            \t\t\t</td>\r\n            \t\t\t\r\n            \t\t\r\n                        \r\n                            <td>\r\n                                \r\n                                    \r\n                                        ON HOLDSHELF\r\n                                    \r\n                                    \r\n            \t\t\t        \r\n\t            \t\t\t</td>\r\n            \t\t\t\r\n            \t\t\r\n            \t</tr>\r\n            \r\n        </table>\r\n    \r\n\r\n\t                        \r\n\t\t\t\t\t\t\t\r\n\t\t\t\t\t\t\t\t<a id="showAllItemsLinkComponent_28" class="showAllItemsLink customToggle" href="/iii/encore/SearchResultsPage,searchResultsComponent.resultComponent.searchBrowseResultBibComponent.$BibHoldingsComponent.bibHoldingsAllMaxItems.showAllItemsLinkComponent.sdirect;jsessionid=5F4C8E89B7C5F964F02DBB6C904346CF?lang=eng&amp;sp=Sb2574940&amp;sp=T&amp;sp=Sallitemsmax-b2574940&amp;sp=F&amp;suite=cobalt" onclick="return tapestry.linkOnClick(this.href,\'showAllItemsLinkComponent_28\', false)">\r\n\t\t\t\t\t\t\t\tShow remaining items</a>\r\n\t\t\t\t\t\t\t\r\n\t\t\t\t\t\t\t\r\n  \xe2\x80\x8b\t\t\t\t\t\t\t\r\n  \r\n\t\t\t\t\t<form method="post" action="/iii/encore/SearchResultsPage,searchResultsComponent.resultComponent.searchBrowseResultBibComponent.$BibHoldingsComponent.bibHoldingsAllMaxItems.countComponent.sdirect;jsessionid=5F4C8E89B7C5F964F02DBB6C904346CF" id="countComponent_28" style="display:none;">\n<div style="display:none;" id="countComponent_28hidden"><input type="hidden" name="formids" value="allCountInsertComponent_28,allAvailCountInsertComponent_28" />\n<input type="hidden" name="seedids" value="ZH4sIAAAAAAAAAI0a23LiOnJqa/dHtnhkqzAhhDwSwpyhKpmkgDnn7NOUsAWoRpa8kk2S8037a/sP25JlUEtykpcE+qa+d0vJf//35R9/ffny9y//vB9qqk4sp4PRsCIH8yuXZSUFFbX9LGrCBFXwWVOtmRTmUwU/DpIXz8DxhyJVRdXC49JHyrkP2MniDX0nmt4zRfMaBK4EqFBf0NlwT0AjKdaUE0Pgcwq5yRWr6kdakzXdK6qP+GT5smh0LctvlBRUrfY+NvcxwalGSflrQVT9wMQvX5vVfnA7Rdi5QNas9j9Hg2w2XHJNBzcTRPoITgMnxadVpFZSbKXk2gcXTFecvD1b7FNlzNer/RjZSE50e2R6Q4nKj4EuxgEbIGiRRgPsgvbYOQdt9I+qIDVNCLDoVWn03ieUeyDi0AByQzlEUIIrTR6kHO5Oy3PZiPpBHpj42FafogGvWTYcE3C59ecgG2XuDKCSDThY7Jkq77jMEXn55nS4p3Vgr1Oi9chcUYI1OFqrXEptHx98XC0rexLmAOiaCmCKtBCy/vPbegyf/tNQhb1uw/VVqtKHMqHrwfh2yMHh5rduWE3th5acUV48kB3lsahNrRgwjYakOBGR0+KSEL4DbBNIUsUibUJsmnLHUCLrCop90xwOVIfFeiKcFbaEl0pJ9Q5Kf8Vo03fgk3aeDNqHwy4gew8SO/IoS/ocJW4HNRUatQssLOgYCMmo0dMrxnGoSlsStEAlm0HjUcpQBUfZJL56x7JOnNH7EwLDuL137CQO8JrqhkMRiERqOpyPkPWRqo1sVE71IxOsJCgPqSA7bjxxAd4OVSum7RUoQkS3R2xojUPQsixM9cZd1GdLBbfN5y19DYTqCzySafhs0+l6N+aUqu4aXwh3PQzl8sTKe2YVknPVxWZzZjPBMx77JBm2NkG4favc2BkncsIXaJuAnznj96T5ZHuS0/o3JZvKP+ICXRVBMp2YZoGNWQfEFmWux/+cDq66fv/zxnw2/tySw4LLpghShR2O9YYV1Lbe76SkYSycXWtE6LvRT2qchbCLdP0RozQkPl++VkQUnVqoDhAm8EdNDvpBkgJ6de+moJJl6aDIvptzsVwglyq4U/JF07ZcnpU8KFL67usjvWO7gCxFgpUQwSbQKbamuVTFv3bj6+lsfHtrBo9dAd0q4iPasb7xmo9zkPbFEvEW7Z+tISjFruF8mLk62O1uhuDUwcx0kU2zK6lo1i2ZyXaNDQBHmy3v2rD8zADA9NOJqkKxE72XL4JDFDEH0/NXpq+moxC8vuiCUV12XvAAPFBYv1kef7PzGIOciwxQ1tIdP6+q9F5komLiMTcxaJuAxtgToy96GTfym/OO+wSuD5b0C/JznH5iewlAQftar8Sdo8dSQixuHpAYRbGVd8mN3kPmxO25qLhAekkYjwChGAtMsdsJAsTh3Lkx8z0ZCCtqU5O60ZcYavs98B7btUUUltf+RapfGtqQjO2Fevwua9oiQ0UfpaLztgrjjCwvyJSh4Ej4WjaC1W/Q4cJzXaeGUXqIOw2M2APkhujHhDHl8U0APAore019LfQKvNxpO/ZpC0ZAxhwWzpe+sG2PsOAKE9dIrS2rObAUaxOsuMP1kIzjert31yiwBGH9TSuWFMyFngNDn9nrXFEwE0LC7Y1Bp9p5e6ptAhF58uS507Ff2LypjzJ0ko9Pk5QUwvRj/ZCAppYQLPO52XGmj1FsMMm/4evHBO8etGx91C+lI4ik5PBLkSC/HDCMHgzWb5Kb7QBPPW6WeZPLWMoFHgrKJVzbBC1S0pbrxxTYN+Yb0R7VSuxlv+H6a8N51OB2niVHmv9ieNTYi1gLx5JhNP8ueVOG4/gCT2X8qqalXnRvV1voJ2GiYgp/8YBbOrjdGBF13vkJGgPZMQ6NBi7CJVFR/zByHSpxfYDpf8Gj1Q0WCxazRsnDtL93xQ0oPj7lHpdWOq2hbQLa2crpNryUoGCeyaxDx4OpScJzonhc41sfg7UCXEleA2qARFTEnNZeHt3ah1t8NoFDuKUy3tR+XAsgcau21TU4Dj48KTMLU0gjzPoBQdvxFngH4HVLCdkpcIwzhAujO3PYeyhhxHeN2CJ0NgEFNQx4Pz2XnMI+izLkfPzvhDfBzWh8dTuEmcSExSGuiY8J7miAg0InYSe8voDxuHZOe/CQge8uD7hUfQIdZYgh+E1KqPdHUkULTZIgktHpnnoeSFjQy48R4BT31riAHP0u20IOtMs9VPtAHjnQXRK250hGl/xx8qRIzR5BLY1tAi4r23HPbWHE6piHmaDMefK1ZjwzKJukfXhchIHGs6iEI4JOUzxbzVzZyVc7X2CvNJtfCt+L8BnHvZwI43dI5zk7n+O2ZFU2PtkezR8zgKlN2l5xXcN9hI557rmpvojaot30HUeweIZNExpvpCAP1es3tjvFszeQ2K7hP6qeRXw6ZLDJe6tPO7/bv/sAtm/A42yYoqXkSQX7+nRIzUXUb5mIF85YngkwY96uWAuJdhgMDzgMKLARFpiV3glM2L5HN8oOeKpONBDkm3Q7HQcGmUet66mJjw6FPs7Xi5nDYa49e7VrvruUoNlgm0BHeCLKEmZh3U57Ho7gp31Hi02MaZevNVWCBJ6G2znLuetLGBW/J01G0/R7Uov4+NmhpUsthk50vFmcESlYoqIwfQBOmZT1mZR90qSs16Ssz6QsYVJE7OmepU3KEibdTG4nySh1iI9M6uhik86iQ5M8RAoWmRTSB+CUSZM+kyafNGnSa9Kkz6RJwqSI2NN9kjZpkjBpls1ubs4mQRP421fPrg77kV0dXWzXWUJwDYn+DyAy/KwZT8Iiw0P6ABzFcjqZJSuuQ3wYS0eXiGUnOorlBZGCxbEM6ANwKj1Hfek5+mR6jnrTc5TIwlE60wD8f8SkPvV3IgAA" />\n<input type="hidden" name="lang" value="eng" />\n<input type="hidden" name="suite" value="cobalt" />\n<input type="hidden" name="reservedids" value="inst,lang,suite" />\n<input type="hidden" name="submitmode" value="" />\n<input type="hidden" name="submitname" value="" />\n<input type="hidden" name="allCountInsertComponent_28" id="allCountInsertComponent_28" value="100" />\n<input type="hidden" name="allAvailCountInsertComponent_28" id="allAvailCountInsertComponent_28" value="100" />\n</div>\r\n\t\t\t\t\t\r\n\t\t\t\t\t\r\n\t\t\t\t\t</form> \r\n\t                    </div>\r\n\t                \r\n\t                \r\n                \r\n                \r\n            </div><!--end mark-->\r\n    \r\n\r\n                                    </div>\r\n                            \r\n                            \r\n                            <div id ="showMoreLessLinkContainer">&nbsp;</div>\r\n                            \r\n                            <img alt="Drop Up Shadow" src="resources/gold/images/dropShadowUpArrow.png" class="dropShadowUpArrow" id="dialogUpArrowImageAnyComponent_6"></img>\r\n                        </div>\r\n                    </div>\r\n                    \r\n               \r\n               \r\n    \t\r\n    \t<!-- Order info -->\r\n        \r\n   \r\n\r\n\r\n                    \r\n                    \n    \n     \n\r\n                    \r\n\t\r\n\t\t<span title="ctx_ver=Z39.88-2004&amp;rft_val_fmt=info%3Aofi%2Ffmt%3Akev%3Amtx%3Abook&amp;rfr_id=info%3Asid%2Fiii.com%3Aencore&amp;rft.btitle=Nintendo+Switch+%3A+Overcooked%21+2.&amp;rft.isbn=&amp;rft.date=&amp;rft_id=http%3A%2F%2Fencore.slcl.org%2Fiii%2Fencore%2Frecord%2FC__Rb2574940__SNintendo%2520Switch__P0%252C7__Orightresult__X3%3Bjsessionid%3D5F4C8E89B7C5F964F02DBB6C904346CF%3Flang%3Deng%26suite%3Dcobalt" class="Z3988" id="coinsAnyComponent_6"></span>\r\n\t\r\n\r\n                    <!-- ratingReviewsSummaryComponent -->\r\n                    \r\n                    <div class="addtlInfo">\r\n                       \r\n                       \r\n                       \r\n   \r\n\r\n                    </div>\r\n                </div>\r\n            </div>\r\n            <div class="bibLocations">\r\n                \r\n                \r\n            </div>\r\n        </div>\r\n    \r\n\r\n\t\r\n\r\n\t<!-- Browse Result Resource -->\r\n\t\r\n\r\n\t<!-- Browse Result External -->\r\n\t\r\n\r\n               \r\n           \r\n               \r\n\t<!-- Browse Result Program -->\r\n\t\r\n\r\n\t<!-- Browse Result Bib -->\r\n\t\r\n\t\t \r\n    \r\n        <div id="resultRecord-b2576480" class="gridBrowseContent2 searchResult">\r\n            <div class="gridBrowseCol1">\r\n                <div id="actionsUpdate-b2576480">\r\n                  \r\n    <span id="anyWrapperComponent_7">\r\n        \r\n    </span>\r\n\r\n                  <div class="citationButtons">\r\n                     \n    <div class="requestLink" id="Any_8">\n        \n\n        \n            <div class="Request" id="Any_1_7"> \n                        \t         \n            \t \n                \n                \n                \n                \t\n    \n    \n \n       \n        \n        \n            \n                <div class="requestButton">\n                   <a id="genericLink_7" class="button secondaryAction" href="https://encore.slcl.org/iii/encore/search;jsessionid=5F4C8E89B7C5F964F02DBB6C904346CF/Sdologin?lang=eng&amp;target=Nintendo%20Switch&amp;loginReason=doRequest&amp;actionRecordId=b2576480">\n                       <img alt="Direct Link" src="resources/gold/images/hold.png" id="genericLinkImage_7"></img>Request it\n                   </a>\n                </div>   \n            \n            \n        \n    \n\n                \n                \n                  <!--     popup -->\n                 \n        \t <!--    popup -->\n                \n            </div>\n        \n    </div>\n\r\n                  </div>\r\n                  \r\n<div class="addtlActions">\r\n\t\t<p>Additional actions:</p>\r\n    <ul class="inline-list initialActions">\r\n        \r\n        <li>\r\n    \r\n        <span id="bookCartOperationAnyComponentb2576480">\r\n            \r\n            \r\n\t\t\t\t\t<a id="addToBookCartLinkComponent_7" onMouseup="renewSession()" href="/iii/encore/SearchResultsPage,searchResultsComponent.resultComponent.searchBrowseResultBibComponent.recordActionsComponent.bookCartOperationComponent.addToBookCartLinkComponent.sdirect;jsessionid=5F4C8E89B7C5F964F02DBB6C904346CF?lang=eng&amp;sp=Sb2576480&amp;suite=cobalt" onclick="return tapestry.linkOnClick(this.href,\'addToBookCartLinkComponent_7\', false)">\r\n\t\t\t\t\t\t<img alt="Book Cart" width="22" title="Add to cart" src="resources/gold/images/bookcart.png" class="actionIcon" height="20" id="addToBookcartImageAnyComponent_7"></img>\r\n\t\t\t\t    </a>\r\n            \r\n        </span>\r\n    \r\n</li>\r\n        <li>\r\n    <a id="emailLinkComponent_7" onMouseup="renewSession()" class="toolbarItem popInDialogTrigger" href="/iii/encore/SearchResultsPage,searchResultsComponent.resultComponent.searchBrowseResultBibComponent.recordActionsComponent.emailComponent.emailLinkComponent.sdirect;jsessionid=5F4C8E89B7C5F964F02DBB6C904346CF?lang=eng&amp;sp=Sb2576480&amp;suite=cobalt" onclick="return tapestry.linkOnClick(this.href,\'emailLinkComponent_7\', false)">\r\n        <img alt="Email" width="19" title="Email" src="resources/gold/images/email.png" class="actionIcon" height="13" id="emailImageAnyComponent_7"></img>\r\n        \r\n    </a>\r\n    <!--confirmation dialog-->\r\n    \r\n    <div id="emailMessageContainer">\r\n        <div id="sentStatus">\r\n            <div id="emailStatusMessage">\r\n                \r\n            </div>\r\n        </div>\r\n    </div>\r\n</li>\r\n        \r\n             <li>\r\n\t\r\n</li>\r\n             <li>\r\n    \r\n</li>\r\n        \r\n        \r\n            <li><a href="javascript:void(0);" class="popUpTrigger moreActionsLink" onclick="toggleBibHoldingsPopup(this, false, \'moreActionsWrapper\',\'gridBrowseCol1\')">\r\n            <img width="13" alt="more actions" title="More actions" src="resources/gold/images/more.png" class="actionIcon" height="13" id="moreActionsImageAnyComponent_7"></img></a></li>\r\n        \r\n    </ul>\r\n   <div class="moreActionsWrapper popUpWrapper">\r\n       <a class="closeLink" onclick="toggleBibHoldingsPopup(this, true, \'moreActionsWrapper\',\'gridBrowseCol1\')" href="javascript:void(0);">\r\n           close\r\n       </a>\r\n       <h3 class="moreActionsHeader">more</h3>\r\n        <ul class="inline-list moreActions">\r\n            <li>\r\n    \r\n\t    \r\n\t    \r\n\t        <a id="loginLinkComponent_7" href="https://encore.slcl.org/iii/encore/search;jsessionid=5F4C8E89B7C5F964F02DBB6C904346CF/Sdologin?lang=eng&amp;target=Nintendo%20Switch&amp;loginReason=doTag&amp;actionRecordId=b2576480">\r\n\t           <img width="20" title="Add a Tag" src="resources/gold/images/tag.png" class="actionIcon" height="19" id="createCommunityTagsIconImageAny2Component_7"></img>\r\n\t        </a>\r\n\t    \r\n    \r\n</li>\r\n            \r\n            \r\n        </ul>\r\n       <img src="resources/gold/images/dropShadowArrow.png" class="dropShadowArrow" id="dialogArrowImageAnyComponent_7"></img>\r\n    </div>\r\n</div>\t \r\n\r\n                </div>\r\n            </div>\r\n            <div class="gridBrowseCol2">\r\n                \r\n                    <!--title-->\r\n                <div class="dpBibTitle">\r\n                    <!-- please read c1063106, c1063117, c1044421, c1060576a before changing title -->\r\n                    \r\n                        \r\n                            <span class="title">\r\n                                <a id="recordDisplayLink2Component_7" href="/iii/encore/record/C__Rb2576480__SNintendo%20Switch__P0%2C8__Orightresult__X3;jsessionid=5F4C8E89B7C5F964F02DBB6C904346CF?lang=eng&amp;suite=cobalt">\r\n                                    Nintendo Switch : Dead cells.\r\n                                </a>\r\n                            </span>\r\n                        \r\n                        \r\n                        \r\n                            <span class="title">\r\n                                <span class="additionalFields customSecondaryText">\r\n                                    \r\n                                </span>\r\n                            </span>\r\n                        \r\n                    \r\n\r\n                    \r\n                    <div class="dpBibAuthor">\r\n                        \r\n                        \r\n                    </div>\r\n                    <!-- MARC 962 Media -->\r\n                    <div class="recordDetailValue">\r\n                        \r\n                        <span class="itemMediaDescription" id="mediaTypeInsertComponent_7">ELECTRONIC RES</span>\r\n                        \r\n                        \r\n                                <span class="pipeDivider">|</span>\r\n                                <span class="itemMediaYear" id="searchResultPubYearInsertComponent_7"></span>\r\n                            \r\n                        \r\n                              <span class="pipeDivider">|</span>\r\n                              <span class="itemEdition" id="searchResultEditionInsertComponent_7">Nintendo Switch ed.</span>\r\n                           \r\n                    </div>\r\n                    \r\n                    \r\n                        <!-- bibHoldingsComponentAvailableOnlyOrAllItems -->\r\n                        \r\n    <!--start item info-->\r\n    \r\n    \r\n        <!-- over threshold holdings info -->\r\n        \r\n\t\r\n\r\n    \t<!--ERM-->\r\n        \r\n    \r\n    <!-- Dialog content -->\r\n    \r\n\r\n        <!-- checkin info -->\r\n        \r\n\t\r\n\r\n        <!-- Volume info -->\r\n        \r\n        <!-- Item info -->\r\n        \r\n                \r\n                  <!--This ItemsContainer elem does not get rendered into a toggle on the record page - only the browse -->\r\n                  <div id="ItemsContainer-b2576480" class="ItemsContainer">\r\n                        \r\n                           \r\n    \r\n        <div class="availabilitySummaryArea">\r\n            \r\n                <div class="dpBibHoldingStatement">\r\n                    <span class="availabilityMessage">\r\n                        <span class="itemsNotAvailable">Not Available</span> at Headquarters (DUE 01-12-19 ~)\r\n                    </span>\r\n                    \r\n                        <span class="itemsContainerPopUpTrigger"></span>\r\n                    \r\n                </div>\r\n            \r\n        </div>\r\n    \r\n    \r\n    \r\n\r\n                        \r\n                        <div class="content bibHoldingsWrapper popUpWrapper">\r\n                            <a href="javascript:void(0);" onclick="toggleBibHoldingsPopup(this, true)" class="closeLink">close</a>\r\n                            <!-- available-->\r\n                              \r\n                             <!--all -->\r\n                              \r\n                                   <a href="javascript:void(0);" onclick="showHideItemsToggle(this)" class="showAllToggleLink availCheckboxLink"><img width="15" src="resources/gold/images/checkbox_checked.png" class="availCheckbox" height="13" id="checkboxCheckedImageComponent_7"></img>only show available</a>\r\n                                   <a href="javascript:void(0);" onclick="showHideItemsToggle(this)" class="showAvailableToggleLink availCheckboxLink"><img width="15" src="resources/gold/images/checkbox.png" class="availCheckbox" height="13" id="checkboxImageComponent_7"></img>only show available</a>\r\n                                   <a href="javascript:void(0);" onclick="showHideItemsToggle(this)" class="showAllMaxToggleLink availCheckboxLink"><img width="15" src="resources/gold/images/checkbox_checked.png" class="availCheckbox" height="13" id="checkboxCheckedImage2Component_7"></img>only show available</a>\r\n                                   <a href="javascript:void(0);" onclick="showHideItemsToggle(this)" class="showAvailableMaxToggleLink availCheckboxLink"><img width="15" src="resources/gold/images/checkbox.png" class="availCheckbox" height="13" id="checkboxImage2Component_7"></img>only show available</a>\r\n                                    \r\n                                    <div id="allItemsSection" class="allItemsSection">\r\n                                       \r\n    \r\n\r\n    \r\n            \r\n            \r\n                    <!--link moved into dpBibHoldingStatement via initBibHoldingsToggle JS -->\r\n                    <span class="itemsSectionHeader" id="availHeaderWrapperAny2Component_14"><a href="javascript:void(0);" onclick="toggleBibHoldingsPopup(this)">see all</a></span>\r\n            \r\n            <!--start mark -->\r\n             <h3 class="sectionHeader itemsHeader customHeader">Items</h3>\r\n            <div id="allitems-b2576480">\r\n                \r\n\t                \r\n\t                    <div class="itemTableWrapper popUpContentWrapper">\r\n\t                        \r\n    \r\n\t\t<table class="itemTable" cellspacing="3">\r\n        \t<tr>\r\n\t        \t\r\n\t        \t\t<th>\r\n\t        \t\t\tLocation\r\n\t        \t\t</th>\r\n\t        \t\r\n\t        \t\t<th>\r\n\t        \t\t\tCall No.\r\n\t        \t\t</th>\r\n\t        \t\r\n\t        \t\t<th>\r\n\t        \t\t\tStatus\r\n\t        \t\t</th>\r\n\t        \t\r\n        \t</tr>\r\n            \r\n            \t<tr>\r\n            \t\t\r\n                        \r\n            \t\t\r\n                        \r\n                            <td>\r\n                                \r\n                                    \r\n                                    \r\n                                        \r\n                                            \r\n \r\n\t \r\n\t    \t\r\n\t\t\r\n\t\t\r\n\t\t\tHeadquarters\r\n\t\t\r\n    \r\n \r\n\r\n\r\n                                        \r\n                                        \r\n                                    \r\n            \t\t\t        \r\n\t            \t\t\t</td>\r\n            \t\t\t\r\n            \t\t\r\n                        \r\n                            <td>\r\n                                \r\n                                    \r\n                                    \r\n                                        \r\n                                        \r\n                                            \r\n                                                <a id="callNoBrowseDirectLinkComponent_29" href="/iii/encore/SearchResultsPage,searchResultsComponent.resultComponent.searchBrowseResultBibComponent.$BibHoldingsComponent.bibHoldingsAllItems.itemTableComponent.callNoBrowseDirectLinkComponent.sdirect;jsessionid=5F4C8E89B7C5F964F02DBB6C904346CF?lang=eng&amp;sp=Si20284018&amp;sp=Sb2576480&amp;suite=cobalt" onclick="return tapestry.linkOnClick(this.href,\'callNoBrowseDirectLinkComponent_29\', false)">\r\n                                                    VIDEO GAME\r\n                                                </a>\r\n                                            \r\n                                            \r\n                                        \r\n                                    \r\n            \t\t\t        \r\n                                    \r\n                                         \r\n                                    \r\n                                    \r\n            \t\t\t        \r\n                                    \r\n                                         \r\n                                    \r\n                                    \r\n            \t\t\t        \r\n\t            \t\t\t</td>\r\n            \t\t\t\r\n            \t\t\r\n                        \r\n                            <td>\r\n                                \r\n                                    \r\n                                        DUE 01-12-19 ~\r\n                                    \r\n                                    \r\n            \t\t\t        \r\n\t            \t\t\t</td>\r\n            \t\t\t\r\n            \t\t\r\n            \t</tr>\r\n            \r\n        </table>\r\n    \r\n\r\n\t                        \r\n\t\t\t\t\t\t\t\r\n\t\t\t\t\t\t\t\t<a id="showAllItemsLinkComponent_29" class="showAllItemsLink customToggle" href="/iii/encore/SearchResultsPage,searchResultsComponent.resultComponent.searchBrowseResultBibComponent.$BibHoldingsComponent.bibHoldingsAllItems.showAllItemsLinkComponent.sdirect;jsessionid=5F4C8E89B7C5F964F02DBB6C904346CF?lang=eng&amp;sp=Sb2576480&amp;sp=T&amp;sp=Sallitems-b2576480&amp;sp=F&amp;suite=cobalt" onclick="return tapestry.linkOnClick(this.href,\'showAllItemsLinkComponent_29\', false)">\r\n\t\t\t\t\t\t\t\tShow remaining items</a>\r\n\t\t\t\t\t\t\t\r\n\t\t\t\t\t\t\t\r\n  \xe2\x80\x8b\t\t\t\t\t\t\t\r\n  \r\n\t\t\t\t\t<form method="post" action="/iii/encore/SearchResultsPage,searchResultsComponent.resultComponent.searchBrowseResultBibComponent.$BibHoldingsComponent.bibHoldingsAllItems.countComponent.sdirect;jsessionid=5F4C8E89B7C5F964F02DBB6C904346CF" id="countComponent_29" style="display:none;">\n<div style="display:none;" id="countComponent_29hidden"><input type="hidden" name="formids" value="allCountInsertComponent_29,allAvailCountInsertComponent_29" />\n<input type="hidden" name="seedids" value="ZH4sIAAAAAAAAAI0aW27jOLIx2L3IIJ9ewHLcsfPpOOlpA0knsN2zu18NWqJtoilSS1JOMmeaqwz2JHuHLVKSxSKpJD8dpV6sdxWZ/vN/n/7+x6dPf/v0618jTdWJ5fRiPKrIwf7IZVlJQYVx38IQJqiCb021ZlLYrwr+OUhePAHHPxWpKqqWHpc+Us59wE4Wr+h3ouktUzQ3IHAlQAXTo7PRnoBGUqwpJ5bA5xRykytWmQdqyJruFdVHfLJ8XtbayPIrJQVVq72PzX1McKpVUv5cEmXumfjpa7PaX2TjCUIvBDJntf8xvpiMR3dc04vZHJE+gNfAS/FxFTFKiq2UXPvggumKk9cnh32srP16tZ8gI8mJbo9MbyhR+THQxXpgAwQN0mqAfdAcu+Cgjf5eFcTQhACHXpVW731CuXsiDjUgN5RDCCX40iZCyuPtaXkua2Hu5YGJ9231KWrwmmPDQQGXO39eZFl3BlDJGhws9kyVN1zmiLx8bXW4pSawt1Wi8chCUYI1ODqr2pzaPtz7OCMrdxLmAOiaCmCKtBDS/OvregJf/6mpwl534foiVelDmdDm4nI84uBw+1PXzFD30ZAzyot7sqM8FrUxigHTeESKExE5LfqE8BzgmoBJUsUiXUJs6nLHUCLrCqp9Ux8OVIfVeiKcFa6G75SS6g2U/oLRtvHAl249GfSPFruE7D1I7MijLOlTlLgd1FZo1C+wsKBlICSjVk+vGCehKk1J0AKVbAadRylLFRzlkvjyDcs6cVbvDwgM4/bWsdM4wGuqaw5FIBKp2eJ8hDRHqjayVjnVD0ywkqA8pILsuPWEp/d4pBo5TbNAISK6OWNDDY5Bw7K05Ru3UZ8tFd0mobf0JRCqe3gk0/K5rtM1b8wplek6XwhvmxhK5qmT98QqJOeyC87mzGajZ132QTJsbYJw+1q1c2eSSIqezjUBnDqTt6T5ZHuSU/ObknXlH9FDV0WQTSemWWBj1gGxRVnb5H9cXVyev2f22/pzSw5LLusiSBV2OJoNK6jrvd9IScNYtHatEaHvRj+rcRbCNtI1SIzSkPn87qUioujUQoWAMIE/DDnoe0kKaNaDq4JK1mULRfbNz8XSQ/oquFHyWdOmXJ6UPChS+u4bIr1hu4AsRYKVEMEq0Cm2prlUxT92k89X88n1tZ08bglsdxEf0cz1jdd9WgdpXywRr9EG2hiCUmwG58PQ1cF2Nx+BUy+ubRfZ1LuSinrdkNls19gAcDSseSAJWH5kAGD68URVodiJ3spnwSGKmIPpxQvTl1fjELzudcGoLjt7PAAPFBZwlse/uYGMQa2LLFAa2R6/qKr0YmSjYuOxyI1rAjYQGHti9FnfxZ28X3IfwfXBmt4jP8bpJ7aXABS0N3olblp6LCXE4uYBiVEUW3mT3Ok9ZE7aRRcVF0gvCeMRIBTjgCl2N0GAOJw7czvgk4FwojaGmFr3MdTu98B7bNcUUVhe+2epfmpoQzK2F+rxmzS0QYaKPkhFF00VxhlZ9siUoeBI+LWsBTOv0OHCc9tODaP0EHcaGLEHyA0xjAljyuOrAHgUdnZDfS30CrzcaTvxaQtGQMYCNs7nobBtj7DhChvXSK0tMxxYirUNVtzhBkgmcb3dtvcosARh/VUrlhTMhYEDQ5+5+1xRMBtCwt2VQafauT3VNQFuIvLkyYtWxyFhIKc2Rxk6ycenSUoKYfq+vk9AU0sIlvlU7zjTxyg2mOTf8Ov7BG8edNf4aFhKRxBJyeGHIkF+tcAwejBYv0putwM89bjd5m0uYyk9PBSUS7i3CVqkpN2tH1Jg35ivRHtUK7GXw4brLzXnUYPbeZYcaf6T4VHjbmINHEuG0fy75HUZjuMensr4laGlXnavV1voJ2GiYgp/8YBrOrjdGhF13sUJGgPZMQ6NBm7CJVFR/7ByW1Ti+gDTv8ej1Q0WCxazRsnDtL93xQ0oPj7lnjatdEpD1wTs7tLYyuk2vJSgYJ7JnEMnF1c2Cc+J4l9lxj4muL2MRyV5CagBElERe1pzeWzXPtzis89wCHdU1pvaj2sBJO2q7XQNjoOPR2VnYQpphTk/IGgz3sIrm13qHSVkp8Axnlz6uDC615MGewsljPiuMp8tQmefpxAvGPB+et5xCvssypDz8b8TXgc3o8l0NoKZxITDIS6Q3mOCOxrgoNBJ2AlB4Q6Mx/Vld7vukYHv+idcqj6AjjLEEvwmJdT7A6mihSZJEMnodE89DyQsGOTHCHBK+9i4hBz9JptCDrTLPVTzRB45sL0kbM+RjC75l+PUSZGaA4IsjWsC56xsxj13hRGrYx9mgjLnydeaybVFuSQdwuMixBoDOizhiKDTFM9WO1d28sXNF9gr7eaXwg8ifMbJICfC+B2y9Zybz3Fbcipbn2yP9s8ZwNQkrSdulmy4D9Axzz031Re9Om0eoTqOYPEELGqa0HgjBXmo3pB2nHenAKKzN5DYrOHfq4FFHCYhbPLe6tPM7+YvP4AdGvA4G2ZoKXlUwb4+G1F7EfVbJuKFM+7OBJgxb1aspUQ7DIYHHBYU2AgLzErvBCZsHqRr5QY8VScaCPJNur6aBAbZR63PVzY+OhT6sFgv5y0Oc+3Zi1vz20uJNxtcE+gJT0Q5wiys29nAwxH8697RYhNj2rsXQ5Uggafhds5y3vYljIrfk6bjq/R7UoN4/9mhoUsthq3oeLM4I1KwREVh+gCcMikbMin7oEnZoEnZkElZwqSI2NM9S5uUJUyaTa+nySh1iPdM6uhik86iQ5M8RAoWmRTSB+CUSdMhk6YfNGk6aNJ0yKRpwqSI2NN9mjZpmjBpns1ns9YkaAK//BfZ1WHfs6uji+06SwiuIdH/BIgMP2vGk7DI8JA+AEexvJrOkxXXId6NZUuXiGUnOoplj0jB4lgG9AE4lZ7jofQcfzA9x4PpOU5k4TidaeMBh6e1axEfcfiAdp3owK8A+z9NWCosACMAAA==" />\n<input type="hidden" name="lang" value="eng" />\n<input type="hidden" name="suite" value="cobalt" />\n<input type="hidden" name="reservedids" value="inst,lang,suite" />\n<input type="hidden" name="submitmode" value="" />\n<input type="hidden" name="submitname" value="" />\n<input type="hidden" name="allCountInsertComponent_29" id="allCountInsertComponent_29" value="100" />\n<input type="hidden" name="allAvailCountInsertComponent_29" id="allAvailCountInsertComponent_29" value="100" />\n</div>\r\n\t\t\t\t\t\r\n\t\t\t\t\t\r\n\t\t\t\t\t</form> \r\n\t                    </div>\r\n\t                \r\n\t                \r\n                \r\n                \r\n            </div><!--end mark-->\r\n    \r\n\r\n                                    </div>\r\n                            \r\n                            \r\n                            \r\n                                    <div id="allMaxItemsSection" class="allMaxItemsSection">\r\n                                        \r\n    \r\n\r\n    \r\n            \r\n                 \r\n                \r\n                    <!--link moved into dpBibHoldingStatement via initBibHoldingsToggle JS -->\r\n                    <span class="itemsSectionHeader" id="availHeaderWrapperAnyComponent_14">\r\n                           <a id="showMaxItemsLink2Component_14" class="maxItemsLink" href="/iii/encore/SearchResultsPage,searchResultsComponent.resultComponent.searchBrowseResultBibComponent.$BibHoldingsComponent.bibHoldingsAllMaxItems.showMaxItemsLink2Component.sdirect;jsessionid=5F4C8E89B7C5F964F02DBB6C904346CF?lang=eng&amp;sp=Sb2576480&amp;sp=F&amp;sp=Sallitemsmax-b2576480&amp;sp=F&amp;suite=cobalt" onclick="return tapestry.linkOnClick(this.href,\'showMaxItemsLink2Component_14\', false)">\r\n                               <a href="javascript:void(0);" onclick="toggleBibHoldingsPopup(this)">see all</a>\r\n                           </a>\r\n                    </span>\r\n                \r\n            \r\n            \r\n            <!--start mark -->\r\n             <h3 class="sectionHeader itemsHeader customHeader">Items</h3>\r\n            <div id="allitemsmax-b2576480">\r\n                \r\n\t                \r\n\t                    <div class="itemTableWrapper popUpContentWrapper">\r\n\t                        \r\n    \r\n\t\t<table class="itemTable" cellspacing="3">\r\n        \t<tr>\r\n\t        \t\r\n\t        \t\t<th>\r\n\t        \t\t\tLocation\r\n\t        \t\t</th>\r\n\t        \t\r\n\t        \t\t<th>\r\n\t        \t\t\tCall No.\r\n\t        \t\t</th>\r\n\t        \t\r\n\t        \t\t<th>\r\n\t        \t\t\tStatus\r\n\t        \t\t</th>\r\n\t        \t\r\n        \t</tr>\r\n            \r\n            \t<tr>\r\n            \t\t\r\n                        \r\n            \t\t\r\n                        \r\n                            <td>\r\n                                \r\n                                    \r\n                                    \r\n                                        \r\n                                            \r\n \r\n\t \r\n\t    \t\r\n\t\t\r\n\t\t\r\n\t\t\tHeadquarters\r\n\t\t\r\n    \r\n \r\n\r\n\r\n                                        \r\n                                        \r\n                                    \r\n            \t\t\t        \r\n\t            \t\t\t</td>\r\n            \t\t\t\r\n            \t\t\r\n                        \r\n                            <td>\r\n                                \r\n                                    \r\n                                    \r\n                                        \r\n                                        \r\n                                            \r\n                                                <a id="callNoBrowseDirectLinkComponent_30" href="/iii/encore/SearchResultsPage,searchResultsComponent.resultComponent.searchBrowseResultBibComponent.$BibHoldingsComponent.bibHoldingsAllMaxItems.itemTableComponent.callNoBrowseDirectLinkComponent.sdirect;jsessionid=5F4C8E89B7C5F964F02DBB6C904346CF?lang=eng&amp;sp=Si20284018&amp;sp=Sb2576480&amp;suite=cobalt" onclick="return tapestry.linkOnClick(this.href,\'callNoBrowseDirectLinkComponent_30\', false)">\r\n                                                    VIDEO GAME\r\n                                                </a>\r\n                                            \r\n                                            \r\n                                        \r\n                                    \r\n            \t\t\t        \r\n                                    \r\n                                         \r\n                                    \r\n                                    \r\n            \t\t\t        \r\n                                    \r\n                                         \r\n                                    \r\n                                    \r\n            \t\t\t        \r\n\t            \t\t\t</td>\r\n            \t\t\t\r\n            \t\t\r\n                        \r\n                            <td>\r\n                                \r\n                                    \r\n                                        DUE 01-12-19 ~\r\n                                    \r\n                                    \r\n            \t\t\t        \r\n\t            \t\t\t</td>\r\n            \t\t\t\r\n            \t\t\r\n            \t</tr>\r\n            \r\n        </table>\r\n    \r\n\r\n\t                        \r\n\t\t\t\t\t\t\t\r\n\t\t\t\t\t\t\t\t<a id="showAllItemsLinkComponent_30" class="showAllItemsLink customToggle" href="/iii/encore/SearchResultsPage,searchResultsComponent.resultComponent.searchBrowseResultBibComponent.$BibHoldingsComponent.bibHoldingsAllMaxItems.showAllItemsLinkComponent.sdirect;jsessionid=5F4C8E89B7C5F964F02DBB6C904346CF?lang=eng&amp;sp=Sb2576480&amp;sp=T&amp;sp=Sallitemsmax-b2576480&amp;sp=F&amp;suite=cobalt" onclick="return tapestry.linkOnClick(this.href,\'showAllItemsLinkComponent_30\', false)">\r\n\t\t\t\t\t\t\t\tShow remaining items</a>\r\n\t\t\t\t\t\t\t\r\n\t\t\t\t\t\t\t\r\n  \xe2\x80\x8b\t\t\t\t\t\t\t\r\n  \r\n\t\t\t\t\t<form method="post" action="/iii/encore/SearchResultsPage,searchResultsComponent.resultComponent.searchBrowseResultBibComponent.$BibHoldingsComponent.bibHoldingsAllMaxItems.countComponent.sdirect;jsessionid=5F4C8E89B7C5F964F02DBB6C904346CF" id="countComponent_30" style="display:none;">\n<div style="display:none;" id="countComponent_30hidden"><input type="hidden" name="formids" value="allCountInsertComponent_30,allAvailCountInsertComponent_30" />\n<input type="hidden" name="seedids" value="ZH4sIAAAAAAAAAI0a227junFRtD9S5NEFLMeJnUfHyZ41kGwC23vaPi1oibaJpUiVlJzkfFM/q+hb/6FDirI4JJXkZaPMjXOfIbP//t+Xv/zx5cufv/z1PyNN1Ynl9GI8qsjB/MhlWUlBRW2/RU2YoAq+NdWaSWG+KvjnIHnxDBx/V6SqqFp6XPpIOfcBO1m8od+JpndM0bwGgSsBKtQ9OhvtCWgkxZpyYgh8TiE3uWJV/UhrsqZ7RfURnyxflo2uZfmNkoKq1d7H5j4mONUoKX8tiaofmPjla7PaX2TjKUIvBDJntf85vpiMR/dc04s5lvQIXgMvxcdVpFZSbKXk2gcXTFecvD1b7FNl7Ner/QQZSU50e2R6Q4nKj4EuxgMbIGiRRgPsg/bYBQdt9I+qIDVNCLDoVWn03ieUeyDi0AByQzmEUIIvTSKkPO5Oy3PZiPpBHpj42FafogGvWTYcFHC59edFlmXuDKCSDThY7Jkqb7nMEXn55nS4o3Vgr1Oi9chCUYI1OFqrXE5tHx98XC0rexLmAOiaCmCKtBCy/se39QS+/tVQhb1uw/VVqtKHMqHri8tsxMHh5qduWE3tR0vOKC8eyI7yWNSmVgyYxiNSnIjIadEnhOcA2wTqJFUs0ibEpil3DCWyrqDaN83hQHVYrSfCWWFr+F4pqd5B6a8YbRoPfGnnyaB/OOwSsvcgsSOPsqTPUeJ2UFOhUb/AwoKWgZCMGj29YpyEqrQlQQtUshl0HqUMVXCUTeLLdyzrxBm9PyEwjNt7x07jAK+pbjgUgUikpsP5CFkfqdrIRuVUPzLBSoLykAqy48YTnt7jkWrltM0ChYjo9owNrXEMWpalKd+4jfpsqei2Cb2lr4FQ3cMjmYbPdp2ueWNOqequ84Vw18RQMk+tvGdWITmXXXA2ZzYTPeOyT5JhaxOE27fKzZ1JIil6OtsEcOpM3pPmk+1JTuvflGwq/4geuiqCbDoxzQIbsw6ILcpck/95fXE56b5n5tv4c0sOSy6bIkgVdjjWG1ZQ23u/k5KGsXB2rRGh70Y/q3EWwjbSNUiM0pD5/P61IqLo1EKFgDCBP2py0A+SFNCsB1cFlaxLB0X2zc/F0kP6KrhV8kXTtlyelTwoUvruGyK9ZbuALEWClRDBKtAptqa5VMXfdpOr6/nk5sZMHrsEul3ER7RzfeN1H+cg7Ysl4i3aQFtDUIrN4HwYujrY7uYjcOrFjekim2ZXUtGsWzKT7RobAI6GNQ8kAcvPDABMP52oKhQ70Tv5IjhEEXMwvXhl+vJ6HILXvS4Y1WVnjwfggcICzvL4NzuQMci5yABlLd3xi6pKL0YmKiYei7y2TcAEAmNPjL7o+7iTz89L7hO4PljTe+TnOP3E9hKAgva1XolbR4+lhFjcPCAximIrb5M7vYfMiVt0UXGB9JIwHgFCMRaYYrcTBIjDuTM3Az4ZCCtqU5O60X0Mtf098B7btUUUltf+RapfGtqQjO2Fevwua9oiQ0UfpaKLtgrjjCx7ZMpQcCT8WjaC1W/Q4cJzXaeGUXqIOw2M2APkhhjGhDHl8VUAPAo7e019LfQKvNxpO/FpC0ZAxgI2zpehsG2PsOEKE9dIrS2rObAUaxOsuMMNkEziertz9yiwBGH9VSuWFMyFgQNDn9n7XFEwE0LC7ZVBp9q5OdU2AV5H5MmTF07HIWEgp6mPMnSSj0+TlBTC9GP9kICmlhAs87nZcaaPUWwwyT/h148J3j3ovvXRsJSOIJKSww9FgvxywDB6MFi/SW62Azz1uNnmTS5jKT08FJRLuLcJWqSk3a8fU2DfmG9Ee1QrsZfDhuuvDedRg9t5lhxp/ovhUWNvYi0cS4bR/LvkTRmO4x6eyvhVTUu97F6vttBPwkTFFP7iAdd0cLsxIuq8ixM0BrJjHBoN3IRLoqL+YeQ6VOL6ANO/x6PVDRYLFrNGycO0v3fFDSg+PuUel1Y6paFtAmZ3aW3ldBteSlAwz2TWoZOLa5OE50TxrzKZjwluL9moJK8BNUAiKmJOay+Pbu3DLT67gkO4pTLe1H5cCyBxq7bVNTgOPp6UmYUppBFm/YCg7XgLr2wZLPWWErJT4BhPZj4ujO7NVYu9gxJGfNeXPluEzq5uIF4w4P30vOcU9lmUIefjfye8CW5Gk6urEcwkJiwOcYH0HhPc0QAHhU7CTggKd2A8rp3THjxk4Lv+CZeqT6CjDDEEv0kJ9f5IqmihSRJEMjrdU88DCQsG+TECnOIeG5eQo99lW8iBdrmHap/IIwe6S8L2HMnokg9EiZMiNQcEGRrbBM5Z2Y57bgsjVsc8zARlzpOvNZdjg7JJOoTHRRhoHJdwRNBpimermSs7+WrnC+yVZvNL4QcRPuNkkBNh/A7pPGfnc9yWrMrGJ9uj+XMGMLVJOyiua7iP0DHPPTfVF1FbtJu+4wgWz7BpQuONFOShesPGdqd49gYS2zX8RzWwiMMkhE3eW33a+d3+5QewQwMeZ8MMLSVPKtjXZyNqLqJ+y0S8cMb9mQAz5u2KtZRoh8HwgMOAAhthgVnpncCE7YN0o+yAp+pEA0G+STfXk8Ag86h1dW3io0Ohj4v1cu5wmGvPXu2a7y4l3mywTaAnPBFlCbOwbmcDD0fwr31Hi02Mae9fa6oECTwNt3OWc9eXMCp+T5qOr9PvSS3i42eHli61GDrR8WZxRqRgiYrC9AE4ZVI2ZFL2SZOyQZOyIZOyhEkRsad7ljYpS5g0m95Mk1HqEB+Z1NHFJp1FhyZ5iBQsMimkD8Apk6ZDJk0/adJ00KTpkEnThEkRsaf7NG3SNGHSPJvPZs4kaAJ/+i+yq8N+ZFdHF9t1lhBcQ6L/CRAZftaMJ2GR4SF9AI5ieT2dJyuuQ3wYS0eXiGUnOoplj0jB4lgG9AE4lZ7jofQcfzI9x4PpOU5k4TidaeMBh6e1c4jPOHxAu0504NeUdi34/wijRO8XIwAA" />\n<input type="hidden" name="lang" value="eng" />\n<input type="hidden" name="suite" value="cobalt" />\n<input type="hidden" name="reservedids" value="inst,lang,suite" />\n<input type="hidden" name="submitmode" value="" />\n<input type="hidden" name="submitname" value="" />\n<input type="hidden" name="allCountInsertComponent_30" id="allCountInsertComponent_30" value="100" />\n<input type="hidden" name="allAvailCountInsertComponent_30" id="allAvailCountInsertComponent_30" value="100" />\n</div>\r\n\t\t\t\t\t\r\n\t\t\t\t\t\r\n\t\t\t\t\t</form> \r\n\t                    </div>\r\n\t                \r\n\t                \r\n                \r\n                \r\n            </div><!--end mark-->\r\n    \r\n\r\n                                    </div>\r\n                            \r\n                            \r\n                            <div id ="showMoreLessLinkContainer">&nbsp;</div>\r\n                            \r\n                            <img alt="Drop Up Shadow" src="resources/gold/images/dropShadowUpArrow.png" class="dropShadowUpArrow" id="dialogUpArrowImageAnyComponent_7"></img>\r\n                        </div>\r\n                    </div>\r\n                    \r\n               \r\n               \r\n    \t\r\n    \t<!-- Order info -->\r\n        \r\n   \r\n\r\n\r\n                    \r\n                    \n    \n     \n\r\n                    \r\n\t\r\n\t\t<span title="ctx_ver=Z39.88-2004&amp;rft_val_fmt=info%3Aofi%2Ffmt%3Akev%3Amtx%3Abook&amp;rfr_id=info%3Asid%2Fiii.com%3Aencore&amp;rft.btitle=Nintendo+Switch+%3A+Dead+cells.&amp;rft.isbn=&amp;rft.date=&amp;rft_id=http%3A%2F%2Fencore.slcl.org%2Fiii%2Fencore%2Frecord%2FC__Rb2576480__SNintendo%2520Switch__P0%252C8__Orightresult__X3%3Bjsessionid%3D5F4C8E89B7C5F964F02DBB6C904346CF%3Flang%3Deng%26suite%3Dcobalt" class="Z3988" id="coinsAnyComponent_7"></span>\r\n\t\r\n\r\n                    <!-- ratingReviewsSummaryComponent -->\r\n                    \r\n                    <div class="addtlInfo">\r\n                       \r\n                       \r\n                       \r\n   \r\n\r\n                    </div>\r\n                </div>\r\n            </div>\r\n            <div class="bibLocations">\r\n                \r\n                \r\n            </div>\r\n        </div>\r\n    \r\n\r\n\t\r\n\r\n\t<!-- Browse Result Resource -->\r\n\t\r\n\r\n\t<!-- Browse Result External -->\r\n\t\r\n\r\n               \r\n           \r\n               \r\n\t<!-- Browse Result Program -->\r\n\t\r\n\r\n\t<!-- Browse Result Bib -->\r\n\t\r\n\t\t \r\n    \r\n        <div id="resultRecord-b2568417" class="gridBrowseContent2 searchResult">\r\n            <div class="gridBrowseCol1">\r\n                <div id="actionsUpdate-b2568417">\r\n                  \r\n    <span id="anyWrapperComponent_8">\r\n        \r\n    </span>\r\n\r\n                  <div class="citationButtons">\r\n                     \n    <div class="requestLink" id="Any_9">\n        \n\n        \n            <div class="Request" id="Any_1_8"> \n                        \t         \n            \t \n                \n                \n                \n                \t\n    \n    \n \n       \n        \n        \n            \n                <div class="requestButton">\n                   <a id="genericLink_8" class="button secondaryAction" href="https://encore.slcl.org/iii/encore/search;jsessionid=5F4C8E89B7C5F964F02DBB6C904346CF/Sdologin?lang=eng&amp;target=Nintendo%20Switch&amp;loginReason=doRequest&amp;actionRecordId=b2568417">\n                       <img alt="Direct Link" src="resources/gold/images/hold.png" id="genericLinkImage_8"></img>Request it\n                   </a>\n                </div>   \n            \n            \n        \n    \n\n                \n                \n                  <!--     popup -->\n                 \n        \t <!--    popup -->\n                \n            </div>\n        \n    </div>\n\r\n                  </div>\r\n                  \r\n<div class="addtlActions">\r\n\t\t<p>Additional actions:</p>\r\n    <ul class="inline-list initialActions">\r\n        \r\n        <li>\r\n    \r\n        <span id="bookCartOperationAnyComponentb2568417">\r\n            \r\n            \r\n\t\t\t\t\t<a id="addToBookCartLinkComponent_8" onMouseup="renewSession()" href="/iii/encore/SearchResultsPage,searchResultsComponent.resultComponent.searchBrowseResultBibComponent.recordActionsComponent.bookCartOperationComponent.addToBookCartLinkComponent.sdirect;jsessionid=5F4C8E89B7C5F964F02DBB6C904346CF?lang=eng&amp;sp=Sb2568417&amp;suite=cobalt" onclick="return tapestry.linkOnClick(this.href,\'addToBookCartLinkComponent_8\', false)">\r\n\t\t\t\t\t\t<img alt="Book Cart" width="22" title="Add to cart" src="resources/gold/images/bookcart.png" class="actionIcon" height="20" id="addToBookcartImageAnyComponent_8"></img>\r\n\t\t\t\t    </a>\r\n            \r\n        </span>\r\n    \r\n</li>\r\n        <li>\r\n    <a id="emailLinkComponent_8" onMouseup="renewSession()" class="toolbarItem popInDialogTrigger" href="/iii/encore/SearchResultsPage,searchResultsComponent.resultComponent.searchBrowseResultBibComponent.recordActionsComponent.emailComponent.emailLinkComponent.sdirect;jsessionid=5F4C8E89B7C5F964F02DBB6C904346CF?lang=eng&amp;sp=Sb2568417&amp;suite=cobalt" onclick="return tapestry.linkOnClick(this.href,\'emailLinkComponent_8\', false)">\r\n        <img alt="Email" width="19" title="Email" src="resources/gold/images/email.png" class="actionIcon" height="13" id="emailImageAnyComponent_8"></img>\r\n        \r\n    </a>\r\n    <!--confirmation dialog-->\r\n    \r\n    <div id="emailMessageContainer">\r\n        <div id="sentStatus">\r\n            <div id="emailStatusMessage">\r\n                \r\n            </div>\r\n        </div>\r\n    </div>\r\n</li>\r\n        \r\n             <li>\r\n\t\r\n</li>\r\n             <li>\r\n    \r\n</li>\r\n        \r\n        \r\n            <li><a href="javascript:void(0);" class="popUpTrigger moreActionsLink" onclick="toggleBibHoldingsPopup(this, false, \'moreActionsWrapper\',\'gridBrowseCol1\')">\r\n            <img width="13" alt="more actions" title="More actions" src="resources/gold/images/more.png" class="actionIcon" height="13" id="moreActionsImageAnyComponent_8"></img></a></li>\r\n        \r\n    </ul>\r\n   <div class="moreActionsWrapper popUpWrapper">\r\n       <a class="closeLink" onclick="toggleBibHoldingsPopup(this, true, \'moreActionsWrapper\',\'gridBrowseCol1\')" href="javascript:void(0);">\r\n           close\r\n       </a>\r\n       <h3 class="moreActionsHeader">more</h3>\r\n        <ul class="inline-list moreActions">\r\n            <li>\r\n    \r\n\t    \r\n\t    \r\n\t        <a id="loginLinkComponent_8" href="https://encore.slcl.org/iii/encore/search;jsessionid=5F4C8E89B7C5F964F02DBB6C904346CF/Sdologin?lang=eng&amp;target=Nintendo%20Switch&amp;loginReason=doTag&amp;actionRecordId=b2568417">\r\n\t           <img width="20" title="Add a Tag" src="resources/gold/images/tag.png" class="actionIcon" height="19" id="createCommunityTagsIconImageAny2Component_8"></img>\r\n\t        </a>\r\n\t    \r\n    \r\n</li>\r\n            \r\n            \r\n        </ul>\r\n       <img src="resources/gold/images/dropShadowArrow.png" class="dropShadowArrow" id="dialogArrowImageAnyComponent_8"></img>\r\n    </div>\r\n</div>\t \r\n\r\n                </div>\r\n            </div>\r\n            <div class="gridBrowseCol2">\r\n                \r\n                    <!--title-->\r\n                <div class="dpBibTitle">\r\n                    <!-- please read c1063106, c1063117, c1044421, c1060576a before changing title -->\r\n                    \r\n                        \r\n                            <span class="title">\r\n                                <a id="recordDisplayLink2Component_8" href="/iii/encore/record/C__Rb2568417__SNintendo%20Switch__P0%2C9__Orightresult__X3;jsessionid=5F4C8E89B7C5F964F02DBB6C904346CF?lang=eng&amp;suite=cobalt">\r\n                                    Nintendo Switch : Pokk\xc3\xa9n tournament DX.\r\n                                </a>\r\n                            </span>\r\n                        \r\n                        \r\n                        \r\n                            <span class="title">\r\n                                <span class="additionalFields customSecondaryText">\r\n                                    \r\n                                </span>\r\n                            </span>\r\n                        \r\n                    \r\n\r\n                    \r\n                    <div class="dpBibAuthor">\r\n                        \r\n                        \r\n                    </div>\r\n                    <!-- MARC 962 Media -->\r\n                    <div class="recordDetailValue">\r\n                        \r\n                        <span class="itemMediaDescription" id="mediaTypeInsertComponent_8">ELECTRONIC RES</span>\r\n                        \r\n                        \r\n                                <span class="pipeDivider">|</span>\r\n                                <span class="itemMediaYear" id="searchResultPubYearInsertComponent_8"></span>\r\n                            \r\n                        \r\n                              <span class="pipeDivider">|</span>\r\n                              <span class="itemEdition" id="searchResultEditionInsertComponent_8">Nintendo Switch ed.</span>\r\n                           \r\n                    </div>\r\n                    \r\n                    \r\n                        <!-- bibHoldingsComponentAvailableOnlyOrAllItems -->\r\n                        \r\n    <!--start item info-->\r\n    \r\n    \r\n        <!-- over threshold holdings info -->\r\n        \r\n\t\r\n\r\n    \t<!--ERM-->\r\n        \r\n    \r\n    <!-- Dialog content -->\r\n    \r\n\r\n        <!-- checkin info -->\r\n        \r\n\t\r\n\r\n        <!-- Volume info -->\r\n        \r\n        <!-- Item info -->\r\n        \r\n                \r\n                  <!--This ItemsContainer elem does not get rendered into a toggle on the record page - only the browse -->\r\n                  <div id="ItemsContainer-b2568417" class="ItemsContainer">\r\n                        \r\n                           \r\n    \r\n        <div class="availabilitySummaryArea">\r\n            \r\n                <div class="dpBibHoldingStatement">\r\n                    <span class="availabilityMessage">\r\n                        <span class="itemsAvailable">Available</span> at Florissant Valley (<span class="availCallNumber">VIDEO GAME</span>) plus 2 more\r\n                    </span>\r\n                    \r\n                        <span class="itemsContainerPopUpTrigger"></span>\r\n                    \r\n                </div>\r\n            \r\n        </div>\r\n    \r\n    \r\n    \r\n\r\n                        \r\n                        <div class="content bibHoldingsWrapper popUpWrapper">\r\n                            <a href="javascript:void(0);" onclick="toggleBibHoldingsPopup(this, true)" class="closeLink">close</a>\r\n                            <!-- available-->\r\n                              \r\n                                  <div id="availableItemsSection" class="availableItemsSection">\r\n                                      \r\n    \r\n\r\n    \r\n            \r\n            \r\n                    <!--link moved into dpBibHoldingStatement via initBibHoldingsToggle JS -->\r\n                    <span class="itemsAvailHeader itemsSectionHeader" id="availHeaderWrapperAny2Component_15"><a href="javascript:void(0);" onclick="toggleBibHoldingsPopup(this)">see all</a></span>\r\n            \r\n            <!--start mark -->\r\n             <h3 class="sectionHeader itemsHeader customHeader">Items</h3>\r\n            <div id="allavailitems-b2568417">\r\n                \r\n\t                \r\n\t                    <div class="itemTableWrapper popUpContentWrapper">\r\n\t                        \r\n    \r\n\t\t<table class="itemTable" cellspacing="3">\r\n        \t<tr>\r\n\t        \t\r\n\t        \t\t<th>\r\n\t        \t\t\tLocation\r\n\t        \t\t</th>\r\n\t        \t\r\n\t        \t\t<th>\r\n\t        \t\t\tCall No.\r\n\t        \t\t</th>\r\n\t        \t\r\n\t        \t\t<th>\r\n\t        \t\t\tStatus\r\n\t        \t\t</th>\r\n\t        \t\r\n        \t</tr>\r\n            \r\n            \t<tr>\r\n            \t\t\r\n                        \r\n            \t\t\r\n                        \r\n                            <td>\r\n                                \r\n                                    \r\n                                    \r\n                                        \r\n                                            \r\n \r\n\t \r\n\t    \t\r\n\t\t\r\n\t\t\r\n\t\t\tFlorissant Valley\r\n\t\t\r\n    \r\n \r\n\r\n\r\n                                        \r\n                                        \r\n                                    \r\n            \t\t\t        \r\n\t            \t\t\t</td>\r\n            \t\t\t\r\n            \t\t\r\n                        \r\n                            <td>\r\n                                \r\n                                    \r\n                                    \r\n                                        \r\n                                        \r\n                                            \r\n                                                <a id="callNoBrowseDirectLinkComponent_31" href="/iii/encore/SearchResultsPage,searchResultsComponent.resultComponent.searchBrowseResultBibComponent.$BibHoldingsComponent.bibHoldingsAvailableItems2.itemTableComponent.callNoBrowseDirectLinkComponent.sdirect;jsessionid=5F4C8E89B7C5F964F02DBB6C904346CF?lang=eng&amp;sp=Si20198267&amp;sp=Sb2568417&amp;suite=cobalt" onclick="return tapestry.linkOnClick(this.href,\'callNoBrowseDirectLinkComponent_31\', false)">\r\n                                                    VIDEO GAME\r\n                                                </a>\r\n                                            \r\n                                            \r\n                                        \r\n                                    \r\n            \t\t\t        \r\n                                    \r\n                                         \r\n                                    \r\n                                    \r\n            \t\t\t        \r\n                                    \r\n                                         \r\n                                    \r\n                                    \r\n            \t\t\t        \r\n\t            \t\t\t</td>\r\n            \t\t\t\r\n            \t\t\r\n                        \r\n                            <td>\r\n                                \r\n                                    \r\n                                        IN LIBRARY\r\n                                    \r\n                                    \r\n            \t\t\t        \r\n\t            \t\t\t</td>\r\n            \t\t\t\r\n            \t\t\r\n            \t</tr>\r\n            \r\n        </table>\r\n    \r\n\r\n\t                        \r\n\t\t\t\t\t\t\t\r\n\t\t\t\t\t\t\t\t<a id="showAllItemsLinkComponent_31" class="showAllItemsLink customToggle" href="/iii/encore/SearchResultsPage,searchResultsComponent.resultComponent.searchBrowseResultBibComponent.$BibHoldingsComponent.bibHoldingsAvailableItems2.showAllItemsLinkComponent.sdirect;jsessionid=5F4C8E89B7C5F964F02DBB6C904346CF?lang=eng&amp;sp=Sb2568417&amp;sp=T&amp;sp=Sallavailitems-b2568417&amp;sp=F&amp;suite=cobalt" onclick="return tapestry.linkOnClick(this.href,\'showAllItemsLinkComponent_31\', false)">\r\n\t\t\t\t\t\t\t\tShow remaining items</a>\r\n\t\t\t\t\t\t\t\r\n\t\t\t\t\t\t\t\r\n  \xe2\x80\x8b\t\t\t\t\t\t\t\r\n  \r\n\t\t\t\t\t<form method="post" action="/iii/encore/SearchResultsPage,searchResultsComponent.resultComponent.searchBrowseResultBibComponent.$BibHoldingsComponent.bibHoldingsAvailableItems2.countComponent.sdirect;jsessionid=5F4C8E89B7C5F964F02DBB6C904346CF" id="countComponent_31" style="display:none;">\n<div style="display:none;" id="countComponent_31hidden"><input type="hidden" name="formids" value="allCountInsertComponent_31,allAvailCountInsertComponent_31" />\n<input type="hidden" name="seedids" value="ZH4sIAAAAAAAAAI1azXLbOBJO1cw+yfqoqRJlRZaPsuxMVGXHLkmZ2T2lIBKSUAEJDkDK9j7Tvtq8wzR+KKIB0PYlpvtrNPofDTj///vTv/736dOvn/7910hReWI5vRiPanLQP3JR1qKiVWO+q4awikr4VlQpJir9VcM/B8GLJ1jxpyR1TeXSW6WOlHOfsBPFK/qdKHrLJM0bELiqQIWmh7PRnoBGolpTTjSDv7ISm1yyunmgDVnTvaTqiHcWz8tWNaL8SklB5Wrvo7mPBLtqJcXPJZHNPat++tqs9hdZhuFFhcxZ7X+MLyaT0R1X9GI+RawP4DXwUrxdTRopqq0QXPnkgqmak9cngz7W2n612k+QkeREt0emNpTI/Bjooj2wAQYLag2wD+y2Cw7aqO91QRqaEGDgVan13ieUuyfVoQVwQzmEUIAvdSKkPO52y3PRVs29OLDqfVt9jha8ZpbhoIDLjT8hMDO3B3CJFhxc7Zksb7jIEXv56nS4pU1gr1PCemQhKcEaHI1VLqe2D/c+1oja7IRXAHVNK1gUaVGJ5j9f1xP4+qulEnvdhOuLkKVPZZVqLi4nIw4O1z9VyxpqPiw7o7y4JzvKY1GbRjJYNB6R4kSqnBZ9QngOME2gSXLFIk1CbNpyx1AiqxqqfdMeDlSF1XoinBWmhu+kFPINSH3BsG488KWcJ4P+4dAlZO9BYEceRUmfosTtqLpCo36BhQUtA4GMaj29YpyEqtiSoAUq2Qw6j5SaK9jKJPHlG5Z14rTeHxAYxu2tbadxgNdUtRyKoEqkpsN8QDRHKjeilTlVD6xiJUF5SCuy49oTnt7ZSFo5tlmgEBFl99jQBsfALlnq8o3bqL8sFV2b0Fv6EghVPT2SqdeZrtM1b7xSyKbrfCHdNTGUzFMj74nVSM5lF5zNeZmOnnbZB9mwtQnG7Wvtzp1JIil6PtMEcOpM3pLms+1JTpvfpWhrf4ueuiqCbDoxxQIbs46ILcpck/8xu7i87L6v9Lf255Yclly0RZAq7HBsNqygpvd+IyUNY+HsWiNG341+VuMshGmka5AYUpD5/O6lJlXRqYUKASGBPxpyUPeCFNCsB0cFmaxLR0X2XZ+Lpaf0VXAjxbOitlyepDhIUvruG2K9YbuALcWClaiCUaBTbE1zIYvfdpPPs/nk+lqfPGYIdLOID9hzfeN1H+cg5Ysl1Ws0gVpDUIrp/eHQVcF0dz0Cp15kpo1s2l1Jq3Zt+XS6K2wBeBrmvMys+ZEBganHE5WFZCd6K54rDmHEK5havDB1ORuH5HWvDIa69OxxIB4oTOAsj38zJzImOR9pomiE235R1+nJSLtFB2SR20lARwKjJ0af1V3cyq/PU+4j+D6Y03vwYyv9zPYygIL2jVpVN44fSwlR3D0gM4piK26SQ70H5sRNuqi6QHpJGI8IoRhDTC03RwgwhwfPtT7hk4EwojYNaVrVx1CZ3wPvsZ2torC+9s9C/lTQh0RsLxTkN9FQC4aKPghJF7YM44wsezBlKDgSfi3bijWv0OLCfV2rhrP0ELcaOGMPkBvVMBLGlMd3AfAoDO0N9bVQK/Byp+3E5y0YARkLGDmfh8K2PcKIW+m4RmptWcNhSbHWwYpb3ADLJK63W3eRAksQ6s9asaTgYBjYMPSZudAVBdMhJNzcGVSqn8OupgnA1hF7cueF03FAmJbTNkcROsnH0ywlhTB9X98nqKkpBMt8anecqWMUG8zyX/j1fYY3N7qzPhqW0jFEUnL4IUmQX44YRg9O1q+C6/EAH3tcj/M6l7GUnh4KygVc3CpapKTdrR9SZN+Yr0R5XKtqL4YNV19azqMGt/MsOdL8J8NHjbmKWTqWDEfzH4K3ZXgc9/RUxq8aWqpl93y1hX4SJirm8CcPuKeD27URUeddnKAxkB3j0GjgKlwSGfUPLddBifsDnP49jma3DEEDw6AeHvzBK25A8fYp97i0UgkNTRMws4u1ldNteCtBwTyzGYdOLq50Ep4Txb/LTHwkuL5MRiV5CbiBEnERvZu9Pbq5D7f4bAabcMOlvan8uBbA4mZto2uwHXw8Sn0WpkAtzPgBUe3xFt7ZJjDVG07IzgrH+DLzsSi6c4veQgmjdbPP/rIIzmZTiBcc8H563nEK8yzKkPP2fxDeBlejyexyBGcSqwyGVoH0HgkuaYBBoZOwE4LCHRkf185p9x4Y+K5/w6XyA3CUIZrhdyGg3h9IHQ00SYZIRqd76n0gYcHgegyAU9xr4xJy9JuwhRxol3uQfSOPHOguCdtzJKNbPjAldorUHBAEPKYJ9Flpj3tuCiNWR7/MBGXOk881kH4AmSQdwnERBhpnUQlHDJ2mnlPno1yfKzvxYs4XmCv15JfCBwF/4WRwJUL8Duk8B1QwP2pLRmXtk+1R/z0DFtmkHRTXNdwH6Ji2587SfdGr08920ncrgsETUNQ0ofFGCvJQvWFju108ewOJdgz/Xg8M4vMRg0neG33s+W3/9HMxHzzgcTbM0VDyKIN5fT6i+iLqt0y0Fva4OzME+WRHrKVAMwymBys0KbARBpiV2lWY0b5It9Ic8FSeaCDIN+l6NgkM0q9an2c6PioU+rBYL+cOw6v27MWM+e5S0p8Npgl4jCciDWMW1u184OUI/jUPabGJMe/dS0NlRQJPw+2c5dz1JQzFD0rT8Sz9oGSB958dLF9qMHSi48niDKRoiYrC/AE5ZVI2ZFL2QZOyQZOyIZOyhEkRs6d7ljYpS5h0Nb2eJqPUAe+Z1PHFJp1FhyZ5QIoWmRTyB+SUSdMhk6YfNGk6aNJ0yKRpwqSI2dN9mjZpmjBpns2vrqxJ0AR+UdiuDn3Pro4vtussIbiGRP8VIDL8rBlP0iLDQ/6AHMVyNp0nK64D3o2l40vEshMdxbIHUrQ4lgF/QE6l53goPccfTM/xYHqOE1k4TmfaeMDhae0c8BGHD2jXiQ78mtLOkRMNOLsaaMDZR0qg40s24CxKWg/4B5wxo7ekIwAA" />\n<input type="hidden" name="lang" value="eng" />\n<input type="hidden" name="suite" value="cobalt" />\n<input type="hidden" name="reservedids" value="inst,lang,suite" />\n<input type="hidden" name="submitmode" value="" />\n<input type="hidden" name="submitname" value="" />\n<input type="hidden" name="allCountInsertComponent_31" id="allCountInsertComponent_31" value="100" />\n<input type="hidden" name="allAvailCountInsertComponent_31" id="allAvailCountInsertComponent_31" value="100" />\n</div>\r\n\t\t\t\t\t\r\n\t\t\t\t\t\r\n\t\t\t\t\t</form> \r\n\t                    </div>\r\n\t                \r\n\t                \r\n                \r\n                \r\n            </div><!--end mark-->\r\n    \r\n\r\n                                  </div>\r\n                              \r\n                             <!--all -->\r\n                              \r\n                                   <a href="javascript:void(0);" onclick="showHideItemsToggle(this)" class="showAllToggleLink availCheckboxLink"><img width="15" src="resources/gold/images/checkbox_checked.png" class="availCheckbox" height="13" id="checkboxCheckedImageComponent_8"></img>only show available</a>\r\n                                   <a href="javascript:void(0);" onclick="showHideItemsToggle(this)" class="showAvailableToggleLink availCheckboxLink"><img width="15" src="resources/gold/images/checkbox.png" class="availCheckbox" height="13" id="checkboxImageComponent_8"></img>only show available</a>\r\n                                   <a href="javascript:void(0);" onclick="showHideItemsToggle(this)" class="showAllMaxToggleLink availCheckboxLink"><img width="15" src="resources/gold/images/checkbox_checked.png" class="availCheckbox" height="13" id="checkboxCheckedImage2Component_8"></img>only show available</a>\r\n                                   <a href="javascript:void(0);" onclick="showHideItemsToggle(this)" class="showAvailableMaxToggleLink availCheckboxLink"><img width="15" src="resources/gold/images/checkbox.png" class="availCheckbox" height="13" id="checkboxImage2Component_8"></img>only show available</a>\r\n                                    \r\n                                    <div id="allItemsSection" class="allItemsSection">\r\n                                       \r\n    \r\n\r\n    \r\n            \r\n            \r\n                    <!--link moved into dpBibHoldingStatement via initBibHoldingsToggle JS -->\r\n                    <span class="itemsSectionHeader" id="availHeaderWrapperAny2Component_16"><a href="javascript:void(0);" onclick="toggleBibHoldingsPopup(this)">see all</a></span>\r\n            \r\n            <!--start mark -->\r\n             <h3 class="sectionHeader itemsHeader customHeader">Items</h3>\r\n            <div id="allitems-b2568417">\r\n                \r\n\t                \r\n\t                    <div class="itemTableWrapper popUpContentWrapper">\r\n\t                        \r\n    \r\n\t\t<table class="itemTable" cellspacing="3">\r\n        \t<tr>\r\n\t        \t\r\n\t        \t\t<th>\r\n\t        \t\t\tLocation\r\n\t        \t\t</th>\r\n\t        \t\r\n\t        \t\t<th>\r\n\t        \t\t\tCall No.\r\n\t        \t\t</th>\r\n\t        \t\r\n\t        \t\t<th>\r\n\t        \t\t\tStatus\r\n\t        \t\t</th>\r\n\t        \t\r\n        \t</tr>\r\n            \r\n            \t<tr>\r\n            \t\t\r\n                        \r\n            \t\t\r\n                        \r\n                            <td>\r\n                                \r\n                                    \r\n                                    \r\n                                        \r\n                                            \r\n \r\n\t \r\n\t    \t\r\n\t\t\r\n\t\t\r\n\t\t\tFlorissant Valley\r\n\t\t\r\n    \r\n \r\n\r\n\r\n                                        \r\n                                        \r\n                                    \r\n            \t\t\t        \r\n\t            \t\t\t</td>\r\n            \t\t\t\r\n            \t\t\r\n                        \r\n                            <td>\r\n                                \r\n                                    \r\n                                    \r\n                                        \r\n                                        \r\n                                            \r\n                                                <a id="callNoBrowseDirectLinkComponent_32" href="/iii/encore/SearchResultsPage,searchResultsComponent.resultComponent.searchBrowseResultBibComponent.$BibHoldingsComponent.bibHoldingsAllItems.itemTableComponent.callNoBrowseDirectLinkComponent.sdirect;jsessionid=5F4C8E89B7C5F964F02DBB6C904346CF?lang=eng&amp;sp=Si20198267&amp;sp=Sb2568417&amp;suite=cobalt" onclick="return tapestry.linkOnClick(this.href,\'callNoBrowseDirectLinkComponent_32\', false)">\r\n                                                    VIDEO GAME\r\n                                                </a>\r\n                                            \r\n                                            \r\n                                        \r\n                                    \r\n            \t\t\t        \r\n                                    \r\n                                         \r\n                                    \r\n                                    \r\n            \t\t\t        \r\n                                    \r\n                                         \r\n                                    \r\n                                    \r\n            \t\t\t        \r\n\t            \t\t\t</td>\r\n            \t\t\t\r\n            \t\t\r\n                        \r\n                            <td>\r\n                                \r\n                                    \r\n                                        IN LIBRARY\r\n                                    \r\n                                    \r\n            \t\t\t        \r\n\t            \t\t\t</td>\r\n            \t\t\t\r\n            \t\t\r\n            \t</tr>\r\n            \r\n        </table>\r\n    \r\n\r\n\t                        \r\n\t\t\t\t\t\t\t\r\n\t\t\t\t\t\t\t\t<a id="showAllItemsLinkComponent_32" class="showAllItemsLink customToggle" href="/iii/encore/SearchResultsPage,searchResultsComponent.resultComponent.searchBrowseResultBibComponent.$BibHoldingsComponent.bibHoldingsAllItems.showAllItemsLinkComponent.sdirect;jsessionid=5F4C8E89B7C5F964F02DBB6C904346CF?lang=eng&amp;sp=Sb2568417&amp;sp=T&amp;sp=Sallitems-b2568417&amp;sp=F&amp;suite=cobalt" onclick="return tapestry.linkOnClick(this.href,\'showAllItemsLinkComponent_32\', false)">\r\n\t\t\t\t\t\t\t\tShow remaining items</a>\r\n\t\t\t\t\t\t\t\r\n\t\t\t\t\t\t\t\r\n  \xe2\x80\x8b\t\t\t\t\t\t\t\r\n  \r\n\t\t\t\t\t<form method="post" action="/iii/encore/SearchResultsPage,searchResultsComponent.resultComponent.searchBrowseResultBibComponent.$BibHoldingsComponent.bibHoldingsAllItems.countComponent.sdirect;jsessionid=5F4C8E89B7C5F964F02DBB6C904346CF" id="countComponent_32" style="display:none;">\n<div style="display:none;" id="countComponent_32hidden"><input type="hidden" name="formids" value="allCountInsertComponent_32,allAvailCountInsertComponent_32" />\n<input type="hidden" name="seedids" value="ZH4sIAAAAAAAAAI1a3W7juhFeoO2TNJcuYNmO41w6TvasgWQT2N7T9mpBS7RNLCWqpOQk5wWKvktfre/Q4Y9sDkklvtko8w2H888hs//935e//PHly5+//PXfA0XlkeX0ajioyV7/yEVZi4pWjfmuGsIqKuFbUaWYqPRXDf/sBS9eYMXfJalrKhfeKnWgnPuErSje0e9E0Xsmad6AwGUFKjRnOBvsCGgkqhXlRDP4KyuxziWrmyfakBXdSaoOeGfxumhVI8pvlBRULnc+mvtIsKtWUvxaENk8suqXr81yd5VlGYLnFTJnufs5vBqNBg9c0avZNWJ9Aq+Bl+LtatJIUW2E4MonF0zVnLy/GPS51var5W6EjCRHujkwtaZE5odAF+2BNTBYUGuAfWC3nXPQRv2oC9LQhAADL0ut9y6h3COp9i2Aa8ohhAJ8qRMh5XG3W56LtmoexZ5Vn9vqc7TgNbMMBwVcbvx5lY0ytwdwiRYcXO2YLO+4yBF7+e50uKdNYK9TwnpkLinBGhyMVS6nNk+PPtaI2uyEVwB1RStYFGlRieYf31Yj+PpXSyX2ugnXVyFLn8oq1VyNxwMODtc/Vcsaaj4sO6O8eCRbymNR60YyWDQckOJIqpwW54TwHGCaQJPkikWahFi35ZahRFY1VPu63e+pCqv1SDgrTA0/SCnkB5D6imHdeOBLOU8G/cOhC8jevcCOPIiSvkSJ21F1hUb9AgsLWgYCGdV6esU4ClWxJUELVLIZdB4pNVewlUni8QeWdeK03hcIDOP20baTOMArqloORVAlUtNhPiCaA5Vr0cqcqidWsZKgPKQV2XLtCU/vbCCtHNssUIiIsnusaYNjYJcsdPnGbdRfloquTegNfQuEqjM9kqnXma7TNW+8Usim63wh3TUxlMwTI++F1UjOuAvO+rRMR0+77EI2bG2CcfNeu3NnlEiKM59pAjh1Rh9J89l2JKfNb1K0tb/Fmbosgmw6MsUCG7OOiC3KXJP/Ob0aT7rvG/2t/bkh+wUXbRGkCtsfmjUrqOm930lJw1g4u1aI0Xejn9U4C2Ea6RokhhRkPn94q0lVdGqhQkBI4I+G7NWjIAU0695RQSbr0lGRfbenYjlTzlVwJ8WrorZcXqTYS1L67utjvWPbgC3FgpWoglGgU2xFcyGLv21H19PZ6PZWnzxmCHSziA/Yc33tdR/nIOWLJdV7NIFaQ1CK6f3h0FXBdHc7AKdeZaaNrNttSat2Zfl0uitsAXga5rzMrPmZAYGp5yOVhWRHei9eKw5hxCuYmr8xNZ4OQ/LqrAyGuvQ840DcU5jAWR7/Zk5kTHI+0kTRCLf9vK7Tk5F2iw7IPLeTgI4ERo+MvqqHuJXfnqbcZ/B9MKefwctW+pntZQAF7Ru1rO4cP5YSorh7QGYUxUbcJYd6D8yJm3RRdYH0kjAeEUIxhphabo4QYA4Pnlt9wicDYUStG9K06hxDZX4PvMe2torC+tq9CvlLQR8Ssb1QkN9FQy0YKvokJJ3bMowzsjyDKUPBkfBr2VaseYcWF+7rWjWcpfu41cAZu4fcqPqRMKY8vguAR2Fob6ivhVqClzttRz5vwQjImMPI+doXts0BRtxKxzVSa8MaDkuKlQ5W3OJ6WEZxvd27ixRYglB/1oolBQdDz4ahz8yFriiYDiHh5s6gUv0cdjVNALaO2JM7z52OPcK0nLY5iNBJPp5mKSmE6cfqMUFNTSFY5ku75Uwdothgln/Cr58zfLjRg/VRv5SOIZKSww9JgvxyxDB6cLJ+E1yPB/jY43qc17mMpZzpoaBcwMWtokVK2sPqKUX2jflGlMe1rHai33D1teU8anBbz5IDzX8xfNSYq5ilY8lwNP8ueFuGx/GZnsr4ZUNLteierzbQT8JExRz+5AH3dHC7NiLqvPMjNAayZRwaDVyFSyKj/qHlOihxf4DT/4yj2S1DUM8wqIcHf/CKG1C8fco9Lq1UQkPTBMzsYm3ldBPeSlAwT2zGoaOrG52Ep0Tx7zJjHwmuL+NBSd4CbqBEXETvZm+Pbu7DLT7T23PDpb2p/LgWwOJmbaNrsB18PEt9FqZALcz4AVHt8Rbe2cYw1RtOyM4Kx3h87WPR0+cws/A91DBaOL3x10VwNtUBgxPez88HTmGgRSly2v93wtvgbjS6yQZwKLHKYGgVSD8jwS1tqk/lnIStEBTuyPi8dl579MDAeedHXCovgKMU0Qy/CQEF/0TqaKJJMkQyOt1TDwQJC3rXYwCc4p4bF5Ck34Wt5EC73IPsI3nkQHdL2JwiGV3zgSmxU6Rmj6CFME3AT0t74HNTGrE++m0mKHSefLAZjzRksrQPx2UYqDyKijhi6DTFp6s+WbbizZwwMFnq2S+F9wL+wlHvSoT4PdJ5zpzQcWMyKmufbA76LxqwyGatJ26WbLlP0DNt152mO6NXqNd21ncrgtETUNQ2ofVGCvJQvT7tOO92AaCzN5BoB/Efdc8oPhswmOW94cee4PaPP4D2HfE4G2ZoLHmWwcQ+G1B9FfV7JloLezycGPDC3A5ZC4GmGEwPVmhSYCOMMEu1rTCjfZNupTniqTzSQJBv0u10FBik37Wupzo+KhT6NF8tZg7Dq3bszQz67lrSHQ6mCUif8UikYczCup31vB3Bv+YpLTYx5n14a6isSOBpuJ+znLvGhKH4SWkynKaflCzw+cOD5UuNhk50PFucgBQtUVGYPyCnTMr6TMouNCnrNSnrMylLmBQxe7pnaZOyhEk3k9tJMkod8JlJHV9s0kl0aJIHpGiRSSF/QE6ZNOkzaXKhSZNekyZ9Jk0SJkXMnu6TtEmThEmzbHZzo9mhCfzpP6FdHfqZXR1fbNdJQnARif4zQGT4STOepEWGh/wBOYrldDJLVlwHfBpLx5eIZSc6iuUZSNHiWAb8ATmVnsO+9BxemJ7D3vQcJrJwmM60YY/D09o54BKH92jXiQ78mtLOkRMNOLvpacDZJSXQ8SUbcBYlbQCEtP8DM4ablrojAAA=" />\n<input type="hidden" name="lang" value="eng" />\n<input type="hidden" name="suite" value="cobalt" />\n<input type="hidden" name="reservedids" value="inst,lang,suite" />\n<input type="hidden" name="submitmode" value="" />\n<input type="hidden" name="submitname" value="" />\n<input type="hidden" name="allCountInsertComponent_32" id="allCountInsertComponent_32" value="100" />\n<input type="hidden" name="allAvailCountInsertComponent_32" id="allAvailCountInsertComponent_32" value="100" />\n</div>\r\n\t\t\t\t\t\r\n\t\t\t\t\t\r\n\t\t\t\t\t</form> \r\n\t                    </div>\r\n\t                \r\n\t                \r\n                \r\n                \r\n            </div><!--end mark-->\r\n    \r\n\r\n                                    </div>\r\n                            \r\n                            \r\n                                <!--how to test for available items on the threshold link-->\r\n                                       <div class="availableMaxItemsSection">\r\n                                                \r\n    \r\n\r\n    \r\n            \r\n                 \r\n                \r\n                    <!--link moved into dpBibHoldingStatement via initBibHoldingsToggle JS -->\r\n                    <span class="itemsAvailHeader itemsSectionHeader" id="availHeaderWrapperAnyComponent_15">\r\n                           <a id="showMaxItemsLink2Component_15" class="maxItemsLink" href="/iii/encore/SearchResultsPage,searchResultsComponent.resultComponent.searchBrowseResultBibComponent.$BibHoldingsComponent.bibHoldingsAvailableMaxItems2.showMaxItemsLink2Component.sdirect;jsessionid=5F4C8E89B7C5F964F02DBB6C904346CF?lang=eng&amp;sp=Sb2568417&amp;sp=F&amp;sp=Sallavailitemsmax-b2568417&amp;sp=F&amp;suite=cobalt" onclick="return tapestry.linkOnClick(this.href,\'showMaxItemsLink2Component_15\', false)">\r\n                               <a href="javascript:void(0);" onclick="toggleBibHoldingsPopup(this)">see all</a>\r\n                           </a>\r\n                    </span>\r\n                \r\n            \r\n            \r\n            <!--start mark -->\r\n             <h3 class="sectionHeader itemsHeader customHeader">Items</h3>\r\n            <div id="allavailitemsmax-b2568417">\r\n                \r\n\t                \r\n\t                    <div class="itemTableWrapper popUpContentWrapper">\r\n\t                        \r\n    \r\n\t\t<table class="itemTable" cellspacing="3">\r\n        \t<tr>\r\n\t        \t\r\n\t        \t\t<th>\r\n\t        \t\t\tLocation\r\n\t        \t\t</th>\r\n\t        \t\r\n\t        \t\t<th>\r\n\t        \t\t\tCall No.\r\n\t        \t\t</th>\r\n\t        \t\r\n\t        \t\t<th>\r\n\t        \t\t\tStatus\r\n\t        \t\t</th>\r\n\t        \t\r\n        \t</tr>\r\n            \r\n            \t<tr>\r\n            \t\t\r\n                        \r\n            \t\t\r\n                        \r\n                            <td>\r\n                                \r\n                                    \r\n                                    \r\n                                        \r\n                                            \r\n \r\n\t \r\n\t    \t\r\n\t\t\r\n\t\t\r\n\t\t\tFlorissant Valley\r\n\t\t\r\n    \r\n \r\n\r\n\r\n                                        \r\n                                        \r\n                                    \r\n            \t\t\t        \r\n\t            \t\t\t</td>\r\n            \t\t\t\r\n            \t\t\r\n                        \r\n                            <td>\r\n                                \r\n                                    \r\n                                    \r\n                                        \r\n                                        \r\n                                            \r\n                                                <a id="callNoBrowseDirectLinkComponent_33" href="/iii/encore/SearchResultsPage,searchResultsComponent.resultComponent.searchBrowseResultBibComponent.$BibHoldingsComponent.bibHoldingsAvailableMaxItems2.itemTableComponent.callNoBrowseDirectLinkComponent.sdirect;jsessionid=5F4C8E89B7C5F964F02DBB6C904346CF?lang=eng&amp;sp=Si20198267&amp;sp=Sb2568417&amp;suite=cobalt" onclick="return tapestry.linkOnClick(this.href,\'callNoBrowseDirectLinkComponent_33\', false)">\r\n                                                    VIDEO GAME\r\n                                                </a>\r\n                                            \r\n                                            \r\n                                        \r\n                                    \r\n            \t\t\t        \r\n                                    \r\n                                         \r\n                                    \r\n                                    \r\n            \t\t\t        \r\n                                    \r\n                                         \r\n                                    \r\n                                    \r\n            \t\t\t        \r\n\t            \t\t\t</td>\r\n            \t\t\t\r\n            \t\t\r\n                        \r\n                            <td>\r\n                                \r\n                                    \r\n                                        IN LIBRARY\r\n                                    \r\n                                    \r\n            \t\t\t        \r\n\t            \t\t\t</td>\r\n            \t\t\t\r\n            \t\t\r\n            \t</tr>\r\n            \r\n        </table>\r\n    \r\n\r\n\t                        \r\n\t\t\t\t\t\t\t\r\n\t\t\t\t\t\t\t\t<a id="showAllItemsLinkComponent_33" class="showAllItemsLink customToggle" href="/iii/encore/SearchResultsPage,searchResultsComponent.resultComponent.searchBrowseResultBibComponent.$BibHoldingsComponent.bibHoldingsAvailableMaxItems2.showAllItemsLinkComponent.sdirect;jsessionid=5F4C8E89B7C5F964F02DBB6C904346CF?lang=eng&amp;sp=Sb2568417&amp;sp=T&amp;sp=Sallavailitemsmax-b2568417&amp;sp=F&amp;suite=cobalt" onclick="return tapestry.linkOnClick(this.href,\'showAllItemsLinkComponent_33\', false)">\r\n\t\t\t\t\t\t\t\tShow remaining items</a>\r\n\t\t\t\t\t\t\t\r\n\t\t\t\t\t\t\t\r\n  \xe2\x80\x8b\t\t\t\t\t\t\t\r\n  \r\n\t\t\t\t\t<form method="post" action="/iii/encore/SearchResultsPage,searchResultsComponent.resultComponent.searchBrowseResultBibComponent.$BibHoldingsComponent.bibHoldingsAvailableMaxItems2.countComponent.sdirect;jsessionid=5F4C8E89B7C5F964F02DBB6C904346CF" id="countComponent_33" style="display:none;">\n<div style="display:none;" id="countComponent_33hidden"><input type="hidden" name="formids" value="allCountInsertComponent_33,allAvailCountInsertComponent_33" />\n<input type="hidden" name="seedids" value="ZH4sIAAAAAAAAAI1aX3PiOBKfqr37JMsjV4WBIfBICLNDVTJJAbN39zQlbAGqkS2fZJNkv87Wvt1Xu+9wLVnGaklO8jJx+tdq9X+1lPnv/z79/Y9Pn/726dc/h4rKC0vpYDQsyUn/SEVeioIWlfkuKsIKKuFbUaWYKPRXCf+cBM+eYMU/JSlLKlfOKnWmnLuEg8he0e9E0TsmaVqBwE0BKlQdnAyPBDQSxZZyohnclYXYpZKV1QOtyJYeJVVnvLN4XtWqEvlXSjIqN0cXTV3E21UrKX6uiKzuWfHT1WZzHCTJBMHLApmzOf4YDcbj4ZorOpjfINYH8Bp4KdyuJJUUxV4IrlxyxlTJyeuTQR9Lbb/aHMfISHKh+zNTO0pkevZ00R7YAUMDag2wD5ptlxy0Ud/LjFQ0IsDAm1zrfYwod0+KUw3gjnIIoQBf6kSIedzulqaiLqp7cWLF+7a6HDV4zSzDQQGXG38OEvB6swdwiRocXByZzG+5SBF7/mp1uKOVZ69VovHIUlKCNTgbq2xO7R/uXawSpdkJrwDqlhawKNCiENW/vm7H8PWfmkrsdROuL0LmLpUVqhpMpkMODtc/Vc0qaj4adkZ5dk8OlIeidpVksGg0JNmFFCnNuoRwHGCaQBXlCkWahNjV+YGhRFYlVPuuPp2o8qv1QjjLTA2vpRTyDUh9wbBuPPClrCe9/mHRFWTvSWBHnkVOn4LEbam6QoN+gYV5LQOBjGo9nWIc+6o0JUEzVLIJdB4pNZe3lUniyRuWteK03h8Q6MftrW2nYYC3VNUciqCIpKbFXEBUZyp3opYpVQ+sYDlBeUgLcuDaE47eyVA2cppmgUJEVLPHjlY4Bs2SlS7fsI26y2LRbRJ6T188oaqjBzL1OtN12uaNVwpZtZ3Pp9smhpJ5auQ9sRLJmbTB2V2X6ehpl32QDVsbYdy/lvbcGUeSouMzTQCnzvgtaS7bkaS0+k2KunS36KibzMumC1PMszFpidiixDb5H7PB5HP7faO/tT/35LTios68VGGnc7VjGTW99xvJqR8La9cWMbpudLMaZyFMI22DxJCCzOfrl5IUWasWKgSEeP6oyEndC5JBs+4dFWS0Li0V2be4FktH6argVopnRZtyeZLiJEnuuq+P9ZYdPLYYC1ai8EaBVrEtTYXM/nEYf57Nx4uFPnnMEGhnERdozvWd032sg5QrlhSvwQTaGIJSTO8Ph67yprvFEJw6SEwb2dWHnBb1tuHT6a6wBeBpmPMSs+ZHAgSmHi9UZpJd6J14LjiEEa9gavnC1GQ28snbThkMtenZ4UA8UZjAWRr+Zk5kTLI+0kRRCbv9sizjk5F2iw7IMm0mAR0JjF4YfVbrsJUvrlPuI/jem9M78GMr3cx2MoCC9pXaFLeWH0vxUdw9IDOybC9uo0O9A6bETrqoukB6ThgPCL4YQ4wtN0cIMPsHz0Kf8NFAGFG7ilS16mKozO+e99ihqSK/vo7PQv5U0IdEaC8U5DdR0Qb0FX0Qki6bMgwzMu/AmKHgSPg1rwtWvUKL8/e1rRrO0lPYauCMPUFuFP2IH1Me3gXAozC0V9TVQm3Ay622Y5c3YwRkLGHkfO4L2/4MI26h4xqotWcVhyXZVgcrbHE9LOOw3u7sRQosQag7a4WSvIOhZ0PfZ+ZCl2VMh5Bwc2dQsX4Ou5omAFsH7NGdl1bHHmFaTl2dhe8kF4+z5BTC9H17H6HGphAs86k+cKbOQWwwy7/h1/cZ3txo3fioX0rLEEhJ4YckXn5Zoh89OFm/Cq7HA3zscT3O61zGUjq6LygVcHEraBaTtt4+xMiuMV+Jcrg2xVH0G66+1JwHDe7gWHKm6U+GjxpzFWvoWDIczb8LXuf+cdzRYxm/qWiuVu3z1R76iZ+omMOdPOCeDm7XRgSdd3mBxkAOjEOjgatwTmTQP7RcC0XuD3D6dzia3RIE9QyDenhwB6+wAYXbx9xj00pFNDRNwMwuja2c7v1bCQrmlc04dDy40Ul4TRT3LjN1Ee/6Mh3m5MXjBkrARfRuze3Rzn24xSd6e264tDeVG9cMWOysbXT1toOPR6nPwhiohRk/IGpzvPl3tilM9YYTsrPAMZ4sXCx4+hzZpXdQw2jhDK0L4OQGNFRwwrv5ueYUBlqUItf9fye89u5G45vFEA4lVhgMrQLpHeLd0gCDSid+K5wtrmR8Xluv3Tug57zuEZfKD8BBimiG34SAgn8gZTDRRBkCGa3usQeCiAW96zEwW7TPjStI0m+iqWRPu9SBmkfywIH2lrC/RjK45gNTZKdAzR5BK2GagJuWzYHPTWmE+ui3Ga/QefTBZjLRkMnSPhyXoafyJCjigKHVFJ+u+mQ5iBdzwsBkqWe/GN4LuAvHvSsR4vZI6zlzQoeNyaisfbI/679owKIma3vFtS33AXrmtevGOqNTqLNm1rcrvNETUNQ2ofUGCnJfvW753DO23QWA1l5PYjOIfy97RvH5kMEs7ww/zQne/PEH0L4jHmfDHI0lj9Kb2OdDqq+ibs9Ea2GP9ZUBL0ybIWsl0BSD6d4KTfJshBFmow4FZmzepGtpjngqL9QT5Jq0mI09g/S71ueZjo/yhT4st6u5xfCqI3sxg769lrSHg2kC0mW8EGkYE79u5z1vR/CveUoLTQx51y8VlQXxPA33c5Zy25gwFD4pTUez+JNSA7z/8NDwxUZDKzqcLa5AjBapKMzvkWMmJX0mJR80Kek1KekzKYmYFDA7uidxk5KISTfTxTQapRZ4z6SWLzTpKto3yQFitMAkn98jx0ya9pk0/aBJ016Tpn0mTSMmBcyO7tO4SdOISfNkfnOj2aEJ/PKXb1eLvmdXyxfadZXgXUSC/wwQGH7VjEdpgeE+v0cOYjmbzqMV1wLvxtLyRWLZig5i2QExWhhLj98jx9Jz1Jeeow+m56g3PUeRLBzFM23U4/C4dhb4iMN7tGtFe36NaWfJkQac3PQ04OQjJdDyRRtwEiStB8RosQassf8DtBYYBdYjAAA=" />\n<input type="hidden" name="lang" value="eng" />\n<input type="hidden" name="suite" value="cobalt" />\n<input type="hidden" name="reservedids" value="inst,lang,suite" />\n<input type="hidden" name="submitmode" value="" />\n<input type="hidden" name="submitname" value="" />\n<input type="hidden" name="allCountInsertComponent_33" id="allCountInsertComponent_33" value="100" />\n<input type="hidden" name="allAvailCountInsertComponent_33" id="allAvailCountInsertComponent_33" value="100" />\n</div>\r\n\t\t\t\t\t\r\n\t\t\t\t\t\r\n\t\t\t\t\t</form> \r\n\t                    </div>\r\n\t                \r\n\t                \r\n                \r\n                \r\n            </div><!--end mark-->\r\n    \r\n\r\n                                       </div>\r\n                            \r\n                            \r\n                                    <div id="allMaxItemsSection" class="allMaxItemsSection">\r\n                                        \r\n    \r\n\r\n    \r\n            \r\n                 \r\n                \r\n                    <!--link moved into dpBibHoldingStatement via initBibHoldingsToggle JS -->\r\n                    <span class="itemsSectionHeader" id="availHeaderWrapperAnyComponent_16">\r\n                           <a id="showMaxItemsLink2Component_16" class="maxItemsLink" href="/iii/encore/SearchResultsPage,searchResultsComponent.resultComponent.searchBrowseResultBibComponent.$BibHoldingsComponent.bibHoldingsAllMaxItems.showMaxItemsLink2Component.sdirect;jsessionid=5F4C8E89B7C5F964F02DBB6C904346CF?lang=eng&amp;sp=Sb2568417&amp;sp=F&amp;sp=Sallitemsmax-b2568417&amp;sp=F&amp;suite=cobalt" onclick="return tapestry.linkOnClick(this.href,\'showMaxItemsLink2Component_16\', false)">\r\n                               <a href="javascript:void(0);" onclick="toggleBibHoldingsPopup(this)">see all</a>\r\n                           </a>\r\n                    </span>\r\n                \r\n            \r\n            \r\n            <!--start mark -->\r\n             <h3 class="sectionHeader itemsHeader customHeader">Items</h3>\r\n            <div id="allitemsmax-b2568417">\r\n                \r\n\t                \r\n\t                    <div class="itemTableWrapper popUpContentWrapper">\r\n\t                        \r\n    \r\n\t\t<table class="itemTable" cellspacing="3">\r\n        \t<tr>\r\n\t        \t\r\n\t        \t\t<th>\r\n\t        \t\t\tLocation\r\n\t        \t\t</th>\r\n\t        \t\r\n\t        \t\t<th>\r\n\t        \t\t\tCall No.\r\n\t        \t\t</th>\r\n\t        \t\r\n\t        \t\t<th>\r\n\t        \t\t\tStatus\r\n\t        \t\t</th>\r\n\t        \t\r\n        \t</tr>\r\n            \r\n            \t<tr>\r\n            \t\t\r\n                        \r\n            \t\t\r\n                        \r\n                            <td>\r\n                                \r\n                                    \r\n                                    \r\n                                        \r\n                                            \r\n \r\n\t \r\n\t    \t\r\n\t\t\r\n\t\t\r\n\t\t\tFlorissant Valley\r\n\t\t\r\n    \r\n \r\n\r\n\r\n                                        \r\n                                        \r\n                                    \r\n            \t\t\t        \r\n\t            \t\t\t</td>\r\n            \t\t\t\r\n            \t\t\r\n                        \r\n                            <td>\r\n                                \r\n                                    \r\n                                    \r\n                                        \r\n                                        \r\n                                            \r\n                                                <a id="callNoBrowseDirectLinkComponent_34" href="/iii/encore/SearchResultsPage,searchResultsComponent.resultComponent.searchBrowseResultBibComponent.$BibHoldingsComponent.bibHoldingsAllMaxItems.itemTableComponent.callNoBrowseDirectLinkComponent.sdirect;jsessionid=5F4C8E89B7C5F964F02DBB6C904346CF?lang=eng&amp;sp=Si20198267&amp;sp=Sb2568417&amp;suite=cobalt" onclick="return tapestry.linkOnClick(this.href,\'callNoBrowseDirectLinkComponent_34\', false)">\r\n                                                    VIDEO GAME\r\n                                                </a>\r\n                                            \r\n                                            \r\n                                        \r\n                                    \r\n            \t\t\t        \r\n                                    \r\n                                         \r\n                                    \r\n                                    \r\n            \t\t\t        \r\n                                    \r\n                                         \r\n                                    \r\n                                    \r\n            \t\t\t        \r\n\t            \t\t\t</td>\r\n            \t\t\t\r\n            \t\t\r\n                        \r\n                            <td>\r\n                                \r\n                                    \r\n                                        IN LIBRARY\r\n                                    \r\n                                    \r\n            \t\t\t        \r\n\t            \t\t\t</td>\r\n            \t\t\t\r\n            \t\t\r\n            \t</tr>\r\n            \r\n        </table>\r\n    \r\n\r\n\t                        \r\n\t\t\t\t\t\t\t\r\n\t\t\t\t\t\t\t\t<a id="showAllItemsLinkComponent_34" class="showAllItemsLink customToggle" href="/iii/encore/SearchResultsPage,searchResultsComponent.resultComponent.searchBrowseResultBibComponent.$BibHoldingsComponent.bibHoldingsAllMaxItems.showAllItemsLinkComponent.sdirect;jsessionid=5F4C8E89B7C5F964F02DBB6C904346CF?lang=eng&amp;sp=Sb2568417&amp;sp=T&amp;sp=Sallitemsmax-b2568417&amp;sp=F&amp;suite=cobalt" onclick="return tapestry.linkOnClick(this.href,\'showAllItemsLinkComponent_34\', false)">\r\n\t\t\t\t\t\t\t\tShow remaining items</a>\r\n\t\t\t\t\t\t\t\r\n\t\t\t\t\t\t\t\r\n  \xe2\x80\x8b\t\t\t\t\t\t\t\r\n  \r\n\t\t\t\t\t<form method="post" action="/iii/encore/SearchResultsPage,searchResultsComponent.resultComponent.searchBrowseResultBibComponent.$BibHoldingsComponent.bibHoldingsAllMaxItems.countComponent.sdirect;jsessionid=5F4C8E89B7C5F964F02DBB6C904346CF" id="countComponent_34" style="display:none;">\n<div style="display:none;" id="countComponent_34hidden"><input type="hidden" name="formids" value="allCountInsertComponent_34,allAvailCountInsertComponent_34" />\n<input type="hidden" name="seedids" value="ZH4sIAAAAAAAAAI0a227junGBtl/SPLqA5Tix8+g42bMGkk1ge0/bpwUt0TaxFKmSkpOcb+oXFP2l/kOHFGVxSCrJy0aZG+c+Q2b//b8vf/njy5c/f/nrf0aaqhPL6cV4VJGD+ZHLspKCitp+i5owQRV8a6o1k8J8VfDPQfLiGTj+rkhVUbX0uPSRcu4DdrJ4Q78TTe+YonkNAlcCVKh7dDbaE9BIijXlxBD4nEJucsWq+pHWZE33iuojPlm+LBtdy/IbJQVVq72PzX1McKpRUv5aElU/MPHL12a1v8iyK4ReCGTOav9zfDGZjO65phfzG0T6CF4DL8XHVaRWUmyl5NoHF0xXnLw9W+xTZezXq/0EGUlOdHtkekOJyo+BLsYDGyBokUYD7IP22AUHbfSPqiA1TQiw6FVp9N4nlHsg4tAAckM5hFCCL00ipDzuTstz2Yj6QR6Y+NhWn6IBr1k2HBRwufXnRTa5dGcAlWzAwWLPVHnLZY7Iyzenwx2tA3udEq1HFooSrMHRWuVyavv44ONqWdmTMAdA11QAU6SFkPU/vq0n8PWvhirsdRuur1KVPpQJXV9cXo04ONz81A2rqf1oyRnlxQPZUR6L2tSKAdN4RIoTETkt+oTwHGCbQJ2kikXahNg05Y6hRNYVVPumORyoDqv1RDgrbA3fKyXVOyj9FaNN44Ev7TwZ9A+HXUL2HiR25FGW9DlK3A5qKjTqF1hY0DIQklGjp1eMk1CVtiRogUo2g86jlKEKjrJJfPmOZZ04o/cnBIZxe+/YaRzgNdUNhyIQidR0OB8h6yNVG9monOpHJlhJUB5SQXbceMLTOxupVk7bLFCIiG7P2NAax6BlWZryjduoz5aKbpvQW/oaCNU9PJJp+GzX6Zo35pSq7jpfCHdNDCXz1Mp7ZhWSc9kFZ3NmM9EzLvskGbY2Qbh9q9zcmSSSoqezTQCnzuQ9aT7ZnuS0/k3JpvKP6KGrIsimE9MssDHrgNiizDX5n9cXl9fd98x8G39uyWHJZVMEqcIOx3rDCmp773dS0jAWzq41IvTd6Gc1zkLYRroGiVEaMp/fv1ZEFJ1aqBAQJvBHTQ76QZICmvXgqqCSdemgyL6bc7H0kL4KbpV80bQtl2clD4qUvvuGSG/ZLiBLkWAlRLAKdIqtaS5V8bfd5Op6Prm5MZPHLoFuF/ER7VzfeN3HOUj7Yol4izbQ1hCUYuZ8GLo62O5uRuDUi8y2kU2zK6lo1i2dSXeNLQBPw56XWZ6fGQCYfjpRVSh2onfyRXAII+ZgevHK9OX1OASve2UwqkvPHg/AA4UNnOXxb3YiY5DzkQHKWrrjF1WV3oyMW0xAFnm7CZhIYOyJ0Rd9H7fyfst9At8He3qP/Bynn9leBlDQvtYrcevosZQQi7sHZEZRbOVtcqn3kDlxmy6qLpBeEsYjQCjGAlPsdoQAcTh4bsyETwbCitrUpG50H0Ntfw+8x3ZtFYX1tX+R6peGPiRje6Egv8uatshQ0Uep6KItwzgjyx6ZMhQcCb+WjWD1G7S48FzXqmGWHuJWAzP2ALkhhjFhTHl8FwCPwtJeU18LvQIvd9pOfNqCEZCxgJXzZShs2yOsuMLENVJry2oOLMXaBCtucQMkk7je7txFCixBWH/XiiUFg2HgwNBn9kJXFMyEkHB7Z9Cpfg6n2iYAR0fkyZMXTscBYUZOUx9l6CQfnyYpKYTpx/ohAU1tIVjmc7PjTB+j2GCSf8KvHxO8e9B966NhKR1BJCWHH4oE+eWAYfRgsn6T3KwHeOxxs86bXMZSengoKJdwcRO0SEm7Xz+mwL4x34j2qFZiL4cN118bzqMGt/MsOdL8F8Ojxl7FWjiWDKP5d8mbMhzHPTyV8aualnrZPV9toZ+EiYop/M0D7ungdmNE1HkXJ2gMZMc4NBq4CpdERf3DyHWoxP0Bpn+PR7tbhlADy6BZHvzFK25A8fEp97i00gkNbROwu0trK6fb8FaCgnkmsw6dXMxMEp4Txb/LXPmY4PpyNSrJa0ANkIiKmNPa26Pb+3CLz8zx3FIZb2o/rgWQuF3b6hocBx9PyszCFNIIs35A0Ha8hXe2K9jqLSVkp8Axnl76uOjpczxr0XdQw4hxlvl8ETqbmYDBhPfz855TWGhRipzP/53wJrgbTeazEQwlJiwOcYH0HhPc0mZmKuckbIWgcAfG89p57cFDBs7rH3Gp+gQ6ShFD8JuUUPCPpIo2miRBJKPTPfVAkLBgkB8jwCnuuXEJSfpdtpUcaJd7qPaRPHKguyVsz5GMrvlAlDgpUnNA0FLaJuCnZTvwuS2NWB/zNhMUOk8+2FxODcpm6RAel2Gg8jQq4oig0xRPVzNZdvLVThjYLM3ul8IPInzGySAnwvg90nnOTui4MVmVjU+2R/MXDWBqs3ZQXNdyH6FnnrtuqjOixmh3fccRrJ5h24TWGynIQ/WGje1O8ewNJLaL+I9qYBWfjxjs8t7y007w9o8/gB0a8Tgb5mgteVLBxj4fUXMV9Xsm4oUz7s8EmDFvl6ylRFsMhgccBhTYCCvMSu8EJmzfpBtlRzxVJxoI8k26uZ4EBpl3ratrEx8dCn1crJdzh8Nce/ZqF313LemGg20Cyic8EWUJs7Bu5wNvR/CvfUqLTYxp719rqgQJPA33c5Zz15gwKn5Smo6v009KLeLjh4eWLrUaOtHxbnFGpGCJisL0AThlUjZkUvZJk7JBk7Ihk7KESRGxp3uWNilLmDSb3kyTUeoQH5nU0cUmnUWHJnmIFCwyKaQPwCmTpkMmTT9p0nTQpOmQSdOESRGxp/s0bdI0YdI8m89mhhyawJ/+G9rVYT+yq6OL7TpLCC4i0X8GiAw/a8aTsMjwkD4AR7G8ns6TFdchPoylo0vEshMdxbJHpGBxLAP6AJxKz/FQeo4/mZ7jwfQcJ7JwnM608YDD09o5xGccPqBdJzrwa0o7B0404Gw20ICzz5RAR5dswFmUtAEiBUs14CyR4Q78f7RS67PtIwAA" />\n<input type="hidden" name="lang" value="eng" />\n<input type="hidden" name="suite" value="cobalt" />\n<input type="hidden" name="reservedids" value="inst,lang,suite" />\n<input type="hidden" name="submitmode" value="" />\n<input type="hidden" name="submitname" value="" />\n<input type="hidden" name="allCountInsertComponent_34" id="allCountInsertComponent_34" value="100" />\n<input type="hidden" name="allAvailCountInsertComponent_34" id="allAvailCountInsertComponent_34" value="100" />\n</div>\r\n\t\t\t\t\t\r\n\t\t\t\t\t\r\n\t\t\t\t\t</form> \r\n\t                    </div>\r\n\t                \r\n\t                \r\n                \r\n                \r\n            </div><!--end mark-->\r\n    \r\n\r\n                                    </div>\r\n                            \r\n                            \r\n                            <div id ="showMoreLessLinkContainer">&nbsp;</div>\r\n                            \r\n                            <img alt="Drop Up Shadow" src="resources/gold/images/dropShadowUpArrow.png" class="dropShadowUpArrow" id="dialogUpArrowImageAnyComponent_8"></img>\r\n                        </div>\r\n                    </div>\r\n                    \r\n               \r\n               \r\n    \t\r\n    \t<!-- Order info -->\r\n        \r\n   \r\n\r\n\r\n                    \r\n                    \n    \n     \n\r\n                    \r\n\t\r\n\t\t<span title="ctx_ver=Z39.88-2004&amp;rft_val_fmt=info%3Aofi%2Ffmt%3Akev%3Amtx%3Abook&amp;rfr_id=info%3Asid%2Fiii.com%3Aencore&amp;rft.btitle=Nintendo+Switch+%3A+Pokk%C3%A9n+tournament+DX.&amp;rft.isbn=&amp;rft.date=&amp;rft_id=http%3A%2F%2Fencore.slcl.org%2Fiii%2Fencore%2Frecord%2FC__Rb2568417__SNintendo%2520Switch__P0%252C9__Orightresult__X3%3Bjsessionid%3D5F4C8E89B7C5F964F02DBB6C904346CF%3Flang%3Deng%26suite%3Dcobalt" class="Z3988" id="coinsAnyComponent_8"></span>\r\n\t\r\n\r\n                    <!-- ratingReviewsSummaryComponent -->\r\n                    \r\n                    <div class="addtlInfo">\r\n                       \r\n                       \r\n                       \r\n   \r\n\r\n                    </div>\r\n                </div>\r\n            </div>\r\n            <div class="bibLocations">\r\n                \r\n                \r\n            </div>\r\n        </div>\r\n    \r\n\r\n\t\r\n\r\n\t<!-- Browse Result Resource -->\r\n\t\r\n\r\n\t<!-- Browse Result External -->\r\n\t\r\n\r\n               \r\n           \r\n               \r\n\t<!-- Browse Result Program -->\r\n\t\r\n\r\n\t<!-- Browse Result Bib -->\r\n\t\r\n\t\t \r\n    \r\n        <div id="resultRecord-b2582980" class="gridBrowseContent2 searchResult">\r\n            <div class="gridBrowseCol1">\r\n                <div id="actionsUpdate-b2582980">\r\n                  \r\n    <span id="anyWrapperComponent_9">\r\n        \r\n    </span>\r\n\r\n                  <div class="citationButtons">\r\n                     \n    <div class="requestLink" id="Any_10">\n        \n\n        \n            <div class="Request" id="Any_1_9"> \n                        \t         \n            \t \n                \n                \n                \n                \t\n    \n    \n \n       \n        \n        \n            \n                <div class="requestButton">\n                   <a id="genericLink_9" class="button secondaryAction" href="https://encore.slcl.org/iii/encore/search;jsessionid=5F4C8E89B7C5F964F02DBB6C904346CF/Sdologin?lang=eng&amp;target=Nintendo%20Switch&amp;loginReason=doRequest&amp;actionRecordId=b2582980">\n                       <img alt="Direct Link" src="resources/gold/images/hold.png" id="genericLinkImage_9"></img>Request it\n                   </a>\n                </div>   \n            \n            \n        \n    \n\n                \n                \n                  <!--     popup -->\n                 \n        \t <!--    popup -->\n                \n            </div>\n        \n    </div>\n\r\n                  </div>\r\n                  \r\n<div class="addtlActions">\r\n\t\t<p>Additional actions:</p>\r\n    <ul class="inline-list initialActions">\r\n        \r\n        <li>\r\n    \r\n        <span id="bookCartOperationAnyComponentb2582980">\r\n            \r\n            \r\n\t\t\t\t\t<a id="addToBookCartLinkComponent_9" onMouseup="renewSession()" href="/iii/encore/SearchResultsPage,searchResultsComponent.resultComponent.searchBrowseResultBibComponent.recordActionsComponent.bookCartOperationComponent.addToBookCartLinkComponent.sdirect;jsessionid=5F4C8E89B7C5F964F02DBB6C904346CF?lang=eng&amp;sp=Sb2582980&amp;suite=cobalt" onclick="return tapestry.linkOnClick(this.href,\'addToBookCartLinkComponent_9\', false)">\r\n\t\t\t\t\t\t<img alt="Book Cart" width="22" title="Add to cart" src="resources/gold/images/bookcart.png" class="actionIcon" height="20" id="addToBookcartImageAnyComponent_9"></img>\r\n\t\t\t\t    </a>\r\n            \r\n        </span>\r\n    \r\n</li>\r\n        <li>\r\n    <a id="emailLinkComponent_9" onMouseup="renewSession()" class="toolbarItem popInDialogTrigger" href="/iii/encore/SearchResultsPage,searchResultsComponent.resultComponent.searchBrowseResultBibComponent.recordActionsComponent.emailComponent.emailLinkComponent.sdirect;jsessionid=5F4C8E89B7C5F964F02DBB6C904346CF?lang=eng&amp;sp=Sb2582980&amp;suite=cobalt" onclick="return tapestry.linkOnClick(this.href,\'emailLinkComponent_9\', false)">\r\n        <img alt="Email" width="19" title="Email" src="resources/gold/images/email.png" class="actionIcon" height="13" id="emailImageAnyComponent_9"></img>\r\n        \r\n    </a>\r\n    <!--confirmation dialog-->\r\n    \r\n    <div id="emailMessageContainer">\r\n        <div id="sentStatus">\r\n            <div id="emailStatusMessage">\r\n                \r\n            </div>\r\n        </div>\r\n    </div>\r\n</li>\r\n        \r\n             <li>\r\n\t\r\n</li>\r\n             <li>\r\n    \r\n</li>\r\n        \r\n        \r\n            <li><a href="javascript:void(0);" class="popUpTrigger moreActionsLink" onclick="toggleBibHoldingsPopup(this, false, \'moreActionsWrapper\',\'gridBrowseCol1\')">\r\n            <img width="13" alt="more actions" title="More actions" src="resources/gold/images/more.png" class="actionIcon" height="13" id="moreActionsImageAnyComponent_9"></img></a></li>\r\n        \r\n    </ul>\r\n   <div class="moreActionsWrapper popUpWrapper">\r\n       <a class="closeLink" onclick="toggleBibHoldingsPopup(this, true, \'moreActionsWrapper\',\'gridBrowseCol1\')" href="javascript:void(0);">\r\n           close\r\n       </a>\r\n       <h3 class="moreActionsHeader">more</h3>\r\n        <ul class="inline-list moreActions">\r\n            <li>\r\n    \r\n\t    \r\n\t    \r\n\t        <a id="loginLinkComponent_9" href="https://encore.slcl.org/iii/encore/search;jsessionid=5F4C8E89B7C5F964F02DBB6C904346CF/Sdologin?lang=eng&amp;target=Nintendo%20Switch&amp;loginReason=doTag&amp;actionRecordId=b2582980">\r\n\t           <img width="20" title="Add a Tag" src="resources/gold/images/tag.png" class="actionIcon" height="19" id="createCommunityTagsIconImageAny2Component_9"></img>\r\n\t        </a>\r\n\t    \r\n    \r\n</li>\r\n            \r\n            \r\n        </ul>\r\n       <img src="resources/gold/images/dropShadowArrow.png" class="dropShadowArrow" id="dialogArrowImageAnyComponent_9"></img>\r\n    </div>\r\n</div>\t \r\n\r\n                </div>\r\n            </div>\r\n            <div class="gridBrowseCol2">\r\n                \r\n                    <!--title-->\r\n                <div class="dpBibTitle">\r\n                    <!-- please read c1063106, c1063117, c1044421, c1060576a before changing title -->\r\n                    \r\n                        \r\n                            <span class="title">\r\n                                <a id="recordDisplayLink2Component_9" href="/iii/encore/record/C__Rb2582980__SNintendo%20Switch__P0%2C10__Orightresult__X3;jsessionid=5F4C8E89B7C5F964F02DBB6C904346CF?lang=eng&amp;suite=cobalt">\r\n                                    Nintendo Switch : Mutant Football League : dynasty edition.\r\n                                </a>\r\n                            </span>\r\n                        \r\n                        \r\n                        \r\n                            <span class="title">\r\n                                <span class="additionalFields customSecondaryText">\r\n                                    \r\n                                </span>\r\n                            </span>\r\n                        \r\n                    \r\n\r\n                    \r\n                    <div class="dpBibAuthor">\r\n                        \r\n                        \r\n                    </div>\r\n                    <!-- MARC 962 Media -->\r\n                    <div class="recordDetailValue">\r\n                        \r\n                        <span class="itemMediaDescription" id="mediaTypeInsertComponent_9">ELECTRONIC RES</span>\r\n                        \r\n                        \r\n                                <span class="pipeDivider">|</span>\r\n                                <span class="itemMediaYear" id="searchResultPubYearInsertComponent_9"></span>\r\n                            \r\n                        \r\n                              <span class="pipeDivider">|</span>\r\n                              <span class="itemEdition" id="searchResultEditionInsertComponent_9">Nintendo Switch ed.</span>\r\n                           \r\n                    </div>\r\n                    \r\n                    \r\n                        <!-- bibHoldingsComponentAvailableOnlyOrAllItems -->\r\n                        \r\n    <!--start item info-->\r\n    \r\n    \r\n        <!-- over threshold holdings info -->\r\n        \r\n\t\r\n\r\n    \t<!--ERM-->\r\n        \r\n    \r\n    <!-- Dialog content -->\r\n    \r\n\r\n        <!-- checkin info -->\r\n        \r\n\t\r\n\r\n        <!-- Volume info -->\r\n        \r\n        <!-- Item info -->\r\n        \r\n                \r\n                  <!--This ItemsContainer elem does not get rendered into a toggle on the record page - only the browse -->\r\n                  <div id="ItemsContainer-b2582980" class="ItemsContainer">\r\n                        \r\n                           \r\n    \r\n        <div class="availabilitySummaryArea">\r\n            \r\n                <div class="dpBibHoldingStatement">\r\n                    <span class="availabilityMessage">\r\n                        <span class="itemsAvailable">Available</span> at Grand Glaize (<span class="availCallNumber">VIDEO GAME</span>) plus 4 more\r\n                    </span>\r\n                    \r\n                        <span class="itemsContainerPopUpTrigger"></span>\r\n                    \r\n                </div>\r\n            \r\n        </div>\r\n    \r\n    \r\n    \r\n\r\n                        \r\n                        <div class="content bibHoldingsWrapper popUpWrapper">\r\n                            <a href="javascript:void(0);" onclick="toggleBibHoldingsPopup(this, true)" class="closeLink">close</a>\r\n                            <!-- available-->\r\n                              \r\n                                  <div id="availableItemsSection" class="availableItemsSection">\r\n                                      \r\n    \r\n\r\n    \r\n            \r\n            \r\n                    <!--link moved into dpBibHoldingStatement via initBibHoldingsToggle JS -->\r\n                    <span class="itemsAvailHeader itemsSectionHeader" id="availHeaderWrapperAny2Component_17"><a href="javascript:void(0);" onclick="toggleBibHoldingsPopup(this)">see all</a></span>\r\n            \r\n            <!--start mark -->\r\n             <h3 class="sectionHeader itemsHeader customHeader">Items</h3>\r\n            <div id="allavailitems-b2582980">\r\n                \r\n\t                \r\n\t                    <div class="itemTableWrapper popUpContentWrapper">\r\n\t                        \r\n    \r\n\t\t<table class="itemTable" cellspacing="3">\r\n        \t<tr>\r\n\t        \t\r\n\t        \t\t<th>\r\n\t        \t\t\tLocation\r\n\t        \t\t</th>\r\n\t        \t\r\n\t        \t\t<th>\r\n\t        \t\t\tCall No.\r\n\t        \t\t</th>\r\n\t        \t\r\n\t        \t\t<th>\r\n\t        \t\t\tStatus\r\n\t        \t\t</th>\r\n\t        \t\r\n        \t</tr>\r\n            \r\n            \t<tr>\r\n            \t\t\r\n                        \r\n            \t\t\r\n                        \r\n                            <td>\r\n                                \r\n                                    \r\n                                    \r\n                                        \r\n                                            \r\n \r\n\t \r\n\t    \t\r\n\t\t\r\n\t\t\r\n\t\t\tGrand Glaize\r\n\t\t\r\n    \r\n \r\n\r\n\r\n                                        \r\n                                        \r\n                                    \r\n            \t\t\t        \r\n\t            \t\t\t</td>\r\n            \t\t\t\r\n            \t\t\r\n                        \r\n                            <td>\r\n                                \r\n                                    \r\n                                    \r\n                                        \r\n                                        \r\n                                            \r\n                                                <a id="callNoBrowseDirectLinkComponent_35" href="/iii/encore/SearchResultsPage,searchResultsComponent.resultComponent.searchBrowseResultBibComponent.$BibHoldingsComponent.bibHoldingsAvailableItems2.itemTableComponent.callNoBrowseDirectLinkComponent.sdirect;jsessionid=5F4C8E89B7C5F964F02DBB6C904346CF?lang=eng&amp;sp=Si20366625&amp;sp=Sb2582980&amp;suite=cobalt" onclick="return tapestry.linkOnClick(this.href,\'callNoBrowseDirectLinkComponent_35\', false)">\r\n                                                    VIDEO GAME\r\n                                                </a>\r\n                                            \r\n                                            \r\n                                        \r\n                                    \r\n            \t\t\t        \r\n                                    \r\n                                         \r\n                                    \r\n                                    \r\n            \t\t\t        \r\n                                    \r\n                                         \r\n                                    \r\n                                    \r\n            \t\t\t        \r\n\t            \t\t\t</td>\r\n            \t\t\t\r\n            \t\t\r\n                        \r\n                            <td>\r\n                                \r\n                                    \r\n                                        IN LIBRARY\r\n                                    \r\n                                    \r\n            \t\t\t        \r\n\t            \t\t\t</td>\r\n            \t\t\t\r\n            \t\t\r\n            \t</tr>\r\n            \r\n        </table>\r\n    \r\n\r\n\t                        \r\n\t\t\t\t\t\t\t\r\n\t\t\t\t\t\t\t\t<a id="showAllItemsLinkComponent_35" class="showAllItemsLink customToggle" href="/iii/encore/SearchResultsPage,searchResultsComponent.resultComponent.searchBrowseResultBibComponent.$BibHoldingsComponent.bibHoldingsAvailableItems2.showAllItemsLinkComponent.sdirect;jsessionid=5F4C8E89B7C5F964F02DBB6C904346CF?lang=eng&amp;sp=Sb2582980&amp;sp=T&amp;sp=Sallavailitems-b2582980&amp;sp=F&amp;suite=cobalt" onclick="return tapestry.linkOnClick(this.href,\'showAllItemsLinkComponent_35\', false)">\r\n\t\t\t\t\t\t\t\tShow remaining items</a>\r\n\t\t\t\t\t\t\t\r\n\t\t\t\t\t\t\t\r\n  \xe2\x80\x8b\t\t\t\t\t\t\t\r\n  \r\n\t\t\t\t\t<form method="post" action="/iii/encore/SearchResultsPage,searchResultsComponent.resultComponent.searchBrowseResultBibComponent.$BibHoldingsComponent.bibHoldingsAvailableItems2.countComponent.sdirect;jsessionid=5F4C8E89B7C5F964F02DBB6C904346CF" id="countComponent_35" style="display:none;">\n<div style="display:none;" id="countComponent_35hidden"><input type="hidden" name="formids" value="allCountInsertComponent_35,allAvailCountInsertComponent_35" />\n<input type="hidden" name="seedids" value="ZH4sIAAAAAAAAAI1a3XLiOhKei903ySVbhQmBcElI5gxVYZIC5pzdqylhC1CNbHklmyTnWbb2CfbV9h1OS5ax1JIJNxOnv1ar/9VS5n////L3P798+duXm/8MFJUnltKb4aAkB/0jFXkpClpU5ruoCCuohG9FlWKi0F8l/HMQPHuFFX9IUpZULpxV6kg5dwk7kX14vxNFH5mkaQUClwWoUHVwMtgT0EgUa8qJZnBXFmKTSlZWK1qRNd1Lqo7+zuJtUatK5N8oyahc7l00dRG0q1ZS/FoQWT2z4perzXJ/k4wSD54XnjnL/c/hzWg8eOKK3sxuPdYVeA28FG5XkkqKYisEVy45Y6rk5OPVoC+ltl8t9yPPSHKi2yNTG0pkekS6aA9sgKEBtQa+D5pt5xy0UT/KjFQ0IsDAy1zrvY8o90yKQw3ghnIIoQBf6kSIedzulqaiLqpncWDF57a6HDV4zSzzgwIuN/6EwNzbPYBL1ODgYs9k/sBF6rHnH1aHR1ohe60SjUfmkhJfg6OxyubUdvXsYpUozU7+CqCuaQGLAi0KUf3z23oEX/+uqfS9bsL1VcjcpbJCVTe3kwEHh+ufqmYVNR8NO6M8eyY7ykNRm0oyWDQckOxEipRmXUI4DjBNoIpyhSJNQmzqfMe8RFYlVPumPhyowtV6IpxlpoafpBTyAqS++rBuPPClrCdR/7DoArL3IHxHHkVOX4PEbam6QoN+4QtDLcMDGdV6OsU4wqo0JUEzr2QT6DxSai60lUni2wuWteK03lcIxHG7tO04DPCaqppDERSR1LSYC4jqSOVG1DKlasUKlhMvD2lBdlx7wtF7NJCNnKZZeCEiqtljQys/Bs2ShS7fsI26y2LRbRJ6S9+RUNXRA5l6nek6bfP2VwpZtZ0P020T85J5bOS9stKTc9sGZ3NepqOnXXYlm29thHH7UdpzZxRJio7PNAE/dUaXpLlse5LS6jcp6tLdoqMuM5RNJ6YYsjFpib5FiW3yPyc3t9P2e6q/tT+35LDgos5QqrDDsdqwjJre+53kFMfC2rX2GF03ulntZyFMI22D9CEFmc+f3ktSZK1aXiF4CPJHRQ7qWZAMmnXvqCCjdWmpnn1JVy0OqauDByneFG0K5lWKgyS5F4k+3ge2w3wxHqRIgeaBs3ZrmgqZ/WM3upvcj2Yzff6YUdBOJC7QnO4bpwdZNylPLik+gkHUWuNqAHOcpHD4KjzlDQfg3Zsk0f1kU+9yWtTrhlHnvUJWgM/1xJfoRT8TTWHq5URlJtmJPoq3gkNE0Rqm5u9M3U6GAX3daYSwNlk7Bk09UBjIWRr51ZzQiGbdZaiiElaJeVn6s5JpAl6gdIjmTVhQCE+MvqmnSHvvhugXiAQa3h30yrVuwjspQcGESi2LB8uPxGAYdRU962Rb8RCf9h00JXYG9upOb5ATxkNKIMlQoxLMAQPs+FhKzAAQmWBbaZuKVLVyQqoMATuS7ZoKC4pv/ybkLwWtSkQsh3r9LiraoIG+KyGpTYdIpuYdGrUYvAq/53XBqg/ohMHetqXDmXuINCQ4jA+QLsUFKIgyD68N2r0w4FfUVUUtweWtziOPOWMEpMxhPn3rDeP2CANxoQMd6rZlFYdF2VrHLtIMe3hGKGg6ko/25gX2+LA7nYWy8NW6Z8/WeaYJeKzzLGM6qoSbywbONHf3gDW++dzqeUlSXR1F4CyXoYcnpxCyH+vnGDk2vyCxr/WOM3UM4+Tz/At+vYLj8l5PjbMuyGk5Qjkp/JQEZ5ylBoUA5/I3wfWAgY5Mrm8EOsORoA4IZKUCbn8FzaICn9arKN016htRDtuy2IsLHlBfa87DTrhzDDrS9BdDB5S51DUAEg6H+++C13lwoHdAYLIZISqaq0X7FraFlhPkr8/iTjBw64cQaFPCNj0/QecgO8ahF8HNOicy7DBassUi9xE9QXQM3jAI8wkL14bpxJQ7xi1NEwgbVahG1FU221SPqspazOkWX3X8yJ75jGNHN/c6Lc95496QJi6CLkWTQU7eETdQAi6id2vupHaMRIeB3p4bLu1S5cY3AxY7wRtd0Xbw8SL14RkDtTDjCI/aHIb4JjiBu4LhhDwt/Kl/PHWxIMTJsIEfoaq9hdNbd10AJ/djiBjMBG6aPnEK07E/trT7/054jW5co9ndAE4uVhjMWwXSOwQlE2BQ9wS3SFC4JftHu/XaswMi53VPw1ReAQcpohl+EwIqf0XKYASKMgQyWt1jzw4RC3rX+wA4xT5iLiBJv4ummpF2qQM1T++BA+1tw2SeaQJNyPALAnBGtgt0daU5gvy0bAYCbkoj1Ee/+KBC59FnoNs7DZks7cP9MkTa3gVFHDC0mjpenQ1SfcrsxLs5bWAK1UNiDO8F3IWj3pUe4vZI6zmggvlBYzIqa59sj/rvJLCoydpecW3LXUHPbLruNN4ZnSA2rzHtCjyfTv22Ca03UJBj9fqNbXdx7EUSm4n9R9kzs88GDKZ+ZyBqjvLmT0qA9p31fjbMvCHlRaLBfjag+ibr9kxvLezxdGZA+dSMXQvhjTQ+Ha3QJGQjDDNLtSt8xualu5bmmKfyRJEg16TZZGRA0wQ6q/ST2d1EB0lhyav5enFvMV/unr2b64C9wEROiNngRKThSXDdznqeo+Bf80AXmhjyPr1XVBYEeRru9izltif5UPhENR5O4k9UDfD5u0XDFxsRrehwtjgDMVqkonx+RI6ZlPSZlFxpUtJrUtJnUhIxKWB2dE/iJiURk6bj2TgapRb4zKSWLzTpLBqb5AAxWmAS5kfkmEnjPpPGV5o07jVp3GfS2DPJNIGeFY4B47hd44hd98n9dBqzqwU+s6vlC+06S0C3kOC/GASGn5XiUVpgM+ZH5CCWk/F9tOJa4NNYWr5ILFvRQSw7IEYLw4j4ETmWnsO+9BxemZ7D3vQcRgprGE+yYY/D49pZ4BqH92jXikZ+jWlnyZEGnERLoAWuaMBJvATOoiMNOMEZHmXuOu2Z/+2/ESCo69Es7vIW+LSuLV+krlvRQdk2wF8BJcyu0SQAAA==" />\n<input type="hidden" name="lang" value="eng" />\n<input type="hidden" name="suite" value="cobalt" />\n<input type="hidden" name="reservedids" value="inst,lang,suite" />\n<input type="hidden" name="submitmode" value="" />\n<input type="hidden" name="submitname" value="" />\n<input type="hidden" name="allCountInsertComponent_35" id="allCountInsertComponent_35" value="100" />\n<input type="hidden" name="allAvailCountInsertComponent_35" id="allAvailCountInsertComponent_35" value="100" />\n</div>\r\n\t\t\t\t\t\r\n\t\t\t\t\t\r\n\t\t\t\t\t</form> \r\n\t                    </div>\r\n\t                \r\n\t                \r\n                \r\n                \r\n            </div><!--end mark-->\r\n    \r\n\r\n                                  </div>\r\n                              \r\n                             <!--all -->\r\n                              \r\n                                   <a href="javascript:void(0);" onclick="showHideItemsToggle(this)" class="showAllToggleLink availCheckboxLink"><img width="15" src="resources/gold/images/checkbox_checked.png" class="availCheckbox" height="13" id="checkboxCheckedImageComponent_9"></img>only show available</a>\r\n                                   <a href="javascript:void(0);" onclick="showHideItemsToggle(this)" class="showAvailableToggleLink availCheckboxLink"><img width="15" src="resources/gold/images/checkbox.png" class="availCheckbox" height="13" id="checkboxImageComponent_9"></img>only show available</a>\r\n                                   <a href="javascript:void(0);" onclick="showHideItemsToggle(this)" class="showAllMaxToggleLink availCheckboxLink"><img width="15" src="resources/gold/images/checkbox_checked.png" class="availCheckbox" height="13" id="checkboxCheckedImage2Component_9"></img>only show available</a>\r\n                                   <a href="javascript:void(0);" onclick="showHideItemsToggle(this)" class="showAvailableMaxToggleLink availCheckboxLink"><img width="15" src="resources/gold/images/checkbox.png" class="availCheckbox" height="13" id="checkboxImage2Component_9"></img>only show available</a>\r\n                                    \r\n                                    <div id="allItemsSection" class="allItemsSection">\r\n                                       \r\n    \r\n\r\n    \r\n            \r\n            \r\n                    <!--link moved into dpBibHoldingStatement via initBibHoldingsToggle JS -->\r\n                    <span class="itemsSectionHeader" id="availHeaderWrapperAny2Component_18"><a href="javascript:void(0);" onclick="toggleBibHoldingsPopup(this)">see all</a></span>\r\n            \r\n            <!--start mark -->\r\n             <h3 class="sectionHeader itemsHeader customHeader">Items</h3>\r\n            <div id="allitems-b2582980">\r\n                \r\n\t                \r\n\t                    <div class="itemTableWrapper popUpContentWrapper">\r\n\t                        \r\n    \r\n\t\t<table class="itemTable" cellspacing="3">\r\n        \t<tr>\r\n\t        \t\r\n\t        \t\t<th>\r\n\t        \t\t\tLocation\r\n\t        \t\t</th>\r\n\t        \t\r\n\t        \t\t<th>\r\n\t        \t\t\tCall No.\r\n\t        \t\t</th>\r\n\t        \t\r\n\t        \t\t<th>\r\n\t        \t\t\tStatus\r\n\t        \t\t</th>\r\n\t        \t\r\n        \t</tr>\r\n            \r\n            \t<tr>\r\n            \t\t\r\n                        \r\n            \t\t\r\n                        \r\n                            <td>\r\n                                \r\n                                    \r\n                                    \r\n                                        \r\n                                            \r\n \r\n\t \r\n\t    \t\r\n\t\t\r\n\t\t\r\n\t\t\tGrand Glaize\r\n\t\t\r\n    \r\n \r\n\r\n\r\n                                        \r\n                                        \r\n                                    \r\n            \t\t\t        \r\n\t            \t\t\t</td>\r\n            \t\t\t\r\n            \t\t\r\n                        \r\n                            <td>\r\n                                \r\n                                    \r\n                                    \r\n                                        \r\n                                        \r\n                                            \r\n                                                <a id="callNoBrowseDirectLinkComponent_36" href="/iii/encore/SearchResultsPage,searchResultsComponent.resultComponent.searchBrowseResultBibComponent.$BibHoldingsComponent.bibHoldingsAllItems.itemTableComponent.callNoBrowseDirectLinkComponent.sdirect;jsessionid=5F4C8E89B7C5F964F02DBB6C904346CF?lang=eng&amp;sp=Si20366625&amp;sp=Sb2582980&amp;suite=cobalt" onclick="return tapestry.linkOnClick(this.href,\'callNoBrowseDirectLinkComponent_36\', false)">\r\n                                                    VIDEO GAME\r\n                                                </a>\r\n                                            \r\n                                            \r\n                                        \r\n                                    \r\n            \t\t\t        \r\n                                    \r\n                                         \r\n                                    \r\n                                    \r\n            \t\t\t        \r\n                                    \r\n                                         \r\n                                    \r\n                                    \r\n            \t\t\t        \r\n\t            \t\t\t</td>\r\n            \t\t\t\r\n            \t\t\r\n                        \r\n                            <td>\r\n                                \r\n                                    \r\n                                        IN LIBRARY\r\n                                    \r\n                                    \r\n            \t\t\t        \r\n\t            \t\t\t</td>\r\n            \t\t\t\r\n            \t\t\r\n            \t</tr>\r\n            \r\n        </table>\r\n    \r\n\r\n\t                        \r\n\t\t\t\t\t\t\t\r\n\t\t\t\t\t\t\t\t<a id="showAllItemsLinkComponent_36" class="showAllItemsLink customToggle" href="/iii/encore/SearchResultsPage,searchResultsComponent.resultComponent.searchBrowseResultBibComponent.$BibHoldingsComponent.bibHoldingsAllItems.showAllItemsLinkComponent.sdirect;jsessionid=5F4C8E89B7C5F964F02DBB6C904346CF?lang=eng&amp;sp=Sb2582980&amp;sp=T&amp;sp=Sallitems-b2582980&amp;sp=F&amp;suite=cobalt" onclick="return tapestry.linkOnClick(this.href,\'showAllItemsLinkComponent_36\', false)">\r\n\t\t\t\t\t\t\t\tShow remaining items</a>\r\n\t\t\t\t\t\t\t\r\n\t\t\t\t\t\t\t\r\n  \xe2\x80\x8b\t\t\t\t\t\t\t\r\n  \r\n\t\t\t\t\t<form method="post" action="/iii/encore/SearchResultsPage,searchResultsComponent.resultComponent.searchBrowseResultBibComponent.$BibHoldingsComponent.bibHoldingsAllItems.countComponent.sdirect;jsessionid=5F4C8E89B7C5F964F02DBB6C904346CF" id="countComponent_36" style="display:none;">\n<div style="display:none;" id="countComponent_36hidden"><input type="hidden" name="formids" value="allCountInsertComponent_36,allAvailCountInsertComponent_36" />\n<input type="hidden" name="seedids" value="ZH4sIAAAAAAAAAI1azXLbOBLOYedNdNRUiZJiWUdZdiaqsmOXpGR2TymIhCRUQIILkLI9z7TnrX2pfYdpgKAINEBZl5jur9HofzTg/Of/n37769Onf3wa/HeoqDyxlA5Gw5Ic9I9U5KUoaFGZ76IirKASvhVViolCf5Xwz0Hw7AVW/ClJWVK5dFapI+XcJexE9u79ThS9Z5KmFQhcFaBC1cHJcE9AI1GsKSeawV1ZiE0qWVk90Yqs6V5SdfR3Fq/LWlUi/0pJRuVq76Kpi6BdtZLi15LI6pEVv1xtVvtBMh578KLwzFntf44G4+nwgSs6mE891ifwGngp3K4klRTFVgiuXHLGVMnJ+4tBn0ttv1rtx56R5ES3R6Y2lMj0iHTRHtgAQwNqDXwfNNsuOGijvpcZqWhEgIFXudZ7H1HukRSHGsAN5RBCAb7UiRDzuN0tTUVdVI/iwIqPbXU5avCaWeYHBVxu/DlIJhO7B3CJGhxc7JnM77hIPfb83epwTytkr1Wi8chCUuJrcDRW2ZzaPj26WCVKs5O/AqhrWsCiQItCVP/8uh7D179rKn2vm3B9ETJ3qaxQ1WAyG3JwuP6palZR89GwM8qzR7KjPBS1qSSDRaMhyU6kSGnWJYTjANMEqihXKNIkxKbOd8xLZFVCtW/qw4EqXK0nwllmavhBSiEvQOqLD+vGA1/KehL1D4suIXsPwnfkUeT0JUjclqorNOgXvjDUMjyQUa2nU4xjrEpTEjTzSjaBziOl5kJbmSSeXLCsFaf1vkIgjtulbadhgNdU1RyKoIikpsVcQFRHKjeililVT6xgOfHykBZkx7UnHL3HQ9nIaZqFFyKimj02tPJj0CxZ6vIN26i7LBbdJqG39A0JVR09kKnXma7TNm9/pZBV2/kw3TYxL5mnRt4LKz05kzY4m/MyHT3tsivZfGsjjNv30p4740hSdHymCfipM74kzWXbk5RWf0hRl+4WHXWVoWw6McWQjUlL9C1KbJP/eTOY3LbfM/2t/bklhyUXdYZShR2O1YZl1PTebySnOBbWrrXH6LrRzWo/C2EaaRukDynIfP7wVpIia9XyCsFDkD8qclCPgmTQrHtHBRmtS0v17Eu6anFIXR3cSfGqaFMwL1IcJMm9SPTx3rEd5ovxIEUKNA+ctVvTVMjs9934883teD7X548ZBe1E4gLN6b5xepB1k/LkkuI9GEStNa4G4wQ0gMNX4SlvNATvDpJE95NNvctpUa8bRp33ClkBPtcTX6IX/Uw0hannE5WZZCd6L14LDhFFa5havDE1uRkF9HWnEcLaZO0YNPVAYSBnaeRXc0IjmnWXoYpKWCUWZenPSqYJeIHSIVo0YUEhPDH6qh4i7b0bop8hEmh4d9Ar17oJ76QEBRMqtSruLD8Sg2HUVfSsk23FXXzad9CU2BnYqzu9QU4YDymBJEONSjAHDLDjYykxA0Bkgm2lbSpS1coJqTIE7Ei2ayosKL79q5C/FLQqEbEc6vWbqGiDBvo+CUltOkQyNe/QqMXgVfg9rwtWvUMnDPa2LR3O3EOkIcFhfIB0KS5AQZR5eG3Q7oUBv6KuKmoFLm91HnvMGSMgZQHz6WtvGLdHGIgLHehQty2rOCzK1jp2kWbYwzNGQdORvLc3L7DHh93pLJSFr9Y9e7bOM03AY11kGdNRJdxcNnCmubsHrPHNF1bPS5Lq6igCZ7kMPTw5hZB9Xz/GyLH5BYl9qXecqWMYJ5/nX/DrFRyX93ponHVBTssRyknhpyQ44yw1KAQ4l78KrgcMdGRyfSPQGY4EdUAgKxVw+ytoFhX4sH6K0l2jvhLlsK2KvbjgAfWl5jzshDvHoCNNfzF0QJlLXQMg4XC4/xC8zoMDvQMCk80IUdFcLdu3sC20nCB/fRZ3goFbP4RAmxK26cUJOgfZMQ69CG7WOZFhh9GSLRa5j+gJomPwhkGYT1i4NkwnptwxbmWaQNioQjWirrLZpnpUVdZiTrf4quNH9sxnHDse3Oq0POeNe0OauQi6FM2GOXlD3EAJuIjerbmT2jESHQZz2IQbLu1S5cY3AxY7wRtd0Xbw8Sz14RkDtTDjCI/aHIb4JjiDu4LhhDwt/Kn/c+JiQYiTSQPfQ1V7C2ef3XUBnNzOIWIwE7hp+sApTMf+2NLu/4PwGt24JqPJEE4uVhjMWwXSOwQlE2BQ9wS3SFC4JftHu/XaowMi53VPw1ReAQcpohn+EAIq/4mUwQgUZQhktLrHnh0iFvSu9wFwin3EXEKSfhNNNSPtUgdqnt4DB9rbhsk80wSakOEXBOCMbBfo6kpzBPlp2QwE3JRGqI9+8UGFzqPPQJMbDZks7cP9MkTa3gRFHDC0mqIzVx8zO/FmjhsYQ/WUGGXoR9yl4/61PuQ2Suu+5uQO25NRXHtme9R/LYFVTe46AufRxvsEnbPpvT390dGoyd12BZ5SZ37zhAYcKMixen3acd7uMpif7UUSm7n9e9kzuUNTg9nfGYuaA735wxKgfSe+nxNzb1R5lmi8nw+pvs+6ndNbC3s8nBn8hWkzfC2FN9j4dLRCk5CNMNKs1K7wGZv37lqaw57KE0WCXJPmN6YJjJFV+uHs840OksKSnxbr5a3F/FV79mYuBfYaEzkn5sMTkYYnwdU773mUgn/NM11oYsj78FZRWRDkabjhs5TbzuRD4UPVdHQTf6hqgI9fLxq+2KBoRYcTxhmI0SIV5fMjcsykpM+k5EqTkl6Tkj6TkohJAbOjexI3KYmYNJvOp9EotcBHJrV8oUln0dgkB4jRApMwPyLHTJr2mTS90qRpr0nTPpMswJo/EYZA1K5p3K5pxK7b5HY2i9nVAh/Z1fKFdp0loLtI8B8NAsPPSvEoLbAZ8yNyEMub6W204lrgw1havkgsW9FBLDsgRgvDiPgROZaeo770HF2ZnqPe9BxFCmsUT7JRj8Pj2lngGof3aNeKRn6NaWfJkQacREugBa5owEm8BM6iIw04wRkeZe46LWCv/4u14CSW4zCDxV3eAh/WteWL1HUrOijbDsC0vwHCZV+66yQAAA==" />\n<input type="hidden" name="lang" value="eng" />\n<input type="hidden" name="suite" value="cobalt" />\n<input type="hidden" name="reservedids" value="inst,lang,suite" />\n<input type="hidden" name="submitmode" value="" />\n<input type="hidden" name="submitname" value="" />\n<input type="hidden" name="allCountInsertComponent_36" id="allCountInsertComponent_36" value="100" />\n<input type="hidden" name="allAvailCountInsertComponent_36" id="allAvailCountInsertComponent_36" value="100" />\n</div>\r\n\t\t\t\t\t\r\n\t\t\t\t\t\r\n\t\t\t\t\t</form> \r\n\t                    </div>\r\n\t                \r\n\t                \r\n                \r\n                \r\n            </div><!--end mark-->\r\n    \r\n\r\n                                    </div>\r\n                            \r\n                            \r\n                                <!--how to test for available items on the threshold link-->\r\n                                       <div class="availableMaxItemsSection">\r\n                                                \r\n    \r\n\r\n    \r\n            \r\n                 \r\n                \r\n                    <!--link moved into dpBibHoldingStatement via initBibHoldingsToggle JS -->\r\n                    <span class="itemsAvailHeader itemsSectionHeader" id="availHeaderWrapperAnyComponent_17">\r\n                           <a id="showMaxItemsLink2Component_17" class="maxItemsLink" href="/iii/encore/SearchResultsPage,searchResultsComponent.resultComponent.searchBrowseResultBibComponent.$BibHoldingsComponent.bibHoldingsAvailableMaxItems2.showMaxItemsLink2Component.sdirect;jsessionid=5F4C8E89B7C5F964F02DBB6C904346CF?lang=eng&amp;sp=Sb2582980&amp;sp=F&amp;sp=Sallavailitemsmax-b2582980&amp;sp=F&amp;suite=cobalt" onclick="return tapestry.linkOnClick(this.href,\'showMaxItemsLink2Component_17\', false)">\r\n                               <a href="javascript:void(0);" onclick="toggleBibHoldingsPopup(this)">see all</a>\r\n                           </a>\r\n                    </span>\r\n                \r\n            \r\n            \r\n            <!--start mark -->\r\n             <h3 class="sectionHeader itemsHeader customHeader">Items</h3>\r\n            <div id="allavailitemsmax-b2582980">\r\n                \r\n\t                \r\n\t                    <div class="itemTableWrapper popUpContentWrapper">\r\n\t                        \r\n    \r\n\t\t<table class="itemTable" cellspacing="3">\r\n        \t<tr>\r\n\t        \t\r\n\t        \t\t<th>\r\n\t        \t\t\tLocation\r\n\t        \t\t</th>\r\n\t        \t\r\n\t        \t\t<th>\r\n\t        \t\t\tCall No.\r\n\t        \t\t</th>\r\n\t        \t\r\n\t        \t\t<th>\r\n\t        \t\t\tStatus\r\n\t        \t\t</th>\r\n\t        \t\r\n        \t</tr>\r\n            \r\n            \t<tr>\r\n            \t\t\r\n                        \r\n            \t\t\r\n                        \r\n                            <td>\r\n                                \r\n                                    \r\n                                    \r\n                                        \r\n                                            \r\n \r\n\t \r\n\t    \t\r\n\t\t\r\n\t\t\r\n\t\t\tGrand Glaize\r\n\t\t\r\n    \r\n \r\n\r\n\r\n                                        \r\n                                        \r\n                                    \r\n            \t\t\t        \r\n\t            \t\t\t</td>\r\n            \t\t\t\r\n            \t\t\r\n                        \r\n                            <td>\r\n                                \r\n                                    \r\n                                    \r\n                                        \r\n                                        \r\n                                            \r\n                                                <a id="callNoBrowseDirectLinkComponent_37" href="/iii/encore/SearchResultsPage,searchResultsComponent.resultComponent.searchBrowseResultBibComponent.$BibHoldingsComponent.bibHoldingsAvailableMaxItems2.itemTableComponent.callNoBrowseDirectLinkComponent.sdirect;jsessionid=5F4C8E89B7C5F964F02DBB6C904346CF?lang=eng&amp;sp=Si20366625&amp;sp=Sb2582980&amp;suite=cobalt" onclick="return tapestry.linkOnClick(this.href,\'callNoBrowseDirectLinkComponent_37\', false)">\r\n                                                    VIDEO GAME\r\n                                                </a>\r\n                                            \r\n                                            \r\n                                        \r\n                                    \r\n            \t\t\t        \r\n                                    \r\n                                         \r\n                                    \r\n                                    \r\n            \t\t\t        \r\n                                    \r\n                                         \r\n                                    \r\n                                    \r\n            \t\t\t        \r\n\t            \t\t\t</td>\r\n            \t\t\t\r\n            \t\t\r\n                        \r\n                            <td>\r\n                                \r\n                                    \r\n                                        IN LIBRARY\r\n                                    \r\n                                    \r\n            \t\t\t        \r\n\t            \t\t\t</td>\r\n            \t\t\t\r\n            \t\t\r\n            \t</tr>\r\n            \r\n        </table>\r\n    \r\n\r\n\t                        \r\n\t\t\t\t\t\t\t\r\n\t\t\t\t\t\t\t\t<a id="showAllItemsLinkComponent_37" class="showAllItemsLink customToggle" href="/iii/encore/SearchResultsPage,searchResultsComponent.resultComponent.searchBrowseResultBibComponent.$BibHoldingsComponent.bibHoldingsAvailableMaxItems2.showAllItemsLinkComponent.sdirect;jsessionid=5F4C8E89B7C5F964F02DBB6C904346CF?lang=eng&amp;sp=Sb2582980&amp;sp=T&amp;sp=Sallavailitemsmax-b2582980&amp;sp=F&amp;suite=cobalt" onclick="return tapestry.linkOnClick(this.href,\'showAllItemsLinkComponent_37\', false)">\r\n\t\t\t\t\t\t\t\tShow remaining items</a>\r\n\t\t\t\t\t\t\t\r\n\t\t\t\t\t\t\t\r\n  \xe2\x80\x8b\t\t\t\t\t\t\t\r\n  \r\n\t\t\t\t\t<form method="post" action="/iii/encore/SearchResultsPage,searchResultsComponent.resultComponent.searchBrowseResultBibComponent.$BibHoldingsComponent.bibHoldingsAvailableMaxItems2.countComponent.sdirect;jsessionid=5F4C8E89B7C5F964F02DBB6C904346CF" id="countComponent_37" style="display:none;">\n<div style="display:none;" id="countComponent_37hidden"><input type="hidden" name="formids" value="allCountInsertComponent_37,allAvailCountInsertComponent_37" />\n<input type="hidden" name="seedids" value="ZH4sIAAAAAAAAAI1azXLbOBLOYedNdNRUibIiS0dZdiaqsmKXpGR2TymIhCRUQIILkLI9z7Rvs7WPse8wDRAUgQZo6xLT/TUa/Y8GnP/8/9Nvf3369I9Pg/8OFZVnltLBaFiSo/6RirwUBS0q811UhBVUwreiSjFR6K8S/jkKnj3Dij8lKUsql84qdaKcu4S9yN6834mi90zStAKBqwJUqDo4GR4IaCSKDeVEM7grC7FNJSurNa3Ihh4kVSd/Z/GyrFUl8q+UZFSuDi6augjaVSspfi2JrB5Z8cvVZnUYJOOJBy8Kz5zV4edoACwPXNHBfOqxrsFr4KVwu5JUUhQ7IbhyyRlTJSdvzwZ9KrX9anUYe0aSM92dmNpSItMT0kV7YAsMDag18H3QbLvgoI36XmakohEBBl7lWu9DRLlHUhxrALeUQwgF+FInQszjdrc0FXVRPYojKz621eWowWtmmR8UcLnx5yC5mdg9gEvU4ODiwGR+x0XqsedvVod7WiF7rRKNRxaSEl+Dk7HK5tRu/ehilSjNTv4KoG5oAYsCLQpR/fPrZgxf/66p9L1uwvVFyNylskJVg5vZkIPD9U9Vs4qaj4adUZ49kj3loahtJRksGg1JdiZFSrMuIRwHmCZQRblCkSYhtnW+Z14iqxKqfVsfj1Thaj0TzjJTww9SCvkOpL74sG488KWsJ1H/sOgSsvcofEeeRE6fg8RtqbpCg37hC0MtwwMZ1Xo6xTjGqjQlQTOvZBPoPFJqLrSVSeKbdyxrxWm9rxCI4/betpMwwBuqag5FUERS02IuIKoTlVtRy5SqNStYTrw8pAXZc+0JR+/xUDZymmbhhYioZo8trfwYNEuWunzDNuoui0W3SegdfUVCVUcPZOp1puu0zdtfKWTVdj5Mt03MS+aJkffMSk/OTRuc7WWZjp522ZVsvrURxt1bac+dcSQpOj7TBPzUGb8nzWU7kJRWf0hRl+4WHXWVoWw6M8WQjUlL9C1KbJP/OR3czNvvW/2t/bkjxyUXdYZShR1P1ZZl1PTebySnOBbWro3H6LrRzWo/C2EaaRukDynIfP7wWpIia9XyCsFDkD8qclSPgmTQrHtHBRmtS0v17Eu6anFIXR3cSfGiaFMwz1IcJcm9SPTx3rE95ovxIEUKNA9ctNvQVMjs9/3483Q2ns/1+WNGQTuRuEBzum+dHmTdpDy5pHgLBlFrjavBOAEN4PBVeMobDcG7gyTR/WRb73Na1JuGUee9QlaAz/XEl+hFPxNNYerpTGUm2Znei5eCQ0TRGqYWr0zdTEcBfdNphLA2WTsGTT1SGMhZGvnVnNCIZt1lqKISVolFWfqzkmkCXqB0iBZNWFAIz4y+qIdIe++G6CeIBBreHfTKtW7COylBwYRKrYo7y4/EYBh1FT3rZDtxF5/2HTQldgb26k5vkBPGQ0ogyVCjEswBA+z4WErMABCZYFtp24pUtXJCqgwBO5LtmwoLiu/wIuQvBa1KRCyHev0mKtqggb5rIalNh0im5h0atRi8Cr/ndcGqN+iEwd62pcOZe4w0JDiMj5AuxTtQEGUeXhu0e2HAr6irilqBy1udxx5zxghIWcB8+tIbxt0JBuJCBzrUbccqDouyjY5dpBn28IxR0HQk7+3NC+zxYXc6C2Xhq3XPnq3zTBPwWBdZxnRUCTeXDZxp7u4Ba3zzhdXzPUl1dRKBs1yGHp6cQsi+bx5j5Nj8gsQ+13vO1CmMk8/zL/j1Co7393ponPWOnJYjlJPCT0lwxllqUAhwLn8VXA8Y6Mjk+kagMxwJ6oBAVirg9lfQLCrwYbOO0l2jvhLlsK2Kg3jHA+pLzXnYCfeOQSea/mLogDKXugZAwuFw/yF4nQcHegcEJpsRoqK5WrZvYTtoOUH++izuBAO3fgiBNiVs04szdA6yZxx6EdyscyLDDqMlWyxyH9ETRMfgDYMwn7BwbZhOTLlj3Mo0gbBRhWpEXWWzTfWoqqzFnO7wVceP7IXPOHY8mOm0vOSNe0PyEHQpmg1z8oq4gRJwEb1bcye1YyQ6DOawCTdc2qXKjW8GLHaCN7qi7eDjSerDMwZqYcYRHrU5DPFNcAZ3BcMJeVr4U//nzy4WhDiZNvA9VLW38PbWXRfAyXwCEYOZwE3TB05hOvbHlnb/H4TX6MZ1AzM1nFysMJi3CqR3CEomwKDuCW6RoHBL9o9267VHB0TO656GqbwCDlJEM/whBFT+mpTBCBRlCGS0useeHSIW9K73AXCKfcRcQpJ+E001I+1SB2qe3gMH2tuGyTzTBJqQ4RcE4IxsF+jqSnME+WnZDATclEaoj37xQYXOo89AN7caMlnah/tliLS9DYo4YGg1RWeuPmb24tUcNzCG6ikxytCPuEvH/Wt9yG2U1n3NyR22J6O49szupP9aAqua3O0X2HbeNbTOS/ONNUhHQpO87Qo8ps787gkdONCQY/265XNkbrvLYH4xGElsBvfvZc/oPh8yGP6duag50Zu/LA3mvUe+nxRzb1Z5kmi+nw+pvtC6rdNbC3s8XBj8hWkzfS2FN9n4dLRCk5CNMNOs1L7wGZsH71qa057KM0WCXJPmpglMx8gq/XL2eaqDpLDk9WKznFnMX3Vgr+ZWYO8xkYNiPjwTaXgSXL7znlcp+Ne804UmhrwPrxWVBUGehis+S7ltTT4UvlRNRtP4S1UDfPx80fDFJkUrOhwxLkCMFqkonx+RYyYlfSYlV5qU9JqU9JmUREwKmB3dk7hJScSk28l8Eo1SC3xkUssXmnQRjU1ygBgtMAnzI3LMpEmfSZMrTZr0mjTpM8kCpgnEgKhdk7hdk4hds2R2exuzqwU+sqvlC+26SECXkeB/GgSGX5TiUVpgM+ZH5CCW08ksWnEt8GEsLV8klq3oIJYdEKOFYUT8iBxLz1Ffeo6uTM9Rb3qOIoU1iifZqMfhce0scI3De7RrRSO/xrSz5EgDTqIl0AJXNOAkXgIX0ZEGnOAMjzJ3nTa5fflftAUnsRyHGSzu8hb4sK4tX6SuW9FB2XZAjBaWbYP9DYAi2CcIJQAA" />\n<input type="hidden" name="lang" value="eng" />\n<input type="hidden" name="suite" value="cobalt" />\n<input type="hidden" name="reservedids" value="inst,lang,suite" />\n<input type="hidden" name="submitmode" value="" />\n<input type="hidden" name="submitname" value="" />\n<input type="hidden" name="allCountInsertComponent_37" id="allCountInsertComponent_37" value="100" />\n<input type="hidden" name="allAvailCountInsertComponent_37" id="allAvailCountInsertComponent_37" value="100" />\n</div>\r\n\t\t\t\t\t\r\n\t\t\t\t\t\r\n\t\t\t\t\t</form> \r\n\t                    </div>\r\n\t                \r\n\t                \r\n                \r\n                \r\n            </div><!--end mark-->\r\n    \r\n\r\n                                       </div>\r\n                            \r\n                            \r\n                                    <div id="allMaxItemsSection" class="allMaxItemsSection">\r\n                                        \r\n    \r\n\r\n    \r\n            \r\n                 \r\n                \r\n                    <!--link moved into dpBibHoldingStatement via initBibHoldingsToggle JS -->\r\n                    <span class="itemsSectionHeader" id="availHeaderWrapperAnyComponent_18">\r\n                           <a id="showMaxItemsLink2Component_18" class="maxItemsLink" href="/iii/encore/SearchResultsPage,searchResultsComponent.resultComponent.searchBrowseResultBibComponent.$BibHoldingsComponent.bibHoldingsAllMaxItems.showMaxItemsLink2Component.sdirect;jsessionid=5F4C8E89B7C5F964F02DBB6C904346CF?lang=eng&amp;sp=Sb2582980&amp;sp=F&amp;sp=Sallitemsmax-b2582980&amp;sp=F&amp;suite=cobalt" onclick="return tapestry.linkOnClick(this.href,\'showMaxItemsLink2Component_18\', false)">\r\n                               <a href="javascript:void(0);" onclick="toggleBibHoldingsPopup(this)">see all</a>\r\n                           </a>\r\n                    </span>\r\n                \r\n            \r\n            \r\n            <!--start mark -->\r\n             <h3 class="sectionHeader itemsHeader customHeader">Items</h3>\r\n            <div id="allitemsmax-b2582980">\r\n                \r\n\t                \r\n\t                    <div class="itemTableWrapper popUpContentWrapper">\r\n\t                        \r\n    \r\n\t\t<table class="itemTable" cellspacing="3">\r\n        \t<tr>\r\n\t        \t\r\n\t        \t\t<th>\r\n\t        \t\t\tLocation\r\n\t        \t\t</th>\r\n\t        \t\r\n\t        \t\t<th>\r\n\t        \t\t\tCall No.\r\n\t        \t\t</th>\r\n\t        \t\r\n\t        \t\t<th>\r\n\t        \t\t\tStatus\r\n\t        \t\t</th>\r\n\t        \t\r\n        \t</tr>\r\n            \r\n            \t<tr>\r\n            \t\t\r\n                        \r\n            \t\t\r\n                        \r\n                            <td>\r\n                                \r\n                                    \r\n                                    \r\n                                        \r\n                                            \r\n \r\n\t \r\n\t    \t\r\n\t\t\r\n\t\t\r\n\t\t\tGrand Glaize\r\n\t\t\r\n    \r\n \r\n\r\n\r\n                                        \r\n                                        \r\n                                    \r\n            \t\t\t        \r\n\t            \t\t\t</td>\r\n            \t\t\t\r\n            \t\t\r\n                        \r\n                            <td>\r\n                                \r\n                                    \r\n                                    \r\n                                        \r\n                                        \r\n                                            \r\n                                                <a id="callNoBrowseDirectLinkComponent_38" href="/iii/encore/SearchResultsPage,searchResultsComponent.resultComponent.searchBrowseResultBibComponent.$BibHoldingsComponent.bibHoldingsAllMaxItems.itemTableComponent.callNoBrowseDirectLinkComponent.sdirect;jsessionid=5F4C8E89B7C5F964F02DBB6C904346CF?lang=eng&amp;sp=Si20366625&amp;sp=Sb2582980&amp;suite=cobalt" onclick="return tapestry.linkOnClick(this.href,\'callNoBrowseDirectLinkComponent_38\', false)">\r\n                                                    VIDEO GAME\r\n                                                </a>\r\n                                            \r\n                                            \r\n                                        \r\n                                    \r\n            \t\t\t        \r\n                                    \r\n                                         \r\n                                    \r\n                                    \r\n            \t\t\t        \r\n                                    \r\n                                         \r\n                                    \r\n                                    \r\n            \t\t\t        \r\n\t            \t\t\t</td>\r\n            \t\t\t\r\n            \t\t\r\n                        \r\n                            <td>\r\n                                \r\n                                    \r\n                                        IN LIBRARY\r\n                                    \r\n                                    \r\n            \t\t\t        \r\n\t            \t\t\t</td>\r\n            \t\t\t\r\n            \t\t\r\n            \t</tr>\r\n            \r\n        </table>\r\n    \r\n\r\n\t                        \r\n\t\t\t\t\t\t\t\r\n\t\t\t\t\t\t\t\t<a id="showAllItemsLinkComponent_38" class="showAllItemsLink customToggle" href="/iii/encore/SearchResultsPage,searchResultsComponent.resultComponent.searchBrowseResultBibComponent.$BibHoldingsComponent.bibHoldingsAllMaxItems.showAllItemsLinkComponent.sdirect;jsessionid=5F4C8E89B7C5F964F02DBB6C904346CF?lang=eng&amp;sp=Sb2582980&amp;sp=T&amp;sp=Sallitemsmax-b2582980&amp;sp=F&amp;suite=cobalt" onclick="return tapestry.linkOnClick(this.href,\'showAllItemsLinkComponent_38\', false)">\r\n\t\t\t\t\t\t\t\tShow remaining items</a>\r\n\t\t\t\t\t\t\t\r\n\t\t\t\t\t\t\t\r\n  \xe2\x80\x8b\t\t\t\t\t\t\t\r\n  \r\n\t\t\t\t\t<form method="post" action="/iii/encore/SearchResultsPage,searchResultsComponent.resultComponent.searchBrowseResultBibComponent.$BibHoldingsComponent.bibHoldingsAllMaxItems.countComponent.sdirect;jsessionid=5F4C8E89B7C5F964F02DBB6C904346CF" id="countComponent_38" style="display:none;">\n<div style="display:none;" id="countComponent_38hidden"><input type="hidden" name="formids" value="allCountInsertComponent_38,allAvailCountInsertComponent_38" />\n<input type="hidden" name="seedids" value="ZH4sIAAAAAAAAAI1azXLbOBLOYedNdNRUibJiW0dZViaqsmKXpGR2TymIhCRUQIILkLI9z7SPtrvPMA0QFIEGKOsS0/01Gv2PBpz//O/Tb399+vSPT4P/DhWVJ5bSwWhYkoP+kYq8FAUtKvNdVIQVVMK3okoxUeivEv45CJ69wIo/JSlLKufOKnWknLuEncjevd+Joo9M0rQCgcsCVKg6OBnuCWgkijXlRDO4KwuxSSUrqxWtyJruJVVHf2fxOq9VJfKvlGRULvcumroI2lUrKX7NiayeWPHL1Wa5HyTjWw+eFZ45y/3P0WA8GS64ooPpvce6Aq+Bl8LtSlJJUWyF4MolZ0yVnLy/GPS51Par5X7sGUlOdHtkakOJTI9IF+2BDTA0oNbA90Gz7YyDNup7mZGKRgQYeJlrvfcR5Z5IcagB3FAOIRTgS50IMY/b3dJU1EX1JA6s+NhWl6MGr5llflDA5cafg+Tms90DuEQNDi72TOYPXKQee/5udXikFbLXKtF4ZCYp8TU4GqtsTm1XTy5WidLs5K8A6poWsCjQohDVP7+ux/D175pK3+smXF+EzF0qK1Q1uJkOOThc/1Q1q6j5aNgZ5dkT2VEeitpUksGi0ZBkJ1KkNOsSwnGAaQJVlCsUaRJiU+c75iWyKqHaN/XhQBWu1hPhLDM1vJBSyAuQ+uLDuvHAl7KeRP3DonPI3oPwHXkUOX0JErel6goN+oUvDLUMD2RU6+kU4xir0pQEzbySTaDzSKm50FYmiW8uWNaK03pfIRDH7dK2kzDAa6pqDkVQRFLTYi4gqiOVG1HLlKoVK1hOvDykBdlx7QlH7/FQNnKaZuGFiKhmjw2t/Bg0S+a6fMM26i6LRbdJ6C19Q0JVRw9k6nWm67TN218pZNV2Pky3TcxL5omR98JKT85NG5zNeZmOnnbZlWy+tRHG7Xtpz51xJCk6PtME/NQZX5Lmsu1JSqs/pKhLd4uOusxQNp2YYsjGpCX6FiW2yf+8HUzahv/zTn9rf27JYc5FnaFUYYdjtWEZNb33G8kpjoW1a+0xum50s9rPQphG2gbpQwoyny/eSlJkrVpeIXgI8kdFDupJkAyade+oIKN1aamefUlXLQ6pq4MHKV4VbQrmRYqDJLkXiT7eB7bDfDEepEiB5oGzdmuaCpn9vht/vr0fT6f6/DGjoJ1IXKA53TdOD7JuUp5cUrwHg6i1xtVgnIAGcPgqPOWNhuDdQZLofrKpdzkt6nXDqPNeISvA53riS/Sin4mmMPV8ojKT7EQfxWvBIaJoDVOzN6ZubkcBfd1phLA2WTsGTT1QGMhZGvnVnNCIZt1lqKISVolZWfqzkmkCXqB0iGZNWFAIT4y+qkWkvXdD9DNEAg3vDnrlWjfhnZSgYEKllsWD5UdiMIy6ip51sq14iE/7DpoSOwN7dac3yAnjISWQZKhRCeaAAXZ8LCVmAIhMsK20TUWqWjkhVYaAHcl2TYUFxbd/FfKXglYlIpZDvX4TFW3QQN+VkNSmQyRT8w6NWgxehd/zumDVO3TCYG/b0uHMPUQaEhzGB0iX4gIURJmH1wbtXhjwK+qqopbg8lbnscecMQJSZjCfvvaGcXuEgbjQgQ5127KKw6JsrWMXaYY9PGMUNB3JR3vzAnt82J3OQln4at2zZ+s80wQ81lmWMR1Vws1lA2eau3vAGt98ZvW8JKmujiJwlsvQw5NTCNn39VOMHJtfkNiXeseZOoZx8nn+Bb9ewXF5r0XjrAtyWo5QTgo/JcEZZ6lBIcC5/FVwPWCgI5PrG4HOcCSoAwJZqYDbX0GzqMDFehWlu0Z9JcphWxZ7ccED6kvNedgJd45BR5r+YuiAMpe6BkDC4XD/IXidBwd6BwQmmxGiormat29hW2g5Qf76LO4EA7d+CIE2JWzTsxN0DrJjHHoR3KxzIsMOoyVbLHIf0RNEx+ANgzCfsHBtmE5MuWPc0jSBsFGFakRdZbNN9aiqrMWcbvFVx4/smc84djy412l5zhv3hjR1EXQpmg5z8oa4gRJwEb1bcye1YyQ6DPQm3HBplyo3vhmw2Ane6Iq2g49nqQ/PGKiFGUd41OYwxDfBKdwVDCfkaeFP/Z89LAhxYuFHqGpv4Z23LoCTKWioYCZw03TBKUzH/tjS7v+D8BrduG5gczi5WGEwb9XURVAyAQZ1T3CLvOvI/tFuvfbkgMh53dMwlVfAQYpohj+EgMpfkTIYgaIMgYxW99izQ8SC3vU+AE6xj5hzSNJvoqlmpF3qQM3Te+BAe9swmWeaQBMy/IJwE90u0NWV5gjy07IZCLgpjVAf/eKDCp1Hn4FudHfgJkv7cL8Mkbb3QREHDK2m6MzVx8xOvJnjBsZQPSVGGfoRd+m4f60PuY3Suq85ucP2ZBTXntke9V9LYFWTu/0C2867gtZ5br6xBun1R3NHsCvwmIq6J3TgQEOO9btgb7uNazKS2Yzu38ue4R36Goz/zmTUnOnN35YG095D30+LqTetPEs04U+HVF9p3ebprYU9FmcGf2HazF9z4c02Ph2t0CRkI0w1S7UrfMbmybuW5ryn8kSRIMek5q8D09sxskq/nX2+1WFSWPJqtp7fW8xftWdv5l5gbzKRo2I6PBFpeBJcwNOedyn417zUhSaGvIu3isqCIE/DJZ+l3DYnHwrfqiaj2/hbVQN8/IDR8MVmRSs6HDLOQIwWqSmfH5FjJiV9JiVXmpT0mpT0mZRETAqYHd2TuElJxKS7yXQSjVILfGRSyxeadBaNTXKAGC0wCfMjcsykSZ9JkytNmvSaNOkzyQCmCfAI0GPXJG7XJGLXfXJ/dxezqwU+sqvlC+06S0DXkeD/GgSGn5XiUVpgM+ZH5CCWt5P7aMW1wIextHyRWLaig1h2QIwWhhHxI3IsPUd96Tm6Mj1Hvek5ihTWKJ5kox6Hx7WzwDUO79GuFY38GtPOkiMNOImWQAtc0YCTeAmcRUcacIIzPMrcddrX/yeRHG8XBXU9nsZd3gIf1rXli9R1Kzoo2w6I0cKyRfw++W/QwsiIISUAAA==" />\n<input type="hidden" name="lang" value="eng" />\n<input type="hidden" name="suite" value="cobalt" />\n<input type="hidden" name="reservedids" value="inst,lang,suite" />\n<input type="hidden" name="submitmode" value="" />\n<input type="hidden" name="submitname" value="" />\n<input type="hidden" name="allCountInsertComponent_38" id="allCountInsertComponent_38" value="100" />\n<input type="hidden" name="allAvailCountInsertComponent_38" id="allAvailCountInsertComponent_38" value="100" />\n</div>\r\n\t\t\t\t\t\r\n\t\t\t\t\t\r\n\t\t\t\t\t</form> \r\n\t                    </div>\r\n\t                \r\n\t                \r\n                \r\n                \r\n            </div><!--end mark-->\r\n    \r\n\r\n                                    </div>\r\n                            \r\n                            \r\n                            <div id ="showMoreLessLinkContainer">&nbsp;</div>\r\n                            \r\n                            <img alt="Drop Up Shadow" src="resources/gold/images/dropShadowUpArrow.png" class="dropShadowUpArrow" id="dialogUpArrowImageAnyComponent_9"></img>\r\n                        </div>\r\n                    </div>\r\n                    \r\n               \r\n               \r\n    \t\r\n    \t<!-- Order info -->\r\n        \r\n   \r\n\r\n\r\n                    \r\n                    \n    \n     \n\r\n                    \r\n\t\r\n\t\t<span title="ctx_ver=Z39.88-2004&amp;rft_val_fmt=info%3Aofi%2Ffmt%3Akev%3Amtx%3Abook&amp;rfr_id=info%3Asid%2Fiii.com%3Aencore&amp;rft.btitle=Nintendo+Switch+%3A+Mutant+Football+League+%3A+dynasty+edition.&amp;rft.isbn=&amp;rft.date=&amp;rft_id=http%3A%2F%2Fencore.slcl.org%2Fiii%2Fencore%2Frecord%2FC__Rb2582980__SNintendo%2520Switch__P0%252C10__Orightresult__X3%3Bjsessionid%3D5F4C8E89B7C5F964F02DBB6C904346CF%3Flang%3Deng%26suite%3Dcobalt" class="Z3988" id="coinsAnyComponent_9"></span>\r\n\t\r\n\r\n                    <!-- ratingReviewsSummaryComponent -->\r\n                    \r\n                    <div class="addtlInfo">\r\n                       \r\n                       \r\n                       \r\n   \r\n\r\n                    </div>\r\n                </div>\r\n            </div>\r\n            <div class="bibLocations">\r\n                \r\n                \r\n            </div>\r\n        </div>\r\n    \r\n\r\n\t\r\n\r\n\t<!-- Browse Result Resource -->\r\n\t\r\n\r\n\t<!-- Browse Result External -->\r\n\t\r\n\r\n               \r\n           \r\n               \r\n\t<!-- Browse Result Program -->\r\n\t\r\n\r\n\t<!-- Browse Result Bib -->\r\n\t\r\n\t\t \r\n    \r\n        <div id="resultRecord-b2581865" class="gridBrowseContent2 searchResult">\r\n            <div class="gridBrowseCol1">\r\n                <div id="actionsUpdate-b2581865">\r\n                  \r\n    <span id="anyWrapperComponent_10">\r\n        \r\n    </span>\r\n\r\n                  <div class="citationButtons">\r\n                     \n    <div class="requestLink" id="Any_11">\n        \n\n        \n            <div class="Request" id="Any_1_10"> \n                        \t         \n            \t \n                \n                \n                \n                \t\n    \n    \n \n       \n        \n        \n            \n                <div class="requestButton">\n                   <a id="genericLink_10" class="button secondaryAction" href="https://encore.slcl.org/iii/encore/search;jsessionid=5F4C8E89B7C5F964F02DBB6C904346CF/Sdologin?lang=eng&amp;target=Nintendo%20Switch&amp;loginReason=doRequest&amp;actionRecordId=b2581865">\n                       <img alt="Direct Link" src="resources/gold/images/hold.png" id="genericLinkImage_10"></img>Request it\n                   </a>\n                </div>   \n            \n            \n        \n    \n\n                \n                \n                  <!--     popup -->\n                 \n        \t <!--    popup -->\n                \n            </div>\n        \n    </div>\n\r\n                  </div>\r\n                  \r\n<div class="addtlActions">\r\n\t\t<p>Additional actions:</p>\r\n    <ul class="inline-list initialActions">\r\n        \r\n        <li>\r\n    \r\n        <span id="bookCartOperationAnyComponentb2581865">\r\n            \r\n            \r\n\t\t\t\t\t<a id="addToBookCartLinkComponent_10" onMouseup="renewSession()" href="/iii/encore/SearchResultsPage,searchResultsComponent.resultComponent.searchBrowseResultBibComponent.recordActionsComponent.bookCartOperationComponent.addToBookCartLinkComponent.sdirect;jsessionid=5F4C8E89B7C5F964F02DBB6C904346CF?lang=eng&amp;sp=Sb2581865&amp;suite=cobalt" onclick="return tapestry.linkOnClick(this.href,\'addToBookCartLinkComponent_10\', false)">\r\n\t\t\t\t\t\t<img alt="Book Cart" width="22" title="Add to cart" src="resources/gold/images/bookcart.png" class="actionIcon" height="20" id="addToBookcartImageAnyComponent_10"></img>\r\n\t\t\t\t    </a>\r\n            \r\n        </span>\r\n    \r\n</li>\r\n        <li>\r\n    <a id="emailLinkComponent_10" onMouseup="renewSession()" class="toolbarItem popInDialogTrigger" href="/iii/encore/SearchResultsPage,searchResultsComponent.resultComponent.searchBrowseResultBibComponent.recordActionsComponent.emailComponent.emailLinkComponent.sdirect;jsessionid=5F4C8E89B7C5F964F02DBB6C904346CF?lang=eng&amp;sp=Sb2581865&amp;suite=cobalt" onclick="return tapestry.linkOnClick(this.href,\'emailLinkComponent_10\', false)">\r\n        <img alt="Email" width="19" title="Email" src="resources/gold/images/email.png" class="actionIcon" height="13" id="emailImageAnyComponent_10"></img>\r\n        \r\n    </a>\r\n    <!--confirmation dialog-->\r\n    \r\n    <div id="emailMessageContainer">\r\n        <div id="sentStatus">\r\n            <div id="emailStatusMessage">\r\n                \r\n            </div>\r\n        </div>\r\n    </div>\r\n</li>\r\n        \r\n             <li>\r\n\t\r\n</li>\r\n             <li>\r\n    \r\n</li>\r\n        \r\n        \r\n            <li><a href="javascript:void(0);" class="popUpTrigger moreActionsLink" onclick="toggleBibHoldingsPopup(this, false, \'moreActionsWrapper\',\'gridBrowseCol1\')">\r\n            <img width="13" alt="more actions" title="More actions" src="resources/gold/images/more.png" class="actionIcon" height="13" id="moreActionsImageAnyComponent_10"></img></a></li>\r\n        \r\n    </ul>\r\n   <div class="moreActionsWrapper popUpWrapper">\r\n       <a class="closeLink" onclick="toggleBibHoldingsPopup(this, true, \'moreActionsWrapper\',\'gridBrowseCol1\')" href="javascript:void(0);">\r\n           close\r\n       </a>\r\n       <h3 class="moreActionsHeader">more</h3>\r\n        <ul class="inline-list moreActions">\r\n            <li>\r\n    \r\n\t    \r\n\t    \r\n\t        <a id="loginLinkComponent_10" href="https://encore.slcl.org/iii/encore/search;jsessionid=5F4C8E89B7C5F964F02DBB6C904346CF/Sdologin?lang=eng&amp;target=Nintendo%20Switch&amp;loginReason=doTag&amp;actionRecordId=b2581865">\r\n\t           <img width="20" title="Add a Tag" src="resources/gold/images/tag.png" class="actionIcon" height="19" id="createCommunityTagsIconImageAny2Component_10"></img>\r\n\t        </a>\r\n\t    \r\n    \r\n</li>\r\n            \r\n            \r\n        </ul>\r\n       <img src="resources/gold/images/dropShadowArrow.png" class="dropShadowArrow" id="dialogArrowImageAnyComponent_10"></img>\r\n    </div>\r\n</div>\t \r\n\r\n                </div>\r\n            </div>\r\n            <div class="gridBrowseCol2">\r\n                \r\n                    <!--title-->\r\n                <div class="dpBibTitle">\r\n                    <!-- please read c1063106, c1063117, c1044421, c1060576a before changing title -->\r\n                    \r\n                        \r\n                            <span class="title">\r\n                                <a id="recordDisplayLink2Component_10" href="/iii/encore/record/C__Rb2581865__SNintendo%20Switch__P0%2C11__Orightresult__X3;jsessionid=5F4C8E89B7C5F964F02DBB6C904346CF?lang=eng&amp;suite=cobalt">\r\n                                    Nintendo Switch : Crayola scoot.\r\n                                </a>\r\n                            </span>\r\n                        \r\n                        \r\n                        \r\n                            <span class="title">\r\n                                <span class="additionalFields customSecondaryText">\r\n                                    \r\n                                </span>\r\n                            </span>\r\n                        \r\n                    \r\n\r\n                    \r\n                    <div class="dpBibAuthor">\r\n                        \r\n                        \r\n                    </div>\r\n                    <!-- MARC 962 Media -->\r\n                    <div class="recordDetailValue">\r\n                        \r\n                        <span class="itemMediaDescription" id="mediaTypeInsertComponent_10">ELECTRONIC RES</span>\r\n                        \r\n                        \r\n                                <span class="pipeDivider">|</span>\r\n                                <span class="itemMediaYear" id="searchResultPubYearInsertComponent_10"></span>\r\n                            \r\n                        \r\n                              <span class="pipeDivider">|</span>\r\n                              <span class="itemEdition" id="searchResultEditionInsertComponent_10">Nintendo Switch ed.</span>\r\n                           \r\n                    </div>\r\n                    \r\n                    \r\n                        <!-- bibHoldingsComponentAvailableOnlyOrAllItems -->\r\n                        \r\n    <!--start item info-->\r\n    \r\n    \r\n        <!-- over threshold holdings info -->\r\n        \r\n\t\r\n\r\n    \t<!--ERM-->\r\n        \r\n    \r\n    <!-- Dialog content -->\r\n    \r\n\r\n        <!-- checkin info -->\r\n        \r\n\t\r\n\r\n        <!-- Volume info -->\r\n        \r\n        <!-- Item info -->\r\n        \r\n                \r\n                  <!--This ItemsContainer elem does not get rendered into a toggle on the record page - only the browse -->\r\n                  <div id="ItemsContainer-b2581865" class="ItemsContainer">\r\n                        \r\n                           \r\n    \r\n        <div class="availabilitySummaryArea">\r\n            \r\n                <div class="dpBibHoldingStatement">\r\n                    <span class="availabilityMessage">\r\n                        <span class="itemsAvailable">Available</span> at Bridgeton Trails (<span class="availCallNumber">VIDEO GAME</span>) plus 4 more\r\n                    </span>\r\n                    \r\n                        <span class="itemsContainerPopUpTrigger"></span>\r\n                    \r\n                </div>\r\n            \r\n        </div>\r\n    \r\n    \r\n    \r\n\r\n                        \r\n                        <div class="content bibHoldingsWrapper popUpWrapper">\r\n                            <a href="javascript:void(0);" onclick="toggleBibHoldingsPopup(this, true)" class="closeLink">close</a>\r\n                            <!-- available-->\r\n                              \r\n                                  <div id="availableItemsSection" class="availableItemsSection">\r\n                                      \r\n    \r\n\r\n    \r\n            \r\n            \r\n                    <!--link moved into dpBibHoldingStatement via initBibHoldingsToggle JS -->\r\n                    <span class="itemsAvailHeader itemsSectionHeader" id="availHeaderWrapperAny2Component_19"><a href="javascript:void(0);" onclick="toggleBibHoldingsPopup(this)">see all</a></span>\r\n            \r\n            <!--start mark -->\r\n             <h3 class="sectionHeader itemsHeader customHeader">Items</h3>\r\n            <div id="allavailitems-b2581865">\r\n                \r\n\t                \r\n\t                    <div class="itemTableWrapper popUpContentWrapper">\r\n\t                        \r\n    \r\n\t\t<table class="itemTable" cellspacing="3">\r\n        \t<tr>\r\n\t        \t\r\n\t        \t\t<th>\r\n\t        \t\t\tLocation\r\n\t        \t\t</th>\r\n\t        \t\r\n\t        \t\t<th>\r\n\t        \t\t\tCall No.\r\n\t        \t\t</th>\r\n\t        \t\r\n\t        \t\t<th>\r\n\t        \t\t\tStatus\r\n\t        \t\t</th>\r\n\t        \t\r\n        \t</tr>\r\n            \r\n            \t<tr>\r\n            \t\t\r\n                        \r\n            \t\t\r\n                        \r\n                            <td>\r\n                                \r\n                                    \r\n                                    \r\n                                        \r\n                                            \r\n \r\n\t \r\n\t    \t\r\n\t\t\r\n\t\t\r\n\t\t\tBridgeton Trails\r\n\t\t\r\n    \r\n \r\n\r\n\r\n                                        \r\n                                        \r\n                                    \r\n            \t\t\t        \r\n\t            \t\t\t</td>\r\n            \t\t\t\r\n            \t\t\r\n                        \r\n                            <td>\r\n                                \r\n                                    \r\n                                    \r\n                                        \r\n                                        \r\n                                            \r\n                                                <a id="callNoBrowseDirectLinkComponent_39" href="/iii/encore/SearchResultsPage,searchResultsComponent.resultComponent.searchBrowseResultBibComponent.$BibHoldingsComponent.bibHoldingsAvailableItems2.itemTableComponent.callNoBrowseDirectLinkComponent.sdirect;jsessionid=5F4C8E89B7C5F964F02DBB6C904346CF?lang=eng&amp;sp=Si20343129&amp;sp=Sb2581865&amp;suite=cobalt" onclick="return tapestry.linkOnClick(this.href,\'callNoBrowseDirectLinkComponent_39\', false)">\r\n                                                    VIDEO GAME\r\n                                                </a>\r\n                                            \r\n                                            \r\n                                        \r\n                                    \r\n            \t\t\t        \r\n                                    \r\n                                         \r\n                                    \r\n                                    \r\n            \t\t\t        \r\n                                    \r\n                                         \r\n                                    \r\n                                    \r\n            \t\t\t        \r\n\t            \t\t\t</td>\r\n            \t\t\t\r\n            \t\t\r\n                        \r\n                            <td>\r\n                                \r\n                                    \r\n                                        IN LIBRARY\r\n                                    \r\n                                    \r\n            \t\t\t        \r\n\t            \t\t\t</td>\r\n            \t\t\t\r\n            \t\t\r\n            \t</tr>\r\n            \r\n        </table>\r\n    \r\n\r\n\t                        \r\n\t\t\t\t\t\t\t\r\n\t\t\t\t\t\t\t\t<a id="showAllItemsLinkComponent_39" class="showAllItemsLink customToggle" href="/iii/encore/SearchResultsPage,searchResultsComponent.resultComponent.searchBrowseResultBibComponent.$BibHoldingsComponent.bibHoldingsAvailableItems2.showAllItemsLinkComponent.sdirect;jsessionid=5F4C8E89B7C5F964F02DBB6C904346CF?lang=eng&amp;sp=Sb2581865&amp;sp=T&amp;sp=Sallavailitems-b2581865&amp;sp=F&amp;suite=cobalt" onclick="return tapestry.linkOnClick(this.href,\'showAllItemsLinkComponent_39\', false)">\r\n\t\t\t\t\t\t\t\tShow remaining items</a>\r\n\t\t\t\t\t\t\t\r\n\t\t\t\t\t\t\t\r\n  \xe2\x80\x8b\t\t\t\t\t\t\t\r\n  \r\n\t\t\t\t\t<form method="post" action="/iii/encore/SearchResultsPage,searchResultsComponent.resultComponent.searchBrowseResultBibComponent.$BibHoldingsComponent.bibHoldingsAvailableItems2.countComponent.sdirect;jsessionid=5F4C8E89B7C5F964F02DBB6C904346CF" id="countComponent_39" style="display:none;">\n<div style="display:none;" id="countComponent_39hidden"><input type="hidden" name="formids" value="allCountInsertComponent_39,allAvailCountInsertComponent_39" />\n<input type="hidden" name="seedids" value="ZH4sIAAAAAAAAAI1aXXLbOBLOVO3exPPmrRIpRrYfZVmZqMqOXZIyu/uUgkhIQgUkuAAp23OGqTnJXm3vsA0QlIAGKOslprsbjf790IDz3/99+vsfnz797dOvf14rKg8sp1ej65rs9I9clLWoaNWY76ohrKISvhVViolKf9Xwz07w4gVW/FOSuqZy5qxSe8q5S9iI4t37nSj6wCTNG1C4qMCE5sROrrcELBLVknKiBdyVlVjlktXNE23Ikm4lVXt/Z/E6a1Ujyq+UFFQuti43dzloV22k+Dkjsnlk1U/XmsX2KhmnHntaee4stj9GV+nkes4VvUpGvuwThA3CFO5Xk0aKai0EVy65YKrm5P3FcJ9rHQC12Kael+RA13umVpTIfI+M0SFYgUDH1Bb4Qei2nXKwRn2vC9LQiALDXpTa7m3EuEdS7VpgriiHHAoIpq6EWMjtbnku2qp5FDtWfeyrK9FC1MwyPysQcxPPqyTr9wAp0UKAqy2T5T0XuSdevlsbHmiD/LVGdBGZSkp8C/bGK1tU66dHl9eI2uzkrwDqklawKLCiEs2/vi5T+PpPS6UfdZOuL0KWLpVVqrkCFzkEXP9ULWuo+ejEGeXFI9lQHqpaNZLBotE1KQ6kymlxKohTAAwImEWhVKjSFMSqLTfMK2RVQ7uv2t2OKtyuB8JZYZp4LqWQZ1jqi8/WyANfykYSAYjlzqB6d8IP5F6U9CUo3J6qWzQADF8ZwgyPyai202nGFJvStQQtvJZNAHqk1FJoK1PE4zOe9eq03RcoxHk7t20WJnhJVcuhCapIaVqeyxDNnsqVaGVO1ROrWEm8OqQV2XAdCcfu8bXs9HRg4aWIqG6PFW38HHRLZrp9Qxh1l8Wy2xX0mr4hpepED3TqdQZ1evD2VwrZ9MiH6RbEvGLOjL4XVnt6xn1yVsdlOns6ZBeK+d5GBNfvtT130khRHOU6EPBLJz2nzRXbkpw2v0nR1u4WJ+qiQNV0YIohH5Oe6HuUWJD/MbnKjt83+lvHc012My7aApUK2+2bFSuowd5vpKQ4F9avpSfohtGtar8KYRzpAdJnKah8Pn+rSVX0ZnmN4HFQPBqyU4+CFADWg6OCjPalpXr+JcmxWxzSqQ/upXhVtGuYFyl2kpReJoZk79kGy8VkkCEVmgeO1i1pLmTxj036eXKb3t3p88fMgnYicRnd6b5yMMiGSXl6SfUeTKLWG9eCVAMQHL4Kj3nJNUT3Kkk1nqzaTUmrdtkJ6rpXyAuIuR75xnrRj0RTmHo+UFlIdqAP4rXikFG0hqnpG1PjySigL08WIV5frCcBTd1RmMhZHvnVnNCIZsNlqKIR1ohpXXuzkgEBP1E6RdMuLSiFB0Zf1TwC78lx9H2GTKDp3eFeuNYteKckKLjQqEV1b+WRGsxGqAK1UhRrcR8f9x1uTuwM7PWd3qAkjIeUQJOhRjWYAwbE8bGkUx6dYHttq4Y0rXJSqgwBB5Jtug4Lmm/7KuRPBVAlIp5Dv34TDe24gb1PQlJbDpFKLU/cqMcQVfi9bCvWvAMSBntbSIczdxcBJDiMd1Au1RlWkGUeXht0eGHAb6hrilpAyHubU0+4YAS0TGE+fR1M43oPA3GlEx3atmYNh0XFUucuAoYDMuksbMQHe/MCf3y2O52FuvDdemBPGzwDAr7otCiYzirh5rKBK83dPRCNbz61dp7T1DZ7EQTLFRiQKSmk7PvyMUaOzS9I7Uu74Uztwzz5Mv+GXy+QOL/XvAvWGT29RKgnh5+S4Iqz1KAR4Fz+KrgeMNCRyfWNQFc4UnRiBLpyAbe/ihZRhfPlU5TuOvWVKEdsUW3FmQioLy3nIRJuHIf2NP/J0AFlLnUdAymHw/13wdsyONBPjMBlM0I0tFSz/jFsDZAT1K8v4k4wcOuHFGhXQpieHgA5yIZxwCK4WZdEhgijNVte5D6iJ4iTgDcMwnzCwrVhOTHljnEGBCJAFZoRDZWtNjVgqrIec7rGVx0/s0c5E9j06k6X5bFunGXZyOX4NgGvJG9IGiiBFNG7dXdSO0b6h0GqN+FGSodUufktQMRO8MZWtB18PEt9eMaYWpkJhEftDkMUnkzfFYwk1GnlT/2TscsLUpymHfsButpbeJu46wJ2OsogYzATuGU65xSmY39s6ff/nfAW3bjG6c01nFysMjxvFgftJ46fEs2DvicYIm+TI9k/2rP+1n5iouCd3oapvIAdlIgW+E0I6PwnUgcjUFQg0NHbHnt2iHgwuN5n3Cb9I+YMivSb6LoZWZc7rO7tPQigvW3oyjMg0KUzeEHIRrHtAlsdba4ivyy7gYCb1gjt0S8+qNF59BlorNGBmyod4vttiN5O7oImDgR6S92yBxP1MbMRb+a4gTFUT4lRgWGOuzQdXuuzXKC04dNkCEIAT8ZwHZn1Xv+5BFZ1tTussEfeJ4DODnxv4wDpaOgC1K/AY+qdj56AwIGFHNt3xt9+G9dlpLMb3b/XQ8O7fltnjTMadYd699clzR469tGh5z+PPks85MNtVV9rXQD1V8M286MErq5uCpsJf8LxGXiNpmFfYbxZqE2FRLvH71aak5/KA5qKRgYEPP/uJin2Tr+jfZ7olKlA+dN0Obu1TLRuy97MLcHeayIHR6L/RiCNUBJAh/u26w4v8K95uYt4GgrP3xoqK4KjDtd+lnMLV4gXPl9lo0n8+apjfPym0cnFxkerOpw7jowYLdJmvjwix1xKhlxKLnQpGXQpGXIpibgUCDu2J3GXkohLN9ldFs1Sz/jIpV4udOmoGrvkMGK0wCUsj8gxl7Ihl7ILXcoGXcqOVhoQQH5lEb+yM35lcb+yiF+3ye3NTcyvnvGRX71c6NdRA7qhBP//IMjl0SgepQU+Y3lEDnI5yW6jHdczPsyllYvkslcdlOeJEaOFaUTyiBwrz9FQeY4uLM/RYHmOIgU4ihfZaCDgcess45KAD1jXq0ZxjVlnyREATqIt0DMuAOAk3gJH1REATnCFOzQAgV/+iqFwEinznhy0dnoXj3rP+LC1rVyktXvVQeeeGDFa2LlIHpEjaDX5PIBWhnEBWhm5KFp1qiNgpBn/B/Hb2HXEJQAA" />\n<input type="hidden" name="lang" value="eng" />\n<input type="hidden" name="suite" value="cobalt" />\n<input type="hidden" name="reservedids" value="inst,lang,suite" />\n<input type="hidden" name="submitmode" value="" />\n<input type="hidden" name="submitname" value="" />\n<input type="hidden" name="allCountInsertComponent_39" id="allCountInsertComponent_39" value="100" />\n<input type="hidden" name="allAvailCountInsertComponent_39" id="allAvailCountInsertComponent_39" value="100" />\n</div>\r\n\t\t\t\t\t\r\n\t\t\t\t\t\r\n\t\t\t\t\t</form> \r\n\t                    </div>\r\n\t                \r\n\t                \r\n                \r\n                \r\n            </div><!--end mark-->\r\n    \r\n\r\n                                  </div>\r\n                              \r\n                             <!--all -->\r\n                              \r\n                                   <a href="javascript:void(0);" onclick="showHideItemsToggle(this)" class="showAllToggleLink availCheckboxLink"><img width="15" src="resources/gold/images/checkbox_checked.png" class="availCheckbox" height="13" id="checkboxCheckedImageComponent_10"></img>only show available</a>\r\n                                   <a href="javascript:void(0);" onclick="showHideItemsToggle(this)" class="showAvailableToggleLink availCheckboxLink"><img width="15" src="resources/gold/images/checkbox.png" class="availCheckbox" height="13" id="checkboxImageComponent_10"></img>only show available</a>\r\n                                   <a href="javascript:void(0);" onclick="showHideItemsToggle(this)" class="showAllMaxToggleLink availCheckboxLink"><img width="15" src="resources/gold/images/checkbox_checked.png" class="availCheckbox" height="13" id="checkboxCheckedImage2Component_10"></img>only show available</a>\r\n                                   <a href="javascript:void(0);" onclick="showHideItemsToggle(this)" class="showAvailableMaxToggleLink availCheckboxLink"><img width="15" src="resources/gold/images/checkbox.png" class="availCheckbox" height="13" id="checkboxImage2Component_10"></img>only show available</a>\r\n                                    \r\n                                    <div id="allItemsSection" class="allItemsSection">\r\n                                       \r\n    \r\n\r\n    \r\n            \r\n            \r\n                    <!--link moved into dpBibHoldingStatement via initBibHoldingsToggle JS -->\r\n                    <span class="itemsSectionHeader" id="availHeaderWrapperAny2Component_20"><a href="javascript:void(0);" onclick="toggleBibHoldingsPopup(this)">see all</a></span>\r\n            \r\n            <!--start mark -->\r\n             <h3 class="sectionHeader itemsHeader customHeader">Items</h3>\r\n            <div id="allitems-b2581865">\r\n                \r\n\t                \r\n\t                    <div class="itemTableWrapper popUpContentWrapper">\r\n\t                        \r\n    \r\n\t\t<table class="itemTable" cellspacing="3">\r\n        \t<tr>\r\n\t        \t\r\n\t        \t\t<th>\r\n\t        \t\t\tLocation\r\n\t        \t\t</th>\r\n\t        \t\r\n\t        \t\t<th>\r\n\t        \t\t\tCall No.\r\n\t        \t\t</th>\r\n\t        \t\r\n\t        \t\t<th>\r\n\t        \t\t\tStatus\r\n\t        \t\t</th>\r\n\t        \t\r\n        \t</tr>\r\n            \r\n            \t<tr>\r\n            \t\t\r\n                        \r\n            \t\t\r\n                        \r\n                            <td>\r\n                                \r\n                                    \r\n                                    \r\n                                        \r\n                                            \r\n \r\n\t \r\n\t    \t\r\n\t\t\r\n\t\t\r\n\t\t\tBridgeton Trails\r\n\t\t\r\n    \r\n \r\n\r\n\r\n                                        \r\n                                        \r\n                                    \r\n            \t\t\t        \r\n\t            \t\t\t</td>\r\n            \t\t\t\r\n            \t\t\r\n                        \r\n                            <td>\r\n                                \r\n                                    \r\n                                    \r\n                                        \r\n                                        \r\n                                            \r\n                                                <a id="callNoBrowseDirectLinkComponent_40" href="/iii/encore/SearchResultsPage,searchResultsComponent.resultComponent.searchBrowseResultBibComponent.$BibHoldingsComponent.bibHoldingsAllItems.itemTableComponent.callNoBrowseDirectLinkComponent.sdirect;jsessionid=5F4C8E89B7C5F964F02DBB6C904346CF?lang=eng&amp;sp=Si20343129&amp;sp=Sb2581865&amp;suite=cobalt" onclick="return tapestry.linkOnClick(this.href,\'callNoBrowseDirectLinkComponent_40\', false)">\r\n                                                    VIDEO GAME\r\n                                                </a>\r\n                                            \r\n                                            \r\n                                        \r\n                                    \r\n            \t\t\t        \r\n                                    \r\n                                         \r\n                                    \r\n                                    \r\n            \t\t\t        \r\n                                    \r\n                                         \r\n                                    \r\n                                    \r\n            \t\t\t        \r\n\t            \t\t\t</td>\r\n            \t\t\t\r\n            \t\t\r\n                        \r\n                            <td>\r\n                                \r\n                                    \r\n                                        IN LIBRARY\r\n                                    \r\n                                    \r\n            \t\t\t        \r\n\t            \t\t\t</td>\r\n            \t\t\t\r\n            \t\t\r\n            \t</tr>\r\n            \r\n        </table>\r\n    \r\n\r\n\t                        \r\n\t\t\t\t\t\t\t\r\n\t\t\t\t\t\t\t\t<a id="showAllItemsLinkComponent_40" class="showAllItemsLink customToggle" href="/iii/encore/SearchResultsPage,searchResultsComponent.resultComponent.searchBrowseResultBibComponent.$BibHoldingsComponent.bibHoldingsAllItems.showAllItemsLinkComponent.sdirect;jsessionid=5F4C8E89B7C5F964F02DBB6C904346CF?lang=eng&amp;sp=Sb2581865&amp;sp=T&amp;sp=Sallitems-b2581865&amp;sp=F&amp;suite=cobalt" onclick="return tapestry.linkOnClick(this.href,\'showAllItemsLinkComponent_40\', false)">\r\n\t\t\t\t\t\t\t\tShow remaining items</a>\r\n\t\t\t\t\t\t\t\r\n\t\t\t\t\t\t\t\r\n  \xe2\x80\x8b\t\t\t\t\t\t\t\r\n  \r\n\t\t\t\t\t<form method="post" action="/iii/encore/SearchResultsPage,searchResultsComponent.resultComponent.searchBrowseResultBibComponent.$BibHoldingsComponent.bibHoldingsAllItems.countComponent.sdirect;jsessionid=5F4C8E89B7C5F964F02DBB6C904346CF" id="countComponent_40" style="display:none;">\n<div style="display:none;" id="countComponent_40hidden"><input type="hidden" name="formids" value="allCountInsertComponent_40,allAvailCountInsertComponent_40" />\n<input type="hidden" name="seedids" value="ZH4sIAAAAAAAAAI1a3W7juhHeAu2bpHcpYMmKE186TvasgWQT2N7T9mpBS7RNLCWqpOQk52mKXvfV+g4dUpRNDinHNxtlvuFw/jlk9r//+/KXP758+fOXv/77WlF5YDm9Gl3XZKd/5KKsRUWrxnxXDWEVlfCtqFJMVPqrhn92ghevsOLvktQ1lXNnldpTzl3CRhQf3u9E0Qcmad6AwEUFKjQnOLneEtBIVEvKiWZwV1ZilUtWN8+0IUu6lVTt/Z3F27xVjSi/UVJQudi6aO4iaFetpPg1J7J5YtUvV5vF9ioZjz14VnnmLLY/R1fp5PqRK3qVjHzeZ3AbuCncryaNFNVaCK5ccsFUzcnHq0Ffau0AtdimnpXkQNd7plaUyHyPlNEuWAFDB2oNfCd02844aKN+1AVpaESAgRel1nsbUe6JVLsWwBXlEEMBztSZEHO53S3PRVs1T2LHqs9tdTla8JpZ5kcFfG78eZVkN3YP4BItOLjaMlnec5F77OWH1eGBNsheq0TnkZmkxNdgb6yySbV+fnKxRtRmJ38FUJe0gkWBFpVo/vFtmcLXv1oqfa+bcH0VsnSprFLNVZZcc3C4/qla1lDz0bEzyosnsqE8FLVqJINFo2tSHEiV0+KUECcHmCZgFoVcoUiTEKu23DAvkVUN5b5qdzuqcLkeCGeFKeJHKYU8A6mvPqw7D3wp60nUQCw6h+zdCd+Re1HS1yBxe6ou0aBh+MJQz/BARrWeTjGmWJWuJGjhlWwCrUdKzYW2Mkk8PmNZL07rfYFAHLdz22ZhgJdUtRyKoIqkpsVcQDR7KleilTlVz6xiJfHykFZkw7UnHL3H17KT0zULL0REdXusaOPHoFsy1+UbtlF3WSy6XUKv6TsSqk70QKZeZ7pO37z9lUI2fefDdNvEvGTOjLxXVntyxn1wVsdlOnraZRey+dZGGNcftT130khSHPm6JuCnTnpOmsu2JTltfpOird0tTtRFgbLpwBRDNiY90bcosU3+5+QqS/vvW/2t/bkmuzkXbYFShe32zYoV1PTe76SkOBbWrqXH6LrRzWo/C2Ec6RukDynIfP74XpOq6NXyCsFDkD8aslNPghTQrAdHBRmtS0v17EuSY7U4pFMd3EvxpmhXMK9S7CQpvUgM8d6zDeaL8SBFKjQPHLVb0lzI4m+b9GZyl06n+vwxs6CdSFygO91XTg+yblKeXFJ9BJOotcbVINUNCA5fhce85Bq8e5Wkup+s2k1Jq3bZMeq8V8gK8Lke+cZ60c9EU5h6OVBZSHagD+Kt4hBRtIap2TtT48kooC9PGiGsT9YTg6buKEzkLI/8ak5oRLPuMlTRCKvErK69Wck0AT9QOkSzLiwohAdG39RjpL0nx9H3BSKBpncHvXCtm/BOSlAwoVGL6t7yIzEYRl0FcqUo1uI+Pu47aE7sDOzVnd6gJIyHlECSoUYlmAMG2PGxpEMenWB7aauGNK1yQqoMATuSbboKC4pv+ybkLwWtSkQsh3r9LhraoYG+z0JSmw6RTC1PaNRi8Cr8XrYVaz6gEwZ725YOZ+4u0pDgMN5BulRnoCDKPLw2aPfCgN9QVxW1AJf3Oqcec8EISJnBfPo2GMb1HgbiSgc61G3NGg6LiqWOXaQZDvCk87AQH+zNC+zxYXc6C2Xhu/XAntZ5pgn4rLOiYDqqhJvLBs40d/eANb75zOp5TlLb7EXgLJdhgKekELIfy6cYOTa/ILGv7YYztQ/j5PP8E369gOP8Xo+ds87I6TlCOTn8lARnnKUGhQDn8jfB9YCBjkyubwQ6w5GgExDIygXc/ipaRAU+Lp+jdNeob0Q5bItqK854QH1tOQ874cYxaE/zXwwdUOZS1wFIOBzuvwvelsGBfgICk80I0dBSzfvHsDW0nCB/fRZ3goFbP4RAmxK26dkBOgfZMA69CG7WJZFhh9GSLRa5j+gJ4sTgDYMwn7BwbZhOTLljnGkCkUYVqhF1lc02NaCqshZzusZXHT+yRz7j2PRqqtPymDfOsixxEV8nwEryjriBEnARvVt3J7VjpH8YpHoTbri0S5Ub3wJY7ARvdEXbwceL1IdnDNTCjCM8ancYIvcAvek4IU8rf+qf3LpYEOL0poMfoKq9hXdjd10Ap6MpRAxmAjdNHzmF6dgfW/r9fye8RTeu8fjmGk4uVhnMm8VB+gnxQ6IxqHuCWyQo3JP9oz3rp4ETiJx3ehum8gI4SBHN8JsQUPnPpA5GoChDIKPXPfbsELFgcL0PgFPsI+YckvS76KoZaZc7UPf2HjjQ3jZ05pkm0IUzeEHIkth2ga6ONFeQn5bdQMBNaYT66BcfVOg8+gyUjTRksnQI98sQaRsWccDQa4rOXH3MbMS7OW5gDNVTYpRhGHGXpsNrfchtlNZ93ckdtiejuPbMeq//XAKrutx1BY6infcZWmfXfO/iDdKRMO3uCHYFHlOnfveEDhxoyLF+g+px3m+jkd5kJLMb3X/UQ8O7fltnjTMadYd699clDQ8d++jQ859HXyQe8uG2qq+1bgP1V8M2j0cOtDTvprC58CccH8BrNA3bCuPNQm0qxNo9frfSnPxUHtBUNDJNwLNvOkmxdfod7WaiQ6YC4c+z5fzOgmjdlr2bW4K910QOjkT/jUAapiRoHe7brju8wL/m5S5iacj8+N5QWRHsdbj2s5zbdoWw8PkqG03iz1cd8PmbRscXGx+t6HDuOAIxWqTMfH5EjpmUDJmUXGhSMmhSMmRSEjEpYHZ0T+ImJRGTbrNpFo1SD3xmUs8XmnQUjU1ygBgtMAnzI3LMpGzIpOxCk7JBk7KjlqYJILuyiF3ZGbuyuF1ZxK675O72NmZXD3xmV88X2nWUgG4owf8/CGJ5VIpHaYHNmB+Rg1hOsrtoxfXAp7G0fJFY9qKD9DwBMVoYRsSPyLH0HA2l5+jC9BwNpucokoCjeJKNBhwe184Clzh8QLteNPJrTDtLjjTgJFoCPXBBA07iJXAUHWnACc5whwZN4E//iXXhJJLmPTko7XQa93oPfFrali9S2r3ooHJPQIwWVi7iR+RIt5rcDHQrA1zQrQxftFt1oiPNqAcw7f8VK3BI2CUAAA==" />\n<input type="hidden" name="lang" value="eng" />\n<input type="hidden" name="suite" value="cobalt" />\n<input type="hidden" name="reservedids" value="inst,lang,suite" />\n<input type="hidden" name="submitmode" value="" />\n<input type="hidden" name="submitname" value="" />\n<input type="hidden" name="allCountInsertComponent_40" id="allCountInsertComponent_40" value="100" />\n<input type="hidden" name="allAvailCountInsertComponent_40" id="allAvailCountInsertComponent_40" value="100" />\n</div>\r\n\t\t\t\t\t\r\n\t\t\t\t\t\r\n\t\t\t\t\t</form> \r\n\t                    </div>\r\n\t                \r\n\t                \r\n                \r\n                \r\n            </div><!--end mark-->\r\n    \r\n\r\n                                    </div>\r\n                            \r\n                            \r\n                                <!--how to test for available items on the threshold link-->\r\n                                       <div class="availableMaxItemsSection">\r\n                                                \r\n    \r\n\r\n    \r\n            \r\n                 \r\n                \r\n                    <!--link moved into dpBibHoldingStatement via initBibHoldingsToggle JS -->\r\n                    <span class="itemsAvailHeader itemsSectionHeader" id="availHeaderWrapperAnyComponent_19">\r\n                           <a id="showMaxItemsLink2Component_19" class="maxItemsLink" href="/iii/encore/SearchResultsPage,searchResultsComponent.resultComponent.searchBrowseResultBibComponent.$BibHoldingsComponent.bibHoldingsAvailableMaxItems2.showMaxItemsLink2Component.sdirect;jsessionid=5F4C8E89B7C5F964F02DBB6C904346CF?lang=eng&amp;sp=Sb2581865&amp;sp=F&amp;sp=Sallavailitemsmax-b2581865&amp;sp=F&amp;suite=cobalt" onclick="return tapestry.linkOnClick(this.href,\'showMaxItemsLink2Component_19\', false)">\r\n                               <a href="javascript:void(0);" onclick="toggleBibHoldingsPopup(this)">see all</a>\r\n                           </a>\r\n                    </span>\r\n                \r\n            \r\n            \r\n            <!--start mark -->\r\n             <h3 class="sectionHeader itemsHeader customHeader">Items</h3>\r\n            <div id="allavailitemsmax-b2581865">\r\n                \r\n\t                \r\n\t                    <div class="itemTableWrapper popUpContentWrapper">\r\n\t                        \r\n    \r\n\t\t<table class="itemTable" cellspacing="3">\r\n        \t<tr>\r\n\t        \t\r\n\t        \t\t<th>\r\n\t        \t\t\tLocation\r\n\t        \t\t</th>\r\n\t        \t\r\n\t        \t\t<th>\r\n\t        \t\t\tCall No.\r\n\t        \t\t</th>\r\n\t        \t\r\n\t        \t\t<th>\r\n\t        \t\t\tStatus\r\n\t        \t\t</th>\r\n\t        \t\r\n        \t</tr>\r\n            \r\n            \t<tr>\r\n            \t\t\r\n                        \r\n            \t\t\r\n                        \r\n                            <td>\r\n                                \r\n                                    \r\n                                    \r\n                                        \r\n                                            \r\n \r\n\t \r\n\t    \t\r\n\t\t\r\n\t\t\r\n\t\t\tBridgeton Trails\r\n\t\t\r\n    \r\n \r\n\r\n\r\n                                        \r\n                                        \r\n                                    \r\n            \t\t\t        \r\n\t            \t\t\t</td>\r\n            \t\t\t\r\n            \t\t\r\n                        \r\n                            <td>\r\n                                \r\n                                    \r\n                                    \r\n                                        \r\n                                        \r\n                                            \r\n                                                <a id="callNoBrowseDirectLinkComponent_41" href="/iii/encore/SearchResultsPage,searchResultsComponent.resultComponent.searchBrowseResultBibComponent.$BibHoldingsComponent.bibHoldingsAvailableMaxItems2.itemTableComponent.callNoBrowseDirectLinkComponent.sdirect;jsessionid=5F4C8E89B7C5F964F02DBB6C904346CF?lang=eng&amp;sp=Si20343129&amp;sp=Sb2581865&amp;suite=cobalt" onclick="return tapestry.linkOnClick(this.href,\'callNoBrowseDirectLinkComponent_41\', false)">\r\n                                                    VIDEO GAME\r\n                                                </a>\r\n                                            \r\n                                            \r\n                                        \r\n                                    \r\n            \t\t\t        \r\n                                    \r\n                                         \r\n                                    \r\n                                    \r\n            \t\t\t        \r\n                                    \r\n                                         \r\n                                    \r\n                                    \r\n            \t\t\t        \r\n\t            \t\t\t</td>\r\n            \t\t\t\r\n            \t\t\r\n                        \r\n                            <td>\r\n                                \r\n                                    \r\n                                        IN LIBRARY\r\n                                    \r\n                                    \r\n            \t\t\t        \r\n\t            \t\t\t</td>\r\n            \t\t\t\r\n            \t\t\r\n            \t</tr>\r\n            \r\n        </table>\r\n    \r\n\r\n\t                        \r\n\t\t\t\t\t\t\t\r\n\t\t\t\t\t\t\t\t<a id="showAllItemsLinkComponent_41" class="showAllItemsLink customToggle" href="/iii/encore/SearchResultsPage,searchResultsComponent.resultComponent.searchBrowseResultBibComponent.$BibHoldingsComponent.bibHoldingsAvailableMaxItems2.showAllItemsLinkComponent.sdirect;jsessionid=5F4C8E89B7C5F964F02DBB6C904346CF?lang=eng&amp;sp=Sb2581865&amp;sp=T&amp;sp=Sallavailitemsmax-b2581865&amp;sp=F&amp;suite=cobalt" onclick="return tapestry.linkOnClick(this.href,\'showAllItemsLinkComponent_41\', false)">\r\n\t\t\t\t\t\t\t\tShow remaining items</a>\r\n\t\t\t\t\t\t\t\r\n\t\t\t\t\t\t\t\r\n  \xe2\x80\x8b\t\t\t\t\t\t\t\r\n  \r\n\t\t\t\t\t<form method="post" action="/iii/encore/SearchResultsPage,searchResultsComponent.resultComponent.searchBrowseResultBibComponent.$BibHoldingsComponent.bibHoldingsAvailableMaxItems2.countComponent.sdirect;jsessionid=5F4C8E89B7C5F964F02DBB6C904346CF" id="countComponent_41" style="display:none;">\n<div style="display:none;" id="countComponent_41hidden"><input type="hidden" name="formids" value="allCountInsertComponent_41,allAvailCountInsertComponent_41" />\n<input type="hidden" name="seedids" value="ZH4sIAAAAAAAAAI1a3W7juhHeAu2buHcpYCmKk1w6jvesgWQT2N7T9mpBS7RNLCWqpOQk55n6CEXfqO/QIUXZ5JByfLNR5hsO559DZv/9vy9/+ePLlz9/+et/rhSVB5bT0fiqJjv9IxdlLSpaNea7agirqIRvRZViotJfNfyzE7x4hRV/l6SuqZw5q9Secu4SNqL48H4nij4ySfMGBC4qUKE5wcnVloBGolpSTjSDu7ISq1yyunmmDVnSraRq7+8s3matakT5jZKCysXWRXMXQbtqJcWvGZHNE6t+udostqPk+saDp5VnzmL7czxKJ1dzrugoGfu8z+A2cFO4X00aKaq1EFy55IKpmpOPV4O+1NoBarFNPSvJga73TK0okfkeKaNdsAKGDtQa+E7otp1y0Eb9qAvS0IgAAy9Krfc2otwTqXYtgCvKIYYCnKkzIeZyu1uei7ZqnsSOVZ/b6nK04DWzzI8K+Nz4c5RkE7sHcIkWHFxtmSwfuMg99vLD6vBIG2SvVaLzyFRS4muwN1bZpFo/P7lYI2qzk78CqEtawaJAi0o0//i2TOHrXy2VvtdNuL4KWbpUVqlmlKVXHByuf6qWNdR8dOyM8uKJbCgPRa0ayWDR+IoUB1LltDglxMkBpgmYRSFXKNIkxKotN8xLZFVDua/a3Y4qXK4HwllhingupZBnIPXVh3XngS9lPYkaiEVnkL074TtyL0r6GiRuT9UlGjQMXxjqGR7IqNbTKcYUq9KVBC28kk2g9UipudBWJomvz1jWi9N6XyAQx+3ctlkY4CVVLYciqCKpaTEXEM2eypVoZU7VM6tYSbw8pBXZcO0JR+/rK9nJ6ZqFFyKiuj1WtPFj0C2Z6fIN26i7LBbdLqHX9B0JVSd6IFOvM12nb97+SiGbvvNhum1iXjJnRt4rqz05131wVsdlOnraZRey+dZGGNcftT130khSHPm6JuCnTnpOmsu2JTltfpOird0tTtRFgbLpwBRDNiY90bcosU3+52SUXffft/pb+3NNdjMu2gKlCtvtmxUrqOm930lJcSysXUuP0XWjm9V+FsI40jdIH1KQ+Xz+XpOq6NXyCsFDkD8aslNPghTQrAdHBRmtS0v17EuSY7U4pFMdPEjxpmhXMK9S7CQpvUgM8T6wDeaL8SBFKjQPHLVb0lzI4m+b9GZyl97f6/PHzIJ2InGB7nRfOT3Iukl5ckn1EUyi1hpXg1Q3IDh8FR7zkivw7ihJdT9ZtZuSVu2yY9R5r5AV4HM98l3rRT8TTWHq5UBlIdmBPoq3ikNE0Rqmpu9MXU/GAX150ghhfbKeGDR1R2EiZ3nkV3NCI5p1l6GKRlglpnXtzUqmCfiB0iGadmFBITww+qbmkfaeHEffF4gEmt4d9MK1bsI7KUHBhEYtqgfLj8RgGHUVyJWiWIuH+LjvoDmxM7BXd3qDkjAeUgJJhhqVYA4YYMfHkg55dILtpa0a0rTKCakyBOxItukqLCi+7ZuQvxS0KhGxHOr1u2hohwb6PgtJbTpEMrU8oVGLwavwe9lWrPmAThjsbVs6nLm7SEOCw3gH6VKdgYIo8/DaoN0LA35DXVXUAlze65x6zAUjIGUK8+nbYBjXexiIKx3oULc1azgsKpY6dpFmOMCTzsJCfLQ3L7DHh93pLJSF79YDe1rnmSbgs06LgumoEm4uGzjT3N0D1vjmU6vnOUltsxeBs1yGAZ6SQsh+LJ9i5Nj8gsS+thvO1D6Mk8/zT/j1Ao7ze807Z52R03OEcnL4KQnOOEsNCgHO5W+C6wEDHZlc3wh0hiNBJyCQlQu4/VW0iAqcL5+jdNeob0Q5bItqK854QH1tOQ874cYxaE/zXwwdUOZS1wFIOBzuvwvelsGBfgICk80I0dBSzfrHsDW0nCB/fRZ3goFbP4RAmxK26ekBOgfZMA69CG7WJZFhh9GSLRa5j+gJ4sTgDYMwn7BwbZhOTLljnGkCkUYVqhF1lc02NaCqshZzusZXHT+yRz7j2HR0r9PymDfOsix1EV8nwEryjriBEnARvVt3J7VjpH8YpLoquOHSLlVufAtgsRO80RVtBx8vUh+eMVALM47wqN1hiNwD9KbjhDyt/Kn/NnGxIMTpXQc/QlV7C+9u3HUBnCYZRAxmAjdN55zCdOyPLf3+vxPeohvXNdzX4ORilcG8WRyknxA/JBqDuie4RYLCPdk/2q3XnhwQOe/0NkzlBXCQIprhNyGg8p9JHYxAUYZARq977NkhYsHgeh8Ap9hHzBkk6XfRVTPSLneg7u09cKC9bejMM02gC2fwggCcke0CXR1priA/LbuBgJvSCPXRLz6o0Hn0GSgz5WmydAj3yxBpmwRFHDD0mqIzVx8zG/FujhsYQ/WUGGUYRtyl6fBaH3IbpXVfd3KH7ckorj2z3us/l8CqLneHBfad9xla57H5xhqkU6/dPv0KNKYC6nVP6MCBhhzr56g3Rvb222ikNxnJ7Eb3H/XQ8K7f1lnjjEbdod79dUnDQ8c+OvT859EXiYd8uK3qa63bQP3VsM38yIGW5t0UNhP+hOMDeI2mYVthvFmoTYVYu8fvVpqTn8oDmorGpgl49t1PUmydfke7meiQqUD483Q5u7MgWrdl7+aWYO81kYMj0X8jkIYpCVqH+7brDi/wr3m5i1gaMs/fGyorgr0O136Wc9uuEBY+X2XjSfz5qgM+f9Po+GLjoxUdzh1HIEaLlJnPj8gxk5Ihk5ILTUoGTUqGTEoiJgXMju5J3KQkYtJtdp9Fo9QDn5nU84UmHUVjkxwgRgtMwvyIHDMpGzIpu9CkbNCk7KilaQLIrixiV3bGrixuVxax6y65u72N2dUDn9nV84V2HSWgG0rw/w+CWB6V4lFaYDPmR+QglpPsLlpxPfBpLC1fJJa96CA9T0CMFoYR8SNyLD3HQ+k5vjA9x4PpOY4k4DieZOMBh8e1s8AlDh/QrheN/BrTzpIjDTiJlkAPXNCAk3gJHEVHGnCCM9yhQRP4039jXTiJpHlPDko7vY97vQc+LW3LFyntXnRQuScgRgsrF/EjcqRbTW4GupUBLuhWhi/arTrRkWbUAzFarBlp7P8nr5cN9CUAAA==" />\n<input type="hidden" name="lang" value="eng" />\n<input type="hidden" name="suite" value="cobalt" />\n<input type="hidden" name="reservedids" value="inst,lang,suite" />\n<input type="hidden" name="submitmode" value="" />\n<input type="hidden" name="submitname" value="" />\n<input type="hidden" name="allCountInsertComponent_41" id="allCountInsertComponent_41" value="100" />\n<input type="hidden" name="allAvailCountInsertComponent_41" id="allAvailCountInsertComponent_41" value="100" />\n</div>\r\n\t\t\t\t\t\r\n\t\t\t\t\t\r\n\t\t\t\t\t</form> \r\n\t                    </div>\r\n\t                \r\n\t                \r\n                \r\n                \r\n            </div><!--end mark-->\r\n    \r\n\r\n                                       </div>\r\n                            \r\n                            \r\n                                    <div id="allMaxItemsSection" class="allMaxItemsSection">\r\n                                        \r\n    \r\n\r\n    \r\n            \r\n                 \r\n                \r\n                    <!--link moved into dpBibHoldingStatement via initBibHoldingsToggle JS -->\r\n                    <span class="itemsSectionHeader" id="availHeaderWrapperAnyComponent_20">\r\n                           <a id="showMaxItemsLink2Component_20" class="maxItemsLink" href="/iii/encore/SearchResultsPage,searchResultsComponent.resultComponent.searchBrowseResultBibComponent.$BibHoldingsComponent.bibHoldingsAllMaxItems.showMaxItemsLink2Component.sdirect;jsessionid=5F4C8E89B7C5F964F02DBB6C904346CF?lang=eng&amp;sp=Sb2581865&amp;sp=F&amp;sp=Sallitemsmax-b2581865&amp;sp=F&amp;suite=cobalt" onclick="return tapestry.linkOnClick(this.href,\'showMaxItemsLink2Component_20\', false)">\r\n                               <a href="javascript:void(0);" onclick="toggleBibHoldingsPopup(this)">see all</a>\r\n                           </a>\r\n                    </span>\r\n                \r\n            \r\n            \r\n            <!--start mark -->\r\n             <h3 class="sectionHeader itemsHeader customHeader">Items</h3>\r\n            <div id="allitemsmax-b2581865">\r\n                \r\n\t                \r\n\t                    <div class="itemTableWrapper popUpContentWrapper">\r\n\t                        \r\n    \r\n\t\t<table class="itemTable" cellspacing="3">\r\n        \t<tr>\r\n\t        \t\r\n\t        \t\t<th>\r\n\t        \t\t\tLocation\r\n\t        \t\t</th>\r\n\t        \t\r\n\t        \t\t<th>\r\n\t        \t\t\tCall No.\r\n\t        \t\t</th>\r\n\t        \t\r\n\t        \t\t<th>\r\n\t        \t\t\tStatus\r\n\t        \t\t</th>\r\n\t        \t\r\n        \t</tr>\r\n            \r\n            \t<tr>\r\n            \t\t\r\n                        \r\n            \t\t\r\n                        \r\n                            <td>\r\n                                \r\n                                    \r\n                                    \r\n                                        \r\n                                            \r\n \r\n\t \r\n\t    \t\r\n\t\t\r\n\t\t\r\n\t\t\tBridgeton Trails\r\n\t\t\r\n    \r\n \r\n\r\n\r\n                                        \r\n                                        \r\n                                    \r\n            \t\t\t        \r\n\t            \t\t\t</td>\r\n            \t\t\t\r\n            \t\t\r\n                        \r\n                            <td>\r\n                                \r\n                                    \r\n                                    \r\n                                        \r\n                                        \r\n                                            \r\n                                                <a id="callNoBrowseDirectLinkComponent_42" href="/iii/encore/SearchResultsPage,searchResultsComponent.resultComponent.searchBrowseResultBibComponent.$BibHoldingsComponent.bibHoldingsAllMaxItems.itemTableComponent.callNoBrowseDirectLinkComponent.sdirect;jsessionid=5F4C8E89B7C5F964F02DBB6C904346CF?lang=eng&amp;sp=Si20343129&amp;sp=Sb2581865&amp;suite=cobalt" onclick="return tapestry.linkOnClick(this.href,\'callNoBrowseDirectLinkComponent_42\', false)">\r\n                                                    VIDEO GAME\r\n                                                </a>\r\n                                            \r\n                                            \r\n                                        \r\n                                    \r\n            \t\t\t        \r\n                                    \r\n                                         \r\n                                    \r\n                                    \r\n            \t\t\t        \r\n                                    \r\n                                         \r\n                                    \r\n                                    \r\n            \t\t\t        \r\n\t            \t\t\t</td>\r\n            \t\t\t\r\n            \t\t\r\n                        \r\n                            <td>\r\n                                \r\n                                    \r\n                                        IN LIBRARY\r\n                                    \r\n                                    \r\n            \t\t\t        \r\n\t            \t\t\t</td>\r\n            \t\t\t\r\n            \t\t\r\n            \t</tr>\r\n            \r\n        </table>\r\n    \r\n\r\n\t                        \r\n\t\t\t\t\t\t\t\r\n\t\t\t\t\t\t\t\t<a id="showAllItemsLinkComponent_42" class="showAllItemsLink customToggle" href="/iii/encore/SearchResultsPage,searchResultsComponent.resultComponent.searchBrowseResultBibComponent.$BibHoldingsComponent.bibHoldingsAllMaxItems.showAllItemsLinkComponent.sdirect;jsessionid=5F4C8E89B7C5F964F02DBB6C904346CF?lang=eng&amp;sp=Sb2581865&amp;sp=T&amp;sp=Sallitemsmax-b2581865&amp;sp=F&amp;suite=cobalt" onclick="return tapestry.linkOnClick(this.href,\'showAllItemsLinkComponent_42\', false)">\r\n\t\t\t\t\t\t\t\tShow remaining items</a>\r\n\t\t\t\t\t\t\t\r\n\t\t\t\t\t\t\t\r\n  \xe2\x80\x8b\t\t\t\t\t\t\t\r\n  \r\n\t\t\t\t\t<form method="post" action="/iii/encore/SearchResultsPage,searchResultsComponent.resultComponent.searchBrowseResultBibComponent.$BibHoldingsComponent.bibHoldingsAllMaxItems.countComponent.sdirect;jsessionid=5F4C8E89B7C5F964F02DBB6C904346CF" id="countComponent_42" style="display:none;">\n<div style="display:none;" id="countComponent_42hidden"><input type="hidden" name="formids" value="allCountInsertComponent_42,allAvailCountInsertComponent_42" />\n<input type="hidden" name="seedids" value="ZH4sIAAAAAAAAAI1a3W7juhHeAu2bpHcuYMnK36XjZM8aiDeB7T1trxa0RNvEUqJKSk5ynqlvU/Qx+g4dUpRNDinHNxtlZjic349DZv/9vy9/+ePLlz9/+et/RorKA8vp1XhUk53+kYuyFhWtGvNdNYRVVMK3okoxUemvGv7ZCV68woq/S1LXVM6cVWpPOXcJG1F8eL8TRR+ZpHkDCucVmNCc2MloS8AiUS0pJ1rAXVmJVS5Z3SxoQ5Z0K6na+zuLt1mrGlF+o6Sgcr51ubnLQbtqI8WvGZHNM6t+udbMt1fJ5NZjTyvPnfn25/gqvRk9cUWvkrEvu4CwQZjC/WrSSFGtheDKJRdM1Zx8vBruS60DoObb1POSHOh6z9SKEpnvkTE6BCsQ6JjaAj8I3bZTDtaoH3VBGhpRYNjzUtu9jRj3TKpdC8wV5ZBDAcHUlRALud0tz0VbNc9ix6rPfXUlWoiaWeZnBWJu4nmVZLd2D5ASLQS42jJZPnCRe+Llh7XhkTbIX2tEF5GppMS3YG+8skW1Xjy7vEbUZid/BVCXtIJFgRWVaP7xbZnC179aKv2om3R9FbJ0qaxSzVU2GXEIuP6pWtZQ89GJM8qLZ7KhPFS1aiSDReMRKQ6kymlxKohTAAwImEWhVKjSFMSqLTfMK2RVQ7uv2t2OKtyuB8JZYZr4SUohz7DUV5+tkQe+lI0kAhDLnUH17oQfyL0o6WtQuD1Vt2gAGL4yhBkek1Ftp9OMKTalawlaeC2bAPRIqaXQVqaIJ2c869Vpuy9QiPN2btssTPCSqpZDE1SR0rQ8lyGaPZUr0cqcqgWrWEm8OqQV2XAdCcfuyUh2ejqw8FJEVLfHijZ+DrolM92+IYy6y2LZ7Qp6Td+RUnWiBzr1OoM6PXj7K4VseuTDdAtiXjFnRt8rqz09kz45q+MynT0dsgvFfG8jguuP2p47aaQojnIdCPilk57T5optSU6b36Roa3eLE3VeoGo6MMWQj0lP9D1KLMj/vLnKsv77Vn/reK7JbsZFW6BSYbt9s2IFNdj7nZQU58L6tfQE3TC6Ve1XIYwjPUD6LAWVz5/ea1IVvVleI3gcFI+G7NSzIAWA9eCoIKN9aamef0ly7BaHdOqDByneFO0a5lWKnSSll4kh2Qe2wXIxGWRIheaBo3VLmgtZ/G2TXt/cpff3+vwxs6CdSFxGd7qvHAyyYVKeXlJ9BJOo9ca1INUABIevwmNeMoLoXiWpxpNVuylp1S47QV33CnkBMdcj30Qv+ploClMvByoLyQ70UbxVHDKK1jA1fWdqcjMO6MuTRYjXF+tJQFN3FCZylkd+NSc0otlwGapohDViWtferGRAwE+UTtG0SwtK4YHRN/UUgffkOPq+QCbQ9O5wL1zrFrxTEhRcaNS8erDySA1mI1SBWimKtXiIj/sONyd2Bvb6Tm9QEsZDSqDJUKMazAED4vhY0imPTrC9tlVDmlY5KVWGgAPJNl2HBc23fRPylwKoEhHPoV+/i4Z23MDehZDUlkOkUssTN+oxRBV+L9uKNR+AhMHeFtLhzN1FAAkO4x2US3WGFWSZh9cGHV4Y8BvqmqLmEPLe5tQTLhgBLVOYT98G07jew0Bc6USHtq1Zw2FRsdS5i4DhgEw6Cxvx0d68wB+f7U5noS58tx7Y0wbPgIAvOi0KprNKuLls4Epzdw9E45tPrZ3nNLXNXgTBcgUGZEoKKfuxfI6RY/MLUvvabjhT+zBPvsw/4dcLJM7v9dQF64yeXiLUk8NPSXDFWWrQCHAufxNcDxjoyOT6RqArHCk6MQJduYDbX0WLqMKn5SJKd536RpQjNq+24kwE1NeW8xAJN45De5r/YuiAMpe6joGUw+H+u+BtGRzoJ0bgshkhGlqqWf8YtgbICerXF3EnGLj1Qwq0KyFMTw+AHGTDOGAR3KxLIkOE0ZotL3If0RPEScAbBmE+YeHasJyYcsc4AwIRoArNiIbKVpsaMFVZjzld46uOn9mjnAlsenWvy/JYN86ybOJyfJuAV5J3JA2UQIro3bo7qR0j/cMg1V3BjZQOqXLzW4CIneCNrWg7+HiR+vCMMbUyEwiP2h2GKDxAbzpJqNPKn/pvr11ekOJJ0rEfoau9hXe37rqAnSb3kDGYCdwyfeIUpmN/bOn3/53wFt24JtfJCE4uVhmeN4uD9hPHT4nmQd8TDJFgcE/2j3YbtWeHiYJ3ehum8gJ2UCJa4DchoPMXpA5GoKhAoKO3PfbsEPFgcL3PgKDYR8wZFOl30XUzsi53WN3bexBAe9vQlWdAoEtn8IIAkpHtAlsdba4ivyy7gYCb1gjt0S8+qNF59BkoSzXLVOkQ329DZG0aNHEg0FuKzlx9zGzEuzluYAzVU2JUYJjjLk2H1/osFyht+LqTO4QnY7iOzHqv/1wCq7raHVbYI+8CoPMIvjGA9PDR3BHsCjSmYvQEBA4s5Ni+M/7227guI53d6P6jHhre9ds6a5zRqDvUu78uafbQsY8OPf959EXiIR9uq/pa6wKovxq2eTpKoKV5N4XNhD/h+Ay8RtOwrzDezNWmQqLd43crzclP5QFNRWMDAp5/9zcp9k6/o13f6JSpQPliupzdWSZat2Xv5pZg7zWRgyPRfyOQRigJoMN923WHF/jXvNxFPA2Fn94bKiuCow7XfpZzC1eIFz5fZeOb+PNVx/j8TaOTi42PVnU4dxwZMVqkzXx5RI65lAy5lFzoUjLoUjLkUhJxKRB2bE/iLiURl26z+yyapZ7xmUu9XOjSUTV2yWHEaIFLWB6RYy5lQy5lF7qUDbqUHa00IID8yiJ+ZWf8yuJ+ZRG/7pK729uYXz3jM796udCvowZ0Qwn+/0GQy6NRPEoLfMbyiBzk8ia7i3Zcz/g0l1YukstedVCeJ0aMFqYRySNyrDzHQ+U5vrA8x4PlOY4U4DheZOOBgMets4xLAj5gXa8axTVmnSVHADiJtkDPuACAk3gLHFVHADjBFe7QAAT+9N8YCieRMu/JQWun9/Go94xPW9vKRVq7Vx107okRo4Wdi+QROYJWN9cDaGUYF6CVkYuiVac6AkY9I0aLgZEn75P/DyeweIYLJgAA" />\n<input type="hidden" name="lang" value="eng" />\n<input type="hidden" name="suite" value="cobalt" />\n<input type="hidden" name="reservedids" value="inst,lang,suite" />\n<input type="hidden" name="submitmode" value="" />\n<input type="hidden" name="submitname" value="" />\n<input type="hidden" name="allCountInsertComponent_42" id="allCountInsertComponent_42" value="100" />\n<input type="hidden" name="allAvailCountInsertComponent_42" id="allAvailCountInsertComponent_42" value="100" />\n</div>\r\n\t\t\t\t\t\r\n\t\t\t\t\t\r\n\t\t\t\t\t</form> \r\n\t                    </div>\r\n\t                \r\n\t                \r\n                \r\n                \r\n            </div><!--end mark-->\r\n    \r\n\r\n                                    </div>\r\n                            \r\n                            \r\n                            <div id ="showMoreLessLinkContainer">&nbsp;</div>\r\n                            \r\n                            <img alt="Drop Up Shadow" src="resources/gold/images/dropShadowUpArrow.png" class="dropShadowUpArrow" id="dialogUpArrowImageAnyComponent_10"></img>\r\n                        </div>\r\n                    </div>\r\n                    \r\n               \r\n               \r\n    \t\r\n    \t<!-- Order info -->\r\n        \r\n   \r\n\r\n\r\n                    \r\n                    \n    \n     \n\r\n                    \r\n\t\r\n\t\t<span title="ctx_ver=Z39.88-2004&amp;rft_val_fmt=info%3Aofi%2Ffmt%3Akev%3Amtx%3Abook&amp;rfr_id=info%3Asid%2Fiii.com%3Aencore&amp;rft.btitle=Nintendo+Switch+%3A+Crayola+scoot.&amp;rft.isbn=&amp;rft.date=&amp;rft_id=http%3A%2F%2Fencore.slcl.org%2Fiii%2Fencore%2Frecord%2FC__Rb2581865__SNintendo%2520Switch__P0%252C11__Orightresult__X3%3Bjsessionid%3D5F4C8E89B7C5F964F02DBB6C904346CF%3Flang%3Deng%26suite%3Dcobalt" class="Z3988" id="coinsAnyComponent_10"></span>\r\n\t\r\n\r\n                    <!-- ratingReviewsSummaryComponent -->\r\n                    \r\n                    <div class="addtlInfo">\r\n                       \r\n                       \r\n                       \r\n   \r\n\r\n                    </div>\r\n                </div>\r\n            </div>\r\n            <div class="bibLocations">\r\n                \r\n                \r\n            </div>\r\n        </div>\r\n    \r\n\r\n\t\r\n\r\n\t<!-- Browse Result Resource -->\r\n\t\r\n\r\n\t<!-- Browse Result External -->\r\n\t\r\n\r\n               \r\n           \r\n               \r\n\t<!-- Browse Result Program -->\r\n\t\r\n\r\n\t<!-- Browse Result Bib -->\r\n\t\r\n\t\t \r\n    \r\n        <div id="resultRecord-b2581859" class="gridBrowseContent2 searchResult">\r\n            <div class="gridBrowseCol1">\r\n                <div id="actionsUpdate-b2581859">\r\n                  \r\n    <span id="anyWrapperComponent_11">\r\n        \r\n    </span>\r\n\r\n                  <div class="citationButtons">\r\n                     \n    <div class="requestLink" id="Any_12">\n        \n\n        \n            <div class="Request" id="Any_1_11"> \n                        \t         \n            \t \n                \n                \n                \n                \t\n    \n    \n \n       \n        \n        \n            \n                <div class="requestButton">\n                   <a id="genericLink_11" class="button secondaryAction" href="https://encore.slcl.org/iii/encore/search;jsessionid=5F4C8E89B7C5F964F02DBB6C904346CF/Sdologin?lang=eng&amp;target=Nintendo%20Switch&amp;loginReason=doRequest&amp;actionRecordId=b2581859">\n                       <img alt="Direct Link" src="resources/gold/images/hold.png" id="genericLinkImage_11"></img>Request it\n                   </a>\n                </div>   \n            \n            \n        \n    \n\n                \n                \n                  <!--     popup -->\n                 \n        \t <!--    popup -->\n                \n            </div>\n        \n    </div>\n\r\n                  </div>\r\n                  \r\n<div class="addtlActions">\r\n\t\t<p>Additional actions:</p>\r\n    <ul class="inline-list initialActions">\r\n        \r\n        <li>\r\n    \r\n        <span id="bookCartOperationAnyComponentb2581859">\r\n            \r\n            \r\n\t\t\t\t\t<a id="addToBookCartLinkComponent_11" onMouseup="renewSession()" href="/iii/encore/SearchResultsPage,searchResultsComponent.resultComponent.searchBrowseResultBibComponent.recordActionsComponent.bookCartOperationComponent.addToBookCartLinkComponent.sdirect;jsessionid=5F4C8E89B7C5F964F02DBB6C904346CF?lang=eng&amp;sp=Sb2581859&amp;suite=cobalt" onclick="return tapestry.linkOnClick(this.href,\'addToBookCartLinkComponent_11\', false)">\r\n\t\t\t\t\t\t<img alt="Book Cart" width="22" title="Add to cart" src="resources/gold/images/bookcart.png" class="actionIcon" height="20" id="addToBookcartImageAnyComponent_11"></img>\r\n\t\t\t\t    </a>\r\n            \r\n        </span>\r\n    \r\n</li>\r\n        <li>\r\n    <a id="emailLinkComponent_11" onMouseup="renewSession()" class="toolbarItem popInDialogTrigger" href="/iii/encore/SearchResultsPage,searchResultsComponent.resultComponent.searchBrowseResultBibComponent.recordActionsComponent.emailComponent.emailLinkComponent.sdirect;jsessionid=5F4C8E89B7C5F964F02DBB6C904346CF?lang=eng&amp;sp=Sb2581859&amp;suite=cobalt" onclick="return tapestry.linkOnClick(this.href,\'emailLinkComponent_11\', false)">\r\n        <img alt="Email" width="19" title="Email" src="resources/gold/images/email.png" class="actionIcon" height="13" id="emailImageAnyComponent_11"></img>\r\n        \r\n    </a>\r\n    <!--confirmation dialog-->\r\n    \r\n    <div id="emailMessageContainer">\r\n        <div id="sentStatus">\r\n            <div id="emailStatusMessage">\r\n                \r\n            </div>\r\n        </div>\r\n    </div>\r\n</li>\r\n        \r\n             <li>\r\n\t\r\n</li>\r\n             <li>\r\n    \r\n</li>\r\n        \r\n        \r\n            <li><a href="javascript:void(0);" class="popUpTrigger moreActionsLink" onclick="toggleBibHoldingsPopup(this, false, \'moreActionsWrapper\',\'gridBrowseCol1\')">\r\n            <img width="13" alt="more actions" title="More actions" src="resources/gold/images/more.png" class="actionIcon" height="13" id="moreActionsImageAnyComponent_11"></img></a></li>\r\n        \r\n    </ul>\r\n   <div class="moreActionsWrapper popUpWrapper">\r\n       <a class="closeLink" onclick="toggleBibHoldingsPopup(this, true, \'moreActionsWrapper\',\'gridBrowseCol1\')" href="javascript:void(0);">\r\n           close\r\n       </a>\r\n       <h3 class="moreActionsHeader">more</h3>\r\n        <ul class="inline-list moreActions">\r\n            <li>\r\n    \r\n\t    \r\n\t    \r\n\t        <a id="loginLinkComponent_11" href="https://encore.slcl.org/iii/encore/search;jsessionid=5F4C8E89B7C5F964F02DBB6C904346CF/Sdologin?lang=eng&amp;target=Nintendo%20Switch&amp;loginReason=doTag&amp;actionRecordId=b2581859">\r\n\t           <img width="20" title="Add a Tag" src="resources/gold/images/tag.png" class="actionIcon" height="19" id="createCommunityTagsIconImageAny2Component_11"></img>\r\n\t        </a>\r\n\t    \r\n    \r\n</li>\r\n            \r\n            \r\n        </ul>\r\n       <img src="resources/gold/images/dropShadowArrow.png" class="dropShadowArrow" id="dialogArrowImageAnyComponent_11"></img>\r\n    </div>\r\n</div>\t \r\n\r\n                </div>\r\n            </div>\r\n            <div class="gridBrowseCol2">\r\n                \r\n                    <!--title-->\r\n                <div class="dpBibTitle">\r\n                    <!-- please read c1063106, c1063117, c1044421, c1060576a before changing title -->\r\n                    \r\n                        \r\n                            <span class="title">\r\n                                <a id="recordDisplayLink2Component_11" href="/iii/encore/record/C__Rb2581859__SNintendo%20Switch__P0%2C12__Orightresult__X3;jsessionid=5F4C8E89B7C5F964F02DBB6C904346CF?lang=eng&amp;suite=cobalt">\r\n                                    Nintendo Switch : Warriors Orochi 4.\r\n                                </a>\r\n                            </span>\r\n                        \r\n                        \r\n                        \r\n                            <span class="title">\r\n                                <span class="additionalFields customSecondaryText">\r\n                                    \r\n                                </span>\r\n                            </span>\r\n                        \r\n                    \r\n\r\n                    \r\n                    <div class="dpBibAuthor">\r\n                        \r\n                        \r\n                    </div>\r\n                    <!-- MARC 962 Media -->\r\n                    <div class="recordDetailValue">\r\n                        \r\n                        <span class="itemMediaDescription" id="mediaTypeInsertComponent_11">ELECTRONIC RES</span>\r\n                        \r\n                        \r\n                                <span class="pipeDivider">|</span>\r\n                                <span class="itemMediaYear" id="searchResultPubYearInsertComponent_11"></span>\r\n                            \r\n                        \r\n                              <span class="pipeDivider">|</span>\r\n                              <span class="itemEdition" id="searchResultEditionInsertComponent_11">Nintendo Switch ed.</span>\r\n                           \r\n                    </div>\r\n                    \r\n                    \r\n                        <!-- bibHoldingsComponentAvailableOnlyOrAllItems -->\r\n                        \r\n    <!--start item info-->\r\n    \r\n    \r\n        <!-- over threshold holdings info -->\r\n        \r\n\t\r\n\r\n    \t<!--ERM-->\r\n        \r\n    \r\n    <!-- Dialog content -->\r\n    \r\n\r\n        <!-- checkin info -->\r\n        \r\n\t\r\n\r\n        <!-- Volume info -->\r\n        \r\n        <!-- Item info -->\r\n        \r\n                \r\n                  <!--This ItemsContainer elem does not get rendered into a toggle on the record page - only the browse -->\r\n                  <div id="ItemsContainer-b2581859" class="ItemsContainer">\r\n                        \r\n                           \r\n    \r\n        <div class="availabilitySummaryArea">\r\n            \r\n                <div class="dpBibHoldingStatement">\r\n                    <span class="availabilityMessage">\r\n                        <span class="itemsAvailable">Available</span> at Bridgeton Trails (<span class="availCallNumber">VIDEO GAME</span>) plus 4 more\r\n                    </span>\r\n                    \r\n                        <span class="itemsContainerPopUpTrigger"></span>\r\n                    \r\n                </div>\r\n            \r\n        </div>\r\n    \r\n    \r\n    \r\n\r\n                        \r\n                        <div class="content bibHoldingsWrapper popUpWrapper">\r\n                            <a href="javascript:void(0);" onclick="toggleBibHoldingsPopup(this, true)" class="closeLink">close</a>\r\n                            <!-- available-->\r\n                              \r\n                                  <div id="availableItemsSection" class="availableItemsSection">\r\n                                      \r\n    \r\n\r\n    \r\n            \r\n            \r\n                    <!--link moved into dpBibHoldingStatement via initBibHoldingsToggle JS -->\r\n                    <span class="itemsAvailHeader itemsSectionHeader" id="availHeaderWrapperAny2Component_21"><a href="javascript:void(0);" onclick="toggleBibHoldingsPopup(this)">see all</a></span>\r\n            \r\n            <!--start mark -->\r\n             <h3 class="sectionHeader itemsHeader customHeader">Items</h3>\r\n            <div id="allavailitems-b2581859">\r\n                \r\n\t                \r\n\t                    <div class="itemTableWrapper popUpContentWrapper">\r\n\t                        \r\n    \r\n\t\t<table class="itemTable" cellspacing="3">\r\n        \t<tr>\r\n\t        \t\r\n\t        \t\t<th>\r\n\t        \t\t\tLocation\r\n\t        \t\t</th>\r\n\t        \t\r\n\t        \t\t<th>\r\n\t        \t\t\tCall No.\r\n\t        \t\t</th>\r\n\t        \t\r\n\t        \t\t<th>\r\n\t        \t\t\tStatus\r\n\t        \t\t</th>\r\n\t        \t\r\n        \t</tr>\r\n            \r\n            \t<tr>\r\n            \t\t\r\n                        \r\n            \t\t\r\n                        \r\n                            <td>\r\n                                \r\n                                    \r\n                                    \r\n                                        \r\n                                            \r\n \r\n\t \r\n\t    \t\r\n\t\t\r\n\t\t\r\n\t\t\tBridgeton Trails\r\n\t\t\r\n    \r\n \r\n\r\n\r\n                                        \r\n                                        \r\n                                    \r\n            \t\t\t        \r\n\t            \t\t\t</td>\r\n            \t\t\t\r\n            \t\t\r\n                        \r\n                            <td>\r\n                                \r\n                                    \r\n                                    \r\n                                        \r\n                                        \r\n                                            \r\n                                                <a id="callNoBrowseDirectLinkComponent_43" href="/iii/encore/SearchResultsPage,searchResultsComponent.resultComponent.searchBrowseResultBibComponent.$BibHoldingsComponent.bibHoldingsAvailableItems2.itemTableComponent.callNoBrowseDirectLinkComponent.sdirect;jsessionid=5F4C8E89B7C5F964F02DBB6C904346CF?lang=eng&amp;sp=Si20341204&amp;sp=Sb2581859&amp;suite=cobalt" onclick="return tapestry.linkOnClick(this.href,\'callNoBrowseDirectLinkComponent_43\', false)">\r\n                                                    VIDEO GAME\r\n                                                </a>\r\n                                            \r\n                                            \r\n                                        \r\n                                    \r\n            \t\t\t        \r\n                                    \r\n                                         \r\n                                    \r\n                                    \r\n            \t\t\t        \r\n                                    \r\n                                         \r\n                                    \r\n                                    \r\n            \t\t\t        \r\n\t            \t\t\t</td>\r\n            \t\t\t\r\n            \t\t\r\n                        \r\n                            <td>\r\n                                \r\n                                    \r\n                                        IN LIBRARY\r\n                                    \r\n                                    \r\n            \t\t\t        \r\n\t            \t\t\t</td>\r\n            \t\t\t\r\n            \t\t\r\n            \t</tr>\r\n            \r\n        </table>\r\n    \r\n\r\n\t                        \r\n\t\t\t\t\t\t\t\r\n\t\t\t\t\t\t\t\t<a id="showAllItemsLinkComponent_43" class="showAllItemsLink customToggle" href="/iii/encore/SearchResultsPage,searchResultsComponent.resultComponent.searchBrowseResultBibComponent.$BibHoldingsComponent.bibHoldingsAvailableItems2.showAllItemsLinkComponent.sdirect;jsessionid=5F4C8E89B7C5F964F02DBB6C904346CF?lang=eng&amp;sp=Sb2581859&amp;sp=T&amp;sp=Sallavailitems-b2581859&amp;sp=F&amp;suite=cobalt" onclick="return tapestry.linkOnClick(this.href,\'showAllItemsLinkComponent_43\', false)">\r\n\t\t\t\t\t\t\t\tShow remaining items</a>\r\n\t\t\t\t\t\t\t\r\n\t\t\t\t\t\t\t\r\n  \xe2\x80\x8b\t\t\t\t\t\t\t\r\n  \r\n\t\t\t\t\t<form method="post" action="/iii/encore/SearchResultsPage,searchResultsComponent.resultComponent.searchBrowseResultBibComponent.$BibHoldingsComponent.bibHoldingsAvailableItems2.countComponent.sdirect;jsessionid=5F4C8E89B7C5F964F02DBB6C904346CF" id="countComponent_43" style="display:none;">\n<div style="display:none;" id="countComponent_43hidden"><input type="hidden" name="formids" value="allCountInsertComponent_43,allAvailCountInsertComponent_43" />\n<input type="hidden" name="seedids" value="ZH4sIAAAAAAAAAI1a3XLbuhHOdNo38fRKZ0ak6b9LWXZONGPHHkk5p71KIRKSMCEJFSBlu8/UV+s7dAGCErBYyrqJ6f0Wi/3HAs5///flb//58uWvX/7+r5Hmai9yfjEe7djG/MhltZM1rxv7XTdM1FzBt+ZaC1mbrx38s5Fl8Qor/lRst+Nq6q3SW16WPmEli4/gd6b5g1A8b0DgrAYVmiOcjNYMNJL1nJfMMPgra7nIldg1z7xhc75WXG/DneXbtNWNrL5xVnA1W/to7iNoV6Ok/DVlqnkS9S9fm9n6IskuA3hSB+bM1j/HF+nt6LHU/CJJkoD3GdwGbor327FGyXopZal9ciH0rmQfrxZ92RkH6Nk6Daxke77cCr3gTOVbpIxxwQIYOtBoEDqh23ZSgjb6x65gDScEWHhWGb3XhHJPrN60AC54CTGU4EyTCZTL3W55Ltu6eZIbUX9uq8/RgtfssjAq4HPrz4vkKnV7AJdswcH1WqjqvpR5wF59OB0eeIPsdUp0HpkozkINttYql1TL5ycfa+TO7hSuAOqc17Ao0qKWzT++zVP4+nfLVeh1G66vUlU+VdS6uciyUQkONz91KxpuPzp2wcviia14GYtaNErAovGIFXtW57w4JsTRAbYJ2EUxVyzSJsSirVYiSGS9g3JftJsN17hc96wUhS3iR6WkOgHpryFsOg98aedJ1EAcOoXs3cjQkVtZ8dcocXuqKdGoYYTCUM8IQMGNnl4xpliVriR4EZRsAq1HKcOFtrJJfHnCsl6c0fsMgThup7bN4gDPuW5LKIKaSE2H+YBstlwtZKtyrp9FLSoW5CGv2ao0nvD0zkaqk9M1iyBETHd7LHgTxqBbMjXlG7dRfxkV3S6hl/wdCdVHeiTTrLNdp2/e4Uqpmr7zYbprYkEyZ1beq9gFci774CwOy0z0jMvOZAutJRiXHzt37qREUhz4uiYQpk56SprPtmY5b35Xst35WxypswJl015ogWxMemJoUeKa/M/ri+yq/74x38afS7aZlrItUKqIzbZZiILb3vudVRzHwtk1Dxh9N/pZHWYhjCN9gwwhDZlfPr7vWF30agWFECDIHw3b6CfJCmjWg6OCIuvSUQP7kvRQLR7pWAf3Sr5p3hXMq5IbxaogEkO892KF+SgepEiN5oGDdnOeS1X8tkqvrm/Tuztz/thZ0E0kPtCd7guvBzk36UAuqz+iSdRZ42uQXoEGcPhqPOalI/DuRXJp+smiXVW8bucdo8l7jawAn5uR78os+pkYitAve64KJfb8Qb7VJUQUrRF68i705fU4os+PGiGsT9Yjg6FuOEzkIid+tSc0ojl3WapspFNistsFs5JtAmGgTIgmXVhQCPeCv+lHor2nh9H3BSKBpncPPXOtn/BeSnAwodGz+t7xIzEYRl0FcqUolvKeHvc9NGduBg7qzmxQMVHGlEiSpZIS7AED7PhYSuw8QUywvbRFw5pWeyHVloAdKVZdhUXFt36T6peGViUJy6Fev8uGd2ik77NU3KUDkanVESUtBq/C71Vbi+YDOmG0t2vpcOZuiIYEh/EG0qU+AUVRLuNrg3EvDPgN91XRM3B5r3MaMBeCgZQJzKdvg2FcbmEgrk2gY92WoilhUTE3sSOa4QBPOo0L8cHdvMCeEPans1gWvlsP7OmcZ5tAyDopCmGiykp72cCZ5u8esdKbT5yepyS1zVZGzvIZBngqDiH7MX+iyNT8gsS+tqtS6G0cp5Dnn/DrGRyn93rsnHVCTs8Ry8nhp2I44xw1KgQ4l7/J0gwY6MgszY3AZDgSdAQiWbmE21/NC1Lg4/yZpPtGfWPaY5vVa3nCA/prW5ZxJ1x5Bm15/kugA8pe6joACYfD/Q9ZtlV0oB+ByGQ7QjS80tP+MWwJLSfK35DFn2Dg1g8hMKbEbXqyh87BVqKEXgQ364qpuMMYyQ4j7iNmgjgyBMMgzCciXhunk9D+GGebANGoYjVIV7ls0wOqamdxyZf4qhNG9sBnHZteJGOTl4fE8dZlmY+ESgFWsXfEDZSIi5ntukupmyPD0yA1ZVFaLuNT7Qe4ABY3wltl0Xbw8aLM6UmBRpj1REDtTkPkH6A3HSckah2O/Td3PhbF+NItfYCyDhbeBusiOE1BQw1DgZ+njyWH8TicW/r9/2Bli65cl1d3Izi6RG2xYBgH6UckDInBoPAZ7pGgcE8Oz3bntScPRM47Pg5zdQYcpYhh+F1KKP1ntotmIJIhktHrTr07EBYMrg8BcIp7xZxCkn6XXTkj7XIP6h7fIwe66wZknm0CLpzREwJwEttFuh6lBYLCtOwmgtKWRqyPefJBhV6S70DZpYFslg7hYRkibS+jIo4Yek39tE9GuTlnVvLdnjcwh5oxkWQYRvyl6fDaEPI7pXOfIYMTovZkFTeeWW7N30tgVZe7wwL71vsMrbPrvnd0g/TqNekuCW4FmlPTJOye0IEjDUus3wl7+218k5HMbnb/sRua3pORgAuANxt1p3r35yUDD5376NRLgonlReEpPxlxc6/1G2i4GrZ5PHDg7OrGsKkMR5wQwGsMDdsK881Mr2rE2r1+t8oe/Vzt0Vhkm0Bo3911iq0zD2lX1yZkOhL+PJlPbx2I1q3Fu70muIsNcXAA054py5RErSMZeKiCf+3THWFpzPz43nBVM+x1uPeLvHTtCmHx+1U2vqbfrzrg80eNjo+aH53oeO44ABSNKLOQH5Epk5Ihk5IzTUoGTUqGTEoIkyJmT/eENikhTLrJ7jIySj3wmUk9X2zSQTQ2yQMoWmQS5kdkyqRsyKTsTJOyQZOyXkvbBLBdGWFXdsKujLYrI+y6TW5vbii7euAzu3q+2K6DBHRFif4DQhTLg1IlSYtsxvyIHMXyOrslK64HPo2l4yNi2YuO0vMIULQ4jIgfkan0HA+l5/jM9BwPpueYSMAxnWTjAYfT2jngHIcPaNeLRn6ltHNkogEnZAn0wBkNOKFL4CCaaMAJzvAjDZrAX1ZkF06INO/JUWmnd7TXe+DT0nZ8RGn3oqPKPQIULa5cxI/IRLe6vhroVhY4o1tZPrJbdaKJZtQDFI1qRgE/IhMmXZF/keuBM0yyfKRJnWjCJAP8HzxFgCaYJgAA" />\n<input type="hidden" name="lang" value="eng" />\n<input type="hidden" name="suite" value="cobalt" />\n<input type="hidden" name="reservedids" value="inst,lang,suite" />\n<input type="hidden" name="submitmode" value="" />\n<input type="hidden" name="submitname" value="" />\n<input type="hidden" name="allCountInsertComponent_43" id="allCountInsertComponent_43" value="100" />\n<input type="hidden" name="allAvailCountInsertComponent_43" id="allAvailCountInsertComponent_43" value="100" />\n</div>\r\n\t\t\t\t\t\r\n\t\t\t\t\t\r\n\t\t\t\t\t</form> \r\n\t                    </div>\r\n\t                \r\n\t                \r\n                \r\n                \r\n            </div><!--end mark-->\r\n    \r\n\r\n                                  </div>\r\n                              \r\n                             <!--all -->\r\n                              \r\n                                   <a href="javascript:void(0);" onclick="showHideItemsToggle(this)" class="showAllToggleLink availCheckboxLink"><img width="15" src="resources/gold/images/checkbox_checked.png" class="availCheckbox" height="13" id="checkboxCheckedImageComponent_11"></img>only show available</a>\r\n                                   <a href="javascript:void(0);" onclick="showHideItemsToggle(this)" class="showAvailableToggleLink availCheckboxLink"><img width="15" src="resources/gold/images/checkbox.png" class="availCheckbox" height="13" id="checkboxImageComponent_11"></img>only show available</a>\r\n                                   <a href="javascript:void(0);" onclick="showHideItemsToggle(this)" class="showAllMaxToggleLink availCheckboxLink"><img width="15" src="resources/gold/images/checkbox_checked.png" class="availCheckbox" height="13" id="checkboxCheckedImage2Component_11"></img>only show available</a>\r\n                                   <a href="javascript:void(0);" onclick="showHideItemsToggle(this)" class="showAvailableMaxToggleLink availCheckboxLink"><img width="15" src="resources/gold/images/checkbox.png" class="availCheckbox" height="13" id="checkboxImage2Component_11"></img>only show available</a>\r\n                                    \r\n                                    <div id="allItemsSection" class="allItemsSection">\r\n                                       \r\n    \r\n\r\n    \r\n            \r\n            \r\n                    <!--link moved into dpBibHoldingStatement via initBibHoldingsToggle JS -->\r\n                    <span class="itemsSectionHeader" id="availHeaderWrapperAny2Component_22"><a href="javascript:void(0);" onclick="toggleBibHoldingsPopup(this)">see all</a></span>\r\n            \r\n            <!--start mark -->\r\n             <h3 class="sectionHeader itemsHeader customHeader">Items</h3>\r\n            <div id="allitems-b2581859">\r\n                \r\n\t                \r\n\t                    <div class="itemTableWrapper popUpContentWrapper">\r\n\t                        \r\n    \r\n\t\t<table class="itemTable" cellspacing="3">\r\n        \t<tr>\r\n\t        \t\r\n\t        \t\t<th>\r\n\t        \t\t\tLocation\r\n\t        \t\t</th>\r\n\t        \t\r\n\t        \t\t<th>\r\n\t        \t\t\tCall No.\r\n\t        \t\t</th>\r\n\t        \t\r\n\t        \t\t<th>\r\n\t        \t\t\tStatus\r\n\t        \t\t</th>\r\n\t        \t\r\n        \t</tr>\r\n            \r\n            \t<tr>\r\n            \t\t\r\n                        \r\n            \t\t\r\n                        \r\n                            <td>\r\n                                \r\n                                    \r\n                                    \r\n                                        \r\n                                            \r\n \r\n\t \r\n\t    \t\r\n\t\t\r\n\t\t\r\n\t\t\tBridgeton Trails\r\n\t\t\r\n    \r\n \r\n\r\n\r\n                                        \r\n                                        \r\n                                    \r\n            \t\t\t        \r\n\t            \t\t\t</td>\r\n            \t\t\t\r\n            \t\t\r\n                        \r\n                            <td>\r\n                                \r\n                                    \r\n                                    \r\n                                        \r\n                                        \r\n                                            \r\n                                                <a id="callNoBrowseDirectLinkComponent_44" href="/iii/encore/SearchResultsPage,searchResultsComponent.resultComponent.searchBrowseResultBibComponent.$BibHoldingsComponent.bibHoldingsAllItems.itemTableComponent.callNoBrowseDirectLinkComponent.sdirect;jsessionid=5F4C8E89B7C5F964F02DBB6C904346CF?lang=eng&amp;sp=Si20341204&amp;sp=Sb2581859&amp;suite=cobalt" onclick="return tapestry.linkOnClick(this.href,\'callNoBrowseDirectLinkComponent_44\', false)">\r\n                                                    VIDEO GAME\r\n                                                </a>\r\n                                            \r\n                                            \r\n                                        \r\n                                    \r\n            \t\t\t        \r\n                                    \r\n                                         \r\n                                    \r\n                                    \r\n            \t\t\t        \r\n                                    \r\n                                         \r\n                                    \r\n                                    \r\n            \t\t\t        \r\n\t            \t\t\t</td>\r\n            \t\t\t\r\n            \t\t\r\n                        \r\n                            <td>\r\n                                \r\n                                    \r\n                                        IN LIBRARY\r\n                                    \r\n                                    \r\n            \t\t\t        \r\n\t            \t\t\t</td>\r\n            \t\t\t\r\n            \t\t\r\n            \t</tr>\r\n            \r\n        </table>\r\n    \r\n\r\n\t                        \r\n\t\t\t\t\t\t\t\r\n\t\t\t\t\t\t\t\t<a id="showAllItemsLinkComponent_44" class="showAllItemsLink customToggle" href="/iii/encore/SearchResultsPage,searchResultsComponent.resultComponent.searchBrowseResultBibComponent.$BibHoldingsComponent.bibHoldingsAllItems.showAllItemsLinkComponent.sdirect;jsessionid=5F4C8E89B7C5F964F02DBB6C904346CF?lang=eng&amp;sp=Sb2581859&amp;sp=T&amp;sp=Sallitems-b2581859&amp;sp=F&amp;suite=cobalt" onclick="return tapestry.linkOnClick(this.href,\'showAllItemsLinkComponent_44\', false)">\r\n\t\t\t\t\t\t\t\tShow remaining items</a>\r\n\t\t\t\t\t\t\t\r\n\t\t\t\t\t\t\t\r\n  \xe2\x80\x8b\t\t\t\t\t\t\t\r\n  \r\n\t\t\t\t\t<form method="post" action="/iii/encore/SearchResultsPage,searchResultsComponent.resultComponent.searchBrowseResultBibComponent.$BibHoldingsComponent.bibHoldingsAllItems.countComponent.sdirect;jsessionid=5F4C8E89B7C5F964F02DBB6C904346CF" id="countComponent_44" style="display:none;">\n<div style="display:none;" id="countComponent_44hidden"><input type="hidden" name="formids" value="allCountInsertComponent_44,allAvailCountInsertComponent_44" />\n<input type="hidden" name="seedids" value="ZH4sIAAAAAAAAAI1a3W7juhFeFO2bBL1yActR/i4dJ3vWQLIJbO85p1cLWqJtYmnRJSUnOc/UV+s7dEhRNjkcOb7ZKPMNh/PPIbP//d+Xf/z15cvfv/yzHhiu96LgF8PBjq3tj0Jtd6riVe2+q5qJimv4NtwYoSr7tYN/1kqWr7DiD812O64nwSqz4VKGhKUqP6LfmeEPQvOiBoHTClSoj3A2WDHQSFUzLpllCFdWal5osaufec1mfKW52cQ7q7dJY2q1/cZZyfV0FaJFiKBdrZLq14Tp+klUv0JtpquLLM8jeFxF5kxXP4cXo9vBozT8IstGEe8zuA3clO63Y7VW1UIpaUJyKcxOso9Xh77srAPMdDWKrGR7vtgIM+dMFxukjHXBHBha0GoQO6HddixBG/NjV7KaEwIcPN1avVeEck+sWjcAzrmEGCpwps0EyuV+t6JQTVU/qbWoPrc15GjAa25ZHBXwufPnRXZ14/cALtWAg6uV0Nt7qYqIffvhdXjgNbLXK9F6ZKw5izXYOKt8Ui2en0KsVju3U7wCqDNewaJEi0rVf36bjeDrPw3XsddduL4qvQ2pojL1RX41kOBw+9M0oubuo2UXXJZPbMllKmpeawGLhgNW7llV8PKYEEcHuCbgFqVcqUiXEPNmuxRRIpsdlPu8Wa+5weW6Z1KUrogftVb6BGS+xrDtPPBlvCdRA/HoBLJ3rWJHbtSWvyaJ21FtiSYNIxaGekYECm71DIpxhFVpS4KXUclm0Hq0tlxoK5fElycs68RZvc8QiON2ats8DfCMm0ZCEVREanosBFS94XquGl1w8ywqsWVRHvKKLaX1RKB3PtCtnLZZRCFipt1jzus4Bu2SiS3ftI2Gy6jotgm94O9IqDnSE5l2nes6XfOOVypdd50P030Ti5I5d/JexS6Sc9kFZ35YZqNnXXYmW2wtwbj42PlzZ0QkxYGvbQJx6oxOSQvZVqzg9W9aNbtwiyN1WqJs2gsjkI1ZR4wtynyT/3l9kV933zf22/pzwdYTqZoSpYpYb+q5KLnrvd/ZluNYeLtmEWPoxjCr4yyEcaRrkDFkIPPl4/uOVWWnVlQIEYL8UbO1eVKshGbdOyposi49NbIPho+uWgLSsQ7utXozvC2YV63Wmm2jSPTx3osl5qN4kCIVmgcO2s14oXT5r+Xo6vp2dHdnzx83C/qJJATa030e9CDvJhPJZdVHMol6a0INRlegARy+Bo95owF49yK7tP1k3iy3vGpmLaPNe4OsAJ/bke/KLvqZWYowL3uuSy32/EG9VRIiitYIM34X5vJ6mNBnR40Q1iXrkcFS1xwmclEQv7oTGtG8uxxV1corMd7tolnJNYE4UDZE4zYsKIR7wd/MI9Hej6PvC0QCTe8BeubaMOGDlOBgQm2m1b3nR2IwjLoK5EpZLtQ9Pe4HaMH8DBzVnd1gy4RMKYkkRyUluAMG2PGxlLl5gphgO2nzmtWNCUJqHAE7UizbCkuKb/Wm9C8DrUoRlkO9flc1b9FE32eluU8HIlO3R5S0GLwKv2+bStQf0AmTvX1LhzN3TTQkOIzXkC7VCSiJskyvDda9MODXPFTFTMHlnc6jiLkUDKSMYT596w3jYgMDcWUDneq2ELWEReXMxo5ohj08o0laiA/+5gX2xHA4naWy8N26Z0/vPNcEYtZxWQobVSbdZQNnWrh7wkpvPvZ6npLU1BuVOCtk6OHZcgjZj9kTRabmFyT2tVlKYTZpnGKef8OvZ3Cc3uuxddYJOR1HKqeAn5rhjPPUpBDgXP6mpB0w0JEp7Y3AZjgSdAQSWYWC21/FS1Lg4+yZpIdGfWMmYJtWK3XCA+ZrI2XaCZeBQRte/BLogHKXuhZAwuFw/13JZpsc6EcgMdmNEDXfmkn3GLaAlpPkb8wSTjBw64cQWFPSNj3eQ+dgSyGhF8HNest02mGsZI8R9xE7QRwZomEQ5hORrk3TSZhwjHNNgGhUqRqkq3y2mR5VjbdY8gW+6sSRPfA5x44usqHNy0PiBOvyqxCJlQJsy94RN1ASLma3ay+lfo6MT4PRJWwiHZf1qQkDXAKLH+Gdsmg7+HjR9vSkQCvMeSKitqch8g/Q65YTErWKx/7byxBLYnx508IPUNbRwrssXJfAo9EdhAyGgjBPHyWH8TieW7r9f2eyQVeuy+ubARxdonJYNIyD9CMSh8RiUPgM90hQuCPHZ7v32lMAIucdH4e5PgNOUsQy/KYUlP4z2yUzEMmQyOh0p94dCAt618cAOMW/Yk4gSb+rtpyRdkUAtY/viQP9dQMyzzUBH87kCQE4ie0SXY/SIkFxWrYTgXSlkepjn3xQoUvyHSjPLeSytA+PyxBpmydFnDB0mqJD154zS/XuzhuYQ+2YSDL0I+HSUf/aGAo7pXdfe3Sn7ckpbj2z2Ni/l8CqNndDgRnZep+hdbbd945ukEG9Zu0lwa9AcyqgUfeEDpxoKLF+vepJ2W1jkc5kJLOd3X/s+qb3bCDgAhDMRu2p3v55ycJ95z469bJoYnnReMrPBtzea8MGGq+GbR4PHGhp0Y5hExWPODGA11gathXmm6lZVoi1ff1utDv6ud6jscg1gdi+u+sRts4+pF1d25CZRPjzeDa59SBatxLv7prgLzbEwQFMe6YdU5a0jqznoQr+dU93hKUp8+N7zXXFsNfh3i8K6dsVwtL3q3x4Tb9ftcDnjxotHzU/etHp3HEAKBpRZjE/IlMmZX0mZWealPWalPWZlBEmJcyB7hltUkaYdJPf5WSUOuAzkzq+1KSDaGxSAFC0xCTMj8iUSXmfSfmZJuW9JuWdlq4JYLtywq78hF05bVdO2HWb3d7cUHZ1wGd2dXypXQcJ6IqS/AeEJJYHpSRJS2zG/IicxPI6vyUrrgM+jaXnI2LZiU7S8whQtDSMiB+RqfQc9qXn8Mz0HPam55BIwCGdZMMeh9PaeeAch/do14lGfqW082SiAWdkCXTAGQ04o0vgIJpowBnO8CMNmsDf9mQXzog078hJaY/uaK93wKel7fmI0u5EJ5V7BChaWrmIH5GJbnV91dOtHHBGt3J8ZLdqRRPNqAMoGtWMIn5EJky6Iv8i1wFnmOT4SJNa0YRJHYBp/wfBtnvGrCYAAA==" />\n<input type="hidden" name="lang" value="eng" />\n<input type="hidden" name="suite" value="cobalt" />\n<input type="hidden" name="reservedids" value="inst,lang,suite" />\n<input type="hidden" name="submitmode" value="" />\n<input type="hidden" name="submitname" value="" />\n<input type="hidden" name="allCountInsertComponent_44" id="allCountInsertComponent_44" value="100" />\n<input type="hidden" name="allAvailCountInsertComponent_44" id="allAvailCountInsertComponent_44" value="100" />\n</div>\r\n\t\t\t\t\t\r\n\t\t\t\t\t\r\n\t\t\t\t\t</form> \r\n\t                    </div>\r\n\t                \r\n\t                \r\n                \r\n                \r\n            </div><!--end mark-->\r\n    \r\n\r\n                                    </div>\r\n                            \r\n                            \r\n                                <!--how to test for available items on the threshold link-->\r\n                                       <div class="availableMaxItemsSection">\r\n                                                \r\n    \r\n\r\n    \r\n            \r\n                 \r\n                \r\n                    <!--link moved into dpBibHoldingStatement via initBibHoldingsToggle JS -->\r\n                    <span class="itemsAvailHeader itemsSectionHeader" id="availHeaderWrapperAnyComponent_21">\r\n                           <a id="showMaxItemsLink2Component_21" class="maxItemsLink" href="/iii/encore/SearchResultsPage,searchResultsComponent.resultComponent.searchBrowseResultBibComponent.$BibHoldingsComponent.bibHoldingsAvailableMaxItems2.showMaxItemsLink2Component.sdirect;jsessionid=5F4C8E89B7C5F964F02DBB6C904346CF?lang=eng&amp;sp=Sb2581859&amp;sp=F&amp;sp=Sallavailitemsmax-b2581859&amp;sp=F&amp;suite=cobalt" onclick="return tapestry.linkOnClick(this.href,\'showMaxItemsLink2Component_21\', false)">\r\n                               <a href="javascript:void(0);" onclick="toggleBibHoldingsPopup(this)">see all</a>\r\n                           </a>\r\n                    </span>\r\n                \r\n            \r\n            \r\n            <!--start mark -->\r\n             <h3 class="sectionHeader itemsHeader customHeader">Items</h3>\r\n            <div id="allavailitemsmax-b2581859">\r\n                \r\n\t                \r\n\t                    <div class="itemTableWrapper popUpContentWrapper">\r\n\t                        \r\n    \r\n\t\t<table class="itemTable" cellspacing="3">\r\n        \t<tr>\r\n\t        \t\r\n\t        \t\t<th>\r\n\t        \t\t\tLocation\r\n\t        \t\t</th>\r\n\t        \t\r\n\t        \t\t<th>\r\n\t        \t\t\tCall No.\r\n\t        \t\t</th>\r\n\t        \t\r\n\t        \t\t<th>\r\n\t        \t\t\tStatus\r\n\t        \t\t</th>\r\n\t        \t\r\n        \t</tr>\r\n            \r\n            \t<tr>\r\n            \t\t\r\n                        \r\n            \t\t\r\n                        \r\n                            <td>\r\n                                \r\n                                    \r\n                                    \r\n                                        \r\n                                            \r\n \r\n\t \r\n\t    \t\r\n\t\t\r\n\t\t\r\n\t\t\tBridgeton Trails\r\n\t\t\r\n    \r\n \r\n\r\n\r\n                                        \r\n                                        \r\n                                    \r\n            \t\t\t        \r\n\t            \t\t\t</td>\r\n            \t\t\t\r\n            \t\t\r\n                        \r\n                            <td>\r\n                                \r\n                                    \r\n                                    \r\n                                        \r\n                                        \r\n                                            \r\n                                                <a id="callNoBrowseDirectLinkComponent_45" href="/iii/encore/SearchResultsPage,searchResultsComponent.resultComponent.searchBrowseResultBibComponent.$BibHoldingsComponent.bibHoldingsAvailableMaxItems2.itemTableComponent.callNoBrowseDirectLinkComponent.sdirect;jsessionid=5F4C8E89B7C5F964F02DBB6C904346CF?lang=eng&amp;sp=Si20341204&amp;sp=Sb2581859&amp;suite=cobalt" onclick="return tapestry.linkOnClick(this.href,\'callNoBrowseDirectLinkComponent_45\', false)">\r\n                                                    VIDEO GAME\r\n                                                </a>\r\n                                            \r\n                                            \r\n                                        \r\n                                    \r\n            \t\t\t        \r\n                                    \r\n                                         \r\n                                    \r\n                                    \r\n            \t\t\t        \r\n                                    \r\n                                         \r\n                                    \r\n                                    \r\n            \t\t\t        \r\n\t            \t\t\t</td>\r\n            \t\t\t\r\n            \t\t\r\n                        \r\n                            <td>\r\n                                \r\n                                    \r\n                                        IN LIBRARY\r\n                                    \r\n                                    \r\n            \t\t\t        \r\n\t            \t\t\t</td>\r\n            \t\t\t\r\n            \t\t\r\n            \t</tr>\r\n            \r\n        </table>\r\n    \r\n\r\n\t                        \r\n\t\t\t\t\t\t\t\r\n\t\t\t\t\t\t\t\t<a id="showAllItemsLinkComponent_45" class="showAllItemsLink customToggle" href="/iii/encore/SearchResultsPage,searchResultsComponent.resultComponent.searchBrowseResultBibComponent.$BibHoldingsComponent.bibHoldingsAvailableMaxItems2.showAllItemsLinkComponent.sdirect;jsessionid=5F4C8E89B7C5F964F02DBB6C904346CF?lang=eng&amp;sp=Sb2581859&amp;sp=T&amp;sp=Sallavailitemsmax-b2581859&amp;sp=F&amp;suite=cobalt" onclick="return tapestry.linkOnClick(this.href,\'showAllItemsLinkComponent_45\', false)">\r\n\t\t\t\t\t\t\t\tShow remaining items</a>\r\n\t\t\t\t\t\t\t\r\n\t\t\t\t\t\t\t\r\n  \xe2\x80\x8b\t\t\t\t\t\t\t\r\n  \r\n\t\t\t\t\t<form method="post" action="/iii/encore/SearchResultsPage,searchResultsComponent.resultComponent.searchBrowseResultBibComponent.$BibHoldingsComponent.bibHoldingsAvailableMaxItems2.countComponent.sdirect;jsessionid=5F4C8E89B7C5F964F02DBB6C904346CF" id="countComponent_45" style="display:none;">\n<div style="display:none;" id="countComponent_45hidden"><input type="hidden" name="formids" value="allCountInsertComponent_45,allAvailCountInsertComponent_45" />\n<input type="hidden" name="seedids" value="ZH4sIAAAAAAAAAI1a3W7juhFeFO2bBL1yAUuRneTScbJnDSSbwPaetlcLWqJtYilRJSUnOW9R9DX6an2HDinK5s/I8c1GmW84nH8Omf3v/7785Y8vX/785a//HikqDyynV+NRTXb6Ry7KWlS0asx31RBWUQnfiirFRKW/avhnJ3jxCiv+LkldUzl3Vqk95dwlbETx4f1OFH1gkuYNCFxUoEJzgpPRloBGolpSTjSDu7ISq1yyunmmDVnSraRq7+8s3uatakT5jZKCysXWRXMXCXbVSopfcyKbJ1b9crVZbK+SbOrBs8ozZ7H9Ob5Kb0ePXNGrJMk83mdwG7gp3q8mjRTVWgiuXHLBVM3Jx6tBX2rtALXYpp6V5EDXe6ZWlMh8HyijXbAChg7UGvhO6LadcdBG/agL0lBEgIEXpdZ7iyj3RKpdC+CKcoihAGfqTMBcbnfLc9FWzZPYsepzW12OFrxmlvlRAZ8bf14lk1u7B3CJFhxcbZks77nIPfbyw+rwQJvAXqtE55GZpMTXYG+sskm1fn5ysUbUZid/BVCXtIJFkRaVaP7xbZnC179aKn2vm3B9FbJ0qaxSzRUkHweH65+qZQ01Hx07o7x4IhvKY1GrRjJYNB6R4kCqnBanhDg5wDQBsyjmikWahFi15YZ5iaxqKPdVu9tRFZbrgXBWmCJ+lFLIM5D66sO688CXsp4MGohF55C9O+E7ci9K+holbk/VJRo1DF9Y0DM8kFGtp1OMaahKVxK08Eo2gdYjpeYKtjJJfH3Gsl6c1vsCgWHczm2bxQFeUtVyKIIKSU2LuYBo9lSuRCtzqp5ZxUri5SGtyIZrTzh6ZyPZyemahRcioro9VrTxY9AtmevyjduouwyLbpfQa/oeCFUneiRTrzNdp2/e/kohm77zhXTbxLxkzoy8V1Z7cq774KyOy3T0tMsuZPOtRRjXH7U9d1IkKY58XRPwUyc9J81l25KcNr9J0dbuFifqogiy6cAUC2xMeqJvUWKb/M/pVXbTf9/ob+3PNdnNuWiLIFXYbt+sWEFN7/1OShrGwtq19BhdN7pZ7WchjCN9g/QhBZnPH99rUhW9Wl4heEjgj4bs1JMgBTTrwVFBonVpqZ59SXqsFod0qoN7Kd4U7QrmVYqdJKUXiSHee7YJ+TCeQJEqmAeO2i1pLmTxt006md6md3f6/DGzoJ1IXKA73VdOD7JuUp5cUn1Ek6i1xtUgnYAGcPiqcMxLR+Ddq+Ra95NVuylp1S47Rp33KrACfK5Hvole9DPRFKZeDlQWkh3og3irOEQ0WMPU7J2p6+k4oi9PGgVYn6wnBk3dUZjIWY78ak7ogGbdZaiiEVaJWV17s5JpAn6gdIhmXViCEB4YfVOPSHtPj6PvC0QimN4d9MK1bsI7KUHBhEYtqnvLH4gJ4aCrQK4UxVrc4+O+g+bEzsBe3ekNSsJ4TIkkGSoqwRwwwB4eS4mZJ5AJtpe2akjTKiekyhBCR7JNV2FR8W3fhPyloFUJxHKo1++ioR0a6fssJLXpgGRqeUJRi8Gr8HvZVqz5gE4Y7W1bOpy5O6QhwWG8g3SpzkBRlHl8bdDuhQG/oa4qagEu73VOPeaCEZAyg/n0bTCM6z0MxJUOdKzbmjUcFhVLHTukGQ7wpPO4EB/szQvs8WF3OotlhXfrgT2t80wT8FlnRcF0VAk3l40w09zdI1Z885nV85ykttmLyFkuwwBPSSFkP5ZPGBmbXwKxr+2GM7WP4+Tz/BN+vYDj/F6PnbPOyOk5Yjk5/JQkzDhLjQoBzuVvgusBIzgyub4R6AwPBJ2ASFYu4PZX0QIV+Lh8RumuUd+IctgW1Vac8YD62nIed8KNY9Ce5r9YcECZS10HBMLhcP9d8LaMDvQTEJlsRoiGlmreP4atoeVE+euzuBMM3PohBNqUuE3PDtA5yIZx6EVwsy6JjDuMlmwx5D6iJ4gTgzcMwnzC4rVxOjHljnGmCSCNKlYDdZXNNjWgqrIWc7oOrzp+ZI98xrHpVTLWeXlMHGddNnURXynASvIecAMl4iJ6u+5SaudI/zRIr2ETbri0T5Ub4AJY7AhvlA22g48XqU9PDNTCjCc8ancaBv4BetNxQqJW/th/e+NiUYyzcQc/QFl7C++u3XURnF5nEDIYCtw8feQUxmN/bun3/53wNrhyXd9MRnB0scpg3jAO0k+IHxKNQeGTsEeCwj3ZP9ut154cMHDe6XGYygvgKEU0w29CQOk/kzqagVCGSEavO/bugFgwuN4HwCn2FXMOSfpddOUcaJc7UPf4HjnQXjcg80wTsOGMnhCAE9ku0vUkzRPkp2U3EXBTGrE++sknKHSOvgNlEw2ZLB3C/TIMtJ1ERRwx9JoGh64+Zzbi3Zw3MIfqMRFlGEbcpenwWh9yO6V1X3d0x+3JKK49s97rv5fAqi53hwX2rfcZWuep+2Id0ilYe0uwS4JBNU399gktOFKRhwo6+iWBwf02GultDmR2w/uPemh8T0YMbgDOcNQd693flzQ8dPAHx17ijSwvMhzzkxHVF1u3g/qrYZvHI0ewNO/msLnwZxwfCNdoWmgrDDgLtakC1u75u5Xm7Kfy4M9FpgkE9t1N09A6/ZI2meqQqUj482w5v7VgsG7L3s09wd5skJMDmA5EGqYk6h3JwEsV/Gve7hBLY+bH94bKioReh4s/y7ntVwEWP2Bl4yn+gNUBn79qdHzYAGlFx4PHEcBoSJn5/AEZMykZMim50KRk0KRkyKQEMSlidnRPcJMSxKSb7C5Do9QDn5nU88UmHUWHJjkARotMCvkDMmZSNmRSdqFJ2aBJmdXSNIHIrgyxKztjV4bblSF23cIweYPZ1QOf2dXzxXYdJQR3lOh/IESxPCrFUVpkc8gfkKNYTrNbtOJ64NNYWj4klr3oKD1PAEaLwxjwB2QsPcdD6Tm+MD3Hg+k5RhJwjCfZeMDhuHYWuMThA9r1ogO/YtpZMtKAE7QEeuCCBpzgJXAUjTTgJMzwIw2awJ/+g3fhBEnznhyVdnqHe70HPi1ty4eUdi86qtwTgNHiyg34AzLSraaTgW5lgAu6leFDu1UnGmlGPYDRsGbk8QdkxKQJ+ie5HrjAJMOHmtSJRkzqAYyGmaSx/wPeSPg7ySYAAA==" />\n<input type="hidden" name="lang" value="eng" />\n<input type="hidden" name="suite" value="cobalt" />\n<input type="hidden" name="reservedids" value="inst,lang,suite" />\n<input type="hidden" name="submitmode" value="" />\n<input type="hidden" name="submitname" value="" />\n<input type="hidden" name="allCountInsertComponent_45" id="allCountInsertComponent_45" value="100" />\n<input type="hidden" name="allAvailCountInsertComponent_45" id="allAvailCountInsertComponent_45" value="100" />\n</div>\r\n\t\t\t\t\t\r\n\t\t\t\t\t\r\n\t\t\t\t\t</form> \r\n\t                    </div>\r\n\t                \r\n\t                \r\n                \r\n                \r\n            </div><!--end mark-->\r\n    \r\n\r\n                                       </div>\r\n                            \r\n                            \r\n                                    <div id="allMaxItemsSection" class="allMaxItemsSection">\r\n                                        \r\n    \r\n\r\n    \r\n            \r\n                 \r\n                \r\n                    <!--link moved into dpBibHoldingStatement via initBibHoldingsToggle JS -->\r\n                    <span class="itemsSectionHeader" id="availHeaderWrapperAnyComponent_22">\r\n                           <a id="showMaxItemsLink2Component_22" class="maxItemsLink" href="/iii/encore/SearchResultsPage,searchResultsComponent.resultComponent.searchBrowseResultBibComponent.$BibHoldingsComponent.bibHoldingsAllMaxItems.showMaxItemsLink2Component.sdirect;jsessionid=5F4C8E89B7C5F964F02DBB6C904346CF?lang=eng&amp;sp=Sb2581859&amp;sp=F&amp;sp=Sallitemsmax-b2581859&amp;sp=F&amp;suite=cobalt" onclick="return tapestry.linkOnClick(this.href,\'showMaxItemsLink2Component_22\', false)">\r\n                               <a href="javascript:void(0);" onclick="toggleBibHoldingsPopup(this)">see all</a>\r\n                           </a>\r\n                    </span>\r\n                \r\n            \r\n            \r\n            <!--start mark -->\r\n             <h3 class="sectionHeader itemsHeader customHeader">Items</h3>\r\n            <div id="allitemsmax-b2581859">\r\n                \r\n\t                \r\n\t                    <div class="itemTableWrapper popUpContentWrapper">\r\n\t                        \r\n    \r\n\t\t<table class="itemTable" cellspacing="3">\r\n        \t<tr>\r\n\t        \t\r\n\t        \t\t<th>\r\n\t        \t\t\tLocation\r\n\t        \t\t</th>\r\n\t        \t\r\n\t        \t\t<th>\r\n\t        \t\t\tCall No.\r\n\t        \t\t</th>\r\n\t        \t\r\n\t        \t\t<th>\r\n\t        \t\t\tStatus\r\n\t        \t\t</th>\r\n\t        \t\r\n        \t</tr>\r\n            \r\n            \t<tr>\r\n            \t\t\r\n                        \r\n            \t\t\r\n                        \r\n                            <td>\r\n                                \r\n                                    \r\n                                    \r\n                                        \r\n                                            \r\n \r\n\t \r\n\t    \t\r\n\t\t\r\n\t\t\r\n\t\t\tBridgeton Trails\r\n\t\t\r\n    \r\n \r\n\r\n\r\n                                        \r\n                                        \r\n                                    \r\n            \t\t\t        \r\n\t            \t\t\t</td>\r\n            \t\t\t\r\n            \t\t\r\n                        \r\n                            <td>\r\n                                \r\n                                    \r\n                                    \r\n                                        \r\n                                        \r\n                                            \r\n                                                <a id="callNoBrowseDirectLinkComponent_46" href="/iii/encore/SearchResultsPage,searchResultsComponent.resultComponent.searchBrowseResultBibComponent.$BibHoldingsComponent.bibHoldingsAllMaxItems.itemTableComponent.callNoBrowseDirectLinkComponent.sdirect;jsessionid=5F4C8E89B7C5F964F02DBB6C904346CF?lang=eng&amp;sp=Si20341204&amp;sp=Sb2581859&amp;suite=cobalt" onclick="return tapestry.linkOnClick(this.href,\'callNoBrowseDirectLinkComponent_46\', false)">\r\n                                                    VIDEO GAME\r\n                                                </a>\r\n                                            \r\n                                            \r\n                                        \r\n                                    \r\n            \t\t\t        \r\n                                    \r\n                                         \r\n                                    \r\n                                    \r\n            \t\t\t        \r\n                                    \r\n                                         \r\n                                    \r\n                                    \r\n            \t\t\t        \r\n\t            \t\t\t</td>\r\n            \t\t\t\r\n            \t\t\r\n                        \r\n                            <td>\r\n                                \r\n                                    \r\n                                        IN LIBRARY\r\n                                    \r\n                                    \r\n            \t\t\t        \r\n\t            \t\t\t</td>\r\n            \t\t\t\r\n            \t\t\r\n            \t</tr>\r\n            \r\n        </table>\r\n    \r\n\r\n\t                        \r\n\t\t\t\t\t\t\t\r\n\t\t\t\t\t\t\t\t<a id="showAllItemsLinkComponent_46" class="showAllItemsLink customToggle" href="/iii/encore/SearchResultsPage,searchResultsComponent.resultComponent.searchBrowseResultBibComponent.$BibHoldingsComponent.bibHoldingsAllMaxItems.showAllItemsLinkComponent.sdirect;jsessionid=5F4C8E89B7C5F964F02DBB6C904346CF?lang=eng&amp;sp=Sb2581859&amp;sp=T&amp;sp=Sallitemsmax-b2581859&amp;sp=F&amp;suite=cobalt" onclick="return tapestry.linkOnClick(this.href,\'showAllItemsLinkComponent_46\', false)">\r\n\t\t\t\t\t\t\t\tShow remaining items</a>\r\n\t\t\t\t\t\t\t\r\n\t\t\t\t\t\t\t\r\n  \xe2\x80\x8b\t\t\t\t\t\t\t\r\n  \r\n\t\t\t\t\t<form method="post" action="/iii/encore/SearchResultsPage,searchResultsComponent.resultComponent.searchBrowseResultBibComponent.$BibHoldingsComponent.bibHoldingsAllMaxItems.countComponent.sdirect;jsessionid=5F4C8E89B7C5F964F02DBB6C904346CF" id="countComponent_46" style="display:none;">\n<div style="display:none;" id="countComponent_46hidden"><input type="hidden" name="formids" value="allCountInsertComponent_46,allAvailCountInsertComponent_46" />\n<input type="hidden" name="seedids" value="ZH4sIAAAAAAAAAI1a3W7juhFeFO2bBL1yAUtRnOTS8WbPGkh2A9t72l4taIm2iZVEl5Sc5DxRUfTV+g4dUpRNDkeObzbKfMPh/HPI7H//9+kvf3z69OdPf/33SHN1EDm/Go/2bGt+5LLay5rXjf2uGyZqruBbc62FrM3XHv7ZyrJ4gRV/V2y/52rmrdI7XpY+YS2L9+B3pvlnoXjegMB5DSo0JzgZbRhoJOsFL5lh8FfWcpkrsW+eecMWfKO43oU7y9dZqxtZfeWs4Gq+8dHcR9CuRkn5a8ZU8yTqX742881Vkt0F8LQOzJlvfo6v0rvRY6n5VZJMAt5ncBu4Kd5vzxol65WUpfbJhdD7kr2/WPT73jhAzzdpYCU78NVO6CVnKt8hZYwLlsDQgUaD0AndttMStNE/9gVrOCHAwvPK6L0hlHti9bYFcMlLiKEEZ5pMoFzudstz2dbNk9yK+mNbfY4WvGaXhVEBn1t/XiU3924P4JItOLjeCFU9lDIP2Kt3p8Nn3iB7nRKdR6aKs1CDnbXKJdXq+cnHGrm3O4UrgLrgNSyKtKhl84+vixS+/tVyFXrdhuuLVJVPFbVurrLbUQkONz91KxpuPzp2wcviia15GYtaNkrAovGIFQdW57w4JcTJAbYJ2EUxVyzSJsSyrdYiSGS9h3Jfttst17hcD6wUhS3iR6WkOgPpLyFsOg98aedJ1EAcOoPs3crQkTtZ8ZcocXuqKdGoYYTCUM8IQMGNnl4xpliVriR4EZRsAq1HKcOFtrJJfH3Gsl6c0fsCgThu57bN4gAvuG5LKIKaSE2H+YBsdlwtZatyrp9FLSoW5CGv2bo0nvD0zkaqk9M1iyBETHd7LHkTxqBbMjPlG7dRfxkV3S6hV/wNCdUneiTTrLNdp2/e4Uqpmr7zYbprYkEyZ1bei9gHcq774CyPy0z0jMsuZAutJRhX73t37qREUhz5uiYQpk56TprPtmE5b35Tst37W5yo8wJl00FogWxMemJoUeKa/M/JFZy/7vvWfBt/rth2Vsq2QKkitrtmKQpue+83VnEcC2fXImD03ehndZiFMI70DTKENGR++fi2Z3XRqxUUQoAgfzRsq58kK6BZD44KiqxLRw3sS9JjtXikUx08KPmqeVcwL0puFauCSAzxPog15qN4kCI1mgeO2i14LlXxt3V6M7lL7+/N+WNnQTeR+EB3ui+9HuTcpAO5rH6PJlFnja9BegMawOGr8ZiXjsC7V8m16SfLdl3xul10jCbvNbICfG5Gvhuz6GdiKEJ/P3BVKHHgn+VrXUJE0Rqhp29CX0/GEX1x0ghhfbKeGAx1y2EiFznxqz2hEc25y1JlI50S0/0+mJVsEwgDZUI07cKCQngQ/FU/Eu09PY6+3yESaHr30AvX+gnvpQQHExo9rx8cPxKDYdRVIFeKYiUf6HHfQ3PmZuCg7swGFRNlTIkkWSopwR4wwI6PpcTOE8QE20tbNqxptRdSbQnYkWLdVVhUfJtXqX5paFWSsBzq9ZtseIdG+j5LxV06EJlanVDSYvAq/F61tWjeoRNGe7uWDmfulmhIcBhvIV3qM1AU5TK+Nhj3woDfcF8VPQeX9zqnAXMhGEiZwnz6OhjG1Q4G4toEOtZtJZoSFhULEzuiGQ7wpLO4ED+7mxfYE8L+dBbLwnfrgT2d82wTCFmnRSFMVFlpLxs40/zdI1Z686nT85ykttnJyFk+wwBPxSFkPxZPFJmaX5DYl3ZdCr2L4xTy/BN+vYDj/F6PnbPOyOk5Yjk5/FQMZ5yjRoUA5/JXWZoBAx2ZpbkRmAxHgk5AJCuXcPureUEKfFw8k3TfqK9Me2zzeiPPeEB/acsy7oRrz6Adz38JdEDZS10HIOFwuP8uy7aKDvQTEJlsR4iGV3rWP4atoOVE+Ruy+BMM3PohBMaUuE1PD9A52FqU0IvgZl0xFXcYI9lhxH3ETBAnhmAYhPlExGvjdBLaH+NsEyAaVawG6SqXbXpAVe0sLvkKX3XCyB75rGPTq2Rs8vKYON667NZHQqUAq9gb4gZKxMXMdt2l1M2R4WmQXsMmpeUyPtV+gAtgcSO8VRZtBx/flTk9KdAIs54IqN1piPwD9KbjhEStw7H/PvGxKMbZdQd/hrIOFt7f+OsiOL2+h5DBUODn6WPJYTwO55Z+/99Z2aIr1/Xd9QiOLlFbLBjGQfoJCUNiMCh8hnskKNyTw7Pdee3JA5HzTo/DXF0ARyliGH6TEkr/me2jGYhkiGT0ulPvDoQFg+tDAJziXjFnkKTfZFfOSLvcg7rH98iB7roBmWebgAtn9IQAnMR2ka4naYGgMC27iaC0pRHrY558UKGX5DtQNjGQzdIhPCxDpO0kKuKIodcUHbrmnFnLN3vewBxqxkSSYRjxl6bDa0PI75TOfd3RHbcnq7jxzGpn/l4Cq7rcHRbYt95naJ2n7kt1yKBB2luCW4IGVdw+oQVHKpZYwTMG99v4NiOZ3fD+Yz80vicjATcAbzjqjvXu70sGHjr40bGXBCPLd4XH/GTEzcXW76Dhatjm8ciBlubdHDaT4YwTAniNoWFbYcCZ63WNWLvn71bZs5+rQzgX2SaA7LufpNg685J2MzEh05Hw5+lidudAtG4j3uw9wd1siJMDmA5MWaYk6h3JwEsV/Gvf7ghLY+bHt4armmGvw8Vf5KXrVwiLH7Cy8YR+wOqAj181Oj5qgHSi48HjCFA0osxCfkSmTEqGTEouNCkZNCkZMikhTIqYPd0T2qSEMOk2u8/IKPXARyb1fLFJR9HYJA+gaJFJmB+RKZOyIZOyC03KBk3KnJa2CUR2ZYRd2Rm7MtqujLDrLrm7vaXs6oGP7Or5YruOEtAdJfofCFEsj0qVJC2yGfMjchTLSXZHVlwPfBhLx0fEshcdpecJoGhxGBE/IlPpOR5Kz/GF6TkeTM8xkYBjOsnGAw6ntXPAJQ4f0K4XjfxKaefIRANOyBLogQsacEKXwFE00YATnOFHGjSBP/2H7sIJkeY9OSrt9J72eg98WNqOjyjtXnRUuSeAosWVi/gRmehWk5uBbmWBC7qV5SO7VSeaaEY9QNGoZhTwIzJh0g35J7keuMAky0ea1IkmTOoBikaZFPCH5P8DMWPaeuAmAAA=" />\n<input type="hidden" name="lang" value="eng" />\n<input type="hidden" name="suite" value="cobalt" />\n<input type="hidden" name="reservedids" value="inst,lang,suite" />\n<input type="hidden" name="submitmode" value="" />\n<input type="hidden" name="submitname" value="" />\n<input type="hidden" name="allCountInsertComponent_46" id="allCountInsertComponent_46" value="100" />\n<input type="hidden" name="allAvailCountInsertComponent_46" id="allAvailCountInsertComponent_46" value="100" />\n</div>\r\n\t\t\t\t\t\r\n\t\t\t\t\t\r\n\t\t\t\t\t</form> \r\n\t                    </div>\r\n\t                \r\n\t                \r\n                \r\n                \r\n            </div><!--end mark-->\r\n    \r\n\r\n                                    </div>\r\n                            \r\n                            \r\n                            <div id ="showMoreLessLinkContainer">&nbsp;</div>\r\n                            \r\n                            <img alt="Drop Up Shadow" src="resources/gold/images/dropShadowUpArrow.png" class="dropShadowUpArrow" id="dialogUpArrowImageAnyComponent_11"></img>\r\n                        </div>\r\n                    </div>\r\n                    \r\n               \r\n               \r\n    \t\r\n    \t<!-- Order info -->\r\n        \r\n   \r\n\r\n\r\n                    \r\n                    \n    \n     \n\r\n                    \r\n\t\r\n\t\t<span title="ctx_ver=Z39.88-2004&amp;rft_val_fmt=info%3Aofi%2Ffmt%3Akev%3Amtx%3Abook&amp;rfr_id=info%3Asid%2Fiii.com%3Aencore&amp;rft.btitle=Nintendo+Switch+%3A+Warriors+Orochi+4.&amp;rft.isbn=&amp;rft.date=&amp;rft_id=http%3A%2F%2Fencore.slcl.org%2Fiii%2Fencore%2Frecord%2FC__Rb2581859__SNintendo%2520Switch__P0%252C12__Orightresult__X3%3Bjsessionid%3D5F4C8E89B7C5F964F02DBB6C904346CF%3Flang%3Deng%26suite%3Dcobalt" class="Z3988" id="coinsAnyComponent_11"></span>\r\n\t\r\n\r\n                    <!-- ratingReviewsSummaryComponent -->\r\n                    \r\n                    <div class="addtlInfo">\r\n                       \r\n                       \r\n                       \r\n   \r\n\r\n                    </div>\r\n                </div>\r\n            </div>\r\n            <div class="bibLocations">\r\n                \r\n                \r\n            </div>\r\n        </div>\r\n    \r\n\r\n\t\r\n\r\n\t<!-- Browse Result Resource -->\r\n\t\r\n\r\n\t<!-- Browse Result External -->\r\n\t\r\n\r\n               \r\n           \r\n               \r\n\t<!-- Browse Result Program -->\r\n\t\r\n\r\n\t<!-- Browse Result Bib -->\r\n\t\r\n\t\t \r\n    \r\n        <div id="resultRecord-b2575525" class="gridBrowseContent2 searchResult">\r\n            <div class="gridBrowseCol1">\r\n                <div id="actionsUpdate-b2575525">\r\n                  \r\n    <span id="anyWrapperComponent_12">\r\n        \r\n    </span>\r\n\r\n                  <div class="citationButtons">\r\n                     \n    <div class="requestLink" id="Any_13">\n        \n\n        \n            <div class="Request" id="Any_1_12"> \n                        \t         \n            \t \n                \n                \n                \n                \t\n    \n    \n \n       \n        \n        \n            \n                <div class="requestButton">\n                   <a id="genericLink_12" class="button secondaryAction" href="https://encore.slcl.org/iii/encore/search;jsessionid=5F4C8E89B7C5F964F02DBB6C904346CF/Sdologin?lang=eng&amp;target=Nintendo%20Switch&amp;loginReason=doRequest&amp;actionRecordId=b2575525">\n                       <img alt="Direct Link" src="resources/gold/images/hold.png" id="genericLinkImage_12"></img>Request it\n                   </a>\n                </div>   \n            \n            \n        \n    \n\n                \n                \n                  <!--     popup -->\n                 \n        \t <!--    popup -->\n                \n            </div>\n        \n    </div>\n\r\n                  </div>\r\n                  \r\n<div class="addtlActions">\r\n\t\t<p>Additional actions:</p>\r\n    <ul class="inline-list initialActions">\r\n        \r\n        <li>\r\n    \r\n        <span id="bookCartOperationAnyComponentb2575525">\r\n            \r\n            \r\n\t\t\t\t\t<a id="addToBookCartLinkComponent_12" onMouseup="renewSession()" href="/iii/encore/SearchResultsPage,searchResultsComponent.resultComponent.searchBrowseResultBibComponent.recordActionsComponent.bookCartOperationComponent.addToBookCartLinkComponent.sdirect;jsessionid=5F4C8E89B7C5F964F02DBB6C904346CF?lang=eng&amp;sp=Sb2575525&amp;suite=cobalt" onclick="return tapestry.linkOnClick(this.href,\'addToBookCartLinkComponent_12\', false)">\r\n\t\t\t\t\t\t<img alt="Book Cart" width="22" title="Add to cart" src="resources/gold/images/bookcart.png" class="actionIcon" height="20" id="addToBookcartImageAnyComponent_12"></img>\r\n\t\t\t\t    </a>\r\n            \r\n        </span>\r\n    \r\n</li>\r\n        <li>\r\n    <a id="emailLinkComponent_12" onMouseup="renewSession()" class="toolbarItem popInDialogTrigger" href="/iii/encore/SearchResultsPage,searchResultsComponent.resultComponent.searchBrowseResultBibComponent.recordActionsComponent.emailComponent.emailLinkComponent.sdirect;jsessionid=5F4C8E89B7C5F964F02DBB6C904346CF?lang=eng&amp;sp=Sb2575525&amp;suite=cobalt" onclick="return tapestry.linkOnClick(this.href,\'emailLinkComponent_12\', false)">\r\n        <img alt="Email" width="19" title="Email" src="resources/gold/images/email.png" class="actionIcon" height="13" id="emailImageAnyComponent_12"></img>\r\n        \r\n    </a>\r\n    <!--confirmation dialog-->\r\n    \r\n    <div id="emailMessageContainer">\r\n        <div id="sentStatus">\r\n            <div id="emailStatusMessage">\r\n                \r\n            </div>\r\n        </div>\r\n    </div>\r\n</li>\r\n        \r\n             <li>\r\n\t\r\n</li>\r\n             <li>\r\n    \r\n</li>\r\n        \r\n        \r\n            <li><a href="javascript:void(0);" class="popUpTrigger moreActionsLink" onclick="toggleBibHoldingsPopup(this, false, \'moreActionsWrapper\',\'gridBrowseCol1\')">\r\n            <img width="13" alt="more actions" title="More actions" src="resources/gold/images/more.png" class="actionIcon" height="13" id="moreActionsImageAnyComponent_12"></img></a></li>\r\n        \r\n    </ul>\r\n   <div class="moreActionsWrapper popUpWrapper">\r\n       <a class="closeLink" onclick="toggleBibHoldingsPopup(this, true, \'moreActionsWrapper\',\'gridBrowseCol1\')" href="javascript:void(0);">\r\n           close\r\n       </a>\r\n       <h3 class="moreActionsHeader">more</h3>\r\n        <ul class="inline-list moreActions">\r\n            <li>\r\n    \r\n\t    \r\n\t    \r\n\t        <a id="loginLinkComponent_12" href="https://encore.slcl.org/iii/encore/search;jsessionid=5F4C8E89B7C5F964F02DBB6C904346CF/Sdologin?lang=eng&amp;target=Nintendo%20Switch&amp;loginReason=doTag&amp;actionRecordId=b2575525">\r\n\t           <img width="20" title="Add a Tag" src="resources/gold/images/tag.png" class="actionIcon" height="19" id="createCommunityTagsIconImageAny2Component_12"></img>\r\n\t        </a>\r\n\t    \r\n    \r\n</li>\r\n            \r\n            \r\n        </ul>\r\n       <img src="resources/gold/images/dropShadowArrow.png" class="dropShadowArrow" id="dialogArrowImageAnyComponent_12"></img>\r\n    </div>\r\n</div>\t \r\n\r\n                </div>\r\n            </div>\r\n            <div class="gridBrowseCol2">\r\n                \r\n                    <!--title-->\r\n                <div class="dpBibTitle">\r\n                    <!-- please read c1063106, c1063117, c1044421, c1060576a before changing title -->\r\n                    \r\n                        \r\n                            <span class="title">\r\n                                <a id="recordDisplayLink2Component_12" href="/iii/encore/record/C__Rb2575525__SNintendo%20Switch__P0%2C13__Orightresult__X3;jsessionid=5F4C8E89B7C5F964F02DBB6C904346CF?lang=eng&amp;suite=cobalt">\r\n                                    Nintendo Switch : LEGO worlds.\r\n                                </a>\r\n                            </span>\r\n                        \r\n                        \r\n                        \r\n                            <span class="title">\r\n                                <span class="additionalFields customSecondaryText">\r\n                                    \r\n                                </span>\r\n                            </span>\r\n                        \r\n                    \r\n\r\n                    \r\n                    <div class="dpBibAuthor">\r\n                        \r\n                        \r\n                    </div>\r\n                    <!-- MARC 962 Media -->\r\n                    <div class="recordDetailValue">\r\n                        \r\n                        <span class="itemMediaDescription" id="mediaTypeInsertComponent_12">ELECTRONIC RES</span>\r\n                        \r\n                        \r\n                                <span class="pipeDivider">|</span>\r\n                                <span class="itemMediaYear" id="searchResultPubYearInsertComponent_12"></span>\r\n                            \r\n                        \r\n                              <span class="pipeDivider">|</span>\r\n                              <span class="itemEdition" id="searchResultEditionInsertComponent_12">Nintendo Switch ed.</span>\r\n                           \r\n                    </div>\r\n                    \r\n                    \r\n                        <!-- bibHoldingsComponentAvailableOnlyOrAllItems -->\r\n                        \r\n    <!--start item info-->\r\n    \r\n    \r\n        <!-- over threshold holdings info -->\r\n        \r\n\t\r\n\r\n    \t<!--ERM-->\r\n        \r\n    \r\n    <!-- Dialog content -->\r\n    \r\n\r\n        <!-- checkin info -->\r\n        \r\n\t\r\n\r\n        <!-- Volume info -->\r\n        \r\n        <!-- Item info -->\r\n        \r\n                \r\n                  <!--This ItemsContainer elem does not get rendered into a toggle on the record page - only the browse -->\r\n                  <div id="ItemsContainer-b2575525" class="ItemsContainer">\r\n                        \r\n                           \r\n    \r\n        <div class="availabilitySummaryArea">\r\n            \r\n                <div class="dpBibHoldingStatement">\r\n                    <span class="availabilityMessage">\r\n                        <span class="itemsAvailable">Available</span> at Headquarters (<span class="availCallNumber">VIDEO GAME</span>)\r\n                    </span>\r\n                    \r\n                        <span class="itemsContainerPopUpTrigger"></span>\r\n                    \r\n                </div>\r\n            \r\n        </div>\r\n    \r\n    \r\n    \r\n\r\n                        \r\n                        <div class="content bibHoldingsWrapper popUpWrapper">\r\n                            <a href="javascript:void(0);" onclick="toggleBibHoldingsPopup(this, true)" class="closeLink">close</a>\r\n                            <!-- available-->\r\n                              \r\n                                  <div id="availableItemsSection" class="availableItemsSection">\r\n                                      \r\n    \r\n\r\n    \r\n            \r\n            \r\n                    <!--link moved into dpBibHoldingStatement via initBibHoldingsToggle JS -->\r\n                    <span class="itemsAvailHeader itemsSectionHeader" id="availHeaderWrapperAny2Component_23"><a href="javascript:void(0);" onclick="toggleBibHoldingsPopup(this)">see all</a></span>\r\n            \r\n            <!--start mark -->\r\n             <h3 class="sectionHeader itemsHeader customHeader">Items</h3>\r\n            <div id="allavailitems-b2575525">\r\n                \r\n\t                \r\n\t                    <div class="itemTableWrapper popUpContentWrapper">\r\n\t                        \r\n    \r\n\t\t<table class="itemTable" cellspacing="3">\r\n        \t<tr>\r\n\t        \t\r\n\t        \t\t<th>\r\n\t        \t\t\tLocation\r\n\t        \t\t</th>\r\n\t        \t\r\n\t        \t\t<th>\r\n\t        \t\t\tCall No.\r\n\t        \t\t</th>\r\n\t        \t\r\n\t        \t\t<th>\r\n\t        \t\t\tStatus\r\n\t        \t\t</th>\r\n\t        \t\r\n        \t</tr>\r\n            \r\n            \t<tr>\r\n            \t\t\r\n                        \r\n            \t\t\r\n                        \r\n                            <td>\r\n                                \r\n                                    \r\n                                    \r\n                                        \r\n                                            \r\n \r\n\t \r\n\t    \t\r\n\t\t\r\n\t\t\r\n\t\t\tHeadquarters\r\n\t\t\r\n    \r\n \r\n\r\n\r\n                                        \r\n                                        \r\n                                    \r\n            \t\t\t        \r\n\t            \t\t\t</td>\r\n            \t\t\t\r\n            \t\t\r\n                        \r\n                            <td>\r\n                                \r\n                                    \r\n                                    \r\n                                        \r\n                                        \r\n                                            \r\n                                                <a id="callNoBrowseDirectLinkComponent_47" href="/iii/encore/SearchResultsPage,searchResultsComponent.resultComponent.searchBrowseResultBibComponent.$BibHoldingsComponent.bibHoldingsAvailableItems2.itemTableComponent.callNoBrowseDirectLinkComponent.sdirect;jsessionid=5F4C8E89B7C5F964F02DBB6C904346CF?lang=eng&amp;sp=Si20284009&amp;sp=Sb2575525&amp;suite=cobalt" onclick="return tapestry.linkOnClick(this.href,\'callNoBrowseDirectLinkComponent_47\', false)">\r\n                                                    VIDEO GAME\r\n                                                </a>\r\n                                            \r\n                                            \r\n                                        \r\n                                    \r\n            \t\t\t        \r\n                                    \r\n                                         \r\n                                    \r\n                                    \r\n            \t\t\t        \r\n                                    \r\n                                         \r\n                                    \r\n                                    \r\n            \t\t\t        \r\n\t            \t\t\t</td>\r\n            \t\t\t\r\n            \t\t\r\n                        \r\n                            <td>\r\n                                \r\n                                    \r\n                                        IN LIBRARY\r\n                                    \r\n                                    \r\n            \t\t\t        \r\n\t            \t\t\t</td>\r\n            \t\t\t\r\n            \t\t\r\n            \t</tr>\r\n            \r\n        </table>\r\n    \r\n\r\n\t                        \r\n\t\t\t\t\t\t\t\r\n\t\t\t\t\t\t\t\t<a id="showAllItemsLinkComponent_47" class="showAllItemsLink customToggle" href="/iii/encore/SearchResultsPage,searchResultsComponent.resultComponent.searchBrowseResultBibComponent.$BibHoldingsComponent.bibHoldingsAvailableItems2.showAllItemsLinkComponent.sdirect;jsessionid=5F4C8E89B7C5F964F02DBB6C904346CF?lang=eng&amp;sp=Sb2575525&amp;sp=T&amp;sp=Sallavailitems-b2575525&amp;sp=F&amp;suite=cobalt" onclick="return tapestry.linkOnClick(this.href,\'showAllItemsLinkComponent_47\', false)">\r\n\t\t\t\t\t\t\t\tShow remaining items</a>\r\n\t\t\t\t\t\t\t\r\n\t\t\t\t\t\t\t\r\n  \xe2\x80\x8b\t\t\t\t\t\t\t\r\n  \r\n\t\t\t\t\t<form method="post" action="/iii/encore/SearchResultsPage,searchResultsComponent.resultComponent.searchBrowseResultBibComponent.$BibHoldingsComponent.bibHoldingsAvailableItems2.countComponent.sdirect;jsessionid=5F4C8E89B7C5F964F02DBB6C904346CF" id="countComponent_47" style="display:none;">\n<div style="display:none;" id="countComponent_47hidden"><input type="hidden" name="formids" value="allCountInsertComponent_47,allAvailCountInsertComponent_47" />\n<input type="hidden" name="seedids" value="ZH4sIAAAAAAAAAI1a3W7juhFeoO2bBOiNC1iK4sSXjpM9ayDZBLb3nNOrBS3RNrGUqJKSk5xn6qv1HTqkKJs/I8c3G2W+4XD+OWT2v//78o+/vnz5+5d/ZiNF5YHl9Go8qslO/8hFWYuKVo35rhrCKirhW1GlmKj0Vw3/7AQvXmHFH5LUNZVzZ5XaU85dwkYUH97vRNEHJmnegMBFBSo0JzgZbQloJKol5UQzuCsrscolq5tn2pAl3Uqq9v7O4m3eqkaU3ygpqFxsXTR3kWBXraT4NSeyeWLVL1ebxfYquck8eFZ55iy2P8dX1+PRI1f0Kkl9Uc/gNnBTvF9NGimqtRBcueSCqZqTj1eDvtTaAWqxTT0ryYGu90ytKJH5PlBGu2AFDB2oNfCd0G0746CN+lEXpKGIAAMvSq33FlHuiVS7FsAV5RBDAc7UmYC53O6W56KtmiexY9XntrocLXjNLPOjAj43/rxKJpndA7hECw6utkyW91zkHnv5YXV4oE1gr1Wi88hMUuJrsDdW2aRaPz+5WCNqs5O/AqhLWsGiSItKNH9+W6bw9Z+WSt/rJlxfhSxdKqtUc5XdjTg4XP9ULWuo+ejYGeXFE9lQHotaNZLBovGIFAdS5bQ4JcTJAaYJmEUxVyzSJMSqLTfMS2RVQ7mv2t2OqrBcD4SzwhTxo5RCnoHUVx/WnQe+lPVk0EAsOofs3QnfkXtR0tcocXuqLtGoYfjCgp7hgYxqPZ1iTENVupKghVeyCbQeKTVXsJVJ4uszlvXitN4XCAzjdm7bLA7wkqqWQxFUSGpazAVEs6dyJVqZU/XMKlYSLw9pRTZce8LR+2YkOzlds/BCRFS3x4o2fgy6JXNdvnEbdZdh0e0Sek3fA6HqRI9k6nWm6/TN218pZNN3vpBum5iXzJmR98pqT851H5zVcZmOnnbZhWy+tQjj+qO2506KJMWRr2sCfuqk56S5bFuS0+Y3Kdra3eJEXRRBNh2YYoGNSU/0LUpsk/85ucqm/fet/tb+XJPdnIu2CFKF7fbNihXU9N7vpKRhLKxdS4/RdaOb1X4WwjjSN0gfUpD5/PG9JlXRq+UVgocE/mjITj0JUkCzHhwVJFqXlurZl1wfq8UhnergXoo3RbuCeZViJ0npRWKI955tQj6MJ1CkCuaBo3ZLmgtZ/GuT3kzu0ulUnz9mFrQTiQt0p/vK6UHWTcqTS6qPaBK11rgapLegARy+Khzzrkfg3ask0/1k1W5KWrXLjlHnvQqsAJ/DyAfCYNHPRFOYejlQWUh2oA/ireIQ0WANU7N3pq4n44i+PGkUYH2ynhg0dUdhImc58qs5oQOadZehikZYJWZ17c1Kpgn4gdIhmnVhCUJ4YPRNPSLt/fo4+r5AJILp3UEvXOsmvJMSFExo1KK6t/yBmBAOugrkSlGsxT0+7jtoTuwM7NWd3qAkjMeUSJKhohLMAQPs4bGkQ45OsL20VUOaVjkhVYYQOpJtugqLim/7JuQvBa1KIJZDvX4XDe3QSN9nIalNByRTyxOKWgxehd/LtmLNB3TCaG/b0uHM3SENCQ7jHaRLdQaKoszja4N2Lwz4DXVVUQtwea9z6jEXjICUGcynb4NhXO9hIK50oGPd1qzhsKhY6tghzXCAJ53Hhfhgb15gjw+701ksK7xbD+xpnWeagM86Kwqmo0q4uWyEmebuHrHim8+snucktc1eRM5yGQZ4Sgoh+7F8wsjY/BKIfW03nKl9HCef59/w6wUc5/d67Jx1Rk7PEcvJ4ackYcZZalQIcC5/E1wPGMGRyfWNQGd4IOgERLJyAbe/ihaowMflM0p3jfpGlMO2qLbijAfU15bzuBNuHIP2NP/FggPKXOo6IBAOh/vvgrdldKCfgMhkM0I0tFTz/jFsDS0nyl+fxZ1g4NYPIdCmxG16doDOQTaMQy+Cm3VJZNxhtGSLIfcRPUGcGLxhEOYTFq+N04kpd4wzTQBpVLEaqKtstqkBVZW1mNN1eNXxI3vkM45Nr5JE5+UxcZx12Z2L+EoBVpL3gBsoERfR23WXUjtH+qdBmsEm3HBpnyo3wAWw2BHeKBtsBx8vUp+eGKiFGU941O40DPwD9KbjhESt/LF/euNiUYyzSQc/QFl7C6e37roITrMMQgZDgZunj5zCeOzPLf3+vxPeBleu62kygqOLVQbzhnGQfkL8kGgMCp+EPRIU7sn+2W699uSAgfNOj8NUXgBHKaIZfhMCSv+Z1NEMhDJEMnrdsXcHxILB9T4ATrGvmHNI0u+iK+dAu9yBusf3yIH2ugGZZ5qADWf0hACcyHaRridpniA/LbuJgJvSiPXRTz5BoXP0HSi71ZDJ0iHcL8NA29uoiCOGXlM37dNRrs+ZjXg35w3MoXpMRBmGEXdpOrzWh9xOad2nyeCEqD0ZxbVn1nv99xJY1eXusMC+9T5D67Tdd4x3SKdg7S3BLgkG1fTab5/QgiMVeajgGYP7bVybA5nd8P6jHhrf0xGDG4AzHHXHevf3JQ0PHfzBsZd6I8uLDMf8dET1xdbtoP5q2ObxyBGmVzeHzYU/4/hAuEbTQlthwFmoTRWwds/frTRnP5UHfy4yTSCwbzpJQ+v0S9rNRIdMRcKfZ8v5nQWDdVv2bu4J9maDnBzAdCDSMCVR70gHXqrgX/N2h1gaMz++N1RWJPQ6XPxZzm2/CrD4ASsbT/AHrA74/FWj48MGSCs6HjyOAEZDysznD8iYScmQScmFJiWDJiVDJiWISRGzo3uCm5QgJt1m0wyNUg98ZlLPF5t0FB2a5AAYLTIp5A/ImEnZkEnZhSZlgyZlVkvTBCK7MsSu7IxdGW5Xhth1l9zd3mJ29cBndvV8sV1HCcEdJfofCFEsj0pxlBbZHPIH5CiWk+wOrbge+DSWlg+JZS86Ss8TgNHiMAb8ARlLz/FQeo4vTM/xYHqOkQQc40k2HnA4rp0FLnH4gHa96MCvmHaWjDTgBC2BHrigASd4CRxFIw04CTP8SIMm8LcJ3oUTJM17clTa6RT3eg98WtqWDyntXnRUuScAo8WVG/AHZKRbTW4GupUBLuhWhg/tVp1opBn1AEbDmpHHH5ARk27QP8n1wAUmGT7UpE40YlIPYDTMJI8/IEflfnOTolHqgU/L3fIh5d6LjvprB/wfnP52n2wnAAA=" />\n<input type="hidden" name="lang" value="eng" />\n<input type="hidden" name="suite" value="cobalt" />\n<input type="hidden" name="reservedids" value="inst,lang,suite" />\n<input type="hidden" name="submitmode" value="" />\n<input type="hidden" name="submitname" value="" />\n<input type="hidden" name="allCountInsertComponent_47" id="allCountInsertComponent_47" value="100" />\n<input type="hidden" name="allAvailCountInsertComponent_47" id="allAvailCountInsertComponent_47" value="100" />\n</div>\r\n\t\t\t\t\t\r\n\t\t\t\t\t\r\n\t\t\t\t\t</form> \r\n\t                    </div>\r\n\t                \r\n\t                \r\n                \r\n                \r\n            </div><!--end mark-->\r\n    \r\n\r\n                                  </div>\r\n                              \r\n                             <!--all -->\r\n                              \r\n                                   <a href="javascript:void(0);" onclick="showHideItemsToggle(this)" class="showAllToggleLink availCheckboxLink"><img width="15" src="resources/gold/images/checkbox_checked.png" class="availCheckbox" height="13" id="checkboxCheckedImageComponent_12"></img>only show available</a>\r\n                                   <a href="javascript:void(0);" onclick="showHideItemsToggle(this)" class="showAvailableToggleLink availCheckboxLink"><img width="15" src="resources/gold/images/checkbox.png" class="availCheckbox" height="13" id="checkboxImageComponent_12"></img>only show available</a>\r\n                                   <a href="javascript:void(0);" onclick="showHideItemsToggle(this)" class="showAllMaxToggleLink availCheckboxLink"><img width="15" src="resources/gold/images/checkbox_checked.png" class="availCheckbox" height="13" id="checkboxCheckedImage2Component_12"></img>only show available</a>\r\n                                   <a href="javascript:void(0);" onclick="showHideItemsToggle(this)" class="showAvailableMaxToggleLink availCheckboxLink"><img width="15" src="resources/gold/images/checkbox.png" class="availCheckbox" height="13" id="checkboxImage2Component_12"></img>only show available</a>\r\n                                    \r\n                                    <div id="allItemsSection" class="allItemsSection">\r\n                                       \r\n    \r\n\r\n    \r\n            \r\n            \r\n                    <!--link moved into dpBibHoldingStatement via initBibHoldingsToggle JS -->\r\n                    <span class="itemsSectionHeader" id="availHeaderWrapperAny2Component_24"><a href="javascript:void(0);" onclick="toggleBibHoldingsPopup(this)">see all</a></span>\r\n            \r\n            <!--start mark -->\r\n             <h3 class="sectionHeader itemsHeader customHeader">Items</h3>\r\n            <div id="allitems-b2575525">\r\n                \r\n\t                \r\n\t                    <div class="itemTableWrapper popUpContentWrapper">\r\n\t                        \r\n    \r\n\t\t<table class="itemTable" cellspacing="3">\r\n        \t<tr>\r\n\t        \t\r\n\t        \t\t<th>\r\n\t        \t\t\tLocation\r\n\t        \t\t</th>\r\n\t        \t\r\n\t        \t\t<th>\r\n\t        \t\t\tCall No.\r\n\t        \t\t</th>\r\n\t        \t\r\n\t        \t\t<th>\r\n\t        \t\t\tStatus\r\n\t        \t\t</th>\r\n\t        \t\r\n        \t</tr>\r\n            \r\n            \t<tr>\r\n            \t\t\r\n                        \r\n            \t\t\r\n                        \r\n                            <td>\r\n                                \r\n                                    \r\n                                    \r\n                                        \r\n                                            \r\n \r\n\t \r\n\t    \t\r\n\t\t\r\n\t\t\r\n\t\t\tHeadquarters\r\n\t\t\r\n    \r\n \r\n\r\n\r\n                                        \r\n                                        \r\n                                    \r\n            \t\t\t        \r\n\t            \t\t\t</td>\r\n            \t\t\t\r\n            \t\t\r\n                        \r\n                            <td>\r\n                                \r\n                                    \r\n                                    \r\n                                        \r\n                                        \r\n                                            \r\n                                                <a id="callNoBrowseDirectLinkComponent_48" href="/iii/encore/SearchResultsPage,searchResultsComponent.resultComponent.searchBrowseResultBibComponent.$BibHoldingsComponent.bibHoldingsAllItems.itemTableComponent.callNoBrowseDirectLinkComponent.sdirect;jsessionid=5F4C8E89B7C5F964F02DBB6C904346CF?lang=eng&amp;sp=Si20284009&amp;sp=Sb2575525&amp;suite=cobalt" onclick="return tapestry.linkOnClick(this.href,\'callNoBrowseDirectLinkComponent_48\', false)">\r\n                                                    VIDEO GAME\r\n                                                </a>\r\n                                            \r\n                                            \r\n                                        \r\n                                    \r\n            \t\t\t        \r\n                                    \r\n                                         \r\n                                    \r\n                                    \r\n            \t\t\t        \r\n                                    \r\n                                         \r\n                                    \r\n                                    \r\n            \t\t\t        \r\n\t            \t\t\t</td>\r\n            \t\t\t\r\n            \t\t\r\n                        \r\n                            <td>\r\n                                \r\n                                    \r\n                                        IN LIBRARY\r\n                                    \r\n                                    \r\n            \t\t\t        \r\n\t            \t\t\t</td>\r\n            \t\t\t\r\n            \t\t\r\n            \t</tr>\r\n            \r\n        </table>\r\n    \r\n\r\n\t                        \r\n\t\t\t\t\t\t\t\r\n\t\t\t\t\t\t\t\t<a id="showAllItemsLinkComponent_48" class="showAllItemsLink customToggle" href="/iii/encore/SearchResultsPage,searchResultsComponent.resultComponent.searchBrowseResultBibComponent.$BibHoldingsComponent.bibHoldingsAllItems.showAllItemsLinkComponent.sdirect;jsessionid=5F4C8E89B7C5F964F02DBB6C904346CF?lang=eng&amp;sp=Sb2575525&amp;sp=T&amp;sp=Sallitems-b2575525&amp;sp=F&amp;suite=cobalt" onclick="return tapestry.linkOnClick(this.href,\'showAllItemsLinkComponent_48\', false)">\r\n\t\t\t\t\t\t\t\tShow remaining items</a>\r\n\t\t\t\t\t\t\t\r\n\t\t\t\t\t\t\t\r\n  \xe2\x80\x8b\t\t\t\t\t\t\t\r\n  \r\n\t\t\t\t\t<form method="post" action="/iii/encore/SearchResultsPage,searchResultsComponent.resultComponent.searchBrowseResultBibComponent.$BibHoldingsComponent.bibHoldingsAllItems.countComponent.sdirect;jsessionid=5F4C8E89B7C5F964F02DBB6C904346CF" id="countComponent_48" style="display:none;">\n<div style="display:none;" id="countComponent_48hidden"><input type="hidden" name="formids" value="allCountInsertComponent_48,allAvailCountInsertComponent_48" />\n<input type="hidden" name="seedids" value="ZH4sIAAAAAAAAAI1a3W7juhFeoO2bBOiND2ApchJfOk72rItkE9jec9qrBS3RNrGUqJKSk/SZ+mp9hw4pyubPyPHNRplvOJx/Dpn97/++/O0/X7789cvfv40UlQeW06vxqCY7/SMXZS0qWjXmu2oIq6iEb0WVYqLSXzX8sxO8eIUVf0pS11TOnVVqTzl3CRtRfHi/E0UfmKR5AwIXFajQnOBktCWgkaiWlBPN4K6sxCqXrG6eaUOWdCup2vs7i7d5qxpRfqOkoHKxddHcRYJdtZLi15zI5olVv1xtFturZDLx4FnlmbPY/hxfXY9Hj1zRqyRNPN5ncBu4Kd6vJo0U1VoIrlxywVTNycerQV9q7QC12KaeleRA13umVpTIfB8oo12wAoYO1Br4Tui2nXHQRv2oC9JQRICBF6XWe4so90SqXQvginKIoQBn6kzAXG53y3PRVs2T2LHqc1tdjha8Zpb5UQGfG39eJTdTuwdwiRYcXG2ZLO+5yD328sPq8ECbwF6rROeRmaTE12BvrLJJtX5+crFG1GYnfwVQl7SCRZEWlWj++W2Zwte/Wyp9r5twfRWydKmsUs1VNh1xcLj+qVrWUPPRsTPKiyeyoTwWtWokg0XjESkOpMppcUqIkwNMEzCLYq5YpEmIVVtumJfIqoZyX7W7HVVhuR4IZ4Up4kcphTwDqa8+rDsPfCnryaCBWHQO2bsTviP3oqSvUeL2VF2iUcPwhQU9wwMZ1Xo6xZiGqnQlQQuvZBNoPVJqrmArk8TXZyzrxWm9LxAYxu3ctlkc4CVVLYciqJDUtJgLiGZP5Uq0MqfqmVWsJF4e0opsuPaEo/dkJDs5XbPwQkRUt8eKNn4MuiVzXb5xG3WXYdHtEnpN3wOh6kSPZOp1puv0zdtfKWTTd76QbpuYl8yZkffKak/OdR+c1XGZjp522YVsvrUI4/qjtudOiiTFka9rAn7qpOekuWxbktPmdyna2t3iRF0UQTYdmGKBjUlP9C1KbJP/eXM16Rv+z1v9rf25Jrs5F20RpArb7ZsVK6jpvd9JScNYWLuWHqPrRjer/SyEcaRvkD6kIPP543tNqqJXyysEDwn80ZCdehKkgGY9OCpItC4t1bMvuT5Wi0M61cG9FG+KdgXzKsVOktKLxBDvPduEfBhPoEgVzANH7ZY0F7L4bZNObu7S6VSfP2YWtBOJC3Sn+8rpQdZNypNLqo9oErXWuBqkt6ABHL4qHPOuR+DdqyTT/WTVbkpatcuOUee9CqwAn8PIB8Jg0c9EU5h6OVBZSHagD+Kt4hDRYA1Ts3emrm/GEX150ijA+mQ9MWjqjsJEznLkV3NCBzTrLkMVjbBKzOram5VME/ADpUM068IShPDA6Jt6RNr79XH0fYFIBNO7g1641k14JyUomNCoRXVv+QMxIRx0FciVoliLe3zcd9Cc2BnYqzu9QUkYjymRJENFJZgDBtjDY0mHHJ1ge2mrhjStckKqDCF0JNt0FRYV3/ZNyF8KWpVALId6/S4a2qGRvs9CUpsOSKaWJxS1GLwKv5dtxZoP6ITR3ralw5m7QxoSHMY7SJfqDBRFmcfXBu1eGPAb6qqiFuDyXufUYy4YASkzmE/fBsO43sNAXOlAx7qtWcNhUbHUsUOa4QBPOo8L8cHevMAeH3ans1hWeLce2NM6zzQBn3VWFExHlXBz2Qgzzd09YsU3n1k9z0lqm72InOUyDPCUFEL2Y/mEkbH5JRD72m44U/s4Tj7Pv+DXCzjO7/XYOeuMnJ4jlpPDT0nCjLPUqBDgXP4muB4wgiOT6xuBzvBA0AmIZOUCbn8VLVCBj8tnlO4a9Y0oh21RbcUZD6ivLedxJ9w4Bu1p/osFB5S51HVAIBwO9z8Eb8voQD8BkclmhGhoqeb9Y9gaWk6Uvz6LO8HArR9CoE2J2/TsAJ2DbBiHXgQ365LIuMNoyRZD7iN6gjgxeMMgzCcsXhunE1PuGGeaANKoYjVQV9lsUwOqKmsxp+vwquNH9shnHJteJYnOy2PiOOuyqYv4SgFWkveAGygRF9HbdZdSO0f6p0E6gU244dI+VW6AC2CxI7xRNtgOPl6kPj0xUAsznvCo3WkY+AfoTccJiVr5Y//Uw6IY90sfoKy9hf66CE61hgqGAjdPHzmF8difW3o5fxDeBleua8Dg6GKVwbxhPHMRPyQag8InYY+cnsj+2W699uSAgfNOj8NUXgBHKaIZfhcCSv+Z1NEMhDJEMnrdsXcHxILB9T4ATrGvmHNI0u+iK+dAu9yBusf3yIH2ugGZZ5qADWf0hJCh20W6nqR5gvy07CYCbkoj1kc/+QSFztF3oOxOQyZLh3C/DANt76Iijhh6TYNDV58zG/FuzhuYQ/WYiDIMI+7SdHitD7md0rqvO7rj9mQU155Z7/XfS2BVl7uuwBRtvc/QOm33HeMd0ilYe0uwS4JBNb322ye04EhFHio4qB/n/TYa6W0OZHbD+496aHxPRwxuAM5w1B3r3d+XNDx08AfHXuqNLC8yHPPTEdUXW7eD+qthm8cjR7A07+awufBnHB8I12haaCsMOAu1qQLW7vm7lebsp/Lgz0WmCQT2TW/S0Dr9kja50SFTkfDn2XJ+Z8Fg3Za9m3uCvdkgJwcwHYg0TEnUO9KBlyr417zdIZbGzI/vDZUVCb0OF3+Wc9uvAix+wMrGN/gDVgd8/qrR8WEDpBUdDx5HAKMhZebzB2TMpGTIpORCk5JBk5IhkxLEpIjZ0T3BTUoQk26zaYZGqQc+M6nni006ig5NcgCMFpkU8gdkzKRsyKTsQpOyQZMyq6VpApFdGWJXdsauDLcrQ+y6S+5ubzG7euAzu3q+2K6jhOCOEv0PhCiWR6U4SotsDvkDchTLm+wOrbge+DSWlg+JZS86Ss8TgNHiMAb8ARlLz/FQeo4vTM/xYHqOkQQc40k2HnA4rp0FLnH4gHa96MCvmHaWjDTgBC2BHrigASd4CRxFIw04CTP8SIMm8Jd/4F04QdK8J0elnU5xr/fAp6Vt+ZDS7kVHlXsCMFpcuQF/QEa61c1koFsZ4IJuZfjQbtWJRppRD2A0rBl5/AEZMWmC/kmuBy4wyfChJnWiEZN6AKNhJnn8ATkq98kkRaPUA5+Wu+VDyr0XHfXXExDS/g/JcehNgCcAAA==" />\n<input type="hidden" name="lang" value="eng" />\n<input type="hidden" name="suite" value="cobalt" />\n<input type="hidden" name="reservedids" value="inst,lang,suite" />\n<input type="hidden" name="submitmode" value="" />\n<input type="hidden" name="submitname" value="" />\n<input type="hidden" name="allCountInsertComponent_48" id="allCountInsertComponent_48" value="100" />\n<input type="hidden" name="allAvailCountInsertComponent_48" id="allAvailCountInsertComponent_48" value="100" />\n</div>\r\n\t\t\t\t\t\r\n\t\t\t\t\t\r\n\t\t\t\t\t</form> \r\n\t                    </div>\r\n\t                \r\n\t                \r\n                \r\n                \r\n            </div><!--end mark-->\r\n    \r\n\r\n                                    </div>\r\n                            \r\n                            \r\n                                <!--how to test for available items on the threshold link-->\r\n                                       <div class="availableMaxItemsSection">\r\n                                                \r\n    \r\n\r\n    \r\n            \r\n                 \r\n                \r\n                    <!--link moved into dpBibHoldingStatement via initBibHoldingsToggle JS -->\r\n                    <span class="itemsAvailHeader itemsSectionHeader" id="availHeaderWrapperAnyComponent_23">\r\n                           <a id="showMaxItemsLink2Component_23" class="maxItemsLink" href="/iii/encore/SearchResultsPage,searchResultsComponent.resultComponent.searchBrowseResultBibComponent.$BibHoldingsComponent.bibHoldingsAvailableMaxItems2.showMaxItemsLink2Component.sdirect;jsessionid=5F4C8E89B7C5F964F02DBB6C904346CF?lang=eng&amp;sp=Sb2575525&amp;sp=F&amp;sp=Sallavailitemsmax-b2575525&amp;sp=F&amp;suite=cobalt" onclick="return tapestry.linkOnClick(this.href,\'showMaxItemsLink2Component_23\', false)">\r\n                               <a href="javascript:void(0);" onclick="toggleBibHoldingsPopup(this)">see all</a>\r\n                           </a>\r\n                    </span>\r\n                \r\n            \r\n            \r\n            <!--start mark -->\r\n             <h3 class="sectionHeader itemsHeader customHeader">Items</h3>\r\n            <div id="allavailitemsmax-b2575525">\r\n                \r\n\t                \r\n\t                    <div class="itemTableWrapper popUpContentWrapper">\r\n\t                        \r\n    \r\n\t\t<table class="itemTable" cellspacing="3">\r\n        \t<tr>\r\n\t        \t\r\n\t        \t\t<th>\r\n\t        \t\t\tLocation\r\n\t        \t\t</th>\r\n\t        \t\r\n\t        \t\t<th>\r\n\t        \t\t\tCall No.\r\n\t        \t\t</th>\r\n\t        \t\r\n\t        \t\t<th>\r\n\t        \t\t\tStatus\r\n\t        \t\t</th>\r\n\t        \t\r\n        \t</tr>\r\n            \r\n            \t<tr>\r\n            \t\t\r\n                        \r\n            \t\t\r\n                        \r\n                            <td>\r\n                                \r\n                                    \r\n                                    \r\n                                        \r\n                                            \r\n \r\n\t \r\n\t    \t\r\n\t\t\r\n\t\t\r\n\t\t\tHeadquarters\r\n\t\t\r\n    \r\n \r\n\r\n\r\n                                        \r\n                                        \r\n                                    \r\n            \t\t\t        \r\n\t            \t\t\t</td>\r\n            \t\t\t\r\n            \t\t\r\n                        \r\n                            <td>\r\n                                \r\n                                    \r\n                                    \r\n                                        \r\n                                        \r\n                                            \r\n                                                <a id="callNoBrowseDirectLinkComponent_49" href="/iii/encore/SearchResultsPage,searchResultsComponent.resultComponent.searchBrowseResultBibComponent.$BibHoldingsComponent.bibHoldingsAvailableMaxItems2.itemTableComponent.callNoBrowseDirectLinkComponent.sdirect;jsessionid=5F4C8E89B7C5F964F02DBB6C904346CF?lang=eng&amp;sp=Si20284009&amp;sp=Sb2575525&amp;suite=cobalt" onclick="return tapestry.linkOnClick(this.href,\'callNoBrowseDirectLinkComponent_49\', false)">\r\n                                                    VIDEO GAME\r\n                                                </a>\r\n                                            \r\n                                            \r\n                                        \r\n                                    \r\n            \t\t\t        \r\n                                    \r\n                                         \r\n                                    \r\n                                    \r\n            \t\t\t        \r\n                                    \r\n                                         \r\n                                    \r\n                                    \r\n            \t\t\t        \r\n\t            \t\t\t</td>\r\n            \t\t\t\r\n            \t\t\r\n                        \r\n                            <td>\r\n                                \r\n                                    \r\n                                        IN LIBRARY\r\n                                    \r\n                                    \r\n            \t\t\t        \r\n\t            \t\t\t</td>\r\n            \t\t\t\r\n            \t\t\r\n            \t</tr>\r\n            \r\n        </table>\r\n    \r\n\r\n\t                        \r\n\t\t\t\t\t\t\t\r\n\t\t\t\t\t\t\t\t<a id="showAllItemsLinkComponent_49" class="showAllItemsLink customToggle" href="/iii/encore/SearchResultsPage,searchResultsComponent.resultComponent.searchBrowseResultBibComponent.$BibHoldingsComponent.bibHoldingsAvailableMaxItems2.showAllItemsLinkComponent.sdirect;jsessionid=5F4C8E89B7C5F964F02DBB6C904346CF?lang=eng&amp;sp=Sb2575525&amp;sp=T&amp;sp=Sallavailitemsmax-b2575525&amp;sp=F&amp;suite=cobalt" onclick="return tapestry.linkOnClick(this.href,\'showAllItemsLinkComponent_49\', false)">\r\n\t\t\t\t\t\t\t\tShow remaining items</a>\r\n\t\t\t\t\t\t\t\r\n\t\t\t\t\t\t\t\r\n  \xe2\x80\x8b\t\t\t\t\t\t\t\r\n  \r\n\t\t\t\t\t<form method="post" action="/iii/encore/SearchResultsPage,searchResultsComponent.resultComponent.searchBrowseResultBibComponent.$BibHoldingsComponent.bibHoldingsAvailableMaxItems2.countComponent.sdirect;jsessionid=5F4C8E89B7C5F964F02DBB6C904346CF" id="countComponent_49" style="display:none;">\n<div style="display:none;" id="countComponent_49hidden"><input type="hidden" name="formids" value="allCountInsertComponent_49,allAvailCountInsertComponent_49" />\n<input type="hidden" name="seedids" value="ZH4sIAAAAAAAAAI1a3W7juhFeoO2bBOiNC1iKnZ9Lx8meNZBsAtt7zunVgpZom1hJdEnJSc4z9dX6Dh1SlEUOR4lvNsp8w+H8c8jsf//35R9/ffny9y//3I00V0eR8Yvx6MB25kcmy4OseFXb76pmouIKvjXXWsjKfB3gn50s8hdY8YdihwNXc2+V3vOi8Akbmb8HvzPN74XiWQ0CFxWoUPdwMtoy0EhWS14ww+CvrOQqU+JQP/GaLflWcb0Pd5av80bXsvzGWc7VYuujmY+gXY2S8tecqfpRVL98bRbbi2R6HcCzKjBnsf05vrgcjx4KzS+S9DLgfQK3gZvi/Q6sVrJaS1lon5wLfSjY+4tFnw/GAXqxTQMr2ZGv90KvOFPZHiljXLAChhY0GoROaLedFaCN/nHIWc0JARZelEbvLaHcI6t2DYArXkAMJTjTZALlcrdblsmmqh/lTlSf2+pzNOA1uyyMCvjc+vMiue72AC7ZgIOrrVDlXSGzgL18dzrc8xrZ65RoPTJTnIUa7K1VLqnWT48+VsuD3SlcAdQlr2BRpEUl6z+/LVP4+k/DVeh1G66vUpU+VVS6vpiORwU43PzUjai5/WjZBS/yR7bhRSxqVSsBi8Yjlh9ZlfG8T4jeAbYJ2EUxVyzSJsSqKTciSGR9gHJfNbsd17hcj6wQuS3iB6Wk+gDSX0PYdB740s6TqIE4dA7Zu5OhI/ey5C9R4nZUU6JRwwiFoZ4RgIIbPb1iTLEqbUnwPCjZBFqPUoYLbWWT+PIDyzpxRu8zBOK4fbTtJA7wkuumgCKoiNR0mA/Ies/VSjYq4/pJVKJkQR7yim0K4wlP7+lItXLaZhGEiOl2jxWvwxi0S+amfOM26i+jotsm9Jq/IaG6p0cyzTrbdbrmHa6Uqu46H6a7JhYk88TKexGHQM5lF5zVaZmJnnHZmWyhtQTj+v3gzp2USIoTX9sEwtRJP5Lms21ZxuvflGwO/hY9dZGjbDoKLZCNSUcMLUpck/95dTE9fV+bb+PPNdvNC9nkKFXEbl+vRM5t7/3OSo5j4exaBoy+G/2sDrMQxpGuQYaQhswvHt4OrMo7tYJCCBDkj5rt9KNkOTTrwVFBkXXpqIF9yeWpWjxSXwd3Sr5q3hbMi5I7xcogEkO8d2KD+SgepEiF5oGTdkueSZX/a5NOr27S21tz/thZ0E0kPtCe7iuvBzk36UAuq96jSdRZ42uQXoMGcPhqPOZdjsC7F8nE9JNVsyl51SxbRpP3GlkBPoeRD4TBop+JoQj9fOQqV+LI7+VrVUBE0RqhZ29CX16NI/qy1whhXbL2DIa64zCRi4z41Z7QiObcZamylk6J2eEQzEq2CYSBMiGatWFBITwK/qofiPbej77PEAk0vXvomWv9hPdSgoMJtV5Ud44ficEw6iqQK3m+lnf0uO+hGXMzcFB3ZoOSiSKmRJIslZRgDxhgx8eSCTk5wXbSVjWrG+2FVFsCdqTYtBUWFd/2VapfGlqVJCyHev0ua96ikb5PUnGXDkSmlj1KWgxehd/LphL1O3TCaG/X0uHM3RENCQ7jHaRL9QEURbmIrw3GvTDg19xXRS/A5Z3OacCcCwZSZjCfvg6Gcb2HgbgygY51W4u6gEX50sSOaIYDPOk8LsR7d/MCe0LYn85iWfhuPbCnc55tAiHrLM+FiSor7GUDZ5q/e8RKbz5zen4kqan3MnKWzzDAU3II2Y/lI0Wm5hck9qXZFELv4ziFPP+GX8/g+Hivh9ZZH8jpOGI5GfxUDGeco0aFAOfyN1mYAQMdmYW5EZgMR4J6IJKVSbj9VTwnBT4sn0i6b9Q3pj22RbWVH3hAf22KIu6EG8+gPc9+CXRA2UtdCyDhcLj/LoumjA70HohMtiNEzUs97x7D1tByovwNWfwJBm79EAJjStymZ0foHGwjCuhFcLMumYo7jJHsMOI+YiaIniEYBmE+EfHaOJ2E9sc42wSIRhWrQbrKZZseUFU7iwu+xledMLInPuvY9CJJTF6eEsdbNx37SKgUYCV7Q9xAibiY2a69lLo5MjwN0ilsUlgu41PtBzgHFjfCW2XRdvDxrMzpSYFGmPVEQG1PQ+SfqbksWE5I1CqM9PjSx6IYT9MWvoeyDu8L48RfGOHpdAIxg6nAT9SHgsN8HAwuJwV+Z0WD71zj6xGcXaKyWLAKpPdIGBODQeWzqEmCxh09PN2n3cW9B5H7+udhrs6AoyQxDL9JCcX/xA7RFEQyRDI63amXB8KCwfWo+MAr7iFzDnn6XbYVjdTLPKh9f4886G4ctgmsTwGNXhGmY2q7SFknDQsKM7MdCgpbHbE+5tUH1XpBPgVNbg1k83QIDysx1BZgXMcRQ6cpOnfNUbORb/bIgVHUTIokwzDiL02H14aQ3yyd+9rTO+5QVnHjmfXe/MkEVrXJOyyw675P0D37Bkw1Sa9k25eubgmaVQENOih04UjFAivo6Zcig7ttDNLZjGS28/uPw9AEn44EXAK8+ag92ds/MRl46OxHxZcGU8uzwpN+OuLmbuv30HA1bPNw4kBLs3YUm8twzAkBvMbQsK0w4yz0pkKs7Qt4o+zxz9XRG426vw4g+26vUmydeUybXpmQ6Uj402w5v3EgWrcVb/aq4C43xNkBTEemLFMS9Y504LEK/rXPd4SlMfPDW81VxbDX4e4vssL1K4TFb1iT8RX9htUCnz9stHzUDOlEx7PHCaBoRJmF/IhMmZQMmZScaVIyaFIyZFJCmBQxe7ontEkJYdL15HZCRqkDPjOp44tNOonGJnkARYtMwvyITJk0GTJpcqZJk0GTrGjbBCi7JoRdkw/smtB2TQi7bpKb62vKrg74zK6OL7brJAFdU6L/hBDF8qRUQdIimzE/IkexvJrckBXXAZ/G0vERsexER2HsAYoWhxHxIzKVnuOh9ByfmZ7jwfQcEwk4ppNsPOBwWjsHnOPwAe060civlHaOTDTghCyBDjijASd0CZxEEw04wRne0qAJ/E0MduGESPOOHJV2ekt7vQM+LW3HR5R2Jzqq3B6gaHHlIn5EJrrV1XSgW1ngjG5l+chu1YommlEHUDSqGQX8iEyYNCX/KtcBZ5hk+UiTWtGESR1A0SiTAn5Ejsp9Ok3JKHXAp+Xu+Ihy70RH/bUHKFrcX1vs/y2wEf+fJwAA" />\n<input type="hidden" name="lang" value="eng" />\n<input type="hidden" name="suite" value="cobalt" />\n<input type="hidden" name="reservedids" value="inst,lang,suite" />\n<input type="hidden" name="submitmode" value="" />\n<input type="hidden" name="submitname" value="" />\n<input type="hidden" name="allCountInsertComponent_49" id="allCountInsertComponent_49" value="100" />\n<input type="hidden" name="allAvailCountInsertComponent_49" id="allAvailCountInsertComponent_49" value="100" />\n</div>\r\n\t\t\t\t\t\r\n\t\t\t\t\t\r\n\t\t\t\t\t</form> \r\n\t                    </div>\r\n\t                \r\n\t                \r\n                \r\n                \r\n            </div><!--end mark-->\r\n    \r\n\r\n                                       </div>\r\n                            \r\n                            \r\n                                    <div id="allMaxItemsSection" class="allMaxItemsSection">\r\n                                        \r\n    \r\n\r\n    \r\n            \r\n                 \r\n                \r\n                    <!--link moved into dpBibHoldingStatement via initBibHoldingsToggle JS -->\r\n                    <span class="itemsSectionHeader" id="availHeaderWrapperAnyComponent_24">\r\n                           <a id="showMaxItemsLink2Component_24" class="maxItemsLink" href="/iii/encore/SearchResultsPage,searchResultsComponent.resultComponent.searchBrowseResultBibComponent.$BibHoldingsComponent.bibHoldingsAllMaxItems.showMaxItemsLink2Component.sdirect;jsessionid=5F4C8E89B7C5F964F02DBB6C904346CF?lang=eng&amp;sp=Sb2575525&amp;sp=F&amp;sp=Sallitemsmax-b2575525&amp;sp=F&amp;suite=cobalt" onclick="return tapestry.linkOnClick(this.href,\'showMaxItemsLink2Component_24\', false)">\r\n                               <a href="javascript:void(0);" onclick="toggleBibHoldingsPopup(this)">see all</a>\r\n                           </a>\r\n                    </span>\r\n                \r\n            \r\n            \r\n            <!--start mark -->\r\n             <h3 class="sectionHeader itemsHeader customHeader">Items</h3>\r\n            <div id="allitemsmax-b2575525">\r\n                \r\n\t                \r\n\t                    <div class="itemTableWrapper popUpContentWrapper">\r\n\t                        \r\n    \r\n\t\t<table class="itemTable" cellspacing="3">\r\n        \t<tr>\r\n\t        \t\r\n\t        \t\t<th>\r\n\t        \t\t\tLocation\r\n\t        \t\t</th>\r\n\t        \t\r\n\t        \t\t<th>\r\n\t        \t\t\tCall No.\r\n\t        \t\t</th>\r\n\t        \t\r\n\t        \t\t<th>\r\n\t        \t\t\tStatus\r\n\t        \t\t</th>\r\n\t        \t\r\n        \t</tr>\r\n            \r\n            \t<tr>\r\n            \t\t\r\n                        \r\n            \t\t\r\n                        \r\n                            <td>\r\n                                \r\n                                    \r\n                                    \r\n                                        \r\n                                            \r\n \r\n\t \r\n\t    \t\r\n\t\t\r\n\t\t\r\n\t\t\tHeadquarters\r\n\t\t\r\n    \r\n \r\n\r\n\r\n                                        \r\n                                        \r\n                                    \r\n            \t\t\t        \r\n\t            \t\t\t</td>\r\n            \t\t\t\r\n            \t\t\r\n                        \r\n                            <td>\r\n                                \r\n                                    \r\n                                    \r\n                                        \r\n                                        \r\n                                            \r\n                                                <a id="callNoBrowseDirectLinkComponent_50" href="/iii/encore/SearchResultsPage,searchResultsComponent.resultComponent.searchBrowseResultBibComponent.$BibHoldingsComponent.bibHoldingsAllMaxItems.itemTableComponent.callNoBrowseDirectLinkComponent.sdirect;jsessionid=5F4C8E89B7C5F964F02DBB6C904346CF?lang=eng&amp;sp=Si20284009&amp;sp=Sb2575525&amp;suite=cobalt" onclick="return tapestry.linkOnClick(this.href,\'callNoBrowseDirectLinkComponent_50\', false)">\r\n                                                    VIDEO GAME\r\n                                                </a>\r\n                                            \r\n                                            \r\n                                        \r\n                                    \r\n            \t\t\t        \r\n                                    \r\n                                         \r\n                                    \r\n                                    \r\n            \t\t\t        \r\n                                    \r\n                                         \r\n                                    \r\n                                    \r\n            \t\t\t        \r\n\t            \t\t\t</td>\r\n            \t\t\t\r\n            \t\t\r\n                        \r\n                            <td>\r\n                                \r\n                                    \r\n                                        IN LIBRARY\r\n                                    \r\n                                    \r\n            \t\t\t        \r\n\t            \t\t\t</td>\r\n            \t\t\t\r\n            \t\t\r\n            \t</tr>\r\n            \r\n        </table>\r\n    \r\n\r\n\t                        \r\n\t\t\t\t\t\t\t\r\n\t\t\t\t\t\t\t\t<a id="showAllItemsLinkComponent_50" class="showAllItemsLink customToggle" href="/iii/encore/SearchResultsPage,searchResultsComponent.resultComponent.searchBrowseResultBibComponent.$BibHoldingsComponent.bibHoldingsAllMaxItems.showAllItemsLinkComponent.sdirect;jsessionid=5F4C8E89B7C5F964F02DBB6C904346CF?lang=eng&amp;sp=Sb2575525&amp;sp=T&amp;sp=Sallitemsmax-b2575525&amp;sp=F&amp;suite=cobalt" onclick="return tapestry.linkOnClick(this.href,\'showAllItemsLinkComponent_50\', false)">\r\n\t\t\t\t\t\t\t\tShow remaining items</a>\r\n\t\t\t\t\t\t\t\r\n\t\t\t\t\t\t\t\r\n  \xe2\x80\x8b\t\t\t\t\t\t\t\r\n  \r\n\t\t\t\t\t<form method="post" action="/iii/encore/SearchResultsPage,searchResultsComponent.resultComponent.searchBrowseResultBibComponent.$BibHoldingsComponent.bibHoldingsAllMaxItems.countComponent.sdirect;jsessionid=5F4C8E89B7C5F964F02DBB6C904346CF" id="countComponent_50" style="display:none;">\n<div style="display:none;" id="countComponent_50hidden"><input type="hidden" name="formids" value="allCountInsertComponent_50,allAvailCountInsertComponent_50" />\n<input type="hidden" name="seedids" value="ZH4sIAAAAAAAAAI1a3W7juhFeoO2bBOiNC1iynZ9Lx8meNZBsAtt72l4taIm2iZVFlZSc5FwUfaC+Wt+hQ4qyyeHI8c1GmW84nH8Omf3v/7785Y8vX/785a//HmiuDiLjV8NBxbbmRyb3lSx5Wdvvsmai5Aq+NddayNJ8VfDPVhb5K6z4u2JVxdXMW6V3vCh8wlrmH8HvTPMHoXhWg8B5CSrUJzgZbBhoJMsFL5hh8FeWcpkpUdXPvGYLvlFc78Kd5dus0bXcf+Ms52q+8dHMR9CuRkn5a8ZU/STKX742881VMrkL4GkZmDPf/BxejYaDx0LzqySdBLzP4DZwU7xfxWoly5WUhfbJudBVwT5eLfpSGQfo+SYNrGQHvtoJveRMZTukjHHBEhha0GgQOqHddlqANvpHlbOaEwIsPN8bvTeEck+s3DYALnkBMZTgTJMJlMvdblkmm7J+kltRfm6rz9GA1+yyMCrgc+vPq+QmcXsAl2zAweVGqP19IbOAff/hdHjgNbLXKdF6ZKo4CzXYWatcUq2en3yslpXdKVwB1AUvYVGkRSnrf3xbpPD1r4ar0Os2XF+l2vtUUer6apIMCnC4+akbUXP70bILXuRPbM2LWNSyVgIWDQcsP7Ay4/kpIU4OsE3ALoq5YpE2IZbNfi2CRNYVlPuy2W65xuV6YIXIbRE/KiXVGUh/DWHTeeBLO0+iBuLQGWTvVoaO3Mk9f40St6OaEo0aRigM9YwAFNzo6RVjilVpS4LnQckm0HqUMlxoK5vEozOWdeKM3hcIxHE7t+04DvCC66aAIiiJ1HSYD8h6x9VSNirj+lmUYs+CPOQlWxfGE57ek4Fq5bTNIggR0+0eS16HMWiXzEz5xm3UX0ZFt03oFX9HQvWJHsk062zX6Zp3uFKquut8mO6aWJDMYyvvVVSBnFEXnOVxmYmecdmFbKG1BOPqo3LnTkokxZGvbQJh6qTnpPlsG5bx+jclm8rf4kSd5yibDkILZGPSEUOLEtfkf15fTdLu+8Z8G3+u2HZWyCZHqSK2u3opcm5773e25zgWzq5FwOi70c/qMAthHOkaZAhpyPzi8b1iZd6pFRRCgCB/1GyrnyTLoVn3jgqKrEtHDexLRsdq8UinOrhX8k3ztmBeldwqtg8i0cd7L9aYj+JBipRoHjhqt+CZVPnf1unk+ja9uzPnj50F3UTiA+3pvvR6kHOTDuSy8iOaRJ01vgbpDWgAh6/GY95oAN69Ssamnyyb9Z6XzaJlNHmvkRXgcxj5QBgs+pkYitAvB65yJQ78Qb6VBUQUrRF6+i706HoY0RcnjRDWJeuJwVC3HCZykRG/2hMa0Zy7LFXW0ikxrapgVrJNIAyUCdG0DQsK4UHwN/1ItPfRcfR9gUig6d1DL1zrJ7yXEhxMqPW8vHf8SAyGUVeBXMnzlbynx30PzZibgYO6MxvsmShiSiTJUkkJ9oABdnwsmZCTE2wnbVmzutFeSLUlYEeKdVthUfFt3qT6paFVScJyqNfvsuYtGun7LBV36UBk6v6EkhaDV+H3fVOK+gM6YbS3a+lw5m6JhgSH8RbSpTwDRVEu4muDcS8M+DX3VdFzcHmncxow54KBlCnMp2+9YVztYCAuTaBj3VaiLmBRvjCxI5phD086iwvxwd28wJ4Q9qezWBa+W/fs6Zxnm0DIOs1zYaLKCnvZwJnm7x6x0ptPnZ7nJDX1TkbO8hl6ePYcQvZj8USRqfkFiX1t1oXQuzhOIc8/4dcLOM7v9dg664ycjiOWk8FPxXDGOWpUCHAuf5OFGTDQkVmYG4HJcCToBESyMgm3v5LnpMDHxTNJ9436xrTHNi838owH9NemKOJOuPYM2vHsl0AHlL3UtQASDof777Jo9tGBfgIik+0IUfO9nnWPYStoOVH+hiz+BAO3fgiBMSVu09MDdA62FgX0IrhZ75mKO4yR7DDiPmImiBNDMAzCfCLitXE6Ce2PcbYJEI0qVoN0lcs23aOqdhYXfIWvOmFkj3zWselVkpi8PCaOt24SIKFSgO3ZO+IGSsTFzHbtpdTNkeFpkE5gk8JyGZ9qP8A5sLgR3iqLtoOPF2VOTwo0wqwnAmp7GiL/AL1uOSFRyzDSwxsfi2I8mbTwA5R1eF8YjvyFEZ5O7iBmMBX4ifpYcJiPg8HlqMDvrGjwnQtu/XB2idJiwSqQfkLCmBgMKp9FTXI4OtLD09357ckDkftOz8NcXQBHSWIYfpMSiv+ZVdEURDJEMjrdqZcHwoLe9aj4hqPuIXMGefpdthWN1Ms8qH1/jzzobhy2CayOAY1eEYCT2C5S1knDgsLMbIeCwlZHrI959UG1XpBPQZOhgWye9uFhJSJt4zqOGDpN0blrjpq1fLdHDoyiZlIkGfoRf2navzaE/Gbp3Nee3nGHsoobz6x25k8msKpN3n6BXfd9hu55asBUkwx6pL0ouCVoVsUdFLpwpGKBFTxjcLeNbzOS2c7vP6q+CT4dCLgEePNRe7K3f2IycN/Zj4ovDaaWF4Un/XTAzd3W76Hhatjm8ciBlmbtKDaT4ZgTAniNoWFbYcaZ63WJWNsX8EbZ45+rgzcadX8dQPbdXafYOvOYNrk2IdOR8OfpYnbrQLRuI97tVcFdboizA5gOTFmmJOodac9jFfxrn+8IS2Pmx/eaq5Jhr8PdX2SF61cIi9+wxsNr+g2rBT5/2Gj5qBnSiY5njyNA0YgyC/kRmTIp6TMpudCkpNekpM+khDApYvZ0T2iTEsKkm/HdmIxSB3xmUscXm3QUjU3yAIoWmYT5EZkyadxn0vhCk8a9JlnRtglQdo0Ju8Zn7BrTdo0Ju26T25sbyq4O+Myuji+26ygBXVOi/4QQxfKoVEHSIpsxPyJHsbwe35IV1wGfxtLxEbHsREdhPAEULQ4j4kdkKj2Hfek5vDA9h73pOSQScEgn2bDH4bR2DrjE4T3adaKRXyntHJlowAlZAh1wQQNO6BI4iiYacIIzvKVBE/jTf3q7cEKkeUeOSju9o73eAZ+WtuMjSrsTHVXuCaBoceUifkQmutX1pKdbWeCCbmX5yG7ViiaaUQdQNKoZBfyITJg0If8q1wEXmGT5SJNa0YRJHUDRKJMCfkSOyn0ySckodcCn5e74iHLvREf99QRQtLi/Iv6Q/H8AMTDIticAAA==" />\n<input type="hidden" name="lang" value="eng" />\n<input type="hidden" name="suite" value="cobalt" />\n<input type="hidden" name="reservedids" value="inst,lang,suite" />\n<input type="hidden" name="submitmode" value="" />\n<input type="hidden" name="submitname" value="" />\n<input type="hidden" name="allCountInsertComponent_50" id="allCountInsertComponent_50" value="100" />\n<input type="hidden" name="allAvailCountInsertComponent_50" id="allAvailCountInsertComponent_50" value="100" />\n</div>\r\n\t\t\t\t\t\r\n\t\t\t\t\t\r\n\t\t\t\t\t</form> \r\n\t                    </div>\r\n\t                \r\n\t                \r\n                \r\n                \r\n            </div><!--end mark-->\r\n    \r\n\r\n                                    </div>\r\n                            \r\n                            \r\n                            <div id ="showMoreLessLinkContainer">&nbsp;</div>\r\n                            \r\n                            <img alt="Drop Up Shadow" src="resources/gold/images/dropShadowUpArrow.png" class="dropShadowUpArrow" id="dialogUpArrowImageAnyComponent_12"></img>\r\n                        </div>\r\n                    </div>\r\n                    \r\n               \r\n               \r\n    \t\r\n    \t<!-- Order info -->\r\n        \r\n   \r\n\r\n\r\n                    \r\n                    \n    \n     \n\r\n                    \r\n\t\r\n\t\t<span title="ctx_ver=Z39.88-2004&amp;rft_val_fmt=info%3Aofi%2Ffmt%3Akev%3Amtx%3Abook&amp;rfr_id=info%3Asid%2Fiii.com%3Aencore&amp;rft.btitle=Nintendo+Switch+%3A+LEGO+worlds.&amp;rft.isbn=&amp;rft.date=&amp;rft_id=http%3A%2F%2Fencore.slcl.org%2Fiii%2Fencore%2Frecord%2FC__Rb2575525__SNintendo%2520Switch__P0%252C13__Orightresult__X3%3Bjsessionid%3D5F4C8E89B7C5F964F02DBB6C904346CF%3Flang%3Deng%26suite%3Dcobalt" class="Z3988" id="coinsAnyComponent_12"></span>\r\n\t\r\n\r\n                    <!-- ratingReviewsSummaryComponent -->\r\n                    \r\n                    <div class="addtlInfo">\r\n                       \r\n                       \r\n                       \r\n   \r\n\r\n                    </div>\r\n                </div>\r\n            </div>\r\n            <div class="bibLocations">\r\n                \r\n                \r\n            </div>\r\n        </div>\r\n    \r\n\r\n\t\r\n\r\n\t<!-- Browse Result Resource -->\r\n\t\r\n\r\n\t<!-- Browse Result External -->\r\n\t\r\n\r\n               \r\n           \r\n               \r\n\t<!-- Browse Result Program -->\r\n\t\r\n\r\n\t<!-- Browse Result Bib -->\r\n\t\r\n\t\t \r\n    \r\n        <div id="resultRecord-b2571644" class="gridBrowseContent2 searchResult">\r\n            <div class="gridBrowseCol1">\r\n                <div id="actionsUpdate-b2571644">\r\n                  \r\n    <span id="anyWrapperComponent_13">\r\n        \r\n    </span>\r\n\r\n                  <div class="citationButtons">\r\n                     \n    <div class="requestLink" id="Any_14">\n        \n\n        \n            <div class="Request" id="Any_1_13"> \n                        \t         \n            \t \n                \n                \n                \n                \t\n    \n    \n \n       \n        \n        \n            \n                <div class="requestButton">\n                   <a id="genericLink_13" class="button secondaryAction" href="https://encore.slcl.org/iii/encore/search;jsessionid=5F4C8E89B7C5F964F02DBB6C904346CF/Sdologin?lang=eng&amp;target=Nintendo%20Switch&amp;loginReason=doRequest&amp;actionRecordId=b2571644">\n                       <img alt="Direct Link" src="resources/gold/images/hold.png" id="genericLinkImage_13"></img>Request it\n                   </a>\n                </div>   \n            \n            \n        \n    \n\n                \n                \n                  <!--     popup -->\n                 \n        \t <!--    popup -->\n                \n            </div>\n        \n    </div>\n\r\n                  </div>\r\n                  \r\n<div class="addtlActions">\r\n\t\t<p>Additional actions:</p>\r\n    <ul class="inline-list initialActions">\r\n        \r\n        <li>\r\n    \r\n        <span id="bookCartOperationAnyComponentb2571644">\r\n            \r\n            \r\n\t\t\t\t\t<a id="addToBookCartLinkComponent_13" onMouseup="renewSession()" href="/iii/encore/SearchResultsPage,searchResultsComponent.resultComponent.searchBrowseResultBibComponent.recordActionsComponent.bookCartOperationComponent.addToBookCartLinkComponent.sdirect;jsessionid=5F4C8E89B7C5F964F02DBB6C904346CF?lang=eng&amp;sp=Sb2571644&amp;suite=cobalt" onclick="return tapestry.linkOnClick(this.href,\'addToBookCartLinkComponent_13\', false)">\r\n\t\t\t\t\t\t<img alt="Book Cart" width="22" title="Add to cart" src="resources/gold/images/bookcart.png" class="actionIcon" height="20" id="addToBookcartImageAnyComponent_13"></img>\r\n\t\t\t\t    </a>\r\n            \r\n        </span>\r\n    \r\n</li>\r\n        <li>\r\n    <a id="emailLinkComponent_13" onMouseup="renewSession()" class="toolbarItem popInDialogTrigger" href="/iii/encore/SearchResultsPage,searchResultsComponent.resultComponent.searchBrowseResultBibComponent.recordActionsComponent.emailComponent.emailLinkComponent.sdirect;jsessionid=5F4C8E89B7C5F964F02DBB6C904346CF?lang=eng&amp;sp=Sb2571644&amp;suite=cobalt" onclick="return tapestry.linkOnClick(this.href,\'emailLinkComponent_13\', false)">\r\n        <img alt="Email" width="19" title="Email" src="resources/gold/images/email.png" class="actionIcon" height="13" id="emailImageAnyComponent_13"></img>\r\n        \r\n    </a>\r\n    <!--confirmation dialog-->\r\n    \r\n    <div id="emailMessageContainer">\r\n        <div id="sentStatus">\r\n            <div id="emailStatusMessage">\r\n                \r\n            </div>\r\n        </div>\r\n    </div>\r\n</li>\r\n        \r\n             <li>\r\n\t\r\n</li>\r\n             <li>\r\n    \r\n</li>\r\n        \r\n        \r\n            <li><a href="javascript:void(0);" class="popUpTrigger moreActionsLink" onclick="toggleBibHoldingsPopup(this, false, \'moreActionsWrapper\',\'gridBrowseCol1\')">\r\n            <img width="13" alt="more actions" title="More actions" src="resources/gold/images/more.png" class="actionIcon" height="13" id="moreActionsImageAnyComponent_13"></img></a></li>\r\n        \r\n    </ul>\r\n   <div class="moreActionsWrapper popUpWrapper">\r\n       <a class="closeLink" onclick="toggleBibHoldingsPopup(this, true, \'moreActionsWrapper\',\'gridBrowseCol1\')" href="javascript:void(0);">\r\n           close\r\n       </a>\r\n       <h3 class="moreActionsHeader">more</h3>\r\n        <ul class="inline-list moreActions">\r\n            <li>\r\n    \r\n\t    \r\n\t    \r\n\t        <a id="loginLinkComponent_13" href="https://encore.slcl.org/iii/encore/search;jsessionid=5F4C8E89B7C5F964F02DBB6C904346CF/Sdologin?lang=eng&amp;target=Nintendo%20Switch&amp;loginReason=doTag&amp;actionRecordId=b2571644">\r\n\t           <img width="20" title="Add a Tag" src="resources/gold/images/tag.png" class="actionIcon" height="19" id="createCommunityTagsIconImageAny2Component_13"></img>\r\n\t        </a>\r\n\t    \r\n    \r\n</li>\r\n            \r\n            \r\n        </ul>\r\n       <img src="resources/gold/images/dropShadowArrow.png" class="dropShadowArrow" id="dialogArrowImageAnyComponent_13"></img>\r\n    </div>\r\n</div>\t \r\n\r\n                </div>\r\n            </div>\r\n            <div class="gridBrowseCol2">\r\n                \r\n                    <!--title-->\r\n                <div class="dpBibTitle">\r\n                    <!-- please read c1063106, c1063117, c1044421, c1060576a before changing title -->\r\n                    \r\n                        \r\n                            <span class="title">\r\n                                <a id="recordDisplayLink2Component_13" href="/iii/encore/record/C__Rb2571644__SNintendo%20Switch__P0%2C14__Orightresult__X3;jsessionid=5F4C8E89B7C5F964F02DBB6C904346CF?lang=eng&amp;suite=cobalt">\r\n                                    Nintendo Switch : Sonic mania plus.\r\n                                </a>\r\n                            </span>\r\n                        \r\n                        \r\n                        \r\n                            <span class="title">\r\n                                <span class="additionalFields customSecondaryText">\r\n                                    \r\n                                </span>\r\n                            </span>\r\n                        \r\n                    \r\n\r\n                    \r\n                    <div class="dpBibAuthor">\r\n                        \r\n                        \r\n                    </div>\r\n                    <!-- MARC 962 Media -->\r\n                    <div class="recordDetailValue">\r\n                        \r\n                        <span class="itemMediaDescription" id="mediaTypeInsertComponent_13">ELECTRONIC RES</span>\r\n                        \r\n                        \r\n                                <span class="pipeDivider">|</span>\r\n                                <span class="itemMediaYear" id="searchResultPubYearInsertComponent_13"></span>\r\n                            \r\n                        \r\n                              <span class="pipeDivider">|</span>\r\n                              <span class="itemEdition" id="searchResultEditionInsertComponent_13">Nintendo Switch ed.</span>\r\n                           \r\n                    </div>\r\n                    \r\n                    \r\n                        <!-- bibHoldingsComponentAvailableOnlyOrAllItems -->\r\n                        \r\n    <!--start item info-->\r\n    \r\n    \r\n        <!-- over threshold holdings info -->\r\n        \r\n\t\r\n\r\n    \t<!--ERM-->\r\n        \r\n    \r\n    <!-- Dialog content -->\r\n    \r\n\r\n        <!-- checkin info -->\r\n        \r\n\t\r\n\r\n        <!-- Volume info -->\r\n        \r\n        <!-- Item info -->\r\n        \r\n                \r\n                  <!--This ItemsContainer elem does not get rendered into a toggle on the record page - only the browse -->\r\n                  <div id="ItemsContainer-b2571644" class="ItemsContainer">\r\n                        \r\n                           \r\n    \r\n        <div class="availabilitySummaryArea">\r\n            \r\n                <div class="dpBibHoldingStatement">\r\n                    <span class="availabilityMessage">\r\n                        <span class="itemsNotAvailable">Not Available</span> at Natural Bridge (DUE 01-05-19 ~)\r\n                    </span>\r\n                    \r\n                        <span class="itemsContainerPopUpTrigger"></span>\r\n                    \r\n                </div>\r\n            \r\n        </div>\r\n    \r\n    \r\n    \r\n\r\n                        \r\n                        <div class="content bibHoldingsWrapper popUpWrapper">\r\n                            <a href="javascript:void(0);" onclick="toggleBibHoldingsPopup(this, true)" class="closeLink">close</a>\r\n                            <!-- available-->\r\n                              \r\n                             <!--all -->\r\n                              \r\n                                   <a href="javascript:void(0);" onclick="showHideItemsToggle(this)" class="showAllToggleLink availCheckboxLink"><img width="15" src="resources/gold/images/checkbox_checked.png" class="availCheckbox" height="13" id="checkboxCheckedImageComponent_13"></img>only show available</a>\r\n                                   <a href="javascript:void(0);" onclick="showHideItemsToggle(this)" class="showAvailableToggleLink availCheckboxLink"><img width="15" src="resources/gold/images/checkbox.png" class="availCheckbox" height="13" id="checkboxImageComponent_13"></img>only show available</a>\r\n                                   <a href="javascript:void(0);" onclick="showHideItemsToggle(this)" class="showAllMaxToggleLink availCheckboxLink"><img width="15" src="resources/gold/images/checkbox_checked.png" class="availCheckbox" height="13" id="checkboxCheckedImage2Component_13"></img>only show available</a>\r\n                                   <a href="javascript:void(0);" onclick="showHideItemsToggle(this)" class="showAvailableMaxToggleLink availCheckboxLink"><img width="15" src="resources/gold/images/checkbox.png" class="availCheckbox" height="13" id="checkboxImage2Component_13"></img>only show available</a>\r\n                                    \r\n                                    <div id="allItemsSection" class="allItemsSection">\r\n                                       \r\n    \r\n\r\n    \r\n            \r\n            \r\n                    <!--link moved into dpBibHoldingStatement via initBibHoldingsToggle JS -->\r\n                    <span class="itemsSectionHeader" id="availHeaderWrapperAny2Component_25"><a href="javascript:void(0);" onclick="toggleBibHoldingsPopup(this)">see all</a></span>\r\n            \r\n            <!--start mark -->\r\n             <h3 class="sectionHeader itemsHeader customHeader">Items</h3>\r\n            <div id="allitems-b2571644">\r\n                \r\n\t                \r\n\t                    <div class="itemTableWrapper popUpContentWrapper">\r\n\t                        \r\n    \r\n\t\t<table class="itemTable" cellspacing="3">\r\n        \t<tr>\r\n\t        \t\r\n\t        \t\t<th>\r\n\t        \t\t\tLocation\r\n\t        \t\t</th>\r\n\t        \t\r\n\t        \t\t<th>\r\n\t        \t\t\tCall No.\r\n\t        \t\t</th>\r\n\t        \t\r\n\t        \t\t<th>\r\n\t        \t\t\tStatus\r\n\t        \t\t</th>\r\n\t        \t\r\n        \t</tr>\r\n            \r\n            \t<tr>\r\n            \t\t\r\n                        \r\n            \t\t\r\n                        \r\n                            <td>\r\n                                \r\n                                    \r\n                                    \r\n                                        \r\n                                            \r\n \r\n\t \r\n\t    \t\r\n\t\t\r\n\t\t\r\n\t\t\tNatural Bridge\r\n\t\t\r\n    \r\n \r\n\r\n\r\n                                        \r\n                                        \r\n                                    \r\n            \t\t\t        \r\n\t            \t\t\t</td>\r\n            \t\t\t\r\n            \t\t\r\n                        \r\n                            <td>\r\n                                \r\n                                    \r\n                                    \r\n                                        \r\n                                        \r\n                                            \r\n                                                <a id="callNoBrowseDirectLinkComponent_51" href="/iii/encore/SearchResultsPage,searchResultsComponent.resultComponent.searchBrowseResultBibComponent.$BibHoldingsComponent.bibHoldingsAllItems.itemTableComponent.callNoBrowseDirectLinkComponent.sdirect;jsessionid=5F4C8E89B7C5F964F02DBB6C904346CF?lang=eng&amp;sp=Si20227275&amp;sp=Sb2571644&amp;suite=cobalt" onclick="return tapestry.linkOnClick(this.href,\'callNoBrowseDirectLinkComponent_51\', false)">\r\n                                                    VIDEO GAME\r\n                                                </a>\r\n                                            \r\n                                            \r\n                                        \r\n                                    \r\n            \t\t\t        \r\n                                    \r\n                                         \r\n                                    \r\n                                    \r\n            \t\t\t        \r\n                                    \r\n                                         \r\n                                    \r\n                                    \r\n            \t\t\t        \r\n\t            \t\t\t</td>\r\n            \t\t\t\r\n            \t\t\r\n                        \r\n                            <td>\r\n                                \r\n                                    \r\n                                        DUE 01-05-19 ~\r\n                                    \r\n                                    \r\n            \t\t\t        \r\n\t            \t\t\t</td>\r\n            \t\t\t\r\n            \t\t\r\n            \t</tr>\r\n            \r\n        </table>\r\n    \r\n\r\n\t                        \r\n\t\t\t\t\t\t\t\r\n\t\t\t\t\t\t\t\t<a id="showAllItemsLinkComponent_51" class="showAllItemsLink customToggle" href="/iii/encore/SearchResultsPage,searchResultsComponent.resultComponent.searchBrowseResultBibComponent.$BibHoldingsComponent.bibHoldingsAllItems.showAllItemsLinkComponent.sdirect;jsessionid=5F4C8E89B7C5F964F02DBB6C904346CF?lang=eng&amp;sp=Sb2571644&amp;sp=T&amp;sp=Sallitems-b2571644&amp;sp=F&amp;suite=cobalt" onclick="return tapestry.linkOnClick(this.href,\'showAllItemsLinkComponent_51\', false)">\r\n\t\t\t\t\t\t\t\tShow remaining items</a>\r\n\t\t\t\t\t\t\t\r\n\t\t\t\t\t\t\t\r\n  \xe2\x80\x8b\t\t\t\t\t\t\t\r\n  \r\n\t\t\t\t\t<form method="post" action="/iii/encore/SearchResultsPage,searchResultsComponent.resultComponent.searchBrowseResultBibComponent.$BibHoldingsComponent.bibHoldingsAllItems.countComponent.sdirect;jsessionid=5F4C8E89B7C5F964F02DBB6C904346CF" id="countComponent_51" style="display:none;">\n<div style="display:none;" id="countComponent_51hidden"><input type="hidden" name="formids" value="allCountInsertComponent_51,allAvailCountInsertComponent_51" />\n<input type="hidden" name="seedids" value="ZH4sIAAAAAAAAAI1azXLbOBLOYaf2RXzYg6ZKpH5iHxXFmajKTlySMrN7SkEkJKECEVqAlO19pn21fYdtgKAENJq2LjHdX6PR/2jA+e//Pvz2nw8f/vbhH78NDNcnUfCb4eDIdvZHoQ5HVfGqdt9VzUTFNXwbboxQlf06wj87JcsnWPGXZscj1/NgldlzKUPCRpWv0e/M8M9C86IGgYsKVKgvcDbYMtBIVUsumWUIV1ZqVWhxrB95zZZ8q7nZxzur53ljanX4ylnJ9WIbokWIoF2tkurXnOn6QVS/Qm0W25tsOongWRWZs9j+HN6M8sG9NPwmy+8i3kdwG7gp3e/Iaq2qtVLShORSmKNkr08O/X60DjCLbR5ZyU58vRdmxZku9kgZ64IVMLSg1SB2QrvtTII25sexZDUnBDh4cbB6bwnlHli1awBccQkxVOBMmwmUy/1uRaGaqn5QO1G9b2vI0YDX3LI4KuBz58+b7LbbA7hUAw6utkIfPklVROyHV6/DZ14je70SrUdmmrNYg72zyifV+vEhxGp1dDvFK4C65BUsSrSoVP3Pr8scvv7dcB173YXri9KHkCoqU99M8oEEh9ufphE1dx8tu+CyfGAbLlNRq1oLWDQcsPLEqoKXl4S4OMA1Abco5UpFuoRYNYeNiBLZHKHcV81uxw0u1xOTonRFfK+10m9A5ksM284DX8Z7EjUQj84he3cqduReHfhTkrgd1ZZo0jBiYahnRKDgVs+gGHOsSlsSvIxKNoPWo7XlQlu5JB69YVknzup9hUAct7e2HacBXnLTSCiCikhNj4WAqvdcr1SjC24eRSUOLMpDXrGNtJ4I9J4OdCunbRZRiJhp91jxOo5Bu2Ruyzdto+EyKrptQq/5CxJqLvREpl3nuk7XvOOVStdd58N038SiZB47eU/iGMkZdcFZnZfZ6FmXXckWW0swrl+P/tzJiaQ487VNIE6d/C1pIduWFbz+Q6vmGG5xoS5KlE0nYQSyMeuIsUWZb/I/pzeTUff90X5bf67Zbi5VU6JUEbt9vRIld733GztwHAtv1zJiDN0YZnWchTCOdA0yhgxkvrx/ObKq7NSKCiFCkD9qtjMPipXQrHtHBU3WpadG9mXjc7UEpEsdfNLq2fC2YJ602ml2iCLRx/tJbDAfxYMUqdA8cNZuyQuly983+WR6m9/d2fPHzYJ+IgmB9nRfBT3Iu8lEcln1mkyi3ppQAxjONIfD1+AxbzwA795kE9tPVs3mwKtm2TLavDfICvA5jHwgDBb9zCxFmO8nrkstTvyzeq4kRBStEWb2IsxoOkzoy4tGCOuS9cJgqTsOE7koiF/dCY1o3l2OqmrllZgdj9Gs5JpAHCgbolkbFhTCk+DP5p5o7+Pz6PsdIoGm9wC9cm2Y8EFKcDChNovqk+dHYjCMugrkSlmu1Sd63A/QgvkZOKo7u8GBCZlSEkmOSkpwBwyw42PJhpycYDtpq5rVjQlCahwBO1Js2gpLim/7rPQvA61KEZZDvX5TNW/RRN9HpblPByJTDxeUtBi8Cr8fmkrUr9AJk719S4czd0c0JDiMd5Au1RtQEmWZXhuse2HAr3moilmAyzud84i5FAykzGA+fe4N43oPA3FlA53qtha1hEXl0saOaIY9PPk8LcTP/uYF9sRwOJ2lsvDdumdP7zzXBGLWWVkKG1Um3WUDZ1q4e8JKbz7zer4lqan3KnFWyNDDc+AQsh/LB4pMzS9I7FOzkcLs0zjFPP+CX6/geHuv+9ZZb8jpOFI5BfzUDGecpyaFAOfyVyXtgIGOTGlvBDbDkaALkMgqFNz+Kl6SAu+XjyQ9NOorMwHbotqqNzxgvjRSpp1wExi058UvgQ4od6lrASQcDvc/lWwOyYF+ARKT3QhR84OZd49ha2g5Sf7GLOEEA7d+CIE1JW3TsxN0DrYREnoR3KwPTKcdxkr2GHEfsRPEhSEaBmE+EenaNJ2ECcc41wSIRpWqQbrKZ5vpUdV4iyVf46tOHNkzn3NsfpNlNi/PiROsm+QhEisF2IG9IG6gJFzMbtdeSv0cGZ8G+RQ2kY7L+tSEAS6BxY/wTlm0HXx81/b0pEArzHkioranIfIP0OuWExK1iiMN3gmwJMaT2xb+DGUd3xeGk3BhgudTGzOYCsJEvZcc5uNocDkr8CeTDb5z5aMBnF2icli0CqRfkDgmFoPKZ0mTBI07eny6e789BCBy3+V5mOsr4CRJLMMfSkHxP7JjMgWRDImMTnfq5YGwoHc9Kj7win/InEOeflNtRSP1igBq398TD/obh2sC63NAk1cE4CS2S5T10rCgODPboUC66kj1sa8+qNYl+RQ0sQ1Cujztw+NKRNpmSR0nDJ2m6Ny1R81GvbgjB0ZROymSDP1IuDTvXxtDYbP07mtP77RDOcWtZ9Z7+ycTWNUmbyhwRHbfR+ielwZMNcmgZCftRcEvQbMqoFEHhS6cqCixgr36SdltY5HOZiSznd9/HPsm+NFAwCUgmI/ak739E5OF+85+VHyjaGr5rvGkPxpwe7cNe2i8Gra5P3OgpUU7is1VPObEAF5jadhWmHEWZlMh1vYFvNHu+Of6FIxG3V8HkH130xxbZx/TJlMbMpMIf5wt57ceROu24sVdFfzlhjg7gOnEtGPKkt4x6nmsgn/d8x1hacp8/1JzXTHsdbj7i0L6foWw9A1rPJzSb1gt8P7DRstHzZBedDp7nAGKRpRZzI/IlElZn0nZlSZlvSZlfSZlhEkJc6B7RpuUESZ9HN+NySh1wHsmdXypSWfR2KQAoGiJSZgfkSmTxn0mja80adxrkhPtmgBl15iwa/yGXWParjFh1212+/EjZVcHvGdXx5fadZaArinJf0JIYnlWSpK0xGbMj8hJLKfjW7LiOuDdWHo+Ipad6CSMF4CipWFE/IhMpeewLz2HV6bnsDc9h0QCDukkG/Y4nNbOA9c4vEe7TjTyK6WdJxMNOCNLoAOuaMAZXQJn0UQDznCGtzTXBHq7cEakeUdOSju/o73eAe+WtucjSrsTnVTuBaBoaeUifkQmutV00tOtHHBFt3J8ZLdqRRPNqAMoGtWMIn5EJkyakH+V64ArTHJ8pEmtaMKkDqBolEkRPyIn5T6Z5GSUOuDdcvd8RLl3opP+egEoWtpfET8iJyZl057j3wPvmuT5CJM60YHmz3/31P8DG6rtTz8oAAA=" />\n<input type="hidden" name="lang" value="eng" />\n<input type="hidden" name="suite" value="cobalt" />\n<input type="hidden" name="reservedids" value="inst,lang,suite" />\n<input type="hidden" name="submitmode" value="" />\n<input type="hidden" name="submitname" value="" />\n<input type="hidden" name="allCountInsertComponent_51" id="allCountInsertComponent_51" value="100" />\n<input type="hidden" name="allAvailCountInsertComponent_51" id="allAvailCountInsertComponent_51" value="100" />\n</div>\r\n\t\t\t\t\t\r\n\t\t\t\t\t\r\n\t\t\t\t\t</form> \r\n\t                    </div>\r\n\t                \r\n\t                \r\n                \r\n                \r\n            </div><!--end mark-->\r\n    \r\n\r\n                                    </div>\r\n                            \r\n                            \r\n                            \r\n                                    <div id="allMaxItemsSection" class="allMaxItemsSection">\r\n                                        \r\n    \r\n\r\n    \r\n            \r\n                 \r\n                \r\n                    <!--link moved into dpBibHoldingStatement via initBibHoldingsToggle JS -->\r\n                    <span class="itemsSectionHeader" id="availHeaderWrapperAnyComponent_25">\r\n                           <a id="showMaxItemsLink2Component_25" class="maxItemsLink" href="/iii/encore/SearchResultsPage,searchResultsComponent.resultComponent.searchBrowseResultBibComponent.$BibHoldingsComponent.bibHoldingsAllMaxItems.showMaxItemsLink2Component.sdirect;jsessionid=5F4C8E89B7C5F964F02DBB6C904346CF?lang=eng&amp;sp=Sb2571644&amp;sp=F&amp;sp=Sallitemsmax-b2571644&amp;sp=F&amp;suite=cobalt" onclick="return tapestry.linkOnClick(this.href,\'showMaxItemsLink2Component_25\', false)">\r\n                               <a href="javascript:void(0);" onclick="toggleBibHoldingsPopup(this)">see all</a>\r\n                           </a>\r\n                    </span>\r\n                \r\n            \r\n            \r\n            <!--start mark -->\r\n             <h3 class="sectionHeader itemsHeader customHeader">Items</h3>\r\n            <div id="allitemsmax-b2571644">\r\n                \r\n\t                \r\n\t                    <div class="itemTableWrapper popUpContentWrapper">\r\n\t                        \r\n    \r\n\t\t<table class="itemTable" cellspacing="3">\r\n        \t<tr>\r\n\t        \t\r\n\t        \t\t<th>\r\n\t        \t\t\tLocation\r\n\t        \t\t</th>\r\n\t        \t\r\n\t        \t\t<th>\r\n\t        \t\t\tCall No.\r\n\t        \t\t</th>\r\n\t        \t\r\n\t        \t\t<th>\r\n\t        \t\t\tStatus\r\n\t        \t\t</th>\r\n\t        \t\r\n        \t</tr>\r\n            \r\n            \t<tr>\r\n            \t\t\r\n                        \r\n            \t\t\r\n                        \r\n                            <td>\r\n                                \r\n                                    \r\n                                    \r\n                                        \r\n                                            \r\n \r\n\t \r\n\t    \t\r\n\t\t\r\n\t\t\r\n\t\t\tNatural Bridge\r\n\t\t\r\n    \r\n \r\n\r\n\r\n                                        \r\n                                        \r\n                                    \r\n            \t\t\t        \r\n\t            \t\t\t</td>\r\n            \t\t\t\r\n            \t\t\r\n                        \r\n                            <td>\r\n                                \r\n                                    \r\n                                    \r\n                                        \r\n                                        \r\n                                            \r\n                                                <a id="callNoBrowseDirectLinkComponent_52" href="/iii/encore/SearchResultsPage,searchResultsComponent.resultComponent.searchBrowseResultBibComponent.$BibHoldingsComponent.bibHoldingsAllMaxItems.itemTableComponent.callNoBrowseDirectLinkComponent.sdirect;jsessionid=5F4C8E89B7C5F964F02DBB6C904346CF?lang=eng&amp;sp=Si20227275&amp;sp=Sb2571644&amp;suite=cobalt" onclick="return tapestry.linkOnClick(this.href,\'callNoBrowseDirectLinkComponent_52\', false)">\r\n                                                    VIDEO GAME\r\n                                                </a>\r\n                                            \r\n                                            \r\n                                        \r\n                                    \r\n            \t\t\t        \r\n                                    \r\n                                         \r\n                                    \r\n                                    \r\n            \t\t\t        \r\n                                    \r\n                                         \r\n                                    \r\n                                    \r\n            \t\t\t        \r\n\t            \t\t\t</td>\r\n            \t\t\t\r\n            \t\t\r\n                        \r\n                            <td>\r\n                                \r\n                                    \r\n                                        DUE 01-05-19 ~\r\n                                    \r\n                                    \r\n            \t\t\t        \r\n\t            \t\t\t</td>\r\n            \t\t\t\r\n            \t\t\r\n            \t</tr>\r\n            \r\n        </table>\r\n    \r\n\r\n\t                        \r\n\t\t\t\t\t\t\t\r\n\t\t\t\t\t\t\t\t<a id="showAllItemsLinkComponent_52" class="showAllItemsLink customToggle" href="/iii/encore/SearchResultsPage,searchResultsComponent.resultComponent.searchBrowseResultBibComponent.$BibHoldingsComponent.bibHoldingsAllMaxItems.showAllItemsLinkComponent.sdirect;jsessionid=5F4C8E89B7C5F964F02DBB6C904346CF?lang=eng&amp;sp=Sb2571644&amp;sp=T&amp;sp=Sallitemsmax-b2571644&amp;sp=F&amp;suite=cobalt" onclick="return tapestry.linkOnClick(this.href,\'showAllItemsLinkComponent_52\', false)">\r\n\t\t\t\t\t\t\t\tShow remaining items</a>\r\n\t\t\t\t\t\t\t\r\n\t\t\t\t\t\t\t\r\n  \xe2\x80\x8b\t\t\t\t\t\t\t\r\n  \r\n\t\t\t\t\t<form method="post" action="/iii/encore/SearchResultsPage,searchResultsComponent.resultComponent.searchBrowseResultBibComponent.$BibHoldingsComponent.bibHoldingsAllMaxItems.countComponent.sdirect;jsessionid=5F4C8E89B7C5F964F02DBB6C904346CF" id="countComponent_52" style="display:none;">\n<div style="display:none;" id="countComponent_52hidden"><input type="hidden" name="formids" value="allCountInsertComponent_52,allAvailCountInsertComponent_52" />\n<input type="hidden" name="seedids" value="ZH4sIAAAAAAAAAI1azXLjuBGeQ/IWqZx8yMFbJVI/to+y7NlRlT12SZrd5DQFkZCEGpJQAFK280x5tbxDGiAoAY2mrMuY7q/R6H804Pnv/7789T9fvvzlyz/+dq25OoiMXw2u92xrfmSy3MuKV7X9rmomKq7gW3OthazM1x7+2coif4UVfyq233M181bpHS8Kn7CW+UfwO9P8QSie1SBwXoEK9QlOrjcMNJLVghfMMPgrK7nMlNjXz7xmC75RXO/CneXbrNG1LL9xlnM13/ho5iNoV6Ok/DVjqn4S1S9fm/nmKpncBPC0CsyZb34Orobp9WOh+VUyTALeZ3AbuCneb89qJauVlIX2ybnQ+4J9vFr0ZW8coOebNLCSHfhqJ/SSM5XtkDLGBUtgaEGjQeiEdttpAdroH/uc1ZwQYOF5afTeEMo9sWrbALjkBcRQgjNNJlAud7tlmWyq+kluRfW5rT5HA16zy8KogM+tP6+S28TtAVyyAQdXG6HK+0JmAXv54XR44DWy1ynRemSqOAs12FmrXFKtnp98rJZ7u1O4AqgLXsGiSItK1v/8tkjh698NV6HXbbi+SlX6VFHp+mo8vC7A4eanbkTN7UfLLniRP7E1L2JRy1oJWDS4ZvmBVRnPTwlxcoBtAnZRzBWLtAmxbMq1CBJZ76Hcl812yzUu1wMrRG6L+FEpqc5A+msIm84DX9p5EjUQh84ge7cydOROlvw1StyOako0ahihMNQzAlBwo6dXjClWpS0Jngclm0DrUcpwoa1sEg/PWNaJM3pfIBDH7dy2ozjAC66bAoqgIlLTYT4g6x1XS9mojOtnUYmSBXnIK7YujCc8vSfXqpXTNosgREy3eyx5HcagXTIz5Ru3UX8ZFd02oVf8HQnVJ3ok06yzXadr3uFKqequ82G6a2JBMo+svFexD+QMu+Asj8tM9IzLLmQLrSUYVx97d+6kRFIc+domEKZOek6az7ZhGa9/V7LZ+1ucqPMcZdNBaIFsTDpiaFHimvzPydV41H3fmG/jzxXbzgrZ5ChVxHZXL0XObe/9zkqOY+HsWgSMvhv9rA6zEMaRrkGGkIbMLx7f96zKO7WCQggQ5I+abfWTZDk0695RQZF16aiBfcnoWC0e6VQH90q+ad4WzKuSW8XKIBJ9vPdijfkoHqRIheaBo3YLnkmV/7ZOx5Pb9O7OnD92FnQTiQ+0p/vS60HOTTqQy6qPaBJ11vgapHegARy+Go95o2vw7lUyNv1k2axLXjWLltHkvUZWgM9h5ANhsOhnYihCvxy4ypU48Af5VhUQUbRG6Om70MPJIKIvThohrEvWE4OhbjlM5CIjfrUnNKI5d1mqrKVTYrrfB7OSbQJhoEyIpm1YUAgPgr/pR6K9j46j7wtEAk3vHnrhWj/hvZTgYEKt59W940diMIy6CuRKnq/kPT3ue2jG3Awc1J3ZoGSiiCmRJEslJdgDBtjxsWRCTk6wnbRlzepGeyHVloAdKdZthUXFt3mT6peGViUJy6Fev8uat2ik77NU3KUDkanlCSUtBq/C72VTifoDOmG0t2vpcOZuiYYEh/EW0qU6A0VRLuJrg3EvDPg191XRc3B5p3MaMOeCgZQpzKdvvWFc7WAgrkygY91Woi5gUb4wsSOaYQ9POosL8cHdvMCeEPans1gWvlv37OmcZ5tAyDrNc2Giygp72cCZ5u8esdKbT52e5yQ19U5GzvIZenhKDiH7sXiiyNT8gsS+NutC6F0cp5DnX/DrBRzn93psnXVGTscRy8ngp2I44xw1KgQ4l7/JwgwY6MgszI3AZDgSdAIiWZmE21/Fc1Lg4+KZpPtGfWPaY5tXG3nGA/prUxRxJ1x7Bu149kugA8pe6loACYfD/Q9ZNGV0oJ+AyGQ7QtS81LPuMWwFLSfK35DFn2Dg1g8hMKbEbXp6gM7B1qKAXgQ365KpuMMYyQ4j7iNmgjgxBMMgzCciXhunk9D+GGebANGoYjVIV7ls0z2qamdxwVf4qhNG9shnHZteJYnJy2PieOvGQx8JlQKsZO+IGygRFzPbtZdSN0eGp0E6gU0Ky2V8qv0A58DiRnirLNoOPl6UOT0p0Aizngio7WmI/AP0uuWERK3CSMPg6mFRjCdJCz9AWYf3hcGNvzDC0wnkkIapwE/Ux4LDfBwMLkcF/mBFg+9cw+Qazi5RWSxYBdJPSBgTg0Hls6hJgsYdPTzdnd+ePBC57/Q8zNUFcJQkhuF3KaH4n9k+moJIhkhGpzv18kBY0LseFR94xT1kziBPv8u2opF6mQe17++RB92NwzaB1TGg0SsCcBLbRco6aVhQmJntUFDY6oj1Ma8+qNYL8ilonBrI5mkfHlYi0jaN6jhi6DRF5645atby3R45MIqaSZFk6Ef8pWn/2hDym6VzX3t6xx3KKm48s9qZP5nAqjZ5+wV23fcZuuepAVNNMuiR9qLglqBZFXdQ6MKRigVW8IzB3Ta+zUhmO7//2PdN8NB+4RLgzUftyd7+icnAfWc/Kr5hMLW8KDzpD6+5udv6PTRcDds8HjnQ0qwdxWYyHHNCAK8xNGwrzDhzva4Qa/sC3ih7/HN18Eaj7q8DyL67SYqtM49p44kJmY6EP08Xs1sHonUb8W6vCu5yQ5wdwHRgyjIlUe8Y9jxWwb/2+Y6wNGZ+fK+5qhj2Otz9RVa4foWw+A1rNJjQb1gt8PnDRstHzZBOdDx7HAGKRpRZyI/IlElJn0nJhSYlvSYlfSYlhEkRs6d7QpuUECbdjO5GZJQ64DOTOr7YpKNobJIHULTIJMyPyJRJoz6TRheaNOo1yYq2TYCya0TYNTpj14i2a0TYdZvc3txQdnXAZ3Z1fLFdRwnomhL9J4QolkelCpIW2Yz5ETmK5WR0S1ZcB3waS8dHxLITHYXxBFC0OIyIH5Gp9Bz0pefgwvQc9KbngEjAAZ1kgx6H09o54BKH92jXiUZ+pbRzZKIBJ2QJdMAFDTihS+AommjACc7wlmabQG8XTog078hRaad3tNc74NPSdnxEaXeio8o9ARQtrlzEj8hEt5qMe7qVBS7oVpaP7FataKIZdQBFo5pRwI/IhElj8q9yHXCBSZaPNKkVTZjUARSNMingR+So3MfjlIxSB3xa7o6PKPdOdNRfTwBFi/sr4kfkyKRk0nP8O+BTkxwfYVIn2tP87e+Y2unXkv8PX/53NFYoAAA=" />\n<input type="hidden" name="lang" value="eng" />\n<input type="hidden" name="suite" value="cobalt" />\n<input type="hidden" name="reservedids" value="inst,lang,suite" />\n<input type="hidden" name="submitmode" value="" />\n<input type="hidden" name="submitname" value="" />\n<input type="hidden" name="allCountInsertComponent_52" id="allCountInsertComponent_52" value="100" />\n<input type="hidden" name="allAvailCountInsertComponent_52" id="allAvailCountInsertComponent_52" value="100" />\n</div>\r\n\t\t\t\t\t\r\n\t\t\t\t\t\r\n\t\t\t\t\t</form> \r\n\t                    </div>\r\n\t                \r\n\t                \r\n                \r\n                \r\n            </div><!--end mark-->\r\n    \r\n\r\n                                    </div>\r\n                            \r\n                            \r\n                            <div id ="showMoreLessLinkContainer">&nbsp;</div>\r\n                            \r\n                            <img alt="Drop Up Shadow" src="resources/gold/images/dropShadowUpArrow.png" class="dropShadowUpArrow" id="dialogUpArrowImageAnyComponent_13"></img>\r\n                        </div>\r\n                    </div>\r\n                    \r\n               \r\n               \r\n    \t\r\n    \t<!-- Order info -->\r\n        \r\n   \r\n\r\n\r\n                    \r\n                    \n    \n     \n\r\n                    \r\n\t\r\n\t\t<span title="ctx_ver=Z39.88-2004&amp;rft_val_fmt=info%3Aofi%2Ffmt%3Akev%3Amtx%3Abook&amp;rfr_id=info%3Asid%2Fiii.com%3Aencore&amp;rft.btitle=Nintendo+Switch+%3A+Sonic+mania+plus.&amp;rft.isbn=&amp;rft.date=&amp;rft_id=http%3A%2F%2Fencore.slcl.org%2Fiii%2Fencore%2Frecord%2FC__Rb2571644__SNintendo%2520Switch__P0%252C14__Orightresult__X3%3Bjsessionid%3D5F4C8E89B7C5F964F02DBB6C904346CF%3Flang%3Deng%26suite%3Dcobalt" class="Z3988" id="coinsAnyComponent_13"></span>\r\n\t\r\n\r\n                    <!-- ratingReviewsSummaryComponent -->\r\n                    \r\n                    <div class="addtlInfo">\r\n                       \r\n                       \r\n                       \r\n   \r\n\r\n                    </div>\r\n                </div>\r\n            </div>\r\n            <div class="bibLocations">\r\n                \r\n                \r\n            </div>\r\n        </div>\r\n    \r\n\r\n\t\r\n\r\n\t<!-- Browse Result Resource -->\r\n\t\r\n\r\n\t<!-- Browse Result External -->\r\n\t\r\n\r\n               \r\n           \r\n               \r\n\t<!-- Browse Result Program -->\r\n\t\r\n\r\n\t<!-- Browse Result Bib -->\r\n\t\r\n\t\t \r\n    \r\n        <div id="resultRecord-b2571642" class="gridBrowseContent2 searchResult">\r\n            <div class="gridBrowseCol1">\r\n                <div id="actionsUpdate-b2571642">\r\n                  \r\n    <span id="anyWrapperComponent_14">\r\n        \r\n    </span>\r\n\r\n                  <div class="citationButtons">\r\n                     \n    <div class="requestLink" id="Any_15">\n        \n\n        \n            <div class="Request" id="Any_1_14"> \n                        \t         \n            \t \n                \n                \n                \n                \t\n    \n    \n \n       \n        \n        \n            \n                <div class="requestButton">\n                   <a id="genericLink_14" class="button secondaryAction" href="https://encore.slcl.org/iii/encore/search;jsessionid=5F4C8E89B7C5F964F02DBB6C904346CF/Sdologin?lang=eng&amp;target=Nintendo%20Switch&amp;loginReason=doRequest&amp;actionRecordId=b2571642">\n                       <img alt="Direct Link" src="resources/gold/images/hold.png" id="genericLinkImage_14"></img>Request it\n                   </a>\n                </div>   \n            \n            \n        \n    \n\n                \n                \n                  <!--     popup -->\n                 \n        \t <!--    popup -->\n                \n            </div>\n        \n    </div>\n\r\n                  </div>\r\n                  \r\n<div class="addtlActions">\r\n\t\t<p>Additional actions:</p>\r\n    <ul class="inline-list initialActions">\r\n        \r\n        <li>\r\n    \r\n        <span id="bookCartOperationAnyComponentb2571642">\r\n            \r\n            \r\n\t\t\t\t\t<a id="addToBookCartLinkComponent_14" onMouseup="renewSession()" href="/iii/encore/SearchResultsPage,searchResultsComponent.resultComponent.searchBrowseResultBibComponent.recordActionsComponent.bookCartOperationComponent.addToBookCartLinkComponent.sdirect;jsessionid=5F4C8E89B7C5F964F02DBB6C904346CF?lang=eng&amp;sp=Sb2571642&amp;suite=cobalt" onclick="return tapestry.linkOnClick(this.href,\'addToBookCartLinkComponent_14\', false)">\r\n\t\t\t\t\t\t<img alt="Book Cart" width="22" title="Add to cart" src="resources/gold/images/bookcart.png" class="actionIcon" height="20" id="addToBookcartImageAnyComponent_14"></img>\r\n\t\t\t\t    </a>\r\n            \r\n        </span>\r\n    \r\n</li>\r\n        <li>\r\n    <a id="emailLinkComponent_14" onMouseup="renewSession()" class="toolbarItem popInDialogTrigger" href="/iii/encore/SearchResultsPage,searchResultsComponent.resultComponent.searchBrowseResultBibComponent.recordActionsComponent.emailComponent.emailLinkComponent.sdirect;jsessionid=5F4C8E89B7C5F964F02DBB6C904346CF?lang=eng&amp;sp=Sb2571642&amp;suite=cobalt" onclick="return tapestry.linkOnClick(this.href,\'emailLinkComponent_14\', false)">\r\n        <img alt="Email" width="19" title="Email" src="resources/gold/images/email.png" class="actionIcon" height="13" id="emailImageAnyComponent_14"></img>\r\n        \r\n    </a>\r\n    <!--confirmation dialog-->\r\n    \r\n    <div id="emailMessageContainer">\r\n        <div id="sentStatus">\r\n            <div id="emailStatusMessage">\r\n                \r\n            </div>\r\n        </div>\r\n    </div>\r\n</li>\r\n        \r\n             <li>\r\n\t\r\n</li>\r\n             <li>\r\n    \r\n</li>\r\n        \r\n        \r\n            <li><a href="javascript:void(0);" class="popUpTrigger moreActionsLink" onclick="toggleBibHoldingsPopup(this, false, \'moreActionsWrapper\',\'gridBrowseCol1\')">\r\n            <img width="13" alt="more actions" title="More actions" src="resources/gold/images/more.png" class="actionIcon" height="13" id="moreActionsImageAnyComponent_14"></img></a></li>\r\n        \r\n    </ul>\r\n   <div class="moreActionsWrapper popUpWrapper">\r\n       <a class="closeLink" onclick="toggleBibHoldingsPopup(this, true, \'moreActionsWrapper\',\'gridBrowseCol1\')" href="javascript:void(0);">\r\n           close\r\n       </a>\r\n       <h3 class="moreActionsHeader">more</h3>\r\n        <ul class="inline-list moreActions">\r\n            <li>\r\n    \r\n\t    \r\n\t    \r\n\t        <a id="loginLinkComponent_14" href="https://encore.slcl.org/iii/encore/search;jsessionid=5F4C8E89B7C5F964F02DBB6C904346CF/Sdologin?lang=eng&amp;target=Nintendo%20Switch&amp;loginReason=doTag&amp;actionRecordId=b2571642">\r\n\t           <img width="20" title="Add a Tag" src="resources/gold/images/tag.png" class="actionIcon" height="19" id="createCommunityTagsIconImageAny2Component_14"></img>\r\n\t        </a>\r\n\t    \r\n    \r\n</li>\r\n            \r\n            \r\n        </ul>\r\n       <img src="resources/gold/images/dropShadowArrow.png" class="dropShadowArrow" id="dialogArrowImageAnyComponent_14"></img>\r\n    </div>\r\n</div>\t \r\n\r\n                </div>\r\n            </div>\r\n            <div class="gridBrowseCol2">\r\n                \r\n                    <!--title-->\r\n                <div class="dpBibTitle">\r\n                    <!-- please read c1063106, c1063117, c1044421, c1060576a before changing title -->\r\n                    \r\n                        \r\n                            <span class="title">\r\n                                <a id="recordDisplayLink2Component_14" href="/iii/encore/record/C__Rb2571642__SNintendo%20Switch__P0%2C15__Orightresult__X3;jsessionid=5F4C8E89B7C5F964F02DBB6C904346CF?lang=eng&amp;suite=cobalt">\r\n                                    Nintendo Switch : Scribblenauts showdown.\r\n                                </a>\r\n                            </span>\r\n                        \r\n                        \r\n                        \r\n                            <span class="title">\r\n                                <span class="additionalFields customSecondaryText">\r\n                                    \r\n                                </span>\r\n                            </span>\r\n                        \r\n                    \r\n\r\n                    \r\n                    <div class="dpBibAuthor">\r\n                        \r\n                        \r\n                    </div>\r\n                    <!-- MARC 962 Media -->\r\n                    <div class="recordDetailValue">\r\n                        \r\n                        <span class="itemMediaDescription" id="mediaTypeInsertComponent_14">ELECTRONIC RES</span>\r\n                        \r\n                        \r\n                                <span class="pipeDivider">|</span>\r\n                                <span class="itemMediaYear" id="searchResultPubYearInsertComponent_14"></span>\r\n                            \r\n                        \r\n                              <span class="pipeDivider">|</span>\r\n                              <span class="itemEdition" id="searchResultEditionInsertComponent_14">Nintendo Switch ed.</span>\r\n                           \r\n                    </div>\r\n                    \r\n                    \r\n                        <!-- bibHoldingsComponentAvailableOnlyOrAllItems -->\r\n                        \r\n    <!--start item info-->\r\n    \r\n    \r\n        <!-- over threshold holdings info -->\r\n        \r\n\t\r\n\r\n    \t<!--ERM-->\r\n        \r\n    \r\n    <!-- Dialog content -->\r\n    \r\n\r\n        <!-- checkin info -->\r\n        \r\n\t\r\n\r\n        <!-- Volume info -->\r\n        \r\n        <!-- Item info -->\r\n        \r\n                \r\n                  <!--This ItemsContainer elem does not get rendered into a toggle on the record page - only the browse -->\r\n                  <div id="ItemsContainer-b2571642" class="ItemsContainer">\r\n                        \r\n                           \r\n    \r\n        <div class="availabilitySummaryArea">\r\n            \r\n                <div class="dpBibHoldingStatement">\r\n                    <span class="availabilityMessage">\r\n                        <span class="itemsAvailable">Available</span> at Natural Bridge (<span class="availCallNumber">VIDEO GAME</span>) plus 4 more\r\n                    </span>\r\n                    \r\n                        <span class="itemsContainerPopUpTrigger"></span>\r\n                    \r\n                </div>\r\n            \r\n        </div>\r\n    \r\n    \r\n    \r\n\r\n                        \r\n                        <div class="content bibHoldingsWrapper popUpWrapper">\r\n                            <a href="javascript:void(0);" onclick="toggleBibHoldingsPopup(this, true)" class="closeLink">close</a>\r\n                            <!-- available-->\r\n                              \r\n                                  <div id="availableItemsSection" class="availableItemsSection">\r\n                                      \r\n    \r\n\r\n    \r\n            \r\n            \r\n                    <!--link moved into dpBibHoldingStatement via initBibHoldingsToggle JS -->\r\n                    <span class="itemsAvailHeader itemsSectionHeader" id="availHeaderWrapperAny2Component_26"><a href="javascript:void(0);" onclick="toggleBibHoldingsPopup(this)">see all</a></span>\r\n            \r\n            <!--start mark -->\r\n             <h3 class="sectionHeader itemsHeader customHeader">Items</h3>\r\n            <div id="allavailitems-b2571642">\r\n                \r\n\t                \r\n\t                    <div class="itemTableWrapper popUpContentWrapper">\r\n\t                        \r\n    \r\n\t\t<table class="itemTable" cellspacing="3">\r\n        \t<tr>\r\n\t        \t\r\n\t        \t\t<th>\r\n\t        \t\t\tLocation\r\n\t        \t\t</th>\r\n\t        \t\r\n\t        \t\t<th>\r\n\t        \t\t\tCall No.\r\n\t        \t\t</th>\r\n\t        \t\r\n\t        \t\t<th>\r\n\t        \t\t\tStatus\r\n\t        \t\t</th>\r\n\t        \t\r\n        \t</tr>\r\n            \r\n            \t<tr>\r\n            \t\t\r\n                        \r\n            \t\t\r\n                        \r\n                            <td>\r\n                                \r\n                                    \r\n                                    \r\n                                        \r\n                                            \r\n \r\n\t \r\n\t    \t\r\n\t\t\r\n\t\t\r\n\t\t\tNatural Bridge\r\n\t\t\r\n    \r\n \r\n\r\n\r\n                                        \r\n                                        \r\n                                    \r\n            \t\t\t        \r\n\t            \t\t\t</td>\r\n            \t\t\t\r\n            \t\t\r\n                        \r\n                            <td>\r\n                                \r\n                                    \r\n                                    \r\n                                        \r\n                                        \r\n                                            \r\n                                                <a id="callNoBrowseDirectLinkComponent_53" href="/iii/encore/SearchResultsPage,searchResultsComponent.resultComponent.searchBrowseResultBibComponent.$BibHoldingsComponent.bibHoldingsAvailableItems2.itemTableComponent.callNoBrowseDirectLinkComponent.sdirect;jsessionid=5F4C8E89B7C5F964F02DBB6C904346CF?lang=eng&amp;sp=Si20239842&amp;sp=Sb2571642&amp;suite=cobalt" onclick="return tapestry.linkOnClick(this.href,\'callNoBrowseDirectLinkComponent_53\', false)">\r\n                                                    VIDEO GAME\r\n                                                </a>\r\n                                            \r\n                                            \r\n                                        \r\n                                    \r\n            \t\t\t        \r\n                                    \r\n                                         \r\n                                    \r\n                                    \r\n            \t\t\t        \r\n                                    \r\n                                         \r\n                                    \r\n                                    \r\n            \t\t\t        \r\n\t            \t\t\t</td>\r\n            \t\t\t\r\n            \t\t\r\n                        \r\n                            <td>\r\n                                \r\n                                    \r\n                                        IN LIBRARY\r\n                                    \r\n                                    \r\n            \t\t\t        \r\n\t            \t\t\t</td>\r\n            \t\t\t\r\n            \t\t\r\n            \t</tr>\r\n            \r\n        </table>\r\n    \r\n\r\n\t                        \r\n\t\t\t\t\t\t\t\r\n\t\t\t\t\t\t\t\t<a id="showAllItemsLinkComponent_53" class="showAllItemsLink customToggle" href="/iii/encore/SearchResultsPage,searchResultsComponent.resultComponent.searchBrowseResultBibComponent.$BibHoldingsComponent.bibHoldingsAvailableItems2.showAllItemsLinkComponent.sdirect;jsessionid=5F4C8E89B7C5F964F02DBB6C904346CF?lang=eng&amp;sp=Sb2571642&amp;sp=T&amp;sp=Sallavailitems-b2571642&amp;sp=F&amp;suite=cobalt" onclick="return tapestry.linkOnClick(this.href,\'showAllItemsLinkComponent_53\', false)">\r\n\t\t\t\t\t\t\t\tShow remaining items</a>\r\n\t\t\t\t\t\t\t\r\n\t\t\t\t\t\t\t\r\n  \xe2\x80\x8b\t\t\t\t\t\t\t\r\n  \r\n\t\t\t\t\t<form method="post" action="/iii/encore/SearchResultsPage,searchResultsComponent.resultComponent.searchBrowseResultBibComponent.$BibHoldingsComponent.bibHoldingsAvailableItems2.countComponent.sdirect;jsessionid=5F4C8E89B7C5F964F02DBB6C904346CF" id="countComponent_53" style="display:none;">\n<div style="display:none;" id="countComponent_53hidden"><input type="hidden" name="formids" value="allCountInsertComponent_53,allAvailCountInsertComponent_53" />\n<input type="hidden" name="seedids" value="ZH4sIAAAAAAAAAI1azXLjuBGeQ/ImPuSgVIm0JNtHWfbsqMoeuyTN7uY0BZGQhBqKYABStvNEqVReLe+QBghKQKMp6zKm+2s0+h8NeP77vy9//deXL3/58rd/DzRXB5Hxq+GgYlvzI5P7Spa8rO13WTNRcgXfmmstZGm+KvhnK4v8FVb8oVhVcTXzVukdLwqfsJb5R/A70/xBKJ7VIHBeggr1CU4GGwYayXLBC2YY/JWlXGZKVPUzr9mCbxTXu3Bn+TZrdC333zjLuZpvfDTzEbSrUVL+mjFVP4nyl6/NfHOV3FwH8LQMzJlvfg6vrkeDx0Lzq+R6HPA+g9vATfF+FauVLFdSFton50JXBft4tehLZRyg55s0sJId+Gon9JIzle2QMsYFS2BoQaNB6IR222kB2ugfVc5qTgiw8Hxv9N4Qyj2xctsAuOQFxFCCM00mUC53u2WZbMr6SW5F+bmtPkcDXrPLwqiAz60/r5LbidsDuGQDDi43Qu3vC5kF7PsPp8MDr5G9TonWI1PFWajBzlrlkmr1/ORjtazsTuEKoC54CYsiLUpZ//ltkcLXPxuuQq/bcH2Vau9TRanrq/FoUIDDzU/diJrbj5Zd8CJ/YmtexKKWtRKwaDhg+YGVGc9PCXFygG0CdlHMFYu0CbFs9msRJLKuoNyXzXbLNS7XAytEbov4USmpzkD6awibzgNf2nkSNRCHziB7tzJ05E7u+WuUuB3VlGjUMEJhqGcEoOBGT68YU6xKWxI8D0o2gdajlOFCW9kkvj5jWSfO6H2BQBy3c9uO4gAvuG4KKIKSSE2H+YCsd1wtZaMyrp9FKfYsyENesnVhPOHpfTNQrZy2WQQhYrrdY8nrMAbtkpkp37iN+suo6LYJveLvSKg+0SOZZp3tOl3zDldKVXedD9NdEwuSeWTlvYoqkHPdBWd5XGaiZ1x2IVtoLcG4+qjcuZMSSXHka5tAmDrpOWk+24ZlvP5NyabytzhR5znKpoPQAtmYdMTQosQ1+Z+Tq/G4+74x38afK7adFbLJUaqI7a5eipzb3vud7TmOhbNrETD6bvSzOsxCGEe6BhlCGjK/eHyvWJl3agWFECDIHzXb6ifJcmjWvaOCIuvSUQP7kvGxWjzSqQ7ulXzTvC2YVyW3iu2DSPTx3os15qN4kCIlmgeO2i14JlX+93U6ntymd3fm/LGzoJtIfKA93ZdeD3Ju0oFcVn5Ek6izJiinBDSAw1fjMW88AO9eJRPTT5bNes/LZtEymrzXyArwuRn5ErPoZ2IoQr8cuMqVOPAH+VYWEFG0Rujpu9DXk2FEX5w0QliXrCcGQ91ymMhFRvxqT2hEc+6yVFlLp8S0qoJZyTaBMFAmRNM2LCiEB8Hf9CPR3k+j7wtEAk3vHnrhWj/hvZTgYEKt5+W940diMIy6CuRKnq/kPT3ue2jG3Awc1J3ZYM9EEVMiSZZKSrAHDLDjY8mEnJxgO2nLmtWN9kKqLQE7UqzbCouKb/Mm1S8NrUoSlkO9fpc1b9FI32epuEsHIlP3J5S0GLwKv++bUtQf0AmjvV1LhzN3SzQkOIy3kC7lGSiKchFfG4x7YcCvua+KnoPLO53TgDkXDKRMYT596w3jagcDcWkCHeu2EnUBi/KFiR3RDHt40llciA/u5gX2hLA/ncWy8N26Z0/nPNsEQtZpngsTVVbYywbONH/3iJXefOr0PCepqXcycpbP0MOz5xCyH4snikzNL0jsa7MuhN7FcQp5/gG/XsBxfq/H1lln5HQcsZwMfiqGM85Ro0KAc/mbLMyAgY7MwtwITIYjQScgkpVJuP2VPCcFPi6eSbpv1DemPbZ5uZFnPKC/NkURd8K1Z9COZ78EOqDspa4FkHA43H+XRbOPDvQTEJlsR4ia7/WsewxbQcuJ8jdk8ScYuPVDCIwpcZueHqBzsLUooBfBzXrPVNxhjGSHEfcRM0GcGIJhEOYTEa+N00lof4yzTYBoVLEapKtctukeVbWzuOArfNUJI3vks45Nr5LU5OUxcbx145GPhEoBtmfviBsoERcz27WXUjdHhqdBegObFJbL+FT7Ac6BxY3wVlm0HXy8KHN6UqARZj0RUNvTEPkH6HXLCYlaBpFOkzsfi2I8cUsfoKzD+8IwWBjh6Q2oqGEq8BP1seAwHweDy1GB31nR4DvX9d0Azi5RWixYBdJPSBgTg0Hls6hJgsYdPTzdnd+ePBC57/Q8zNUFcJQkhuE3KaH4n1kVTUEkQySj0516eSAs6F2Pig+84h4yZ5Cn32Vb0Ui9zIPa9/fIg+7GYZvA6hjQ6BUBOIntImWdNCwozMx2KChsdcT6mFcfVOsF+RQ0vjaQzdM+PKxEpO11VMcRQ6epn46gojlq1vLdHjkwippJkWToR/ylaf/aEPKbpXOfIYMTog5lFTeeWe3Mn0xgVZu8/QK77vsM3dM14IRukl7JTtqLgluCZlVAgw4KXThSscAKnjG428a3Gcls5/cfVd8ED70NLgHefNSe7O2fmAzcd/aj4hsFU8uLwpP+aMDN3dbvoeFq2ObxyIHTqx3FZjIcc0IArzE0bCvMOHO9LhFr+wLeKHv8c3XwRqPurwPIvrtJiq0zj2njiQmZjoQ/TxezWweidRvxbq8K7nJDnB3AdGDKMiVR7xj1PFbBv/b5jrA0Zn58r7kqGfY63P1FVrh+hbD4DWs0nNBvWC3w+cNGy0fNkE50PHscAYpGlFnIj8iUSUmfScmFJiW9JiV9JiWESRGzp3tCm5QQJt2M7kZklDrgM5M6vtiko2hskgdQtMgkzI/IlEmjPpNGF5o06jXJirZNgLJrRNg1OmPXiLZrRNh1m9ze3FB2dcBndnV8sV1HCeiaEv0nhCiWR6UKkhbZjPkROYrlZHRLVlwHfBpLx0fEshMdhfEEULQ4jIgfkan0HPal5/DC9Bz2pueQSMAhnWTDHofT2jngEof3aNeJRn6ltHNkogEnZAl0wAUNOKFL4CiaaMAJzvCWZptAbxdOiDTvyFFpp3e01zvg09J2fERpd6Kjyj0BFC2uXMSPyES3mox7upUFLuhWlo/sVq1oohl1AEWjmlHAj8iESWPyr3IdcIFJlo80qRVNmNQBFI0yKeBH5Kjcx+OUjFIHfFrujo8o90501F9PAEWL+yviR+TIJLg908e/Az41yfERJnWiPc3f/oOpnX6OTOmX9umXXqhf2qtfSrq8Bf4PqYPOp+IoAAA=" />\n<input type="hidden" name="lang" value="eng" />\n<input type="hidden" name="suite" value="cobalt" />\n<input type="hidden" name="reservedids" value="inst,lang,suite" />\n<input type="hidden" name="submitmode" value="" />\n<input type="hidden" name="submitname" value="" />\n<input type="hidden" name="allCountInsertComponent_53" id="allCountInsertComponent_53" value="100" />\n<input type="hidden" name="allAvailCountInsertComponent_53" id="allAvailCountInsertComponent_53" value="100" />\n</div>\r\n\t\t\t\t\t\r\n\t\t\t\t\t\r\n\t\t\t\t\t</form> \r\n\t                    </div>\r\n\t                \r\n\t                \r\n                \r\n                \r\n            </div><!--end mark-->\r\n    \r\n\r\n                                  </div>\r\n                              \r\n                             <!--all -->\r\n                              \r\n                                   <a href="javascript:void(0);" onclick="showHideItemsToggle(this)" class="showAllToggleLink availCheckboxLink"><img width="15" src="resources/gold/images/checkbox_checked.png" class="availCheckbox" height="13" id="checkboxCheckedImageComponent_14"></img>only show available</a>\r\n                                   <a href="javascript:void(0);" onclick="showHideItemsToggle(this)" class="showAvailableToggleLink availCheckboxLink"><img width="15" src="resources/gold/images/checkbox.png" class="availCheckbox" height="13" id="checkboxImageComponent_14"></img>only show available</a>\r\n                                   <a href="javascript:void(0);" onclick="showHideItemsToggle(this)" class="showAllMaxToggleLink availCheckboxLink"><img width="15" src="resources/gold/images/checkbox_checked.png" class="availCheckbox" height="13" id="checkboxCheckedImage2Component_14"></img>only show available</a>\r\n                                   <a href="javascript:void(0);" onclick="showHideItemsToggle(this)" class="showAvailableMaxToggleLink availCheckboxLink"><img width="15" src="resources/gold/images/checkbox.png" class="availCheckbox" height="13" id="checkboxImage2Component_14"></img>only show available</a>\r\n                                    \r\n                                    <div id="allItemsSection" class="allItemsSection">\r\n                                       \r\n    \r\n\r\n    \r\n            \r\n            \r\n                    <!--link moved into dpBibHoldingStatement via initBibHoldingsToggle JS -->\r\n                    <span class="itemsSectionHeader" id="availHeaderWrapperAny2Component_27"><a href="javascript:void(0);" onclick="toggleBibHoldingsPopup(this)">see all</a></span>\r\n            \r\n            <!--start mark -->\r\n             <h3 class="sectionHeader itemsHeader customHeader">Items</h3>\r\n            <div id="allitems-b2571642">\r\n                \r\n\t                \r\n\t                    <div class="itemTableWrapper popUpContentWrapper">\r\n\t                        \r\n    \r\n\t\t<table class="itemTable" cellspacing="3">\r\n        \t<tr>\r\n\t        \t\r\n\t        \t\t<th>\r\n\t        \t\t\tLocation\r\n\t        \t\t</th>\r\n\t        \t\r\n\t        \t\t<th>\r\n\t        \t\t\tCall No.\r\n\t        \t\t</th>\r\n\t        \t\r\n\t        \t\t<th>\r\n\t        \t\t\tStatus\r\n\t        \t\t</th>\r\n\t        \t\r\n        \t</tr>\r\n            \r\n            \t<tr>\r\n            \t\t\r\n                        \r\n            \t\t\r\n                        \r\n                            <td>\r\n                                \r\n                                    \r\n                                    \r\n                                        \r\n                                            \r\n \r\n\t \r\n\t    \t\r\n\t\t\r\n\t\t\r\n\t\t\tNatural Bridge\r\n\t\t\r\n    \r\n \r\n\r\n\r\n                                        \r\n                                        \r\n                                    \r\n            \t\t\t        \r\n\t            \t\t\t</td>\r\n            \t\t\t\r\n            \t\t\r\n                        \r\n                            <td>\r\n                                \r\n                                    \r\n                                    \r\n                                        \r\n                                        \r\n                                            \r\n                                                <a id="callNoBrowseDirectLinkComponent_54" href="/iii/encore/SearchResultsPage,searchResultsComponent.resultComponent.searchBrowseResultBibComponent.$BibHoldingsComponent.bibHoldingsAllItems.itemTableComponent.callNoBrowseDirectLinkComponent.sdirect;jsessionid=5F4C8E89B7C5F964F02DBB6C904346CF?lang=eng&amp;sp=Si20239842&amp;sp=Sb2571642&amp;suite=cobalt" onclick="return tapestry.linkOnClick(this.href,\'callNoBrowseDirectLinkComponent_54\', false)">\r\n                                                    VIDEO GAME\r\n                                                </a>\r\n                                            \r\n                                            \r\n                                        \r\n                                    \r\n            \t\t\t        \r\n                                    \r\n                                         \r\n                                    \r\n                                    \r\n            \t\t\t        \r\n                                    \r\n                                         \r\n                                    \r\n                                    \r\n            \t\t\t        \r\n\t            \t\t\t</td>\r\n            \t\t\t\r\n            \t\t\r\n                        \r\n                            <td>\r\n                                \r\n                                    \r\n                                        IN LIBRARY\r\n                                    \r\n                                    \r\n            \t\t\t        \r\n\t            \t\t\t</td>\r\n            \t\t\t\r\n            \t\t\r\n            \t</tr>\r\n            \r\n        </table>\r\n    \r\n\r\n\t                        \r\n\t\t\t\t\t\t\t\r\n\t\t\t\t\t\t\t\t<a id="showAllItemsLinkComponent_54" class="showAllItemsLink customToggle" href="/iii/encore/SearchResultsPage,searchResultsComponent.resultComponent.searchBrowseResultBibComponent.$BibHoldingsComponent.bibHoldingsAllItems.showAllItemsLinkComponent.sdirect;jsessionid=5F4C8E89B7C5F964F02DBB6C904346CF?lang=eng&amp;sp=Sb2571642&amp;sp=T&amp;sp=Sallitems-b2571642&amp;sp=F&amp;suite=cobalt" onclick="return tapestry.linkOnClick(this.href,\'showAllItemsLinkComponent_54\', false)">\r\n\t\t\t\t\t\t\t\tShow remaining items</a>\r\n\t\t\t\t\t\t\t\r\n\t\t\t\t\t\t\t\r\n  \xe2\x80\x8b\t\t\t\t\t\t\t\r\n  \r\n\t\t\t\t\t<form method="post" action="/iii/encore/SearchResultsPage,searchResultsComponent.resultComponent.searchBrowseResultBibComponent.$BibHoldingsComponent.bibHoldingsAllItems.countComponent.sdirect;jsessionid=5F4C8E89B7C5F964F02DBB6C904346CF" id="countComponent_54" style="display:none;">\n<div style="display:none;" id="countComponent_54hidden"><input type="hidden" name="formids" value="allCountInsertComponent_54,allAvailCountInsertComponent_54" />\n<input type="hidden" name="seedids" value="ZH4sIAAAAAAAAAI1aTXLjuhGeRXITL7JQqkSaku2lLHveqMoeuyTNey+rKYiEJNRQhAKQsp0z5Qip3Ch3SAMEJaDRlLUZ0/01Gv2PBjz//t+Xv/7ry5e/fPnbfwaaq4PI+dVwsGcb8yOXu72seFXb76pmouIKvjXXWsjKfO3hn40si1dY8Ydi+z1XU2+V3vKy9AkrWXwEvzPNH4TieQ0CZxWoUJ/gZLBmoJGs5rxkhsFfWclFrsS+fuY1m/O14nob7izfpo2u5e4bZwVXs7WP5j6CdjVKyl9TpuonUf3ytZmtr5KbLIAnVWDObP1zeHWdDR5Lza+S63HA+wxuAzfF++1ZrWS1lLLUPrkQel+yj1eLvuyNA/RsnQZWsgNfboVecKbyLVLGuGABDC1oNAid0G47KUEb/WNfsJoTAiw82xm914RyT6zaNAAueAkxlOBMkwmUy91ueS6bqn6SG1F9bqvP0YDX7LIwKuBz68+r5C5xewCXbMDB1Vqo3X0p84B99+F0eOA1stcp0XpkojgLNdhaq1xSLZ+ffKyWe7tTuAKoc17BokiLStZ/fpun8PXPhqvQ6zZcX6Xa+VRR6fpqNBqU4HDzUzei5vajZRe8LJ7YipexqEWtBCwaDlhxYFXOi1NCnBxgm4BdFHPFIm1CLJrdSgSJrPdQ7otms+Eal+uBlaKwRfyolFRnIP01hE3ngS/tPIkaiEOnkL0bGTpyK3f8NUrcjmpKNGoYoTDUMwJQcKOnV4wpVqUtCV4EJZtA61HKcKGtbBJfn7GsE2f0vkAgjtu5bbM4wHOumxKKoCJS02E+IOstVwvZqJzrZ1GJHQvykFdsVRpPeHrfDFQrp20WQYiYbvdY8DqMQbtkaso3bqP+Miq6bUIv+TsSqk/0SKZZZ7tO17zDlVLVXefDdNfEgmTOrLxXsQ/kXHfBWRyXmegZl13IFlpLMC4/9u7cSYmkOPK1TSBMnfScNJ9tzXJe/6Zks/e3OFFnBcqmg9AC2Zh0xNCixDX5n+Or0bj7vjHfxp9LtpmWsilQqojNtl6Igtve+53tOI6Fs2seMPpu9LM6zEIYR7oGGUIaMr98fN+zqujUCgohQJA/arbRT5IV0Kx7RwVF1qWjBvYlo2O1eKRTHdwr+aZ5WzCvSm4U2wWR6OO9FyvMR/EgRSo0Dxy1m/NcquLvq3Q0vk3v7sz5Y2dBN5H4QHu6L7we5NykA7ms+ogmUWdNUE4JaACHr8Zj3mgA3r1KxqafLJrVjlfNvGU0ea+RFeBzM/IlZtHPxFCEfjlwVShx4A/yrSohomiN0JN3oa/Hw4g+P2mEsC5ZTwyGuuEwkYuc+NWe0Ijm3GWpspZOicl+H8xKtgmEgTIhmrRhQSE8CP6mH4n2PjqOvi8QCTS9e+iFa/2E91KCgwm1nlX3jh+JwTDqKpArRbGU9/S476E5czNwUHdmgx0TZUyJJFkqKcEeMMCOjyUTcnKC7aQtalY32guptgTsSLFqKywqvvWbVL80tCpJWA71+l3WvEUjfZ+l4i4diEzdnVDSYvAq/L5rKlF/QCeM9nYtHc7cDdGQ4DDeQLpUZ6AoymV8bTDuhQG/5r4qegYu73ROA+ZCMJAygfn0rTeMyy0MxJUJdKzbUtQlLCrmJnZEM+zhSadxIT64mxfYE8L+dBbLwnfrnj2d82wTCFknRSFMVFlpLxs40/zdI1Z684nT85ykpt7KyFk+Qw/PjkPIfsyfKDI1vyCxr82qFHobxynk+Qf8egHH+b0eW2edkdNxxHJy+KkYzjhHjQoBzuVvsjQDBjoyS3MjMBmOBJ2ASFYu4fZX8YIU+Dh/Jum+Ud+Y9thm1Vqe8YD+2pRl3AlXnkFbnv8S6ICyl7oWQMLhcP9dls0uOtBPQGSyHSFqvtPT7jFsCS0nyt+QxZ9g4NYPITCmxG16coDOwVaihF4EN+sdU3GHMZIdRtxHzARxYgiGQZhPRLw2Tieh/THONgGiUcVqkK5y2aZ7VNXO4pIv8VUnjOyRzzo2vUpSk5fHxPHWjUY+EioF2I69I26gRFzMbNdeSt0cGZ4G6S1sUlou41PtB7gAFjfCW2XRdvDxoszpSYFGmPVEQG1PQ+QfoNctJyRqFUQ6Ta99LIrx+KaFH6Csw/tCkvgLIzy9uYOYwVTgJ+pjyWE+DgaXowK/s7LBd67sZgBnl6gsFqwC6SckjInBoPJZ1CRB444enu6jbiA4gch9p+dhri6AoyQxDL9JCcX/zPbRFEQyRDI63amXB8KC3vWo+MAr7iFzCnn6XbYVjdTLPah9f4886G4ctgksjwGNXhFGI2q7SFknDQsKM7MdCkpbHbE+5tUH1XpJPgWNMgPZPO3Dw0pE2mZRHUcMnabo3DVHzUq+2yMHRlEzKZIM/Yi/NO1fG0J+s3Tua0/vuENZxY1nllvzJxNY1SavLzAju+8zdE/XgBO6SXol277MdEvQrApo0EGhC0cqlljBXv3KstvGIJ3NSGY7v//Y903w2UDAJcCbj9qTvf0Tk4H7zn5UfFkwtbwoPOlnA27utn4PDVfDNo9HDrQ0b0exqQzHnBDAawwN2wozzkyvKsTavoA3yh7/XB280aj76wCy726cYuvMY9pobEKmI+HPk/n01oFo3Vq826uCu9wQZwcwHZiyTEnUO7Kexyr41z7fEZbGzI/vNVcVw16Hu7/IS9evEBa/YWXDMf2G1QKfP2y0fNQM6UTHs8cRoGhEmYX8iEyZlPSZlFxoUtJrUtJnUkKYFDF7uie0SQlh0k12l5FR6oDPTOr4YpOOorFJHkDRIpMwPyJTJmV9JmUXmpT1mmRF2yZA2ZURdmVn7MpouzLCrtvk9uaGsqsDPrOr44vtOkpA15ToPyFEsTwqVZK0yGbMj8hRLMfZLVlxHfBpLB0fEctOdBTGE0DR4jAifkSm0nPYl57DC9Nz2JueQyIBh3SSDXscTmvngEsc3qNdJxr5ldLOkYkGnJAl0AEXNOCELoGjaKIBJzjDW5ptAr1dOCHSvCNHpZ3e0V7vgE9L2/ERpd2Jjir3BFC0uHIRPyIT3Wo86ulWFrigW1k+slu1oolm1AEUjWpGAT8iEyaNyL/KdcAFJlk+0qRWNGFSB1A0yqSAH5Gjch+NUjJKHfBpuTs+otw70VF/PQEULe6viB+RI5OScc/x74BPTXJ8hEmdaE/zt/9iaqefI1P6pX36pRfql/bql5IuPwGY9n9UMztI9igAAA==" />\n<input type="hidden" name="lang" value="eng" />\n<input type="hidden" name="suite" value="cobalt" />\n<input type="hidden" name="reservedids" value="inst,lang,suite" />\n<input type="hidden" name="submitmode" value="" />\n<input type="hidden" name="submitname" value="" />\n<input type="hidden" name="allCountInsertComponent_54" id="allCountInsertComponent_54" value="100" />\n<input type="hidden" name="allAvailCountInsertComponent_54" id="allAvailCountInsertComponent_54" value="100" />\n</div>\r\n\t\t\t\t\t\r\n\t\t\t\t\t\r\n\t\t\t\t\t</form> \r\n\t                    </div>\r\n\t                \r\n\t                \r\n                \r\n                \r\n            </div><!--end mark-->\r\n    \r\n\r\n                                    </div>\r\n                            \r\n                            \r\n                                <!--how to test for available items on the threshold link-->\r\n                                       <div class="availableMaxItemsSection">\r\n                                                \r\n    \r\n\r\n    \r\n            \r\n                 \r\n                \r\n                    <!--link moved into dpBibHoldingStatement via initBibHoldingsToggle JS -->\r\n                    <span class="itemsAvailHeader itemsSectionHeader" id="availHeaderWrapperAnyComponent_26">\r\n                           <a id="showMaxItemsLink2Component_26" class="maxItemsLink" href="/iii/encore/SearchResultsPage,searchResultsComponent.resultComponent.searchBrowseResultBibComponent.$BibHoldingsComponent.bibHoldingsAvailableMaxItems2.showMaxItemsLink2Component.sdirect;jsessionid=5F4C8E89B7C5F964F02DBB6C904346CF?lang=eng&amp;sp=Sb2571642&amp;sp=F&amp;sp=Sallavailitemsmax-b2571642&amp;sp=F&amp;suite=cobalt" onclick="return tapestry.linkOnClick(this.href,\'showMaxItemsLink2Component_26\', false)">\r\n                               <a href="javascript:void(0);" onclick="toggleBibHoldingsPopup(this)">see all</a>\r\n                           </a>\r\n                    </span>\r\n                \r\n            \r\n            \r\n            <!--start mark -->\r\n             <h3 class="sectionHeader itemsHeader customHeader">Items</h3>\r\n            <div id="allavailitemsmax-b2571642">\r\n                \r\n\t                \r\n\t                    <div class="itemTableWrapper popUpContentWrapper">\r\n\t                        \r\n    \r\n\t\t<table class="itemTable" cellspacing="3">\r\n        \t<tr>\r\n\t        \t\r\n\t        \t\t<th>\r\n\t        \t\t\tLocation\r\n\t        \t\t</th>\r\n\t        \t\r\n\t        \t\t<th>\r\n\t        \t\t\tCall No.\r\n\t        \t\t</th>\r\n\t        \t\r\n\t        \t\t<th>\r\n\t        \t\t\tStatus\r\n\t        \t\t</th>\r\n\t        \t\r\n        \t</tr>\r\n            \r\n            \t<tr>\r\n            \t\t\r\n                        \r\n            \t\t\r\n                        \r\n                            <td>\r\n                                \r\n                                    \r\n                                    \r\n                                        \r\n                                            \r\n \r\n\t \r\n\t    \t\r\n\t\t\r\n\t\t\r\n\t\t\tNatural Bridge\r\n\t\t\r\n    \r\n \r\n\r\n\r\n                                        \r\n                                        \r\n                                    \r\n            \t\t\t        \r\n\t            \t\t\t</td>\r\n            \t\t\t\r\n            \t\t\r\n                        \r\n                            <td>\r\n                                \r\n                                    \r\n                                    \r\n                                        \r\n                                        \r\n                                            \r\n                                                <a id="callNoBrowseDirectLinkComponent_55" href="/iii/encore/SearchResultsPage,searchResultsComponent.resultComponent.searchBrowseResultBibComponent.$BibHoldingsComponent.bibHoldingsAvailableMaxItems2.itemTableComponent.callNoBrowseDirectLinkComponent.sdirect;jsessionid=5F4C8E89B7C5F964F02DBB6C904346CF?lang=eng&amp;sp=Si20239842&amp;sp=Sb2571642&amp;suite=cobalt" onclick="return tapestry.linkOnClick(this.href,\'callNoBrowseDirectLinkComponent_55\', false)">\r\n                                                    VIDEO GAME\r\n                                                </a>\r\n                                            \r\n                                            \r\n                                        \r\n                                    \r\n            \t\t\t        \r\n                                    \r\n                                         \r\n                                    \r\n                                    \r\n            \t\t\t        \r\n                                    \r\n                                         \r\n                                    \r\n                                    \r\n            \t\t\t        \r\n\t            \t\t\t</td>\r\n            \t\t\t\r\n            \t\t\r\n                        \r\n                            <td>\r\n                                \r\n                                    \r\n                                        IN LIBRARY\r\n                                    \r\n                                    \r\n            \t\t\t        \r\n\t            \t\t\t</td>\r\n            \t\t\t\r\n            \t\t\r\n            \t</tr>\r\n            \r\n        </table>\r\n    \r\n\r\n\t                        \r\n\t\t\t\t\t\t\t\r\n\t\t\t\t\t\t\t\t<a id="showAllItemsLinkComponent_55" class="showAllItemsLink customToggle" href="/iii/encore/SearchResultsPage,searchResultsComponent.resultComponent.searchBrowseResultBibComponent.$BibHoldingsComponent.bibHoldingsAvailableMaxItems2.showAllItemsLinkComponent.sdirect;jsessionid=5F4C8E89B7C5F964F02DBB6C904346CF?lang=eng&amp;sp=Sb2571642&amp;sp=T&amp;sp=Sallavailitemsmax-b2571642&amp;sp=F&amp;suite=cobalt" onclick="return tapestry.linkOnClick(this.href,\'showAllItemsLinkComponent_55\', false)">\r\n\t\t\t\t\t\t\t\tShow remaining items</a>\r\n\t\t\t\t\t\t\t\r\n\t\t\t\t\t\t\t\r\n  \xe2\x80\x8b\t\t\t\t\t\t\t\r\n  \r\n\t\t\t\t\t<form method="post" action="/iii/encore/SearchResultsPage,searchResultsComponent.resultComponent.searchBrowseResultBibComponent.$BibHoldingsComponent.bibHoldingsAvailableMaxItems2.countComponent.sdirect;jsessionid=5F4C8E89B7C5F964F02DBB6C904346CF" id="countComponent_55" style="display:none;">\n<div style="display:none;" id="countComponent_55hidden"><input type="hidden" name="formids" value="allCountInsertComponent_55,allAvailCountInsertComponent_55" />\n<input type="hidden" name="seedids" value="ZH4sIAAAAAAAAAI1aTXLjuhGeRXITL7JQqkRaku2lLHveqMoeuyTNey+rKYiEJNRQBAOQsp0z5UCp3CF3SAMEJaDRlLUZ0/01Gv2PBjz//t+Xv/7ry5e/fPnbfwaaq4PI+NVwULGt+ZHJfSVLXtb2u6yZKLmCb821FrI0XxX8s5VF/gor/lCsqriaeav0jheFT1jL/CP4nWn+IBTPahA4L0GF+gQngw0DjWS54AUzDP7KUi4zJar6mddswTeK6124s3ybNbqW+2+c5VzNNz6a+Qja1Sgpf82Yqp9E+cvXZr65Sm4mATwtA3Pmm5/Dq+vR4LHQ/Cq5vg14n8Ft4KZ4v4rVSpYrKQvtk3Ohq4J9vFr0pTIO0PNNGljJDny1E3rJmcp2SBnjgiUwtKDRIHRCu+20AG30jypnNScEWHi+N3pvCOWeWLltAFzyAmIowZkmEyiXu92yTDZl/SS3ovzcVp+jAa/ZZWFUwOfWn1fJXer2AC7ZgIPLjVD7+0JmAfv+w+nwwGtkr1Oi9chUcRZqsLNWuaRaPT/5WC0ru1O4AqgLXsKiSItS1n9+W6Tw9c+Gq9DrNlxfpdr7VFHq+mo8GRTgcPNTN6Lm9qNlF7zIn9iaF7GoZa0ELBoOWH5gZcbzU0KcHGCbgF0Uc8UibUIsm/1aBImsKyj3ZbPdco3L9cAKkdsiflRKqjOQ/hrCpvPAl3aeRA3EoTPI3q0MHbmTe/4aJW5HNSUaNYxQGOoZASi40dMrxhSr0pYEz4OSTaD1KGW40FY2ia/PWNaJM3pfIBDH7dy2ozjAC66bAoqgJFLTYT4g6x1XS9mojOtnUYo9C/KQl2xdGE94et8MVCunbRZBiJhu91jyOoxBu2Rmyjduo/4yKrptQq/4OxKqT/RIpllnu07XvMOVUtVd58N018SCZB5Zea+iCuRcd8FZHpeZ6BmXXcgWWkswrj4qd+6kRFIc+domEKZOek6az7ZhGa9/U7Kp/C1O1HmOsukgtEA2Jh0xtChxTf7n5Gp8033fmG/jzxXbzgrZ5ChVxHZXL0XObe/9zvYcx8LZtQgYfTf6WR1mIYwjXYMMIQ2ZXzy+V6zMO7WCQggQ5I+abfWTZDk0695RQZF16aiBfcn4WC0e6VQH90q+ad4WzKuSW8X2QST6eO/FGvNRPEiREs0DR+0WPJMq//s6HU9u07s7c/7YWdBNJD7Qnu5Lrwc5N+lALis/oknUWROUUwIawOGr8Zg3HoB3r5KJ6SfLZr3nZbNoGU3ea2QF+NyMfIlZ9DMxFKFfDlzlShz4g3wrC4goWiP09F3o68kwoi9OGiGsS9YTg6FuOUzkIiN+tSc0ojl3WaqspVNiWlXBrGSbQBgoE6JpGxYUwoPgb/qRaO/j4+j7ApFA07uHXrjWT3gvJTiYUOt5ee/4kRgMo64CuZLnK3lPj/semjE3Awd1ZzbYM1HElEiSpZIS7AED7PhYMiEnJ9hO2rJmdaO9kGpLwI4U67bCouLbvEn1S0OrkoTlUK/fZc1bNNL3WSru0oHI1P0JJS0Gr8Lv+6YU9Qd0wmhv19LhzN0SDQkO4y2kS3kGiqJcxNcG414Y8Gvuq6Ln4PJO5zRgzgUDKVOYT996w7jawUBcmkDHuq1EXcCifGFiRzTDHp50Fhfig7t5gT0h7E9nsSx8t+7Z0znPNoGQdZrnwkSVFfaygTPN3z1ipTefOj3PSWrqnYyc5TP08Ow5hOzH4okiU/MLEvvarAuhd3GcQp5/wK8XcJzf67F11hk5HUcsJ4OfiuGMc9SoEOBc/iYLM2CgI7MwNwKT4UjQCYhkZRJufyXPSYGPi2eS7hv1jWmPbV5u5BkP6K9NUcSdcO0ZtOPZL4EOKHupawEkHA7332XR7KMD/QREJtsRouZ7Pesew1bQcqL8DVn8CQZu/RACY0rcpqcH6BxsLQroRXCz3jMVdxgj2WHEfcRMECeGYBiE+UTEa+N0Etof42wTIBpVrAbpKpdtukdV7Swu+ApfdcLIHvmsY9OrJDV5eUwcb9144iOhUoDt2TviBkrExcx27aXUzZHhaZDewiaF5TI+1X6Ac2BxI7xVFm0HHy/KnJ4UaIRZTwTU9jRE/gF63XJCopZBpNP0xseiGN8MW/gByjq8LyTX/sIIT29HEDOYCvxEfSw4zMfB4HJU4HdWNPjONR4P4OwSpcWCVSD9hIQxMRhUPouaJGjc0cPT3fntyQOR+07Pw1xdAEdJYhh+kxKK/5lV0RREMkQyOt2plwfCgt71qPjAK+4hcwZ5+l22FY3UyzyofX+PPOhuHLYJrI4BjV4RgJPYLlLWScOCwsxsh4LCVkesj3n1QbVekE9BY3NwFTZP+/CwEpG246iOI4ZOU3TumqNmLd/tkQOjqJkUSYZ+xF+a9q8NIb9ZOve1p3fcoazixjOrnfmTCaxqk7dfYNd9n6F7nhow1SS9km1fZrolaFYFNOig0IUjFQusoKffCBncbWOQzmYks53ff1R9Ezz0NrgEePNRe7K3f2IycN/Zj4pvFEwtLwpP+qMBN3dbv4eGq2GbxyMHWpq1o9hMhmNOCOA1hoZthRlnrtclYm1fwBtlj3+uDt5o1P11ANl3N0mxdeYxbTwxIdOR8OfpYnbrQLRuI97tVcFdboizA5gOTFmmJOodo57HKvjXPt8RlsbMj+81VyXDXoe7v8gK168QFr9hjYYT+g2rBT5/2Gj5qBnSiY5njyNA0YgyC/kRmTIp6TMpudCkpNekpM+khDApYvZ0T2iTEsKkm9HdiIxSB3xmUscXm3QUjU3yAIoWmYT5EZkyadRn0uhCk0a9JlnRtglQdo0Iu0Zn7BrRdo0Iu26T25sbyq4O+Myuji+26ygBXVOi/4QQxfKoVEHSIpsxPyJHsZyMbsmK64BPY+n4iFh2oqMwngCKFocR8SMylZ7DvvQcXpiew970HBIJOKSTbNjjcFo7B1zi8B7tOtHIr5R2jkw04IQsgQ64oAEndAkcRRMNOMEZ3tJsE+jtwgmR5h05Ku30jvZ6B3xa2o6PKO1OdFS5J4CixZWL+BGZ6FaTcU+3ssAF3crykd2qFU00ow6gaFQzCvgRmTBpTP5VrgMuMMnykSa1ogmTOoCiUSYF/Igclft4nJJR6oBPy93xEeXeiY766wmgaHF/RfyIHJmUTHqOfwd8apLjI0zqRHuav/0XUzv9HJnSL+3TL71Qv7RXv5R0+QmgaLHLW+z/ajKRUBIpAAA=" />\n<input type="hidden" name="lang" value="eng" />\n<input type="hidden" name="suite" value="cobalt" />\n<input type="hidden" name="reservedids" value="inst,lang,suite" />\n<input type="hidden" name="submitmode" value="" />\n<input type="hidden" name="submitname" value="" />\n<input type="hidden" name="allCountInsertComponent_55" id="allCountInsertComponent_55" value="100" />\n<input type="hidden" name="allAvailCountInsertComponent_55" id="allAvailCountInsertComponent_55" value="100" />\n</div>\r\n\t\t\t\t\t\r\n\t\t\t\t\t\r\n\t\t\t\t\t</form> \r\n\t                    </div>\r\n\t                \r\n\t                \r\n                \r\n                \r\n            </div><!--end mark-->\r\n    \r\n\r\n                                       </div>\r\n                            \r\n                            \r\n                                    <div id="allMaxItemsSection" class="allMaxItemsSection">\r\n                                        \r\n    \r\n\r\n    \r\n            \r\n                 \r\n                \r\n                    <!--link moved into dpBibHoldingStatement via initBibHoldingsToggle JS -->\r\n                    <span class="itemsSectionHeader" id="availHeaderWrapperAnyComponent_27">\r\n                           <a id="showMaxItemsLink2Component_27" class="maxItemsLink" href="/iii/encore/SearchResultsPage,searchResultsComponent.resultComponent.searchBrowseResultBibComponent.$BibHoldingsComponent.bibHoldingsAllMaxItems.showMaxItemsLink2Component.sdirect;jsessionid=5F4C8E89B7C5F964F02DBB6C904346CF?lang=eng&amp;sp=Sb2571642&amp;sp=F&amp;sp=Sallitemsmax-b2571642&amp;sp=F&amp;suite=cobalt" onclick="return tapestry.linkOnClick(this.href,\'showMaxItemsLink2Component_27\', false)">\r\n                               <a href="javascript:void(0);" onclick="toggleBibHoldingsPopup(this)">see all</a>\r\n                           </a>\r\n                    </span>\r\n                \r\n            \r\n            \r\n            <!--start mark -->\r\n             <h3 class="sectionHeader itemsHeader customHeader">Items</h3>\r\n            <div id="allitemsmax-b2571642">\r\n                \r\n\t                \r\n\t                    <div class="itemTableWrapper popUpContentWrapper">\r\n\t                        \r\n    \r\n\t\t<table class="itemTable" cellspacing="3">\r\n        \t<tr>\r\n\t        \t\r\n\t        \t\t<th>\r\n\t        \t\t\tLocation\r\n\t        \t\t</th>\r\n\t        \t\r\n\t        \t\t<th>\r\n\t        \t\t\tCall No.\r\n\t        \t\t</th>\r\n\t        \t\r\n\t        \t\t<th>\r\n\t        \t\t\tStatus\r\n\t        \t\t</th>\r\n\t        \t\r\n        \t</tr>\r\n            \r\n            \t<tr>\r\n            \t\t\r\n                        \r\n            \t\t\r\n                        \r\n                            <td>\r\n                                \r\n                                    \r\n                                    \r\n                                        \r\n                                            \r\n \r\n\t \r\n\t    \t\r\n\t\t\r\n\t\t\r\n\t\t\tNatural Bridge\r\n\t\t\r\n    \r\n \r\n\r\n\r\n                                        \r\n                                        \r\n                                    \r\n            \t\t\t        \r\n\t            \t\t\t</td>\r\n            \t\t\t\r\n            \t\t\r\n                        \r\n                            <td>\r\n                                \r\n                                    \r\n                                    \r\n                                        \r\n                                        \r\n                                            \r\n                                                <a id="callNoBrowseDirectLinkComponent_56" href="/iii/encore/SearchResultsPage,searchResultsComponent.resultComponent.searchBrowseResultBibComponent.$BibHoldingsComponent.bibHoldingsAllMaxItems.itemTableComponent.callNoBrowseDirectLinkComponent.sdirect;jsessionid=5F4C8E89B7C5F964F02DBB6C904346CF?lang=eng&amp;sp=Si20239842&amp;sp=Sb2571642&amp;suite=cobalt" onclick="return tapestry.linkOnClick(this.href,\'callNoBrowseDirectLinkComponent_56\', false)">\r\n                                                    VIDEO GAME\r\n                                                </a>\r\n                                            \r\n                                            \r\n                                        \r\n                                    \r\n            \t\t\t        \r\n                                    \r\n                                         \r\n                                    \r\n                                    \r\n            \t\t\t        \r\n                                    \r\n                                         \r\n                                    \r\n                                    \r\n            \t\t\t        \r\n\t            \t\t\t</td>\r\n            \t\t\t\r\n            \t\t\r\n                        \r\n                            <td>\r\n                                \r\n                                    \r\n                                        IN LIBRARY\r\n                                    \r\n                                    \r\n            \t\t\t        \r\n\t            \t\t\t</td>\r\n            \t\t\t\r\n            \t\t\r\n            \t</tr>\r\n            \r\n        </table>\r\n    \r\n\r\n\t                        \r\n\t\t\t\t\t\t\t\r\n\t\t\t\t\t\t\t\t<a id="showAllItemsLinkComponent_56" class="showAllItemsLink customToggle" href="/iii/encore/SearchResultsPage,searchResultsComponent.resultComponent.searchBrowseResultBibComponent.$BibHoldingsComponent.bibHoldingsAllMaxItems.showAllItemsLinkComponent.sdirect;jsessionid=5F4C8E89B7C5F964F02DBB6C904346CF?lang=eng&amp;sp=Sb2571642&amp;sp=T&amp;sp=Sallitemsmax-b2571642&amp;sp=F&amp;suite=cobalt" onclick="return tapestry.linkOnClick(this.href,\'showAllItemsLinkComponent_56\', false)">\r\n\t\t\t\t\t\t\t\tShow remaining items</a>\r\n\t\t\t\t\t\t\t\r\n\t\t\t\t\t\t\t\r\n  \xe2\x80\x8b\t\t\t\t\t\t\t\r\n  \r\n\t\t\t\t\t<form method="post" action="/iii/encore/SearchResultsPage,searchResultsComponent.resultComponent.searchBrowseResultBibComponent.$BibHoldingsComponent.bibHoldingsAllMaxItems.countComponent.sdirect;jsessionid=5F4C8E89B7C5F964F02DBB6C904346CF" id="countComponent_56" style="display:none;">\n<div style="display:none;" id="countComponent_56hidden"><input type="hidden" name="formids" value="allCountInsertComponent_56,allAvailCountInsertComponent_56" />\n<input type="hidden" name="seedids" value="ZH4sIAAAAAAAAAI1a3XLiOhKei903ycVesFXYAZJcEpI5Q1UySQFzztmrKWELUI1tsZJNkn2mfbWtrX2DbckySK024SaY/lqt/lfL5N//+fLXf3358pcvf/vvQHN1EBm/Gg72bGs+MlnuZcWr2j5XNRMVV/CsudZCVuZpD3+2sshfYcUfiu33XM28VXrHi8InrGX+EXxnmj8IxbMaBM4rUKE+wclgw0AjWS14wQyDv7KSy0yJff3Ma7bgG8X1LtxZvs0aXcvyG2c5V/ONj2Y+gnY1SspfM6bqJ1H98rWZb66Sm9sAnlaBOfPNz+HV9WjwWGh+lYxCUc/gNnBTvN+e1UpWKykL7ZNzofcF+3i16MveOEDPN2lgJTvw1U7oJWcq2yFljAuWwNCCRoPQCe220wK00T/2Oas5IcDC89LovSGUe2LVtgFwyQuIoQRnmkygXO52yzLZVPWT3Irqc1t9jga8ZpeFUQGfW39eJXfXbg/gkg04uNoIVd4XMgvYyw+nwwOvkb1OidYjU8VZqMHOWuWSavX85GO13NudwhVAXfAKFkVaVLL+89sihad/NlyFXrfh+ipV6VNFpeur8c2gAIebT92ImtuHll3wIn9ia17Eopa1ErBoOGD5gVUZz08JcXKAbQJ2UcwVi7QJsWzKtQgSWe+h3JfNdss1LtcDK0Rui/hRKanOQPprCJvOA0/aeRI1EIfOIHu3MnTkTpb8NUrcjmpKNGoYoTDUMwJQcKOnV4wpVqUtCZ4HJZtA61HKcKGtbBJfn7GsE2f0vkAgjtu5bUdxgBdcNwUUQUWkpsN8QNY7rpayURnXz6ISJQvykFdsXRhPeHrfDFQrp20WQYiYbvdY8jqMQbtkZso3bqP+Miq6bUKv+DsSqk/0SKZZZ7tO17zDlVLVXefDdNfEgmQeWXmvYh/Iue6CszwuM9EzLruQLbSWYFx97N25kxJJceRrm0CYOuk5aT7bhmW8/k3JZu9vcaLOc5RNB6EFsjHpiKFFiWvyPydX49vu+cY8G3+u2HZWyCZHqSK2u3opcm5773dWchwLZ9ciYPTd6Gd1mIUwjnQNMoQ0ZH7x+L5nVd6pFRRCgCB/1GyrnyTLoVn3jgqKrEtHDexLxsdq8UinOrhX8k3ztmBeldwqVgaR6OO9F2vMR/EgRSo0Dxy1W/BMqvzv63Q8uU3v7sz5Y2dBN5H4QHu6L70e5NykA7ms+ogmUWdNUE4JaACHr8Zj3ngA3r1KJqafLJt1yatm0TKavNfICvC5GfkSs+hnYihCvxy4ypU48Af5VhUQUbRG6Om70NeTYURfnDRCWJesJwZD3XKYyEVGfLUnNKI5d1mqrKVTYrrfB7OSbQJhoEyIpm1YUAgPgr/pR6K9j4+j7wtEAk3vHnrhWj/hvZTgYEKt59W940diMIy6CuRKnq/kPT3ue2jG3Awc1J3ZoGSiiCmRJEslJdgDBtjxsWRCTk6wnbRlzepGeyHVloAdKdZthUXFt3mT6peGViUJy6Fev8uat2ik77NU3KUDkanlCSUtBq/C97KpRP0BnTDa27V0OHO3REOCw3gL6VKdgaIoF/G1wbgXBvya+6roObi80zkNmHPBQMoU5tO33jCudjAQVybQsW4rURewKF+Y2BHNsIcnncWF+OBuXmBPCPvTWSwL36179nTOs00gZJ3muTBRZYW9bOBM83ePWOnNp07Pc5KaeicjZ/kMPTwlh5D9WDxRZGp+QWJfm3Uh9C6OU8jzD/h6Acf5vR5bZ52R03HEcjL4VAxnnKNGhQDn8jdZmAEDHZmFuRGYDEeCTkAkK5Nw+6t4Tgp8XDyTdN+ob0x7bPNqI894QH9tiiLuhGvPoB3Pfgl0QNlLXQsg4XC4/y6LpowO9BMQmWxHiJqXeta9DFtBy4nyN2TxJxi49UMIjClxm54eoHOwtSigF8HNumQq7jBGssOI+4iZIE4MwTAI84mI18bpJLQ/xtkmQDSqWA3SVS7bdI+q2llc8BW+6oSRPfJZx6ZXSWry8pg43rrxjY+ESgFWsnfEDZSIi5nt2kupmyPD0yC9hU0Ky2V8qv0A58DiRnirLNoOHl6UOT0p0Aizngio7WmI/AP0uuWERK2CSKcQag+LYnxz3cIPUNbhfQGc7i2M8PT2DmIGU4GfqI8Fh/k4GFyOCvzOigbfuSbXAzi7RGWxYBVIPyFhTAwGlc+iJmmP9pYenu7Ob08eiNx3ej3M1QVwlCSG4Tcpofif2T6agkiGSEanO/XmgbCgdz0qPjut2BFhBnn6XbYVjdTLPKh9/x550N04bBNYHQMavUUATmK7SFknDQsKM7MdCgpbHbE+5q0PqvWCfBU0nhjI5mkfHlYi0nYS1XHE0GmKzl1z1Kzluz1yYBQ1kyLJ0I/4S9P+tSHkN0vnvvb0jjuUVdx4ZrUzP5nAqjZ5+wV23fcZuuepAVNNMuiR9qLglqBZFXdQ6MKRigVW8IzB3Ta+zUhmO7//2PdN8KOBgEuANx+1J3v7E5OB+85+VHyjYGp5UXjSHw24udv6PTRcDds8HjnQ0qwdxWYyHHNCAK8xNGwrzDhzva4Qa/sGvFH2+Ofq4I1G3a8DyL67SYqtMy/TxhMTMh0Jf54uZrcOROs24t1eFdzlhjg7gOnAlGVKot4x6nlZBX/t6zvC0pj58b3mqmLY63D3F1nh+hXC4ndYo+GEfofVAp+/2Gj5qBnSiY5njyNA0YgyC/kRmTIp6TMpudCkpNekpM+khDApYvZ0T2iTEsKkm9HdiIxSB3xmUscXm3QUjU3yAIoWmYT5EZkyadRn0uhCk0a9JlnRtglQdo0Iu0Zn7BrRdo0Iu26T25sbyq4O+Myuji+26ygBXVOif0KIYnlUqiBpkc2YH5GjWE5Gt2TFdcCnsXR8RCw70VEYTwBFi8OI+BGZSs9hX3oOL0zPYW96DokEHNJJNuxxOK2dAy5xeI92nWjkV0o7RyYacEKWQAdc0IATugSOookGnOAMb2m2CfR24YRI844clXZ6R3u9Az4tbcdHlHYnOqrcE0DR4spF/IhMdKvJuKdbWeCCbmX5yG7ViiaaUQdQNKoZBfyITJg0Jn+V64ALTLJ8pEmtaMKkDqBolEkBPyJH5T4ep2SUOuDTcnd8RLl3oqP+egIoWtxfET8iRyYlk57j3wGfmuT4CJM60Z7mb//D1E4/R6b0S/v0Sy/UL+3VLyVdfgIoWuxyxB+S/w9mUnTgKSkAAA==" />\n<input type="hidden" name="lang" value="eng" />\n<input type="hidden" name="suite" value="cobalt" />\n<input type="hidden" name="reservedids" value="inst,lang,suite" />\n<input type="hidden" name="submitmode" value="" />\n<input type="hidden" name="submitname" value="" />\n<input type="hidden" name="allCountInsertComponent_56" id="allCountInsertComponent_56" value="100" />\n<input type="hidden" name="allAvailCountInsertComponent_56" id="allAvailCountInsertComponent_56" value="100" />\n</div>\r\n\t\t\t\t\t\r\n\t\t\t\t\t\r\n\t\t\t\t\t</form> \r\n\t                    </div>\r\n\t                \r\n\t                \r\n                \r\n                \r\n            </div><!--end mark-->\r\n    \r\n\r\n                                    </div>\r\n                            \r\n                            \r\n                            <div id ="showMoreLessLinkContainer">&nbsp;</div>\r\n                            \r\n                            <img alt="Drop Up Shadow" src="resources/gold/images/dropShadowUpArrow.png" class="dropShadowUpArrow" id="dialogUpArrowImageAnyComponent_14"></img>\r\n                        </div>\r\n                    </div>\r\n                    \r\n               \r\n               \r\n    \t\r\n    \t<!-- Order info -->\r\n        \r\n   \r\n\r\n\r\n                    \r\n                    \n    \n     \n\r\n                    \r\n\t\r\n\t\t<span title="ctx_ver=Z39.88-2004&amp;rft_val_fmt=info%3Aofi%2Ffmt%3Akev%3Amtx%3Abook&amp;rfr_id=info%3Asid%2Fiii.com%3Aencore&amp;rft.btitle=Nintendo+Switch+%3A+Scribblenauts+showdown.&amp;rft.isbn=&amp;rft.date=&amp;rft_id=http%3A%2F%2Fencore.slcl.org%2Fiii%2Fencore%2Frecord%2FC__Rb2571642__SNintendo%2520Switch__P0%252C15__Orightresult__X3%3Bjsessionid%3D5F4C8E89B7C5F964F02DBB6C904346CF%3Flang%3Deng%26suite%3Dcobalt" class="Z3988" id="coinsAnyComponent_14"></span>\r\n\t\r\n\r\n                    <!-- ratingReviewsSummaryComponent -->\r\n                    \r\n                    <div class="addtlInfo">\r\n                       \r\n                       \r\n                       \r\n   \r\n\r\n                    </div>\r\n                </div>\r\n            </div>\r\n            <div class="bibLocations">\r\n                \r\n                \r\n            </div>\r\n        </div>\r\n    \r\n\r\n\t\r\n\r\n\t<!-- Browse Result Resource -->\r\n\t\r\n\r\n\t<!-- Browse Result External -->\r\n\t\r\n\r\n               \r\n           \r\n               \r\n\t<!-- Browse Result Program -->\r\n\t\r\n\r\n\t<!-- Browse Result Bib -->\r\n\t\r\n\t\t \r\n    \r\n        <div id="resultRecord-b2579131" class="gridBrowseContent2 searchResult">\r\n            <div class="gridBrowseCol1">\r\n                <div id="actionsUpdate-b2579131">\r\n                  \r\n    <span id="anyWrapperComponent_15">\r\n        \r\n    </span>\r\n\r\n                  <div class="citationButtons">\r\n                     \n    <div class="requestLink" id="Any_16">\n        \n\n        \n            <div class="Request" id="Any_1_15"> \n                        \t         \n            \t \n                \n                \n                \n                \t\n    \n    \n \n       \n        \n        \n            \n                <div class="requestButton">\n                   <a id="genericLink_15" class="button secondaryAction" href="https://encore.slcl.org/iii/encore/search;jsessionid=5F4C8E89B7C5F964F02DBB6C904346CF/Sdologin?lang=eng&amp;target=Nintendo%20Switch&amp;loginReason=doRequest&amp;actionRecordId=b2579131">\n                       <img alt="Direct Link" src="resources/gold/images/hold.png" id="genericLinkImage_15"></img>Request it\n                   </a>\n                </div>   \n            \n            \n        \n    \n\n                \n                \n                  <!--     popup -->\n                 \n        \t <!--    popup -->\n                \n            </div>\n        \n    </div>\n\r\n                  </div>\r\n                  \r\n<div class="addtlActions">\r\n\t\t<p>Additional actions:</p>\r\n    <ul class="inline-list initialActions">\r\n        \r\n        <li>\r\n    \r\n        <span id="bookCartOperationAnyComponentb2579131">\r\n            \r\n            \r\n\t\t\t\t\t<a id="addToBookCartLinkComponent_15" onMouseup="renewSession()" href="/iii/encore/SearchResultsPage,searchResultsComponent.resultComponent.searchBrowseResultBibComponent.recordActionsComponent.bookCartOperationComponent.addToBookCartLinkComponent.sdirect;jsessionid=5F4C8E89B7C5F964F02DBB6C904346CF?lang=eng&amp;sp=Sb2579131&amp;suite=cobalt" onclick="return tapestry.linkOnClick(this.href,\'addToBookCartLinkComponent_15\', false)">\r\n\t\t\t\t\t\t<img alt="Book Cart" width="22" title="Add to cart" src="resources/gold/images/bookcart.png" class="actionIcon" height="20" id="addToBookcartImageAnyComponent_15"></img>\r\n\t\t\t\t    </a>\r\n            \r\n        </span>\r\n    \r\n</li>\r\n        <li>\r\n    <a id="emailLinkComponent_15" onMouseup="renewSession()" class="toolbarItem popInDialogTrigger" href="/iii/encore/SearchResultsPage,searchResultsComponent.resultComponent.searchBrowseResultBibComponent.recordActionsComponent.emailComponent.emailLinkComponent.sdirect;jsessionid=5F4C8E89B7C5F964F02DBB6C904346CF?lang=eng&amp;sp=Sb2579131&amp;suite=cobalt" onclick="return tapestry.linkOnClick(this.href,\'emailLinkComponent_15\', false)">\r\n        <img alt="Email" width="19" title="Email" src="resources/gold/images/email.png" class="actionIcon" height="13" id="emailImageAnyComponent_15"></img>\r\n        \r\n    </a>\r\n    <!--confirmation dialog-->\r\n    \r\n    <div id="emailMessageContainer">\r\n        <div id="sentStatus">\r\n            <div id="emailStatusMessage">\r\n                \r\n            </div>\r\n        </div>\r\n    </div>\r\n</li>\r\n        \r\n             <li>\r\n\t\r\n</li>\r\n             <li>\r\n    \r\n</li>\r\n        \r\n        \r\n            <li><a href="javascript:void(0);" class="popUpTrigger moreActionsLink" onclick="toggleBibHoldingsPopup(this, false, \'moreActionsWrapper\',\'gridBrowseCol1\')">\r\n            <img width="13" alt="more actions" title="More actions" src="resources/gold/images/more.png" class="actionIcon" height="13" id="moreActionsImageAnyComponent_15"></img></a></li>\r\n        \r\n    </ul>\r\n   <div class="moreActionsWrapper popUpWrapper">\r\n       <a class="closeLink" onclick="toggleBibHoldingsPopup(this, true, \'moreActionsWrapper\',\'gridBrowseCol1\')" href="javascript:void(0);">\r\n           close\r\n       </a>\r\n       <h3 class="moreActionsHeader">more</h3>\r\n        <ul class="inline-list moreActions">\r\n            <li>\r\n    \r\n\t    \r\n\t    \r\n\t        <a id="loginLinkComponent_15" href="https://encore.slcl.org/iii/encore/search;jsessionid=5F4C8E89B7C5F964F02DBB6C904346CF/Sdologin?lang=eng&amp;target=Nintendo%20Switch&amp;loginReason=doTag&amp;actionRecordId=b2579131">\r\n\t           <img width="20" title="Add a Tag" src="resources/gold/images/tag.png" class="actionIcon" height="19" id="createCommunityTagsIconImageAny2Component_15"></img>\r\n\t        </a>\r\n\t    \r\n    \r\n</li>\r\n            \r\n            \r\n        </ul>\r\n       <img src="resources/gold/images/dropShadowArrow.png" class="dropShadowArrow" id="dialogArrowImageAnyComponent_15"></img>\r\n    </div>\r\n</div>\t \r\n\r\n                </div>\r\n            </div>\r\n            <div class="gridBrowseCol2">\r\n                \r\n                    <!--title-->\r\n                <div class="dpBibTitle">\r\n                    <!-- please read c1063106, c1063117, c1044421, c1060576a before changing title -->\r\n                    \r\n                        \r\n                            <span class="title">\r\n                                <a id="recordDisplayLink2Component_15" href="/iii/encore/record/C__Rb2579131__SNintendo%20Switch__P0%2C16__Orightresult__X3;jsessionid=5F4C8E89B7C5F964F02DBB6C904346CF?lang=eng&amp;suite=cobalt">\r\n                                    Nintendo Switch : FIFA 19.\r\n                                </a>\r\n                            </span>\r\n                        \r\n                        \r\n                        \r\n                            <span class="title">\r\n                                <span class="additionalFields customSecondaryText">\r\n                                    \r\n                                </span>\r\n                            </span>\r\n                        \r\n                    \r\n\r\n                    \r\n                    <div class="dpBibAuthor">\r\n                        \r\n                        \r\n                    </div>\r\n                    <!-- MARC 962 Media -->\r\n                    <div class="recordDetailValue">\r\n                        \r\n                        <span class="itemMediaDescription" id="mediaTypeInsertComponent_15">ELECTRONIC RES</span>\r\n                        \r\n                        \r\n                                <span class="pipeDivider">|</span>\r\n                                <span class="itemMediaYear" id="searchResultPubYearInsertComponent_15"></span>\r\n                            \r\n                        \r\n                              <span class="pipeDivider">|</span>\r\n                              <span class="itemEdition" id="searchResultEditionInsertComponent_15">Nintendo Switch ed.</span>\r\n                           \r\n                    </div>\r\n                    \r\n                    \r\n                        <!-- bibHoldingsComponentAvailableOnlyOrAllItems -->\r\n                        \r\n    <!--start item info-->\r\n    \r\n    \r\n        <!-- over threshold holdings info -->\r\n        \r\n\t\r\n\r\n    \t<!--ERM-->\r\n        \r\n    \r\n    <!-- Dialog content -->\r\n    \r\n\r\n        <!-- checkin info -->\r\n        \r\n\t\r\n\r\n        <!-- Volume info -->\r\n        \r\n        <!-- Item info -->\r\n        \r\n                \r\n                  <!--This ItemsContainer elem does not get rendered into a toggle on the record page - only the browse -->\r\n                  <div id="ItemsContainer-b2579131" class="ItemsContainer">\r\n                        \r\n                           \r\n    \r\n        <div class="availabilitySummaryArea">\r\n            \r\n                <div class="dpBibHoldingStatement">\r\n                    <span class="availabilityMessage">\r\n                        <span class="itemsNotAvailable">Not Available</span> at Grant\'s View (ON HOLDSHELF)\r\n                    </span>\r\n                    \r\n                        <span class="itemsContainerPopUpTrigger"></span>\r\n                    \r\n                </div>\r\n            \r\n        </div>\r\n    \r\n    \r\n    \r\n        <div class="holdsMessage">1 hold on first copy returned of 15 copies</div>\r\n    \r\n\r\n                        \r\n                        <div class="content bibHoldingsWrapper popUpWrapper">\r\n                            <a href="javascript:void(0);" onclick="toggleBibHoldingsPopup(this, true)" class="closeLink">close</a>\r\n                            <!-- available-->\r\n                              \r\n                             <!--all -->\r\n                              \r\n                                   <a href="javascript:void(0);" onclick="showHideItemsToggle(this)" class="showAllToggleLink availCheckboxLink"><img width="15" src="resources/gold/images/checkbox_checked.png" class="availCheckbox" height="13" id="checkboxCheckedImageComponent_15"></img>only show available</a>\r\n                                   <a href="javascript:void(0);" onclick="showHideItemsToggle(this)" class="showAvailableToggleLink availCheckboxLink"><img width="15" src="resources/gold/images/checkbox.png" class="availCheckbox" height="13" id="checkboxImageComponent_15"></img>only show available</a>\r\n                                   <a href="javascript:void(0);" onclick="showHideItemsToggle(this)" class="showAllMaxToggleLink availCheckboxLink"><img width="15" src="resources/gold/images/checkbox_checked.png" class="availCheckbox" height="13" id="checkboxCheckedImage2Component_15"></img>only show available</a>\r\n                                   <a href="javascript:void(0);" onclick="showHideItemsToggle(this)" class="showAvailableMaxToggleLink availCheckboxLink"><img width="15" src="resources/gold/images/checkbox.png" class="availCheckbox" height="13" id="checkboxImage2Component_15"></img>only show available</a>\r\n                                    \r\n                                    <div id="allItemsSection" class="allItemsSection">\r\n                                       \r\n    \r\n\r\n    \r\n            \r\n            \r\n                    <!--link moved into dpBibHoldingStatement via initBibHoldingsToggle JS -->\r\n                    <span class="itemsSectionHeader" id="availHeaderWrapperAny2Component_28"><a href="javascript:void(0);" onclick="toggleBibHoldingsPopup(this)">see all</a></span>\r\n            \r\n            <!--start mark -->\r\n             <h3 class="sectionHeader itemsHeader customHeader">Items</h3>\r\n            <div id="allitems-b2579131">\r\n                \r\n\t                \r\n\t                    <div class="itemTableWrapper popUpContentWrapper">\r\n\t                        \r\n    \r\n\t\t<table class="itemTable" cellspacing="3">\r\n        \t<tr>\r\n\t        \t\r\n\t        \t\t<th>\r\n\t        \t\t\tLocation\r\n\t        \t\t</th>\r\n\t        \t\r\n\t        \t\t<th>\r\n\t        \t\t\tCall No.\r\n\t        \t\t</th>\r\n\t        \t\r\n\t        \t\t<th>\r\n\t        \t\t\tStatus\r\n\t        \t\t</th>\r\n\t        \t\r\n        \t</tr>\r\n            \r\n            \t<tr>\r\n            \t\t\r\n                        \r\n            \t\t\r\n                        \r\n                            <td>\r\n                                \r\n                                    \r\n                                    \r\n                                        \r\n                                            \r\n \r\n\t \r\n\t    \t\r\n\t\t\r\n\t\t\r\n\t\t\tGrant\'s View\r\n\t\t\r\n    \r\n \r\n\r\n\r\n                                        \r\n                                        \r\n                                    \r\n            \t\t\t        \r\n\t            \t\t\t</td>\r\n            \t\t\t\r\n            \t\t\r\n                        \r\n                            <td>\r\n                                \r\n                                    \r\n                                    \r\n                                        \r\n                                        \r\n                                            \r\n                                                <a id="callNoBrowseDirectLinkComponent_57" href="/iii/encore/SearchResultsPage,searchResultsComponent.resultComponent.searchBrowseResultBibComponent.$BibHoldingsComponent.bibHoldingsAllItems.itemTableComponent.callNoBrowseDirectLinkComponent.sdirect;jsessionid=5F4C8E89B7C5F964F02DBB6C904346CF?lang=eng&amp;sp=Si20316359&amp;sp=Sb2579131&amp;suite=cobalt" onclick="return tapestry.linkOnClick(this.href,\'callNoBrowseDirectLinkComponent_57\', false)">\r\n                                                    VIDEO GAME\r\n                                                </a>\r\n                                            \r\n                                            \r\n                                        \r\n                                    \r\n            \t\t\t        \r\n                                    \r\n                                         \r\n                                    \r\n                                    \r\n            \t\t\t        \r\n                                    \r\n                                         \r\n                                    \r\n                                    \r\n            \t\t\t        \r\n\t            \t\t\t</td>\r\n            \t\t\t\r\n            \t\t\r\n                        \r\n                            <td>\r\n                                \r\n                                    \r\n                                        ON HOLDSHELF\r\n                                    \r\n                                    \r\n            \t\t\t        \r\n\t            \t\t\t</td>\r\n            \t\t\t\r\n            \t\t\r\n            \t</tr>\r\n            \r\n        </table>\r\n    \r\n\r\n\t                        \r\n\t\t\t\t\t\t\t\r\n\t\t\t\t\t\t\t\t<a id="showAllItemsLinkComponent_57" class="showAllItemsLink customToggle" href="/iii/encore/SearchResultsPage,searchResultsComponent.resultComponent.searchBrowseResultBibComponent.$BibHoldingsComponent.bibHoldingsAllItems.showAllItemsLinkComponent.sdirect;jsessionid=5F4C8E89B7C5F964F02DBB6C904346CF?lang=eng&amp;sp=Sb2579131&amp;sp=T&amp;sp=Sallitems-b2579131&amp;sp=F&amp;suite=cobalt" onclick="return tapestry.linkOnClick(this.href,\'showAllItemsLinkComponent_57\', false)">\r\n\t\t\t\t\t\t\t\tShow remaining items</a>\r\n\t\t\t\t\t\t\t\r\n\t\t\t\t\t\t\t\r\n  \xe2\x80\x8b\t\t\t\t\t\t\t\r\n  \r\n\t\t\t\t\t<form method="post" action="/iii/encore/SearchResultsPage,searchResultsComponent.resultComponent.searchBrowseResultBibComponent.$BibHoldingsComponent.bibHoldingsAllItems.countComponent.sdirect;jsessionid=5F4C8E89B7C5F964F02DBB6C904346CF" id="countComponent_57" style="display:none;">\n<div style="display:none;" id="countComponent_57hidden"><input type="hidden" name="formids" value="allCountInsertComponent_57,allAvailCountInsertComponent_57" />\n<input type="hidden" name="seedids" value="ZH4sIAAAAAAAAAI1Z3W4iOxKelXbfJDcrsRLdAZJcEiZzBimZiYA55+zVyHQbsMa0WbubJOeZ9tX2HbbsdoNdrk64SaC+crn+XTb//d+nf/z16dPfP/3zODBcH0XBr4aDA9vaf4XaH1TFq9p9rmomKq7hs+HGCFXZTwf4s1WyfIYVf2h2OHA9C1aZHZcyJKxV+RZ9Z4Z/FpoXNQicV6BCfYazwYaBRqpacMksQ7iyUstCi0P9xGu24BvNzS7eWb3MGlOr/VfOSq7nmxAtQgTtapVUv2ZM14+i+hVqM99cZbejCJ5WkTnzzc/h1fVk8CANv8pGMe8TuA3clO53YLVW1UopaUJyKcxBsrdnh34/WAeY+SaPrGRHvtoJs+RMFzukjHXBEhha0GoQO6HddipBG/PjULKaEwIcPN9bvTeEco+s2jYALrmEGCpwps0EyuV+t6JQTVU/qq2oPrY15GjAa25ZHBXwufPnVT7M/R7ApRpwcLURen8vVRGx79+8Dp95jez1SrQemWrOYg12ziqfVKunxxCr1cHtFK8A6oJXsCjRolL1n18XOXz6T8N17HUXri9K70OqqEx9Nb4dSHC4/W8aUXP3oWUXXJaPbM1lKmpZawGLhgNWHllV8PKcEGcHuCbgFqVcqUiXEMtmvxZRIpsDlPuy2W65weV6ZFKUrogftFb6Hch8iWHbeeCT8Z5EDcSjM8jerYoduVN7/pwkbke1JZo0jFgY6hkRKLjVMyjGHKvSlgQvo5LNoPVobbnQVi6Jr9+xrBNn9b5AII7be9uO0gAvuGkkFEFFpKbHQkDVO66XqtEFN0+iEnsW5SGv2FpaTwR63w50K6dtFlGImGn3WPI6jkG7ZGbLN22j4TIqum1Cr/grEmrO9ESmXee6Tte845VK113nw3TfxKJkHjl5z+IQybnugrM8LbPRsy67kC22lmBcvR38uZMTSXHia5tAnDr5e9JCtg0reP2bVs0h3OJMnZcom47CCGRj1hFjizLf5H9OrsZ33ecb+9n6c8W2M6maEqWK2O7qpSi5673f2J7jWHi7FhFj6MYwq+MshHGka5AxZCDz5cPrgVVlp1ZUCBGC/FGzrXlUrIRm3TsqaLIuPTWyL5ucqiUgnevgXqsXw9uCedZqq9k+ikQf771YYz6KBylSoXngpN2CF0qX/1rn48ltfndnzx83C/qJJATa030Z9CDvJhPJZdVbMol6a6JyugYN4PA1eMybDMC7V9mN7SfLZr3nVbNoGW3eG2QF+NyOfNd20c/MUoT5fuS61OLIP6uXSkJE0Rphpq/CXE+GCX1x1ghhXbKeGSx1y2EiFwXx1Z3QiObd5aiqVl6J6eEQzUquCcSBsiGatmFBITwK/mIeiPY+OY2+3yESaHoP0AvXhgkfpAQHE2ozr+49PxKDYdRVIFfKcqXu6XE/QAvmZ+Co7uwGeyZkSkkkOSopwR0wwI6PJRtycoLtpC1rVjcmCKlxBOxIsW4rLCm+zYvSvwy0KkVYDvX6TdW8RRN9n5TmPh2ITN2fUdJi8Cp83zeVqN+gEyZ7+5YOZ+6WaEhwGG8hXap3oCTKMr02WPfCgF/zUBUzB5d3OucRcykYSJnCfPrSG8bVDgbiygY61W0lagmLyoWNHdEMe3jyWVqIn/3NC+yJ4XA6S2Xhu3XPnt55rgnErNOyFDaqTLrLBs60cPeEld586vV8T1JT71TirJChh2fPIWQ/Fo8UmZpfkNjnZi2F2aVxinn+DV8v4Hh/r4fWWe/I6ThSOQX81wxnnKcmhQDn8lcl7YCBjkxpbwQ2w5GgM5DIKhTc/ipekgIfFk8kPTTqKzMB27zaqHc8YL40UqadcB0YtOPFL4EOKHepawEkHA7335Vs9smBfgYSk90IUfO9mXWPYStoOUn+xizhBAO3fgiBNSVt09MjdA62FhJ6Edys90ynHcZK9hhxH7ETxJkhGgZhPhHp2jSdhAnHONcEiEaVqkG6ymeb6VHVeIslX+GrThzZE59zbH6V5TYvT4kTrBvfhkisFGB79oq4gZJwMbtdeyn1c2R8GuR3sIl0XNanJgxwCSx+hHfKou3gw3dtT08KtMKcJyJqexoi/wC9bjkhUaso0vn1OMSSGN9MWvgzlHV8X4CJN1iY4PndCGIGU0GYqA+Sw3wcDS4nBX5nssF3rptsAGeXqBwWrQLpZySOicWg8lnSJEHjjh6f7t5vjwGI3Hd+Hub6AjhJEsvwm1JQ/E/skExBJEMio9OdenkgLOhdj4oPvOIfMmeQp99UW9FIvSKA2vf3xIP+xuGawOoU0OQVATiJ7RJlvTQsKM7MdiiQrjpSfeyrD6p1ST4FjW8s5PK0D48rEWl7k9RxwtBpis5de9Ss1as7cmAUtZMiydCPhEvz/rUxFDZL77729E47lFPcema1sz+ZwKo2eUOBY7L7PkH3PDdgqkkGJdumb7cEzar5bdxBoQsnKkqsYK9+UnbbWKSzGcls5/cfh74JfjwQcAkI5qP2ZG9/YrJw39mPim8cTS3fNZ70xwNu77ZhD41XwzYPJw60tGhHsZmKx5wYwGssDdsKM87crCvE2r6AN9od/1wfg9Go+3UA2Xc3ybF19jFtPLEhM4nwp+lidutBtG4jXt1VwV9uiLMDmI5MO6Ys6R3jnscq+Oue7whLU+aH15rrimGvw91fFNL3K4Slb1ij4YR+w2qBjx82Wj5qhvSi09njBFA0osxifkSmTMr6TMouNCnrNSnrMykjTEqYA90z2qSMMOlmdDcio9QBH5nU8aUmnURjkwKAoiUmYX5Epkwa9Zk0utCkUa9JTrRrApRdI8Ku0Tt2jWi7RoRdt9ntzQ1lVwd8ZFfHl9p1koCuKckPG0ksT0pJkpbYjPkROYnlZHRLVlwHfBhLz0fEshOdhPEMULQ0jIgfkan0HPal5/DC9Bz2pueQSMAhnWTDHofT2nngEof3aNeJRn6ltPNkogFnZAl0wAUNOKNL4CSaaMAZzvCW5ppAbxfOiDTvyElp53e01zvgw9L2fERpd6KTyj0DFC2tXMSPyES3mox7upUDLuhWjo/sVq1oohl1AEWjmlHEj8iESWPyV7kOuMAkx0ea1IomTOoAikaZFPEjclLu43FORqkDPix3z0eUeyc66a9ngKKl/RXxI3JiUjbpOf498KFJno8wqRMdaA5N4G+vGOhU9GRKxbxPxfxCFfNeFXPS62eAoqVeR/yInJh0l13TB7UHPjTJ8xEmdaJDzVva/wFKR9CQsykAAA==" />\n<input type="hidden" name="lang" value="eng" />\n<input type="hidden" name="suite" value="cobalt" />\n<input type="hidden" name="reservedids" value="inst,lang,suite" />\n<input type="hidden" name="submitmode" value="" />\n<input type="hidden" name="submitname" value="" />\n<input type="hidden" name="allCountInsertComponent_57" id="allCountInsertComponent_57" value="100" />\n<input type="hidden" name="allAvailCountInsertComponent_57" id="allAvailCountInsertComponent_57" value="100" />\n</div>\r\n\t\t\t\t\t\r\n\t\t\t\t\t\r\n\t\t\t\t\t</form> \r\n\t                    </div>\r\n\t                \r\n\t                \r\n                \r\n                \r\n            </div><!--end mark-->\r\n    \r\n\r\n                                    </div>\r\n                            \r\n                            \r\n                            \r\n                                    <div id="allMaxItemsSection" class="allMaxItemsSection">\r\n                                        \r\n    \r\n\r\n    \r\n            \r\n                 \r\n                \r\n                    <!--link moved into dpBibHoldingStatement via initBibHoldingsToggle JS -->\r\n                    <span class="itemsSectionHeader" id="availHeaderWrapperAnyComponent_28">\r\n                           <a id="showMaxItemsLink2Component_28" class="maxItemsLink" href="/iii/encore/SearchResultsPage,searchResultsComponent.resultComponent.searchBrowseResultBibComponent.$BibHoldingsComponent.bibHoldingsAllMaxItems.showMaxItemsLink2Component.sdirect;jsessionid=5F4C8E89B7C5F964F02DBB6C904346CF?lang=eng&amp;sp=Sb2579131&amp;sp=F&amp;sp=Sallitemsmax-b2579131&amp;sp=F&amp;suite=cobalt" onclick="return tapestry.linkOnClick(this.href,\'showMaxItemsLink2Component_28\', false)">\r\n                               <a href="javascript:void(0);" onclick="toggleBibHoldingsPopup(this)">see all</a>\r\n                           </a>\r\n                    </span>\r\n                \r\n            \r\n            \r\n            <!--start mark -->\r\n             <h3 class="sectionHeader itemsHeader customHeader">Items</h3>\r\n            <div id="allitemsmax-b2579131">\r\n                \r\n\t                \r\n\t                    <div class="itemTableWrapper popUpContentWrapper">\r\n\t                        \r\n    \r\n\t\t<table class="itemTable" cellspacing="3">\r\n        \t<tr>\r\n\t        \t\r\n\t        \t\t<th>\r\n\t        \t\t\tLocation\r\n\t        \t\t</th>\r\n\t        \t\r\n\t        \t\t<th>\r\n\t        \t\t\tCall No.\r\n\t        \t\t</th>\r\n\t        \t\r\n\t        \t\t<th>\r\n\t        \t\t\tStatus\r\n\t        \t\t</th>\r\n\t        \t\r\n        \t</tr>\r\n            \r\n            \t<tr>\r\n            \t\t\r\n                        \r\n            \t\t\r\n                        \r\n                            <td>\r\n                                \r\n                                    \r\n                                    \r\n                                        \r\n                                            \r\n \r\n\t \r\n\t    \t\r\n\t\t\r\n\t\t\r\n\t\t\tGrant\'s View\r\n\t\t\r\n    \r\n \r\n\r\n\r\n                                        \r\n                                        \r\n                                    \r\n            \t\t\t        \r\n\t            \t\t\t</td>\r\n            \t\t\t\r\n            \t\t\r\n                        \r\n                            <td>\r\n                                \r\n                                    \r\n                                    \r\n                                        \r\n                                        \r\n                                            \r\n                                                <a id="callNoBrowseDirectLinkComponent_58" href="/iii/encore/SearchResultsPage,searchResultsComponent.resultComponent.searchBrowseResultBibComponent.$BibHoldingsComponent.bibHoldingsAllMaxItems.itemTableComponent.callNoBrowseDirectLinkComponent.sdirect;jsessionid=5F4C8E89B7C5F964F02DBB6C904346CF?lang=eng&amp;sp=Si20316359&amp;sp=Sb2579131&amp;suite=cobalt" onclick="return tapestry.linkOnClick(this.href,\'callNoBrowseDirectLinkComponent_58\', false)">\r\n                                                    VIDEO GAME\r\n                                                </a>\r\n                                            \r\n                                            \r\n                                        \r\n                                    \r\n            \t\t\t        \r\n                                    \r\n                                         \r\n                                    \r\n                                    \r\n            \t\t\t        \r\n                                    \r\n                                         \r\n                                    \r\n                                    \r\n            \t\t\t        \r\n\t            \t\t\t</td>\r\n            \t\t\t\r\n            \t\t\r\n                        \r\n                            <td>\r\n                                \r\n                                    \r\n                                        ON HOLDSHELF\r\n                                    \r\n                                    \r\n            \t\t\t        \r\n\t            \t\t\t</td>\r\n            \t\t\t\r\n            \t\t\r\n            \t</tr>\r\n            \r\n        </table>\r\n    \r\n\r\n\t                        \r\n\t\t\t\t\t\t\t\r\n\t\t\t\t\t\t\t\t<a id="showAllItemsLinkComponent_58" class="showAllItemsLink customToggle" href="/iii/encore/SearchResultsPage,searchResultsComponent.resultComponent.searchBrowseResultBibComponent.$BibHoldingsComponent.bibHoldingsAllMaxItems.showAllItemsLinkComponent.sdirect;jsessionid=5F4C8E89B7C5F964F02DBB6C904346CF?lang=eng&amp;sp=Sb2579131&amp;sp=T&amp;sp=Sallitemsmax-b2579131&amp;sp=F&amp;suite=cobalt" onclick="return tapestry.linkOnClick(this.href,\'showAllItemsLinkComponent_58\', false)">\r\n\t\t\t\t\t\t\t\tShow remaining items</a>\r\n\t\t\t\t\t\t\t\r\n\t\t\t\t\t\t\t\r\n  \xe2\x80\x8b\t\t\t\t\t\t\t\r\n  \r\n\t\t\t\t\t<form method="post" action="/iii/encore/SearchResultsPage,searchResultsComponent.resultComponent.searchBrowseResultBibComponent.$BibHoldingsComponent.bibHoldingsAllMaxItems.countComponent.sdirect;jsessionid=5F4C8E89B7C5F964F02DBB6C904346CF" id="countComponent_58" style="display:none;">\n<div style="display:none;" id="countComponent_58hidden"><input type="hidden" name="formids" value="allCountInsertComponent_58,allAvailCountInsertComponent_58" />\n<input type="hidden" name="seedids" value="ZH4sIAAAAAAAAAI1Z3W7juhHeAu2b5KaAC1iK7SSXjpM9ayDZBLb3tL1a0BJtEyuLKik5yXmHoi/SV+s7dEhRNjkcOb5J7PmGw/nnkP7v/7785Y8vX/785a//HmiuDiLjV8NBxbbmXyb3lSx5WdvPZc1EyRV81lxrIUvzqYI/W1nkr7Di74pVFVczb5Xe8aLwCWuZfwTfmeYPQvGsBoHzElSoT3Ay2DDQSJYLXjDD4K8s5TJToqqfec0WfKO43oU7y7dZo2u5/8ZZztV846OZj6BdjZLy14yp+kmUv3xt5pur5HYSwNMyMGe++Tm8up4MHgvNr5JRyPsMbgM3xftVrFayXElZaJ+cC10V7OPVoi+VcYCeb9LASnbgq53QS85UtkPKGBcsgaEFjQahE9ptpwVoo39UOas5IcDC873Re0Mo98TKbQPgkhcQQwnONJlAudztlmWyKesnuRXl57b6HA14zS4LowI+t/68SofXbg/gkg04uNwItb8vZBaw7z+cDg+8RvY6JVqPTBVnoQY7a5VLqtXzk4/VsrI7hSuAuuAlLIq0KGX9j2+LFD79q+Eq9LoN11ep9j5VlLq+Gt8NCnC4+a8bUXP7oWUXvMif2JoXsahlrQQsGg5YfmBlxvNTQpwcYJuAXRRzxSJtQiyb/VoEiawrKPdls91yjcv1wAqR2yJ+VEqqM5D+GsKm88An7TyJGohDZ5C9Wxk6cif3/DVK3I5qSjRqGKEw1DMCUHCjp1eMKValLQmeByWbQOtRynChrWwSX5+xrBNn9L5AII7buW1HcYAXXDcFFEFJpKbDfEDWO66WslEZ18+iFHsW5CEv2bownvD0vh2oVk7bLIIQMd3useR1GIN2ycyUb9xG/WVUdNuEXvF3JFSf6JFMs852na55hyulqrvOh+muiQXJPLLyXkUVyLnugrM8LjPRMy67kC20lmBcfVTu3EmJpDjytU0gTJ30nDSfbcMyXv+mZFP5W5yo8xxl00FogWxMOmJoUeKa/M/J1aRr+D9vzGfjzxXbzgrZ5ChVxHZXL0XObe/9zvYcx8LZtQgYfTf6WR1mIYwjXYMMIQ2ZXzy+V6zMO7WCQggQ5I+abfWTZDk0695RQZF16aiBfcnkWC0e6VQH90q+ad4WzKuSW8X2QST6eO/FGvNRPEiREs0DR+0WPJMq/9s6HU9u07s7c/7YWdBNJD7Qnu5Lrwc5N+lALis/oknUWROU0zVoAIevxmPeZADevUpuTD9ZNus9L5tFy2jyXiMrwOdm5Ls2i34mhiL0y4GrXIkDf5BvZQERRWuEnr4LfT0ZRvTFSSOEdcl6YjDULYeJXGTEV3tCI5pzl6XKWjolplUVzEq2CYSBMiGatmFBITwI/qYfifZ+Gn1fIBJoevfQC9f6Ce+lBAcTaj0v7x0/EoNh1FUgV/J8Je/pcd9DM+Zm4KDuzAZ7JoqYEkmyVFKCPWCAHR9LJuTkBNtJW9asbrQXUm0J2JFi3VZYVHybN6l+aWhVkrAc6vW7rHmLRvo+S8VdOhCZuj+hpMXgVfi+b0pRf0AnjPZ2LR3O3C3RkOAw3kK6lGegKMpFfG0w7oUBv+a+KnoOLu90TgPmXDCQMoX59K03jKsdDMSlCXSs20rUBSzKFyZ2RDPs4UlncSE+uJsX2BPC/nQWy8J36549nfNsEwhZp3kuTFRZYS8bONP83SNWevOp0/OcpKbeychZPkMPz55DyH4snigyNb8gsa/NuhB6F8cp5PknfL2A4/xej62zzsjpOGI5GfxXDGeco0aFAOfyN1mYAQMdmYW5EZgMR4JOQCQrk3D7K3lOCnxcPJN036hvTHts83Ijz3hAf22KIu6Ea8+gHc9+CXRA2UtdCyDhcLj/LotmHx3oJyAy2Y4QNd/rWfcYtoKWE+VvyOJPMHDrhxAYU+I2PT1A52BrUUAvgpv1nqm4wxjJDiPuI2aCODEEwyDMJyJeG6eT0P4YZ5sA0ahiNUhXuWzTPapqZ3HBV/iqE0b2yGcdm14lqcnLY+J468Z3PhIqBdievSNuoERczGzXXkrdHBmeBqnZpLBcxqfaD3AOLG6Et8qi7eDDizKnJwUaYdYTAbU9DZF/gF63nJCoZRDp9DrAohjfOPgByjq8LyTBwggHAyFmMBX4ifpYcJiPg8HlqMDvrGjwnQt2h7NLlBYLVt35SBgTg0Hls6hJJid6eLo7vz15IHLf6XmYqwvgKEkMw29SQvE/syqagkiGSEanO/XyQFjQux4VH3jFPWTOIE+/y7aikXqZB7Xv75EH3Y3DNoHVMaDRK8KY3C5S1knDgsLMbIeCwlZHrI959UG1XpBPQeNbA9k87cPDSkTa3kZ1HDF0mqJz1xw1a/lujxwYRc2kSDL0I/7StH9tCPnN0rmvPb3jDmUVN55Z7cxPJrCqTd5+gV33fYbueWrAVJMMeqS9KLglaFbFHRS6cKRigRU8Y3C3jW8zktnO7z+qvgl+PBBwCfDmo/Zkb39iMnDf2Y+KbxxMLS8KT/rjATd3W7+Hhqthm8cjB1qataPYTIZjTgjgNYaGbYUZZ67XJWJtX8AbZY9/rg7eaNT9OoDsu5uk2DrzmDaemJDpSPjzdDG7dSBatxHv9qrgLjfE2QFMB6YsUxL1jnHPYxX8tc93hKUx8+N7zVXJsNfh7i+ywvUrhMVvWKPhhH7DaoHPHzZaPmqGdKLj2eMIUDSizEJ+RKZMSvpMSi40Kek1KekzKSFMipg93RPapIQw6WZ0NyKj1AGfmdTxxSYdRWOTPICiRSZhfkSmTBr1mTS60KRRr0lWtG0ClF0jwq7RGbtGtF0jwq7b5PbmhrKrAz6zq+OL7TpKQNeU6IeNKJZHpQqSFtmM+RE5iuVkdEtWXAd8GkvHR8SyEx2F8QRQtDiMiB+RqfQc9qXn8ML0HPam55BIwCGdZMMeh9PaOeASh/do14lGfqW0c2SiASdkCXTABQ04oUvgKJpowAnO8JZmm0BvF06INO/IUWmnd7TXO+DT0nZ8RGl3oqPKPQEULa5cxI/IRLeajHu6lQUu6FaWj+xWrWiiGXUARaOaUcCPyIRJY/JXuQ64wCTLR5rUiiZM6gCKRpkU8CNyVO7jcUpGqQM+LXfHR5R7JzrqryeAosX9FfEjcmRSMuk5/h3wqUmOjzCpE+1pDk3gT//BQKeiI1Mqpn0qpheqmPaqmJJePwEULfY64kfkyKS75Jo+qB3wqUmOjzCpE+1rjmiddi35/1DlWXLKKQAA" />\n<input type="hidden" name="lang" value="eng" />\n<input type="hidden" name="suite" value="cobalt" />\n<input type="hidden" name="reservedids" value="inst,lang,suite" />\n<input type="hidden" name="submitmode" value="" />\n<input type="hidden" name="submitname" value="" />\n<input type="hidden" name="allCountInsertComponent_58" id="allCountInsertComponent_58" value="100" />\n<input type="hidden" name="allAvailCountInsertComponent_58" id="allAvailCountInsertComponent_58" value="100" />\n</div>\r\n\t\t\t\t\t\r\n\t\t\t\t\t\r\n\t\t\t\t\t</form> \r\n\t                    </div>\r\n\t                \r\n\t                \r\n                \r\n                \r\n            </div><!--end mark-->\r\n    \r\n\r\n                                    </div>\r\n                            \r\n                            \r\n                            <div id ="showMoreLessLinkContainer">&nbsp;</div>\r\n                            \r\n                            <img alt="Drop Up Shadow" src="resources/gold/images/dropShadowUpArrow.png" class="dropShadowUpArrow" id="dialogUpArrowImageAnyComponent_15"></img>\r\n                        </div>\r\n                    </div>\r\n                    \r\n               \r\n               \r\n    \t\r\n    \t<!-- Order info -->\r\n        \r\n   \r\n\r\n\r\n                    \r\n                    \n    \n     \n\r\n                    \r\n\t\r\n\t\t<span title="ctx_ver=Z39.88-2004&amp;rft_val_fmt=info%3Aofi%2Ffmt%3Akev%3Amtx%3Abook&amp;rfr_id=info%3Asid%2Fiii.com%3Aencore&amp;rft.btitle=Nintendo+Switch+%3A+FIFA+19.&amp;rft.isbn=&amp;rft.date=&amp;rft_id=http%3A%2F%2Fencore.slcl.org%2Fiii%2Fencore%2Frecord%2FC__Rb2579131__SNintendo%2520Switch__P0%252C16__Orightresult__X3%3Bjsessionid%3D5F4C8E89B7C5F964F02DBB6C904346CF%3Flang%3Deng%26suite%3Dcobalt" class="Z3988" id="coinsAnyComponent_15"></span>\r\n\t\r\n\r\n                    <!-- ratingReviewsSummaryComponent -->\r\n                    \r\n                    <div class="addtlInfo">\r\n                       \r\n                       \r\n                       \r\n   \r\n\r\n                    </div>\r\n                </div>\r\n            </div>\r\n            <div class="bibLocations">\r\n                \r\n                \r\n            </div>\r\n        </div>\r\n    \r\n\r\n\t\r\n\r\n\t<!-- Browse Result Resource -->\r\n\t\r\n\r\n\t<!-- Browse Result External -->\r\n\t\r\n\r\n               \r\n           \r\n               \r\n\t<!-- Browse Result Program -->\r\n\t\r\n\r\n\t<!-- Browse Result Bib -->\r\n\t\r\n\t\t \r\n    \r\n        <div id="resultRecord-b2576989" class="gridBrowseContent2 searchResult">\r\n            <div class="gridBrowseCol1">\r\n                <div id="actionsUpdate-b2576989">\r\n                  \r\n    <span id="anyWrapperComponent_16">\r\n        \r\n    </span>\r\n\r\n                  <div class="citationButtons">\r\n                     \n    <div class="requestLink" id="Any_17">\n        \n\n        \n            <div class="Request" id="Any_1_16"> \n                        \t         \n            \t \n                \n                \n                \n                \t\n    \n    \n \n       \n        \n        \n            \n                <div class="requestButton">\n                   <a id="genericLink_16" class="button secondaryAction" href="https://encore.slcl.org/iii/encore/search;jsessionid=5F4C8E89B7C5F964F02DBB6C904346CF/Sdologin?lang=eng&amp;target=Nintendo%20Switch&amp;loginReason=doRequest&amp;actionRecordId=b2576989">\n                       <img alt="Direct Link" src="resources/gold/images/hold.png" id="genericLinkImage_16"></img>Request it\n                   </a>\n                </div>   \n            \n            \n        \n    \n\n                \n                \n                  <!--     popup -->\n                 \n        \t <!--    popup -->\n                \n            </div>\n        \n    </div>\n\r\n                  </div>\r\n                  \r\n<div class="addtlActions">\r\n\t\t<p>Additional actions:</p>\r\n    <ul class="inline-list initialActions">\r\n        \r\n        <li>\r\n    \r\n        <span id="bookCartOperationAnyComponentb2576989">\r\n            \r\n            \r\n\t\t\t\t\t<a id="addToBookCartLinkComponent_16" onMouseup="renewSession()" href="/iii/encore/SearchResultsPage,searchResultsComponent.resultComponent.searchBrowseResultBibComponent.recordActionsComponent.bookCartOperationComponent.addToBookCartLinkComponent.sdirect;jsessionid=5F4C8E89B7C5F964F02DBB6C904346CF?lang=eng&amp;sp=Sb2576989&amp;suite=cobalt" onclick="return tapestry.linkOnClick(this.href,\'addToBookCartLinkComponent_16\', false)">\r\n\t\t\t\t\t\t<img alt="Book Cart" width="22" title="Add to cart" src="resources/gold/images/bookcart.png" class="actionIcon" height="20" id="addToBookcartImageAnyComponent_16"></img>\r\n\t\t\t\t    </a>\r\n            \r\n        </span>\r\n    \r\n</li>\r\n        <li>\r\n    <a id="emailLinkComponent_16" onMouseup="renewSession()" class="toolbarItem popInDialogTrigger" href="/iii/encore/SearchResultsPage,searchResultsComponent.resultComponent.searchBrowseResultBibComponent.recordActionsComponent.emailComponent.emailLinkComponent.sdirect;jsessionid=5F4C8E89B7C5F964F02DBB6C904346CF?lang=eng&amp;sp=Sb2576989&amp;suite=cobalt" onclick="return tapestry.linkOnClick(this.href,\'emailLinkComponent_16\', false)">\r\n        <img alt="Email" width="19" title="Email" src="resources/gold/images/email.png" class="actionIcon" height="13" id="emailImageAnyComponent_16"></img>\r\n        \r\n    </a>\r\n    <!--confirmation dialog-->\r\n    \r\n    <div id="emailMessageContainer">\r\n        <div id="sentStatus">\r\n            <div id="emailStatusMessage">\r\n                \r\n            </div>\r\n        </div>\r\n    </div>\r\n</li>\r\n        \r\n             <li>\r\n\t\r\n</li>\r\n             <li>\r\n    \r\n</li>\r\n        \r\n        \r\n            <li><a href="javascript:void(0);" class="popUpTrigger moreActionsLink" onclick="toggleBibHoldingsPopup(this, false, \'moreActionsWrapper\',\'gridBrowseCol1\')">\r\n            <img width="13" alt="more actions" title="More actions" src="resources/gold/images/more.png" class="actionIcon" height="13" id="moreActionsImageAnyComponent_16"></img></a></li>\r\n        \r\n    </ul>\r\n   <div class="moreActionsWrapper popUpWrapper">\r\n       <a class="closeLink" onclick="toggleBibHoldingsPopup(this, true, \'moreActionsWrapper\',\'gridBrowseCol1\')" href="javascript:void(0);">\r\n           close\r\n       </a>\r\n       <h3 class="moreActionsHeader">more</h3>\r\n        <ul class="inline-list moreActions">\r\n            <li>\r\n    \r\n\t    \r\n\t    \r\n\t        <a id="loginLinkComponent_16" href="https://encore.slcl.org/iii/encore/search;jsessionid=5F4C8E89B7C5F964F02DBB6C904346CF/Sdologin?lang=eng&amp;target=Nintendo%20Switch&amp;loginReason=doTag&amp;actionRecordId=b2576989">\r\n\t           <img width="20" title="Add a Tag" src="resources/gold/images/tag.png" class="actionIcon" height="19" id="createCommunityTagsIconImageAny2Component_16"></img>\r\n\t        </a>\r\n\t    \r\n    \r\n</li>\r\n            \r\n            \r\n        </ul>\r\n       <img src="resources/gold/images/dropShadowArrow.png" class="dropShadowArrow" id="dialogArrowImageAnyComponent_16"></img>\r\n    </div>\r\n</div>\t \r\n\r\n                </div>\r\n            </div>\r\n            <div class="gridBrowseCol2">\r\n                \r\n                    <!--title-->\r\n                <div class="dpBibTitle">\r\n                    <!-- please read c1063106, c1063117, c1044421, c1060576a before changing title -->\r\n                    \r\n                        \r\n                            <span class="title">\r\n                                <a id="recordDisplayLink2Component_16" href="/iii/encore/record/C__Rb2576989__SNintendo%20Switch__P0%2C17__Orightresult__X3;jsessionid=5F4C8E89B7C5F964F02DBB6C904346CF?lang=eng&amp;suite=cobalt">\r\n                                    Nintendo Switch : NBA 2K19.\r\n                                </a>\r\n                            </span>\r\n                        \r\n                        \r\n                        \r\n                            <span class="title">\r\n                                <span class="additionalFields customSecondaryText">\r\n                                    \r\n                                </span>\r\n                            </span>\r\n                        \r\n                    \r\n\r\n                    \r\n                    <div class="dpBibAuthor">\r\n                        \r\n                        \r\n                    </div>\r\n                    <!-- MARC 962 Media -->\r\n                    <div class="recordDetailValue">\r\n                        \r\n                        <span class="itemMediaDescription" id="mediaTypeInsertComponent_16">ELECTRONIC RES</span>\r\n                        \r\n                        \r\n                                <span class="pipeDivider">|</span>\r\n                                <span class="itemMediaYear" id="searchResultPubYearInsertComponent_16"></span>\r\n                            \r\n                        \r\n                              <span class="pipeDivider">|</span>\r\n                              <span class="itemEdition" id="searchResultEditionInsertComponent_16">Nintendo Switch ed.</span>\r\n                           \r\n                    </div>\r\n                    \r\n                    \r\n                        <!-- bibHoldingsComponentAvailableOnlyOrAllItems -->\r\n                        \r\n    <!--start item info-->\r\n    \r\n    \r\n        <!-- over threshold holdings info -->\r\n        \r\n\t\r\n\r\n    \t<!--ERM-->\r\n        \r\n    \r\n    <!-- Dialog content -->\r\n    \r\n\r\n        <!-- checkin info -->\r\n        \r\n\t\r\n\r\n        <!-- Volume info -->\r\n        \r\n        <!-- Item info -->\r\n        \r\n                \r\n                  <!--This ItemsContainer elem does not get rendered into a toggle on the record page - only the browse -->\r\n                  <div id="ItemsContainer-b2576989" class="ItemsContainer">\r\n                        \r\n                           \r\n    \r\n        <div class="availabilitySummaryArea">\r\n            \r\n                <div class="dpBibHoldingStatement">\r\n                    <span class="availabilityMessage">\r\n                        <span class="itemsAvailable">Available</span> at Lewis & Clark (<span class="availCallNumber">VIDEO GAME</span>) plus 1 more\r\n                    </span>\r\n                    \r\n                        <span class="itemsContainerPopUpTrigger"></span>\r\n                    \r\n                </div>\r\n            \r\n        </div>\r\n    \r\n    \r\n    \r\n        <div class="holdsMessage">1 hold on first copy returned of 15 copies</div>\r\n    \r\n\r\n                        \r\n                        <div class="content bibHoldingsWrapper popUpWrapper">\r\n                            <a href="javascript:void(0);" onclick="toggleBibHoldingsPopup(this, true)" class="closeLink">close</a>\r\n                            <!-- available-->\r\n                              \r\n                                  <div id="availableItemsSection" class="availableItemsSection">\r\n                                      \r\n    \r\n\r\n    \r\n            \r\n            \r\n                    <!--link moved into dpBibHoldingStatement via initBibHoldingsToggle JS -->\r\n                    <span class="itemsAvailHeader itemsSectionHeader" id="availHeaderWrapperAny2Component_29"><a href="javascript:void(0);" onclick="toggleBibHoldingsPopup(this)">see all</a></span>\r\n            \r\n            <!--start mark -->\r\n             <h3 class="sectionHeader itemsHeader customHeader">Items</h3>\r\n            <div id="allavailitems-b2576989">\r\n                \r\n\t                \r\n\t                    <div class="itemTableWrapper popUpContentWrapper">\r\n\t                        \r\n    \r\n\t\t<table class="itemTable" cellspacing="3">\r\n        \t<tr>\r\n\t        \t\r\n\t        \t\t<th>\r\n\t        \t\t\tLocation\r\n\t        \t\t</th>\r\n\t        \t\r\n\t        \t\t<th>\r\n\t        \t\t\tCall No.\r\n\t        \t\t</th>\r\n\t        \t\r\n\t        \t\t<th>\r\n\t        \t\t\tStatus\r\n\t        \t\t</th>\r\n\t        \t\r\n        \t</tr>\r\n            \r\n            \t<tr>\r\n            \t\t\r\n                        \r\n            \t\t\r\n                        \r\n                            <td>\r\n                                \r\n                                    \r\n                                    \r\n                                        \r\n                                            \r\n \r\n\t \r\n\t    \t\r\n\t\t\r\n\t\t\r\n\t\t\tLewis & Clark\r\n\t\t\r\n    \r\n \r\n\r\n\r\n                                        \r\n                                        \r\n                                    \r\n            \t\t\t        \r\n\t            \t\t\t</td>\r\n            \t\t\t\r\n            \t\t\r\n                        \r\n                            <td>\r\n                                \r\n                                    \r\n                                    \r\n                                        \r\n                                        \r\n                                            \r\n                                                <a id="callNoBrowseDirectLinkComponent_59" href="/iii/encore/SearchResultsPage,searchResultsComponent.resultComponent.searchBrowseResultBibComponent.$BibHoldingsComponent.bibHoldingsAvailableItems2.itemTableComponent.callNoBrowseDirectLinkComponent.sdirect;jsessionid=5F4C8E89B7C5F964F02DBB6C904346CF?lang=eng&amp;sp=Si20298062&amp;sp=Sb2576989&amp;suite=cobalt" onclick="return tapestry.linkOnClick(this.href,\'callNoBrowseDirectLinkComponent_59\', false)">\r\n                                                    VIDEO GAME\r\n                                                </a>\r\n                                            \r\n                                            \r\n                                        \r\n                                    \r\n            \t\t\t        \r\n                                    \r\n                                         \r\n                                    \r\n                                    \r\n            \t\t\t        \r\n                                    \r\n                                         \r\n                                    \r\n                                    \r\n            \t\t\t        \r\n\t            \t\t\t</td>\r\n            \t\t\t\r\n            \t\t\r\n                        \r\n                            <td>\r\n                                \r\n                                    \r\n                                        IN LIBRARY\r\n                                    \r\n                                    \r\n            \t\t\t        \r\n\t            \t\t\t</td>\r\n            \t\t\t\r\n            \t\t\r\n            \t</tr>\r\n            \r\n        </table>\r\n    \r\n\r\n\t                        \r\n\t\t\t\t\t\t\t\r\n\t\t\t\t\t\t\t\t<a id="showAllItemsLinkComponent_59" class="showAllItemsLink customToggle" href="/iii/encore/SearchResultsPage,searchResultsComponent.resultComponent.searchBrowseResultBibComponent.$BibHoldingsComponent.bibHoldingsAvailableItems2.showAllItemsLinkComponent.sdirect;jsessionid=5F4C8E89B7C5F964F02DBB6C904346CF?lang=eng&amp;sp=Sb2576989&amp;sp=T&amp;sp=Sallavailitems-b2576989&amp;sp=F&amp;suite=cobalt" onclick="return tapestry.linkOnClick(this.href,\'showAllItemsLinkComponent_59\', false)">\r\n\t\t\t\t\t\t\t\tShow remaining items</a>\r\n\t\t\t\t\t\t\t\r\n\t\t\t\t\t\t\t\r\n  \xe2\x80\x8b\t\t\t\t\t\t\t\r\n  \r\n\t\t\t\t\t<form method="post" action="/iii/encore/SearchResultsPage,searchResultsComponent.resultComponent.searchBrowseResultBibComponent.$BibHoldingsComponent.bibHoldingsAvailableItems2.countComponent.sdirect;jsessionid=5F4C8E89B7C5F964F02DBB6C904346CF" id="countComponent_59" style="display:none;">\n<div style="display:none;" id="countComponent_59hidden"><input type="hidden" name="formids" value="allCountInsertComponent_59,allAvailCountInsertComponent_59" />\n<input type="hidden" name="seedids" value="ZH4sIAAAAAAAAAI1Z3XIiuxHeSiUPkcqtr1KkihljDJcs6z1Llb12AXuSXG0JRoBqhxGRZrB9nimvlndISyOB1OrB3Njj/lqt/ldL/u//Pv3lj0+f/vzp73/taa6OYs1v+r0D25pfa7k/yIpXtf2uaiYqruBbc62FrMzXAX5sZVm8wIp/KnY4cDUNVukdL8uQsJLFe/Q30/yLUHxdg8BZBSrUZzjrbRhoJKs5L5lhCFdWcrFW4lA/8ZrN+UZxvYt3lq/TRtdy/42zgqvZJkTXIYJ2NUrKX1Om6kdR/Qq1mW1usnEewZMqMme2+dm/uR31HkrNb7K7WNQTuA3clO53YLWS1VLKUofkQuhDyd5fLPp8MA7Qs00eWcmOfLkTesGZWu+QMsYFC2BoQaNB7IR220kJ2ugfh4LVnBBg4dne6L0hlHtk1bYBcMFLiKEEZ5pMoFzudluvZVPVj3Irqo9tDTka8JpdFkcFfG79eZP3R24P4JINOLjaCLX/XMp1xL5/dzp84TWy1ynRemSiOIs12FmrXFItnx5DrJYHu1O8AqhzXsGiRItK1v/6Ns/h6z8NV7HXbbi+SrUPqaLS9c2w3yvB4ea3bkTN7UfLLnhZPLIVL1NRi1oJWNTvseLIqjUvzglxdoBtAnZRypWKtAmxaPYrESWyPkC5L5rtlmtcrkdWisIW8YNSUl2A9NcYNp0HvrTzJGogDp1C9m5l7Mid3POXJHE91ZRo0jBiYahnRKDgRs+gGHOsSlsSvIhKNoPWo5ThQlvZJL69YJkXZ/S+QiCO26VtB2mA51w3JRRBRaSmw0JA1juuFrJRa66fRCX2LMpDXrFVaTwR6D3uqVZO2yyiEDHd7rHgdRyDdsnUlG/aRsNlVHTbhF7yNyRUn+mJTLPOdh3fvOOVUtW+82G6a2JRMg+svBdxiOTc+uAsTstM9IzLrmSLrSUYl+8Hd+7kRFKc+NomEKdOfklayLZha17/pmRzCLc4U2cFyqaj0ALZmHlibFHmmvzP4c3w9H1vvo0/l2w7LWVToFQR2129EAW3vfc723McC2fXPGIM3RhmdZyFMI74BhlDGjK/fHg7sKrwakWFECHIHzXb6kfJCmjWnaOCIuvSUSP7svtTtQSkcx18VvJV87ZgXpTcKraPItHF+1msMB/FgxSp0Dxw0m7O11IV/1jld8NRPh6b88fOgm4iCYH2dF8EPci5SUdyWfWeTKLOmqic7kADOHw1HvPue+Ddm2xk+smiWe151cxbRpP3GlkBPjcj351Z9DMzFKGfj1wVShz5F/lalRBRtEboyZvQt8N+Qp+fNUKYT9Yzg6FuOUzkYk38aU9oRHPuslRZS6fE5HCIZiXbBOJAmRBN2rCgEB4Ff9UPRHu/P42+zxAJNL0H6JVrw4QPUoKDCbWeVZ8dPxKDYdRVIFeKYik/0+N+gK6Zm4GjujMb7JkoU0oiyVJJCfaAAXZ8LJmQkxOsl7aoWd3oIKTaErAjxaqtsKT4Nq9S/dLQqiRhOdTrd1nzFk30fZKKu3QgMnV/RkmLwavw976pRP0OnTDZ27V0OHO3REOCw3gL6VJdgJIol+m1wbgXBvyah6roGbjc65xHzIVgIGUC8+lrZxiXOxiIKxPoVLelqEtYVMxN7Ihm2MGTT9NC/OJuXmBPDIfTWSoL36079nTOs00gZp0UhTBRZaW9bOBMC3dPWOnNJ07PS5KaeicTZ4UMHTx7DiH7MX+kyNT8gsS+NKtS6F0ap5jn3/DnFRyX93ponXVBjudI5azht2I44xw1KQQ4l7/J0gwY6MgszY3AZDgSdAYSWWsJt7+KF6TAh/kTSQ+N+sZ0wDarNvKCB/TXpizTTrgKDNrx9S+BDih7qWsBJBwO999l2eyTA/0MJCbbEaLmez31j2FLaDlJ/sYs4QQDt34IgTElbdOTI3QOthIl9CK4We+ZSjuMkeww4j5iJogzQzQMwnwi0rVpOgkdjnG2CRCNKlWDdJXLNt2hqnYWl3yJrzpxZE981rH5TXZr8vKUOMG6YT9EYqUA27M3xA2UhIuZ7dpLqZsj49Pg1mxSWi7jUx0GuAAWN8JbZdF28PGszOlJgUaY9UREbU9D5J+huSxYTkjUKop0PrgNsSTGo7yFv0BZx/eFPAsXJvhtfwAxg6kgTNSHksN8HA0uJwV+Z2WD71yj+x6cXaKyWDSNg/Qzgu6zgEHls6RJgsaeHp/uQ39xP4PIfefnYa6ugJMkMQy/SQnF/8QOyRREMiQyvO7UywNhQed6VHzgFfeQOYU8/S7bikbqrQOofX9PPOhuHLYJLE8BTV4Rhn1qu0RZJw0LijOzHQpKWx2pPubVB9V6ST4F3Y0NZPO0C48rMdYWYFzHCYPXNEzHYW9tjpqVfLNHDoyiZlIkGbqRcGnevTaGwmbp3GfI4ISkQ1nFjWeWO/MvE1jVJm+3QN99n6B7ugac000yaAKth/wSNKvm47iDQhdOVCyxghcM9tuENiOZ7fz+49A1wQ97Ai4BwXzUnuztv5gM3HX2o+IbRlPLs8KT/rDHzd027KHxatjm4cSB06sdxaYyHnNiAK8xNGwrzDgzvaoQa/sC3ih7/HN1DEYj/98BZN94mGPrzGPa3dCETCfCnybz6ciBaN1GvNmrgrvcEGcHMB2ZskxZ0juGHY9V8NM+3xGWpswPbzVXFcNeh7u/WJeuXyEsfcMa9If0G1YLfPyw0fJRM6QTnc4eJ4CiEWUW8yMyZVLWZVJ2pUlZp0lZl0kZYVLCHOie0SZlhEn3g/GAjJIHPjLJ86UmnURjkwKAoiUmYX5EpkwadJk0uNKkQadJVrRtApRdA8KuwQW7BrRdA8KuUTa6v6fs8sBHdnm+1K6TBHRNQb3lNo3lSamSpCU2Y35ETmI5HIzIivPAh7F0fEQsvegkjGeAoqVhRPyITKVnvys9+1emZ78zPftEAvbpJOt3OJzWzgHXOLxDOy8a+ZXSzpGJBpyRJeCBKxpwRpfASTTRgDOc4S3NNoHOLpwRae7JSWnnY9rrHviwtB0fUdpedFK5Z4CipZWL+BGZ6FbDu45uZYErupXlI7tVK5poRh6gaFQzivgRmTDpjvyvnAeuMMnykSa1ogmTPEDRKJMifkROyv3uLiej5IEPy93xEeXuRSf99QxQtLS/In5ETkzKhh3HvwM+NMnxESZ50YHm0AT+9DcMeBUdmVIx71Ixv1LFvFPFnPT6GaBoqdcRPyInJo2zW/qgdsCHJjk+wiQvOtQc0bx2jpyeauMRWbke+PhUa/moU82JTscIC/wfSX/IG1YqAAA=" />\n<input type="hidden" name="lang" value="eng" />\n<input type="hidden" name="suite" value="cobalt" />\n<input type="hidden" name="reservedids" value="inst,lang,suite" />\n<input type="hidden" name="submitmode" value="" />\n<input type="hidden" name="submitname" value="" />\n<input type="hidden" name="allCountInsertComponent_59" id="allCountInsertComponent_59" value="100" />\n<input type="hidden" name="allAvailCountInsertComponent_59" id="allAvailCountInsertComponent_59" value="100" />\n</div>\r\n\t\t\t\t\t\r\n\t\t\t\t\t\r\n\t\t\t\t\t</form> \r\n\t                    </div>\r\n\t                \r\n\t                \r\n                \r\n                \r\n            </div><!--end mark-->\r\n    \r\n\r\n                                  </div>\r\n                              \r\n                             <!--all -->\r\n                              \r\n                                   <a href="javascript:void(0);" onclick="showHideItemsToggle(this)" class="showAllToggleLink availCheckboxLink"><img width="15" src="resources/gold/images/checkbox_checked.png" class="availCheckbox" height="13" id="checkboxCheckedImageComponent_16"></img>only show available</a>\r\n                                   <a href="javascript:void(0);" onclick="showHideItemsToggle(this)" class="showAvailableToggleLink availCheckboxLink"><img width="15" src="resources/gold/images/checkbox.png" class="availCheckbox" height="13" id="checkboxImageComponent_16"></img>only show available</a>\r\n                                   <a href="javascript:void(0);" onclick="showHideItemsToggle(this)" class="showAllMaxToggleLink availCheckboxLink"><img width="15" src="resources/gold/images/checkbox_checked.png" class="availCheckbox" height="13" id="checkboxCheckedImage2Component_16"></img>only show available</a>\r\n                                   <a href="javascript:void(0);" onclick="showHideItemsToggle(this)" class="showAvailableMaxToggleLink availCheckboxLink"><img width="15" src="resources/gold/images/checkbox.png" class="availCheckbox" height="13" id="checkboxImage2Component_16"></img>only show available</a>\r\n                                    \r\n                                    <div id="allItemsSection" class="allItemsSection">\r\n                                       \r\n    \r\n\r\n    \r\n            \r\n            \r\n                    <!--link moved into dpBibHoldingStatement via initBibHoldingsToggle JS -->\r\n                    <span class="itemsSectionHeader" id="availHeaderWrapperAny2Component_30"><a href="javascript:void(0);" onclick="toggleBibHoldingsPopup(this)">see all</a></span>\r\n            \r\n            <!--start mark -->\r\n             <h3 class="sectionHeader itemsHeader customHeader">Items</h3>\r\n            <div id="allitems-b2576989">\r\n                \r\n\t                \r\n\t                    <div class="itemTableWrapper popUpContentWrapper">\r\n\t                        \r\n    \r\n\t\t<table class="itemTable" cellspacing="3">\r\n        \t<tr>\r\n\t        \t\r\n\t        \t\t<th>\r\n\t        \t\t\tLocation\r\n\t        \t\t</th>\r\n\t        \t\r\n\t        \t\t<th>\r\n\t        \t\t\tCall No.\r\n\t        \t\t</th>\r\n\t        \t\r\n\t        \t\t<th>\r\n\t        \t\t\tStatus\r\n\t        \t\t</th>\r\n\t        \t\r\n        \t</tr>\r\n            \r\n            \t<tr>\r\n            \t\t\r\n                        \r\n            \t\t\r\n                        \r\n                            <td>\r\n                                \r\n                                    \r\n                                    \r\n                                        \r\n                                            \r\n \r\n\t \r\n\t    \t\r\n\t\t\r\n\t\t\r\n\t\t\tLewis & Clark\r\n\t\t\r\n    \r\n \r\n\r\n\r\n                                        \r\n                                        \r\n                                    \r\n            \t\t\t        \r\n\t            \t\t\t</td>\r\n            \t\t\t\r\n            \t\t\r\n                        \r\n                            <td>\r\n                                \r\n                                    \r\n                                    \r\n                                        \r\n                                        \r\n                                            \r\n                                                <a id="callNoBrowseDirectLinkComponent_60" href="/iii/encore/SearchResultsPage,searchResultsComponent.resultComponent.searchBrowseResultBibComponent.$BibHoldingsComponent.bibHoldingsAllItems.itemTableComponent.callNoBrowseDirectLinkComponent.sdirect;jsessionid=5F4C8E89B7C5F964F02DBB6C904346CF?lang=eng&amp;sp=Si20298062&amp;sp=Sb2576989&amp;suite=cobalt" onclick="return tapestry.linkOnClick(this.href,\'callNoBrowseDirectLinkComponent_60\', false)">\r\n                                                    VIDEO GAME\r\n                                                </a>\r\n                                            \r\n                                            \r\n                                        \r\n                                    \r\n            \t\t\t        \r\n                                    \r\n                                         \r\n                                    \r\n                                    \r\n            \t\t\t        \r\n                                    \r\n                                         \r\n                                    \r\n                                    \r\n            \t\t\t        \r\n\t            \t\t\t</td>\r\n            \t\t\t\r\n            \t\t\r\n                        \r\n                            <td>\r\n                                \r\n                                    \r\n                                        IN LIBRARY\r\n                                    \r\n                                    \r\n            \t\t\t        \r\n\t            \t\t\t</td>\r\n            \t\t\t\r\n            \t\t\r\n            \t</tr>\r\n            \r\n        </table>\r\n    \r\n\r\n\t                        \r\n\t\t\t\t\t\t\t\r\n\t\t\t\t\t\t\t\t<a id="showAllItemsLinkComponent_60" class="showAllItemsLink customToggle" href="/iii/encore/SearchResultsPage,searchResultsComponent.resultComponent.searchBrowseResultBibComponent.$BibHoldingsComponent.bibHoldingsAllItems.showAllItemsLinkComponent.sdirect;jsessionid=5F4C8E89B7C5F964F02DBB6C904346CF?lang=eng&amp;sp=Sb2576989&amp;sp=T&amp;sp=Sallitems-b2576989&amp;sp=F&amp;suite=cobalt" onclick="return tapestry.linkOnClick(this.href,\'showAllItemsLinkComponent_60\', false)">\r\n\t\t\t\t\t\t\t\tShow remaining items</a>\r\n\t\t\t\t\t\t\t\r\n\t\t\t\t\t\t\t\r\n  \xe2\x80\x8b\t\t\t\t\t\t\t\r\n  \r\n\t\t\t\t\t<form method="post" action="/iii/encore/SearchResultsPage,searchResultsComponent.resultComponent.searchBrowseResultBibComponent.$BibHoldingsComponent.bibHoldingsAllItems.countComponent.sdirect;jsessionid=5F4C8E89B7C5F964F02DBB6C904346CF" id="countComponent_60" style="display:none;">\n<div style="display:none;" id="countComponent_60hidden"><input type="hidden" name="formids" value="allCountInsertComponent_60,allAvailCountInsertComponent_60" />\n<input type="hidden" name="seedids" value="ZH4sIAAAAAAAAAI1Z3W7juhFeFO2b5KrwQS35J/Gl42TPGkg2ge09ba8WtETbxMqiS0pOcp6pr9Z36JCibHI4cnyTKPMNh/PPIfPf/335259fvvz1y99/62mujiLjN/3egW3Nr0zuD7LkZWW/y4qJkiv41lxrIUvzdYAfW1nkr7Din4odDlzNvFV6x4vCJ6xl/hH8zTR/EIpnFQicl6BCdYaT3oaBRrJc8IIZBn9lKZeZEofqmVdswTeK6124s3yb1bqS+2+c5VzNNz6a+Qja1Sgpf82Yqp5E+cvXZr65SSaDAJ6WgTnzzc/+zeCu91hofpOMkoD3GdwGbor3O7BKyXIlZaF9ci70oWAfrxZ9ORgH6PkmDaxkR77aCb3kTGU7pIxxwRIYGtBoEDqh2XZagDb6xyFnFScEWHi+N3pvCOWeWLmtAVzyAmIowZkmEyiXu92yTNZl9SS3ovzcVp+jBq/ZZWFUwOfWnzdpMnB7AJeswcHlRqj9fSGzgH3/4XR44BWy1ynReGSqOAs12FmrXFKtnp98rJIHu1O4AqgLXsKiSItSVv/6tkjh6z81V6HXbbi+SrX3qaLU1c046RXgcPNb16Li9qNhF7zIn9iaF7GoZaUELOr3WH5kZcbzc0KcHWCbgF0Uc8UibUIs6/1aBImsD1Duy3q75RqX65EVIrdF/KiUVBcg/TWETeeBL+08iRqIQ2eQvVsZOnIn9/w1StyWako0ahihMNQzAlBwo6dXjClWpSkJngclm0DrUcpwoa1sEg8uWNaKM3pfIRDH7dK2wzjAC67rAoqgJFLTYT4gqx1XS1mrjOtnUYo9C/KQl2xdGE94ek96qpHTNIsgREw3eyx5FcagWTIz5Ru3UX8ZFd0moVf8HQnVZ3ok06yzXadt3uFKqaq282G6a2JBMg+tvFdxCOQM2uAsT8tM9IzLrmQLrSUYVx8Hd+6kRFKc+JomEKZOekmaz7ZhGa9+V7I++FucqfMcZdNRaIFsTFpiaFHimvzP8c04bb9vzbfx54ptZ4Wsc5QqYrurliLntvd+Z3uOY+HsWgSMvhv9rA6zEMaRtkGGkIbMLx7fD6zMW7WCQggQ5I+KbfWTZDk0685RQZF16aiBfcntqVo80rkO7pV807wpmFclt4rtg0h08d6LNeajeJAiJZoHTtoteCZV/ts6HY3v0snEnD92FnQTiQ80p/vS60HOTTqQy8qPaBJ11gTlNAIN4PDVeMy77YF3b5I700+W9XrPy3rRMJq818gK8LkZ+UZm0c/EUIR+OXKVK3HkD/KtLCCiaI3Q03ehB+N+RF+cNUJYm6xnBkPdcpjIRUb8aU9oRHPuslRZSafE9HAIZiXbBMJAmRBNm7CgEB4Ff9OPRHu/PY2+LxAJNL176JVr/YT3UoKDCZWel/eOH4nBMOoqkCt5vpL39LjvoRlzM3BQd2aDPRNFTIkkWSopwR4wwI6PJRNycoJtpS0rVtXaC6m2BOxIsW4qLCq+zZtUvzS0KklYDvX6XVa8QSN9n6XiLh2ITN2fUdJi8Cr8va9LUX1AJ4z2di0dztwt0ZDgMN5CupQXoCjKRXxtMO6FAb/ivip6Di5vdU4D5lwwkDKF+fStM4yrHQzEpQl0rNtKVAUsyhcmdkQz7OBJZ3EhPribF9gTwv50FsvCd+uOPZ3zbBMIWad5LkxUWWEvGzjT/N0jVnrzqdPzkqS62snIWT5DB8+eQ8h+LJ4oMjW/ILGv9boQehfHKeT5N/x5BcflvR4bZ12Q03LEcjL4rRjOOEeNCgHO5W+yMAMGOjILcyMwGY4EnYFIVibh9lfynBT4uHgm6b5R35j22OblRl7wgP5aF0XcCdeeQTue/RLogLKXugZAwuFw/0MW9T460M9AZLIdISq+17P2MWwFLSfK35DFn2Dg1g8hMKbEbXp6hM7B1qKAXgQ36z1TcYcxkh1G3EfMBHFmCIZBmE9EvDZOJ6H9Mc42AaJRxWqQrnLZpjtU1c7igq/wVSeM7InPOja9SQYmL0+J460bJz4SKgXYnr0jbqBEXMxs11xK3RwZngYDs0lhuYxPtR/gHFjcCG+VRdvBx4sypycFGmHWEwG1OQ2Rf4BeNZyQqGUQ6XR462NRjO9GDfwAZR3eF9KBvzDCB/0JxAymAj9RHwsO83EwuJwU+IMVNb5zTUY9OLtEabFgGgfpZwTdZwGDymdRkwSNW3p4uju/PXkgct/5eZirK+AoSQzD71JC8T+zQzQFkQyRjFZ36uWBsKBzPSo+8Ip7yJxBnn6XTUUj9TIPat7fIw+6G4dtAqtTQKNXBOAktouUddKwoDAzm6GgsNUR62NefVCtF+RT0LhvIJunXXhYiUjbuI4jhlZTdO6ao2Yt3+2RA6OomRRJhm7EX5p2rw0hv1k69zWnd9yhrOLGM6ud+ZcJrGqS1xc4JrvvM3RP14BTukl6TWDSXBTcEjSrAhp0UOjCkYoFVrBTv6JotzFIazOS2czvPw5dE/y4J+AS4M1Hzcne/IvJwF1nPyq+cTC1vCg86Y973Nxt/R4aroZtHk8caGnWjGIzGY45IYDXGBq2FWacuV6XiLV5Aa+VPf65OnqjUfvfAWTfZJxi68xj2mhsQqYj4c/TxezOgWjdRrzbq4K73BBnBzAdmbJMSdQ7xh2PVfDTPt8RlsbMj+8VVyXDXoe7v8gK168QFr9hDftj+g2rAT5/2Gj4qBnSiY5njxNA0YgyC/kRmTIp6TIpudKkpNOkpMukhDApYvZ0T2iTEsKk2+FkSEapBT4zqeWLTTqJxiZ5AEWLTML8iEyZNOwyaXilScNOk6xo2wQou4aEXcMLdg1pu4aEXXfJ3e0tZVcLfGZXyxfbdZKArimotwziWJ6UKkhaZDPmR+QoluPhHVlxLfBpLB0fEctWdBTGM0DR4jAifkSm0rPflZ79K9Oz35mefSIB+3SS9TscTmvngGsc3qFdKxr5ldLOkYkGnJAl0AJXNOCELoGTaKIBJzjDG5ptAp1dOCHSvCVHpZ1OaK+3wKel7fiI0m5FR5V7BihaXLmIH5GJbjUedXQrC1zRrSwf2a0a0UQzagGKRjWjgB+RCZNG5H/lWuAKkywfaVIjmjCpBSgaZVLAj8hRuY9GKRmlFvi03B0fUe6t6Ki/ngGKFvdXxI/IkUnJuOP4d8CnJjk+wqRWtKc5NIG//AMDrYqOTKmYdqmYXqli2qliSnr9DFC02OuIH5EjkybJgD6oHfCpSY6PMKkV7WuOaK12jhyfapM7snJb4PNTreGjTjUnOh4jTgCm/R9rxz73aioAAA==" />\n<input type="hidden" name="lang" value="eng" />\n<input type="hidden" name="suite" value="cobalt" />\n<input type="hidden" name="reservedids" value="inst,lang,suite" />\n<input type="hidden" name="submitmode" value="" />\n<input type="hidden" name="submitname" value="" />\n<input type="hidden" name="allCountInsertComponent_60" id="allCountInsertComponent_60" value="100" />\n<input type="hidden" name="allAvailCountInsertComponent_60" id="allAvailCountInsertComponent_60" value="100" />\n</div>\r\n\t\t\t\t\t\r\n\t\t\t\t\t\r\n\t\t\t\t\t</form> \r\n\t                    </div>\r\n\t                \r\n\t                \r\n                \r\n                \r\n            </div><!--end mark-->\r\n    \r\n\r\n                                    </div>\r\n                            \r\n                            \r\n                                <!--how to test for available items on the threshold link-->\r\n                                       <div class="availableMaxItemsSection">\r\n                                                \r\n    \r\n\r\n    \r\n            \r\n                 \r\n                \r\n                    <!--link moved into dpBibHoldingStatement via initBibHoldingsToggle JS -->\r\n                    <span class="itemsAvailHeader itemsSectionHeader" id="availHeaderWrapperAnyComponent_29">\r\n                           <a id="showMaxItemsLink2Component_29" class="maxItemsLink" href="/iii/encore/SearchResultsPage,searchResultsComponent.resultComponent.searchBrowseResultBibComponent.$BibHoldingsComponent.bibHoldingsAvailableMaxItems2.showMaxItemsLink2Component.sdirect;jsessionid=5F4C8E89B7C5F964F02DBB6C904346CF?lang=eng&amp;sp=Sb2576989&amp;sp=F&amp;sp=Sallavailitemsmax-b2576989&amp;sp=F&amp;suite=cobalt" onclick="return tapestry.linkOnClick(this.href,\'showMaxItemsLink2Component_29\', false)">\r\n                               <a href="javascript:void(0);" onclick="toggleBibHoldingsPopup(this)">see all</a>\r\n                           </a>\r\n                    </span>\r\n                \r\n            \r\n            \r\n            <!--start mark -->\r\n             <h3 class="sectionHeader itemsHeader customHeader">Items</h3>\r\n            <div id="allavailitemsmax-b2576989">\r\n                \r\n\t                \r\n\t                    <div class="itemTableWrapper popUpContentWrapper">\r\n\t                        \r\n    \r\n\t\t<table class="itemTable" cellspacing="3">\r\n        \t<tr>\r\n\t        \t\r\n\t        \t\t<th>\r\n\t        \t\t\tLocation\r\n\t        \t\t</th>\r\n\t        \t\r\n\t        \t\t<th>\r\n\t        \t\t\tCall No.\r\n\t        \t\t</th>\r\n\t        \t\r\n\t        \t\t<th>\r\n\t        \t\t\tStatus\r\n\t        \t\t</th>\r\n\t        \t\r\n        \t</tr>\r\n            \r\n            \t<tr>\r\n            \t\t\r\n                        \r\n            \t\t\r\n                        \r\n                            <td>\r\n                                \r\n                                    \r\n                                    \r\n                                        \r\n                                            \r\n \r\n\t \r\n\t    \t\r\n\t\t\r\n\t\t\r\n\t\t\tLewis & Clark\r\n\t\t\r\n    \r\n \r\n\r\n\r\n                                        \r\n                                        \r\n                                    \r\n            \t\t\t        \r\n\t            \t\t\t</td>\r\n            \t\t\t\r\n            \t\t\r\n                        \r\n                            <td>\r\n                                \r\n                                    \r\n                                    \r\n                                        \r\n                                        \r\n                                            \r\n                                                <a id="callNoBrowseDirectLinkComponent_61" href="/iii/encore/SearchResultsPage,searchResultsComponent.resultComponent.searchBrowseResultBibComponent.$BibHoldingsComponent.bibHoldingsAvailableMaxItems2.itemTableComponent.callNoBrowseDirectLinkComponent.sdirect;jsessionid=5F4C8E89B7C5F964F02DBB6C904346CF?lang=eng&amp;sp=Si20298062&amp;sp=Sb2576989&amp;suite=cobalt" onclick="return tapestry.linkOnClick(this.href,\'callNoBrowseDirectLinkComponent_61\', false)">\r\n                                                    VIDEO GAME\r\n                                                </a>\r\n                                            \r\n                                            \r\n                                        \r\n                                    \r\n            \t\t\t        \r\n                                    \r\n                                         \r\n                                    \r\n                                    \r\n            \t\t\t        \r\n                                    \r\n                                         \r\n                                    \r\n                                    \r\n            \t\t\t        \r\n\t            \t\t\t</td>\r\n            \t\t\t\r\n            \t\t\r\n                        \r\n                            <td>\r\n                                \r\n                                    \r\n                                        IN LIBRARY\r\n                                    \r\n                                    \r\n            \t\t\t        \r\n\t            \t\t\t</td>\r\n            \t\t\t\r\n            \t\t\r\n            \t</tr>\r\n            \r\n        </table>\r\n    \r\n\r\n\t                        \r\n\t\t\t\t\t\t\t\r\n\t\t\t\t\t\t\t\t<a id="showAllItemsLinkComponent_61" class="showAllItemsLink customToggle" href="/iii/encore/SearchResultsPage,searchResultsComponent.resultComponent.searchBrowseResultBibComponent.$BibHoldingsComponent.bibHoldingsAvailableMaxItems2.showAllItemsLinkComponent.sdirect;jsessionid=5F4C8E89B7C5F964F02DBB6C904346CF?lang=eng&amp;sp=Sb2576989&amp;sp=T&amp;sp=Sallavailitemsmax-b2576989&amp;sp=F&amp;suite=cobalt" onclick="return tapestry.linkOnClick(this.href,\'showAllItemsLinkComponent_61\', false)">\r\n\t\t\t\t\t\t\t\tShow remaining items</a>\r\n\t\t\t\t\t\t\t\r\n\t\t\t\t\t\t\t\r\n  \xe2\x80\x8b\t\t\t\t\t\t\t\r\n  \r\n\t\t\t\t\t<form method="post" action="/iii/encore/SearchResultsPage,searchResultsComponent.resultComponent.searchBrowseResultBibComponent.$BibHoldingsComponent.bibHoldingsAvailableMaxItems2.countComponent.sdirect;jsessionid=5F4C8E89B7C5F964F02DBB6C904346CF" id="countComponent_61" style="display:none;">\n<div style="display:none;" id="countComponent_61hidden"><input type="hidden" name="formids" value="allCountInsertComponent_61,allAvailCountInsertComponent_61" />\n<input type="hidden" name="seedids" value="ZH4sIAAAAAAAAAI1Z3XLbuhHOdNo38VVHnRGpH9uXiuKcaGqfeCTltL3KQCQkYUIRKkDKdp+pr9Z36AIEJGCxtHVj0/stFvuPBfzf/336y38+ffrzp78uBpqrkyj4zXBwZDvzq5CHo6x53djvumGi5gq+NddayNp8HeHHTlblM6z4h2LHI1fzYJXe86oKCRtZvkV/M82/CMWLBgQualChucDZYMtAI1kvecUMQ7iylqtCiWPzxBu25FvF9T7eWb7MW93IwzfOSq4W2xAtQgTtapSUv+ZMNY+i/hVqs9jeZPeTCJ7VkTmL7c/hzehu8FBpfpNNRhHvE7gN3JTud2SNkvVaykqH5FLoY8Xeni36/WgcoBfbPLKSnfh6L/SKM1XskTLGBStg6ECjQeyEbttZBdroH8eSNZwQYOHFwei9JZR7ZPWuBXDFK4ihBGeaTKBc7nYrCtnWzaPcifpjW0OOFrxml8VRAZ9bf97k2djtAVyyBQfXW6EOnytZROyHN6fDF94ge50SnUdmirNYg721yiXV+ukxxBp5tDvFK4C65DUsSrSoZfPPb8scvv7dchV73Ybrq1SHkCpq3dxM80EFDje/dSsabj86dsGr8pFteJWKWjVKwKLhgJUnVhe8vCTExQG2CdhFKVcq0ibEqj1sRJTI+gjlvmp3O65xuZ5YJUpbxA9KSfUOpL/GsOk88KWdJ1EDcegcsncnY0fu5YE/J4nrqaZEk4YRC0M9IwIFN3oGxZhjVbqS4GVUshm0HqUMF9rKJvHoHcu8OKP3FQJx3N7bdpwGeMl1W0ER1ERqOiwEZLPnaiVbVXD9JGpxYFEe8pptKuOJQO/7gerkdM0iChHT3R4r3sQx6JbMTfmmbTRcRkW3S+g1f0VC9YWeyDTrbNfxzTteKVXjOx+muyYWJfPYynsWx0jOyAdndV5momdcdiVbbC3BuH47unMnJ5LizNc1gTh18vekhWxbVvDmNyXbY7jFhbooUTadhBbIxswTY4sy1+R/Tm+mI/99a76NP9dsN69kW6JUEbt9sxIlt733d3bgOBbOrmXEGLoxzOo4C2Ec8Q0yhjRkfvXwemR16dWKCiFCkD8attOPkpXQrHtHBUXWpaNG9mW352oJSJc6+Kzki+ZdwTwruVPsEEWij/ez2GA+igcpUqN54KzdkhdSlX/b5JPpXX5/b84fOwu6iSQEutN9FfQg5yYdyWX1WzKJOmuicpqABnD4ajzm3Q7AuzfZneknq3Zz4HW77BhN3mtkBfjcjHwTs+hnZihCfz9xVSpx4l/kS11BRNEaoWevQo+mw4S+vGiEMJ+sFwZD3XGYyEVB/GlPaERz7rJU2UinxOx4jGYl2wTiQJkQzbqwoBCeBH/RD0R7vz2Pvt8hEmh6D9Ar14YJH6QEBxMavag/O34kBsOoq0CulOVafqbH/QAtmJuBo7ozGxyYqFJKIslSSQn2gAF2fCyZkJMTrJe2aljT6iCk2hKwI8Wmq7Ck+LYvUv3S0KokYTnU6++y4R2a6PskFXfpQGTq4YKSFoNX4e9DW4vmDTphsrdr6XDm7oiGBIfxDtKlfgdKolyl1wbjXhjwGx6qohfgcq9zHjGXgoGUGcynL71hXO9hIK5NoFPd1qKpYFG5NLEjmmEPTz5PC/GLu3mBPTEcTmepLHy37tnTOc82gZh1VpbCRJVV9rKBMy3cPWGlN585Pd+T1DZ7mTgrZOjhOXAI2Y/lI0Wm5hck9rndVELv0zjFPP+CP6/geH+vh85Z78jxHKmcAn4rhjPOUZNCgHP5m6zMgIGOzMrcCEyGI0EXIJFVSLj91bwkBT4sn0h6aNQ3pgO2Rb2V73hAf22rKu2Em8CgPS9+CXRA2UtdByDhcLj/Iav2kBzoFyAx2Y4QDT/ouX8MW0PLSfI3ZgknGLj1QwiMKWmbnp2gc7CNqKAXwc36wFTaYYxkhxH3ETNBXBiiYRDmE5GuTdNJ6HCMs02AaFSpGqSrXLbpHlW1s7jia3zViSN75rOOzW+ykcnLc+IE66Z5iMRKAXZgr4gbKAkXM9t1l1I3R8anwSiDTSrLZXyqwwCXwOJGeKss2g4+vitzelKgEWY9EVG70xD5B+hNxwmJWkeRzidZiCUxvrvr4C9Q1vF9IZ+ECxN8lI0hZjAVhIn6UHGYj6PB5azAH6xq0Z1rMhwN4OwStcWiady83p0RdJ8FDCqfJU0SNPb0+HR3fnsMQOS+y/MwV1fASZIYht+khOJ/YsdkCiIZEhled+rlgbCgdz0qPvCKe8icQ57+LruKRuoVAdS9vycedDcO2wTW54AmrwjASWyXKOukYUFxZnZDQWWrI9XHvPqgWq/Ip6CprVCbp314XIlI2yyp44TBa4rOXXPUbOSrPXJgFDWTIsnQj4RL8/61MRQ2S+e+7vROO5RV3HhmvTf/MoFVXfL2C/Td9wm656UBU00yKNluI78EzaqARh0UunCiYoUVDPSbIoP9NgbxNiOZ3fz+49g3wU8HAi4BwXzUnezdv5gM3Hf2o+KbRlPLd4Un/emAm7tt2EPj1bDNw5kDLS26UWwu4zEnBvAaQ8O2woyz0JsasXYv4K2yxz9Xp2A08v8dQPbdT3NsnXlMm0xNyHQi/Gm2nN85EK3bild7VXCXG+LsAKYTU5YpS3rHtOexCn7a5zvC0pT54bXhqmbY63D3F0Xl+hXC0jes8XBKv2F1wMcPGx0fNUM60enscQYoGlFmMT8iUyZlfSZlV5qU9ZqU9ZmUESYlzIHuGW1SRph0O74fk1HywEcmeb7UpLNobFIAULTEJMyPyJRJ4z6TxleaNO41yYq2TYCya0zYNX7HrjFt15iw6y67u72l7PLAR3Z5vtSuswR0TUG9ZZTG8qxURdISmzE/IiexnI7vyIrzwIexdHxELL3oJIwXgKKlYUT8iEyl57AvPYdXpuewNz2HRAIO6SQb9jic1s4B1zi8RzsvGvmV0s6RiQackSXggSsacEaXwFk00YAznOEdzTaB3i6cEWnuyUlp5/e01z3wYWk7PqK0veikci8ARUsrF/EjMtGtppOebmWBK7qV5SO7VSeaaEYeoGhUM4r4EZkwaUL+V84DV5hk+UiTOtGESR6gaJRJET8iJ+U+meRklDzwYbk7PqLcveikv14Aipb2V8SPyIlJ2bTn+HfAhyY5PsIkLzrQHJrAn/6OAa+iI1Mq5n0q5leqmPeqmJNevwAULfU64kfkxKT7bEQf1A740CTHR5jkRYeaI5rXzpHTU+3+jqxcD3x8qnV81KnmRKdjxBmgaMQYYbH/A70VBRiGKgAA" />\n<input type="hidden" name="lang" value="eng" />\n<input type="hidden" name="suite" value="cobalt" />\n<input type="hidden" name="reservedids" value="inst,lang,suite" />\n<input type="hidden" name="submitmode" value="" />\n<input type="hidden" name="submitname" value="" />\n<input type="hidden" name="allCountInsertComponent_61" id="allCountInsertComponent_61" value="100" />\n<input type="hidden" name="allAvailCountInsertComponent_61" id="allAvailCountInsertComponent_61" value="100" />\n</div>\r\n\t\t\t\t\t\r\n\t\t\t\t\t\r\n\t\t\t\t\t</form> \r\n\t                    </div>\r\n\t                \r\n\t                \r\n                \r\n                \r\n            </div><!--end mark-->\r\n    \r\n\r\n                                       </div>\r\n                            \r\n                            \r\n                                    <div id="allMaxItemsSection" class="allMaxItemsSection">\r\n                                        \r\n    \r\n\r\n    \r\n            \r\n                 \r\n                \r\n                    <!--link moved into dpBibHoldingStatement via initBibHoldingsToggle JS -->\r\n                    <span class="itemsSectionHeader" id="availHeaderWrapperAnyComponent_30">\r\n                           <a id="showMaxItemsLink2Component_30" class="maxItemsLink" href="/iii/encore/SearchResultsPage,searchResultsComponent.resultComponent.searchBrowseResultBibComponent.$BibHoldingsComponent.bibHoldingsAllMaxItems.showMaxItemsLink2Component.sdirect;jsessionid=5F4C8E89B7C5F964F02DBB6C904346CF?lang=eng&amp;sp=Sb2576989&amp;sp=F&amp;sp=Sallitemsmax-b2576989&amp;sp=F&amp;suite=cobalt" onclick="return tapestry.linkOnClick(this.href,\'showMaxItemsLink2Component_30\', false)">\r\n                               <a href="javascript:void(0);" onclick="toggleBibHoldingsPopup(this)">see all</a>\r\n                           </a>\r\n                    </span>\r\n                \r\n            \r\n            \r\n            <!--start mark -->\r\n             <h3 class="sectionHeader itemsHeader customHeader">Items</h3>\r\n            <div id="allitemsmax-b2576989">\r\n                \r\n\t                \r\n\t                    <div class="itemTableWrapper popUpContentWrapper">\r\n\t                        \r\n    \r\n\t\t<table class="itemTable" cellspacing="3">\r\n        \t<tr>\r\n\t        \t\r\n\t        \t\t<th>\r\n\t        \t\t\tLocation\r\n\t        \t\t</th>\r\n\t        \t\r\n\t        \t\t<th>\r\n\t        \t\t\tCall No.\r\n\t        \t\t</th>\r\n\t        \t\r\n\t        \t\t<th>\r\n\t        \t\t\tStatus\r\n\t        \t\t</th>\r\n\t        \t\r\n        \t</tr>\r\n            \r\n            \t<tr>\r\n            \t\t\r\n                        \r\n            \t\t\r\n                        \r\n                            <td>\r\n                                \r\n                                    \r\n                                    \r\n                                        \r\n                                            \r\n \r\n\t \r\n\t    \t\r\n\t\t\r\n\t\t\r\n\t\t\tLewis & Clark\r\n\t\t\r\n    \r\n \r\n\r\n\r\n                                        \r\n                                        \r\n                                    \r\n            \t\t\t        \r\n\t            \t\t\t</td>\r\n            \t\t\t\r\n            \t\t\r\n                        \r\n                            <td>\r\n                                \r\n                                    \r\n                                    \r\n                                        \r\n                                        \r\n                                            \r\n                                                <a id="callNoBrowseDirectLinkComponent_62" href="/iii/encore/SearchResultsPage,searchResultsComponent.resultComponent.searchBrowseResultBibComponent.$BibHoldingsComponent.bibHoldingsAllMaxItems.itemTableComponent.callNoBrowseDirectLinkComponent.sdirect;jsessionid=5F4C8E89B7C5F964F02DBB6C904346CF?lang=eng&amp;sp=Si20298062&amp;sp=Sb2576989&amp;suite=cobalt" onclick="return tapestry.linkOnClick(this.href,\'callNoBrowseDirectLinkComponent_62\', false)">\r\n                                                    VIDEO GAME\r\n                                                </a>\r\n                                            \r\n                                            \r\n                                        \r\n                                    \r\n            \t\t\t        \r\n                                    \r\n                                         \r\n                                    \r\n                                    \r\n            \t\t\t        \r\n                                    \r\n                                         \r\n                                    \r\n                                    \r\n            \t\t\t        \r\n\t            \t\t\t</td>\r\n            \t\t\t\r\n            \t\t\r\n                        \r\n                            <td>\r\n                                \r\n                                    \r\n                                        IN LIBRARY\r\n                                    \r\n                                    \r\n            \t\t\t        \r\n\t            \t\t\t</td>\r\n            \t\t\t\r\n            \t\t\r\n            \t</tr>\r\n            \r\n        </table>\r\n    \r\n\r\n\t                        \r\n\t\t\t\t\t\t\t\r\n\t\t\t\t\t\t\t\t<a id="showAllItemsLinkComponent_62" class="showAllItemsLink customToggle" href="/iii/encore/SearchResultsPage,searchResultsComponent.resultComponent.searchBrowseResultBibComponent.$BibHoldingsComponent.bibHoldingsAllMaxItems.showAllItemsLinkComponent.sdirect;jsessionid=5F4C8E89B7C5F964F02DBB6C904346CF?lang=eng&amp;sp=Sb2576989&amp;sp=T&amp;sp=Sallitemsmax-b2576989&amp;sp=F&amp;suite=cobalt" onclick="return tapestry.linkOnClick(this.href,\'showAllItemsLinkComponent_62\', false)">\r\n\t\t\t\t\t\t\t\tShow remaining items</a>\r\n\t\t\t\t\t\t\t\r\n\t\t\t\t\t\t\t\r\n  \xe2\x80\x8b\t\t\t\t\t\t\t\r\n  \r\n\t\t\t\t\t<form method="post" action="/iii/encore/SearchResultsPage,searchResultsComponent.resultComponent.searchBrowseResultBibComponent.$BibHoldingsComponent.bibHoldingsAllMaxItems.countComponent.sdirect;jsessionid=5F4C8E89B7C5F964F02DBB6C904346CF" id="countComponent_62" style="display:none;">\n<div style="display:none;" id="countComponent_62hidden"><input type="hidden" name="formids" value="allCountInsertComponent_62,allAvailCountInsertComponent_62" />\n<input type="hidden" name="seedids" value="ZH4sIAAAAAAAAAI1Z3XIiuxHeSiVv4qsUqWLGgO1LlvWepco+6wL2JLnaiBkBqh1GRJrBdp4pr5Z3SEsjgdTqwdzY4/5arf5XS/7v/z795T+fPv3501//NdBcHUXBb4aDA9uaX4XcH2TN68Z+1w0TNVfwrbnWQtbm6wA/trIqX2DF3xU7HLiaBav0jldVSFjL8j36m2n+RSheNCBwXoMKzRnOBhsGGsl6wStmGMKVtVwWShyaZ96wBd8ornfxzvJ11upG7r9xVnI134RoESJoV6Ok/DVjqnkS9a9Qm/nmJnu4i+BpHZkz3/wc3tzeDx4rzW+y8TjifQa3gZvS/Q6sUbJeSVnpkFwKfajY+4tFvx+MA/R8k0dWsiNf7YRecqaKHVLGuGAJDB1oNIid0G07rUAb/eNQsoYTAiw83xu9N4RyT6zetgAueQUxlOBMkwmUy91uRSHbunmSW1F/bGvI0YLX7LI4KuBz68+bPBu7PYBLtuDgeiPU/nMli4h9/+50+MIbZK9TovPIVHEWa7CzVrmkWj0/hVgjD3aneAVQF7yGRYkWtWz+8W2Rw9e/W65ir9twfZVqH1JFrZubye2gAoeb37oVDbcfHbvgVfnE1rxKRS0bJWDRcMDKI6sLXp4T4uwA2wTsopQrFWkTYtnu1yJKZH2Acl+22y3XuFyPrBKlLeJHpaS6AOmvMWw6D3xp50nUQBw6g+zdytiRO7nnL0nieqop0aRhxMJQz4hAwY2eQTHmWJWuJHgZlWwGrUcpw4W2skl8e8EyL87ofYVAHLdL247SAC+4bisogppITYeFgGx2XC1lqwqun0Ut9izKQ16zdWU8Eej9MFCdnK5ZRCFiuttjyZs4Bt2SmSnftI2Gy6jodgm94m9IqD7TE5lmne06vnnHK6VqfOfDdNfEomQeWXkv4hDJufXBWZ6WmegZl13JFltLMK7eD+7cyYmkOPF1TSBOnfyStJBtwwre/KZkewi3OFPnJcqmo9AC2Zh5YmxR5pr8z8nNZOS/78y38eeKbWeVbEuUKmK7a5ai5Lb3/s72HMfC2bWIGEM3hlkdZyGMI75BxpCGzK8e3w6sLr1aUSFECPJHw7b6SbISmnXvqKDIunTUyL7s7lQtAelcB5+VfNW8K5gXJbeK7aNI9PF+FmvMR/EgRWo0D5y0W/BCqvJv63w8uc8fHsz5Y2dBN5GEQHe6L4Me5NykI7msfk8mUWdNVE5j0AAOX43HvLsBePcmuzf9ZNmu97xuFx2jyXuNrACfm5FvbBb9zAxF6O9HrkoljvyLfK0riChaI/T0TejbyTChL84aIcwn65nBULccJnJREH/aExrRnLssVTbSKTE9HKJZyTaBOFAmRNMuLCiER8Ff9SPR3s9j8neIBJreA/TKtWHCBynBwYRGz+vPjh+JwTDqKpArZbmSn+lxP0AL5mbgqO7MBnsmqpSSSLJUUoI9YIAdH0sm5OQE66UtG9a0OgiptgTsSLHuKiwpvs2rVL80tCpJWA71+rtseIcm+j5LxV06EJm6P6OkxeBV+Hvf1qJ5h06Y7O1aOpy5W6IhwWG8hXSpL0BJlKv02mDcCwN+w0NV9Bxc7nXOI+ZSMJAyhfn0tTeMqx0MxLUJdKrbSjQVLCoXJnZEM+zhyWdpIX5xNy+wJ4bD6SyVhe/WPXs659kmELNOy1KYqLLKXjZwpoW7J6z05lOn5yVJbbOTibNChh6ePYeQ/Vg8UWRqfkFiX9p1JfQujVPM80/48wqOy3s9ds66IMdzpHIK+K0YzjhHTQoBzuVvsjIDBjoyK3MjMBmOBJ2BRFYh4fZX85IU+Lh4JumhUd+YDtjm9UZe8ID+2lZV2gnXgUE7XvwS6ICyl7oOQMLhcP9DVu0+OdDPQGKyHSEavtcz/xi2gpaT5G/MEk4wcOuHEBhT0jY9PULnYGtRQS+Cm/WeqbTDGMkOI+4jZoI4M0TDIMwnIl2bppPQ4RhnmwDRqFI1SFe5bNM9qmpnccVX+KoTR/bEZx2b32S3Ji9PiROsm0RIrBRge/aGuIGScDGzXXcpdXNkfBrcZrBJZbmMT3UY4BJY3AhvlUXbwcd3ZU5PCjTCrCciancaIv8Avek4IVHrKNL5eBxiSYwfsg7+AmUd3xfyu3Bhgt/CjV1omArCRH2sOMzH0eByUuAPVrXozjXOsgGcXaK2WDSNg/Qzgu6zgEHls6RJ5ncneny6O789BSBy3/l5mKsr4CRJDMNvUkLxP7NDMgWRDIkMrzv18kBY0LseFV9+5x8yZ5Cnv8uuopF6RQB17++JB92NwzaB1SmgySsCcBLbJco6aVhQnJndUFDZ6kj1Ma8+qNYr8ilokhvI5mkfHlci0jZP6jhh8Jqic9ccNWv5Zo8cGEXNpEgy9CPh0rx/bQyFzdK5rzu90w5lFTeeWe3Mv0xgVZe8/QJ9932G7nluwFSTjHqkvSi4JWhWxR0UunCiYoUVvGCw3ya0Gcns5vcfh74JfjIQcAkI5qPuZO/+xWTgvrMfFd8kmlq+KzzpTwbc3G3DHhqvhm0eTxxoadGNYjMZjzkxgNcYGrYVZpy5XteItXsBb5U9/rk6BqOR/+8Asu9hkmPrzGPaeGJCphPhz9PF7N6BaN1GvNmrgrvcEGcHMB2ZskxZ0jsmPY9V8NM+3xGWpsyPbw1XNcNeh7u/KCrXrxCWvmGNhhP6DasDPn7Y6PioGdKJTmePE0DRiDKL+RGZMinrMym70qSs16Ssz6SMMClhDnTPaJMywqS70cOIjJIHPjLJ86UmnURjkwKAoiUmYX5Epkwa9Zk0utKkUa9JVrRtApRdI8Ku0QW7RrRdI8Ku++z+7o6yywMf2eX5UrtOEtA1BfWW2zSWJ6UqkpbYjPkROYnlZHRPVpwHPoyl4yNi6UUnYTwDFC0NI+JHZCo9h33pObwyPYe96TkkEnBIJ9mwx+G0dg64xuE92nnRyK+Udo5MNOCMLAEPXNGAM7oETqKJBpzhDO9otgn0duGMSHNPTko7f6C97oEPS9vxEaXtRSeVewYoWlq5iB+RiW41Gfd0Kwtc0a0sH9mtOtFEM/IARaOaUcSPyIRJY/K/ch64wiTLR5rUiSZM8gBFo0yK+BE5KffxOCej5IEPy93xEeXuRSf99QxQtLS/In5ETkzKJj3HvwM+NMnxESZ50YHm0AT+tMaAV9GRKRXzPhXzK1XMe1XMSa+fAYqWeh3xI3Ji0kN2Sx/UDvjQJMdHmORFh5ojmtfOkdNT7eGerFwPfHyqdXzUqeZEp2PECaBoxBgR88fk/wNq+B7qnSoAAA==" />\n<input type="hidden" name="lang" value="eng" />\n<input type="hidden" name="suite" value="cobalt" />\n<input type="hidden" name="reservedids" value="inst,lang,suite" />\n<input type="hidden" name="submitmode" value="" />\n<input type="hidden" name="submitname" value="" />\n<input type="hidden" name="allCountInsertComponent_62" id="allCountInsertComponent_62" value="100" />\n<input type="hidden" name="allAvailCountInsertComponent_62" id="allAvailCountInsertComponent_62" value="100" />\n</div>\r\n\t\t\t\t\t\r\n\t\t\t\t\t\r\n\t\t\t\t\t</form> \r\n\t                    </div>\r\n\t                \r\n\t                \r\n                \r\n                \r\n            </div><!--end mark-->\r\n    \r\n\r\n                                    </div>\r\n                            \r\n                            \r\n                            <div id ="showMoreLessLinkContainer">&nbsp;</div>\r\n                            \r\n                            <img alt="Drop Up Shadow" src="resources/gold/images/dropShadowUpArrow.png" class="dropShadowUpArrow" id="dialogUpArrowImageAnyComponent_16"></img>\r\n                        </div>\r\n                    </div>\r\n                    \r\n               \r\n               \r\n    \t\r\n    \t<!-- Order info -->\r\n        \r\n   \r\n\r\n\r\n                    \r\n                    \n    \n     \n\r\n                    \r\n\t\r\n\t\t<span title="ctx_ver=Z39.88-2004&amp;rft_val_fmt=info%3Aofi%2Ffmt%3Akev%3Amtx%3Abook&amp;rfr_id=info%3Asid%2Fiii.com%3Aencore&amp;rft.btitle=Nintendo+Switch+%3A+NBA+2K19.&amp;rft.isbn=&amp;rft.date=&amp;rft_id=http%3A%2F%2Fencore.slcl.org%2Fiii%2Fencore%2Frecord%2FC__Rb2576989__SNintendo%2520Switch__P0%252C17__Orightresult__X3%3Bjsessionid%3D5F4C8E89B7C5F964F02DBB6C904346CF%3Flang%3Deng%26suite%3Dcobalt" class="Z3988" id="coinsAnyComponent_16"></span>\r\n\t\r\n\r\n                    <!-- ratingReviewsSummaryComponent -->\r\n                    \r\n                    <div class="addtlInfo">\r\n                       \r\n                       \r\n                       \r\n   \r\n\r\n                    </div>\r\n                </div>\r\n            </div>\r\n            <div class="bibLocations">\r\n                \r\n                \r\n            </div>\r\n        </div>\r\n    \r\n\r\n\t\r\n\r\n\t<!-- Browse Result Resource -->\r\n\t\r\n\r\n\t<!-- Browse Result External -->\r\n\t\r\n\r\n               \r\n           \r\n               \r\n\t<!-- Browse Result Program -->\r\n\t\r\n\r\n\t<!-- Browse Result Bib -->\r\n\t\r\n\t\t \r\n    \r\n        <div id="resultRecord-b2585259" class="gridBrowseContent2 searchResult">\r\n            <div class="gridBrowseCol1">\r\n                <div id="actionsUpdate-b2585259">\r\n                  \r\n    <span id="anyWrapperComponent_17">\r\n        \r\n    </span>\r\n\r\n                  <div class="citationButtons">\r\n                     \n    <div class="requestLink" id="Any_18">\n        \n\n        \n            <div class="Request" id="Any_1_17"> \n                        \t         \n            \t \n                \n                \n                \n                \t\n    \n    \n \n       \n        \n        \n            \n                <div class="requestButton">\n                   <a id="genericLink_17" class="button secondaryAction" href="https://encore.slcl.org/iii/encore/search;jsessionid=5F4C8E89B7C5F964F02DBB6C904346CF/Sdologin?lang=eng&amp;target=Nintendo%20Switch&amp;loginReason=doRequest&amp;actionRecordId=b2585259">\n                       <img alt="Direct Link" src="resources/gold/images/hold.png" id="genericLinkImage_17"></img>Request it\n                   </a>\n                </div>   \n            \n            \n        \n    \n\n                \n                \n                  <!--     popup -->\n                 \n        \t <!--    popup -->\n                \n            </div>\n        \n    </div>\n\r\n                  </div>\r\n                  \r\n<div class="addtlActions">\r\n\t\t<p>Additional actions:</p>\r\n    <ul class="inline-list initialActions">\r\n        \r\n        <li>\r\n    \r\n        <span id="bookCartOperationAnyComponentb2585259">\r\n            \r\n            \r\n\t\t\t\t\t<a id="addToBookCartLinkComponent_17" onMouseup="renewSession()" href="/iii/encore/SearchResultsPage,searchResultsComponent.resultComponent.searchBrowseResultBibComponent.recordActionsComponent.bookCartOperationComponent.addToBookCartLinkComponent.sdirect;jsessionid=5F4C8E89B7C5F964F02DBB6C904346CF?lang=eng&amp;sp=Sb2585259&amp;suite=cobalt" onclick="return tapestry.linkOnClick(this.href,\'addToBookCartLinkComponent_17\', false)">\r\n\t\t\t\t\t\t<img alt="Book Cart" width="22" title="Add to cart" src="resources/gold/images/bookcart.png" class="actionIcon" height="20" id="addToBookcartImageAnyComponent_17"></img>\r\n\t\t\t\t    </a>\r\n            \r\n        </span>\r\n    \r\n</li>\r\n        <li>\r\n    <a id="emailLinkComponent_17" onMouseup="renewSession()" class="toolbarItem popInDialogTrigger" href="/iii/encore/SearchResultsPage,searchResultsComponent.resultComponent.searchBrowseResultBibComponent.recordActionsComponent.emailComponent.emailLinkComponent.sdirect;jsessionid=5F4C8E89B7C5F964F02DBB6C904346CF?lang=eng&amp;sp=Sb2585259&amp;suite=cobalt" onclick="return tapestry.linkOnClick(this.href,\'emailLinkComponent_17\', false)">\r\n        <img alt="Email" width="19" title="Email" src="resources/gold/images/email.png" class="actionIcon" height="13" id="emailImageAnyComponent_17"></img>\r\n        \r\n    </a>\r\n    <!--confirmation dialog-->\r\n    \r\n    <div id="emailMessageContainer">\r\n        <div id="sentStatus">\r\n            <div id="emailStatusMessage">\r\n                \r\n            </div>\r\n        </div>\r\n    </div>\r\n</li>\r\n        \r\n             <li>\r\n\t\r\n</li>\r\n             <li>\r\n    \r\n</li>\r\n        \r\n        \r\n            <li><a href="javascript:void(0);" class="popUpTrigger moreActionsLink" onclick="toggleBibHoldingsPopup(this, false, \'moreActionsWrapper\',\'gridBrowseCol1\')">\r\n            <img width="13" alt="more actions" title="More actions" src="resources/gold/images/more.png" class="actionIcon" height="13" id="moreActionsImageAnyComponent_17"></img></a></li>\r\n        \r\n    </ul>\r\n   <div class="moreActionsWrapper popUpWrapper">\r\n       <a class="closeLink" onclick="toggleBibHoldingsPopup(this, true, \'moreActionsWrapper\',\'gridBrowseCol1\')" href="javascript:void(0);">\r\n           close\r\n       </a>\r\n       <h3 class="moreActionsHeader">more</h3>\r\n        <ul class="inline-list moreActions">\r\n            <li>\r\n    \r\n\t    \r\n\t    \r\n\t        <a id="loginLinkComponent_17" href="https://encore.slcl.org/iii/encore/search;jsessionid=5F4C8E89B7C5F964F02DBB6C904346CF/Sdologin?lang=eng&amp;target=Nintendo%20Switch&amp;loginReason=doTag&amp;actionRecordId=b2585259">\r\n\t           <img width="20" title="Add a Tag" src="resources/gold/images/tag.png" class="actionIcon" height="19" id="createCommunityTagsIconImageAny2Component_17"></img>\r\n\t        </a>\r\n\t    \r\n    \r\n</li>\r\n            \r\n            \r\n        </ul>\r\n       <img src="resources/gold/images/dropShadowArrow.png" class="dropShadowArrow" id="dialogArrowImageAnyComponent_17"></img>\r\n    </div>\r\n</div>\t \r\n\r\n                </div>\r\n            </div>\r\n            <div class="gridBrowseCol2">\r\n                \r\n                    <!--title-->\r\n                <div class="dpBibTitle">\r\n                    <!-- please read c1063106, c1063117, c1044421, c1060576a before changing title -->\r\n                    \r\n                        \r\n                            <span class="title">\r\n                                <a id="recordDisplayLink2Component_17" href="/iii/encore/record/C__Rb2585259__SNintendo%20Switch__P0%2C18__Orightresult__X3;jsessionid=5F4C8E89B7C5F964F02DBB6C904346CF?lang=eng&amp;suite=cobalt">\r\n                                    Nintendo Switch : Pok\xc3\xa9mon : Let\'s go Eevee!\r\n                                </a>\r\n                            </span>\r\n                        \r\n                        \r\n                        \r\n                            <span class="title">\r\n                                <span class="additionalFields customSecondaryText">\r\n                                    \r\n                                </span>\r\n                            </span>\r\n                        \r\n                    \r\n\r\n                    \r\n                    <div class="dpBibAuthor">\r\n                        \r\n                        \r\n                    </div>\r\n                    <!-- MARC 962 Media -->\r\n                    <div class="recordDetailValue">\r\n                        \r\n                        <span class="itemMediaDescription" id="mediaTypeInsertComponent_17">ELECTRONIC RES</span>\r\n                        \r\n                        \r\n                                <span class="pipeDivider">|</span>\r\n                                <span class="itemMediaYear" id="searchResultPubYearInsertComponent_17"></span>\r\n                            \r\n                        \r\n                              <span class="pipeDivider">|</span>\r\n                              <span class="itemEdition" id="searchResultEditionInsertComponent_17">Nintendo Switch ed.</span>\r\n                           \r\n                    </div>\r\n                    \r\n                    \r\n                        <!-- bibHoldingsComponentAvailableOnlyOrAllItems -->\r\n                        \r\n    <!--start item info-->\r\n    \r\n    \r\n        <!-- over threshold holdings info -->\r\n        \r\n\t\r\n\r\n    \t<!--ERM-->\r\n        \r\n    \r\n    <!-- Dialog content -->\r\n    \r\n\r\n        <!-- checkin info -->\r\n        \r\n\t\r\n\r\n        <!-- Volume info -->\r\n        \r\n        <!-- Item info -->\r\n        \r\n                \r\n                  <!--This ItemsContainer elem does not get rendered into a toggle on the record page - only the browse -->\r\n                  <div id="ItemsContainer-b2585259" class="ItemsContainer">\r\n                        \r\n                           \r\n    \r\n        <div class="availabilitySummaryArea">\r\n            \r\n                <div class="dpBibHoldingStatement">\r\n                    <span class="availabilityMessage">\r\n                        <span class="itemsNotAvailable">Not Available</span> at Weber Road (DUE 12-28-18 ~)\r\n                    </span>\r\n                    \r\n                        <span class="itemsContainerPopUpTrigger"></span>\r\n                    \r\n                </div>\r\n            \r\n        </div>\r\n    \r\n    \r\n    \r\n        <div class="holdsMessage">18 holds on first copy returned of 15 copies</div>\r\n    \r\n\r\n                        \r\n                        <div class="content bibHoldingsWrapper popUpWrapper">\r\n                            <a href="javascript:void(0);" onclick="toggleBibHoldingsPopup(this, true)" class="closeLink">close</a>\r\n                            <!-- available-->\r\n                              \r\n                             <!--all -->\r\n                              \r\n                                   <a href="javascript:void(0);" onclick="showHideItemsToggle(this)" class="showAllToggleLink availCheckboxLink"><img width="15" src="resources/gold/images/checkbox_checked.png" class="availCheckbox" height="13" id="checkboxCheckedImageComponent_17"></img>only show available</a>\r\n                                   <a href="javascript:void(0);" onclick="showHideItemsToggle(this)" class="showAvailableToggleLink availCheckboxLink"><img width="15" src="resources/gold/images/checkbox.png" class="availCheckbox" height="13" id="checkboxImageComponent_17"></img>only show available</a>\r\n                                   <a href="javascript:void(0);" onclick="showHideItemsToggle(this)" class="showAllMaxToggleLink availCheckboxLink"><img width="15" src="resources/gold/images/checkbox_checked.png" class="availCheckbox" height="13" id="checkboxCheckedImage2Component_17"></img>only show available</a>\r\n                                   <a href="javascript:void(0);" onclick="showHideItemsToggle(this)" class="showAvailableMaxToggleLink availCheckboxLink"><img width="15" src="resources/gold/images/checkbox.png" class="availCheckbox" height="13" id="checkboxImage2Component_17"></img>only show available</a>\r\n                                    \r\n                                    <div id="allItemsSection" class="allItemsSection">\r\n                                       \r\n    \r\n\r\n    \r\n            \r\n            \r\n                    <!--link moved into dpBibHoldingStatement via initBibHoldingsToggle JS -->\r\n                    <span class="itemsSectionHeader" id="availHeaderWrapperAny2Component_31"><a href="javascript:void(0);" onclick="toggleBibHoldingsPopup(this)">see all</a></span>\r\n            \r\n            <!--start mark -->\r\n             <h3 class="sectionHeader itemsHeader customHeader">Items</h3>\r\n            <div id="allitems-b2585259">\r\n                \r\n\t                \r\n\t                    <div class="itemTableWrapper popUpContentWrapper">\r\n\t                        \r\n    \r\n\t\t<table class="itemTable" cellspacing="3">\r\n        \t<tr>\r\n\t        \t\r\n\t        \t\t<th>\r\n\t        \t\t\tLocation\r\n\t        \t\t</th>\r\n\t        \t\r\n\t        \t\t<th>\r\n\t        \t\t\tCall No.\r\n\t        \t\t</th>\r\n\t        \t\r\n\t        \t\t<th>\r\n\t        \t\t\tStatus\r\n\t        \t\t</th>\r\n\t        \t\r\n        \t</tr>\r\n            \r\n            \t<tr>\r\n            \t\t\r\n                        \r\n            \t\t\r\n                        \r\n                            <td>\r\n                                \r\n                                    \r\n                                    \r\n                                        \r\n                                            \r\n \r\n\t \r\n\t    \t\r\n\t\t\r\n\t\t\r\n\t\t\tWeber Road\r\n\t\t\r\n    \r\n \r\n\r\n\r\n                                        \r\n                                        \r\n                                    \r\n            \t\t\t        \r\n\t            \t\t\t</td>\r\n            \t\t\t\r\n            \t\t\r\n                        \r\n                            <td>\r\n                                \r\n                                    \r\n                                    \r\n                                        \r\n                                        \r\n                                            \r\n                                                <a id="callNoBrowseDirectLinkComponent_63" href="/iii/encore/SearchResultsPage,searchResultsComponent.resultComponent.searchBrowseResultBibComponent.$BibHoldingsComponent.bibHoldingsAllItems.itemTableComponent.callNoBrowseDirectLinkComponent.sdirect;jsessionid=5F4C8E89B7C5F964F02DBB6C904346CF?lang=eng&amp;sp=Si20365207&amp;sp=Sb2585259&amp;suite=cobalt" onclick="return tapestry.linkOnClick(this.href,\'callNoBrowseDirectLinkComponent_63\', false)">\r\n                                                    VIDEO GAME\r\n                                                </a>\r\n                                            \r\n                                            \r\n                                        \r\n                                    \r\n            \t\t\t        \r\n                                    \r\n                                         \r\n                                    \r\n                                    \r\n            \t\t\t        \r\n                                    \r\n                                         \r\n                                    \r\n                                    \r\n            \t\t\t        \r\n\t            \t\t\t</td>\r\n            \t\t\t\r\n            \t\t\r\n                        \r\n                            <td>\r\n                                \r\n                                    \r\n                                        DUE 12-28-18 ~\r\n                                    \r\n                                    \r\n            \t\t\t        \r\n\t            \t\t\t</td>\r\n            \t\t\t\r\n            \t\t\r\n            \t</tr>\r\n            \r\n        </table>\r\n    \r\n\r\n\t                        \r\n\t\t\t\t\t\t\t\r\n\t\t\t\t\t\t\t\t<a id="showAllItemsLinkComponent_63" class="showAllItemsLink customToggle" href="/iii/encore/SearchResultsPage,searchResultsComponent.resultComponent.searchBrowseResultBibComponent.$BibHoldingsComponent.bibHoldingsAllItems.showAllItemsLinkComponent.sdirect;jsessionid=5F4C8E89B7C5F964F02DBB6C904346CF?lang=eng&amp;sp=Sb2585259&amp;sp=T&amp;sp=Sallitems-b2585259&amp;sp=F&amp;suite=cobalt" onclick="return tapestry.linkOnClick(this.href,\'showAllItemsLinkComponent_63\', false)">\r\n\t\t\t\t\t\t\t\tShow remaining items</a>\r\n\t\t\t\t\t\t\t\r\n\t\t\t\t\t\t\t\r\n  \xe2\x80\x8b\t\t\t\t\t\t\t\r\n  \r\n\t\t\t\t\t<form method="post" action="/iii/encore/SearchResultsPage,searchResultsComponent.resultComponent.searchBrowseResultBibComponent.$BibHoldingsComponent.bibHoldingsAllItems.countComponent.sdirect;jsessionid=5F4C8E89B7C5F964F02DBB6C904346CF" id="countComponent_63" style="display:none;">\n<div style="display:none;" id="countComponent_63hidden"><input type="hidden" name="formids" value="allCountInsertComponent_63,allAvailCountInsertComponent_63" />\n<input type="hidden" name="seedids" value="ZH4sIAAAAAAAAAI1Z3W7juhFeFO2b5KpIAUtxnPjS8WbPGkh2A9t72l4taIm2iZVFl5Sc5DxT36voRd+hQ4q0yeEo9k2izDcczj+HzL//9+kvf3z69OdPf/3PtebqIAp+Nbjes435VcjdXta8bux33TBRcwXfmmstZG2+9vBjI6vyBVb8XbH9nqtpsEpveVWFhJUs36O/meafheJFAwJnNajQnODses1AI1nPecUMQ7iylotCiX3zzBs252vF9TbeWb5OW93I3VfOSq5m6xAtQgTtapSUv6ZMNU+i/hVqM1tf5YObCJ7UkTmz9c/B1XBw/VhpfpXdjiPeZ3AbuCndb88aJeullJUOyaXQ+4q9v1j0+944QM/WeWQlO/DlVugFZ6rYImWMCxbA0IFGg9gJ3baTCrTRP/YlazghwMKzndF7TSj3xOpNC+CCVxBDCc40mUC53O1WFLKtmye5EfV5W0OOFrxml8VRAZ9bf17l+dDtAVyyBQfXa6F2D5UsIvbdu9PhM2+QvU6JziMTxVmswdZa5ZJq+fwUYo3c253iFUCd8xoWJVrUsvnH13kOX/9quYq9bsP1RapdSBW1bq5Gw+sKHG5+61Y03H507IJX5RNb8SoVtWiUgEWDa1YeWF3w8pQQJwfYJmAXpVypSJsQi3a3ElEi6z2U+6LdbLjG5XpglShtET8qJdUHkP4Sw6bzwJd2nkQNxKFTyN6NjB25lTv+kiSup5oSTRpGLAz1jAgU3OgZFGOOVelKgpdRyWbQepQyXGgrm8Q3H1jmxRm9LxCI4/bRtsM0wHOu2wqKoCZS02EhIJstVwvZqoLrZ1GLHYvykNdsVRlPBO4aXKtOTtcsohAx3e2x4E0cg27J1JRv2kbDZVR0u4Re8jckVJ/oiUyzznYd37zjlVI1vvNhumtiUTIPrbwXsY/k3PjgLI7LTPSMyy5ki60lGJfve3fu5ERSHPm6JhCnTv6RtJBtzQre/KZkuw+3OFFnJcqmg9AC2Zh5YmxR5pr8z9HV6NZ/35lv488l20wr2ZYoVcRm2yxEyW3v/cZ2HMfC2TWPGEM3hlkdZyGMI75BxpCGzK8e3/asLr1aUSFECPJHwzb6SbISmnXvqKDIunTUyL7s/lgtAelUBw9KvmreFcyLkhvFdlEk+ngfxArzUTxIkRrNA0ft5ryQqvzbKr8d3efjsTl/7CzoJpIQ6E73RdCDnJt0JJfV78kk6qyJyukONIDDV+Mx7/4avHuVjU0/WbSrHa/becdo8l4jK8DnMPKBMFj0MzMUob8fuCqVOPDP8rWuIKJojdCTN6FvRoOEPj9phDCfrCcGQ91wmMhFQfxpT2hEc+6yVNlIp8Rkv49mJdsE4kCZEE26sKAQHgR/1Y9pewfQj77fIRJoeg/QC9eGCR+kBAcTGj2rHxw/EoNh1FUgV8pyKR/ocT9AC+Zm4KjuzAY7JqqUkkiyVFKCPWCAHR9LJuTkBOulLRrWtDoIqbYE7Eix6iosKb71q1S/NLQqSVgO9fpNNrxDE32fpeIuHYhM3Z1Q0mLwKvy9a2vRvEMnTPZ2LR3O3A3RkOAw3kC61B9ASZSr9Npg3AsDfsNDVfQMXO51ziPmUjCQMoH59LU3jMstDMS1CXSq21I0FSwq5yZ2RDPs4cmnaSF+djcvsCeGw+kslYXv1j17OufZJhCzTspSmKiyyl42cKaFuyes9OYTp+dHktpmKxNnhQw9PDsOIfsxf6LI1PyCxL60q0robRqnmOef8OcFHB/v9dg56wM5niOVU8BvxXDGOWpSCHAuf5WVGTDQkVmZG4HJcCToBCSyCgm3v5qXpMDH+TNJD436ynTANqvX8gMP6C9tVaWdcBUYtOXFL4EOKHup6wAkHA7332XV7pID/QQkJtsRouE7PfWPYUtoOUn+xizhBAO3fgiBMSVt05MDdA62EhX0IrhZ75hKO4yR7DDiPmImiBNDNAzCfCLStWk6CR2OcbYJEI0qVYN0lcs23aOqdhZXfImvOnFkj3zWsflVdmPy8pg4wbrRMERipQDbsTfEDZSEi5ntukupmyPj0+Amh00qy2V8qsMAl8DiRnirLNoOPr4rc3pSoBFmPRFRu9MQ+QfoTccJiVpHkc5vxyGWxHjsln6Gso7vC3m0MMFvclBRw1QQJupjxWE+jgaXowK/s6pFd65bmKrh7BK1xaJp3LzeHRF0nwUMKp8lTRI09vT4dHd+ewpA5L7T8zBXF8BJkhiG36SE4n9m+2QKIhkSGV536uWBsKB3PSo+8Ip7yJxCnn6TXUUj9YoA6t7fEw+6G4dtAstjQJNXBOAktkuUddKwoDgzu6GgstWR6mNefVCtV+RT0Mg0iMrmaR8eVyLS9iap44TBa4rOXXPUrOSbPXJgFDWTIsnQj4RL8/61MRQ2S+e+7vROO5RV3HhmuTX/MoFVXfKGAu/I7vsM3fPUgKkmGZRs1l0U3BI0qwIadVDowomKFVawV7+q8tsYxNuMZHbz+4993wQP5yNcAoL5qDvZu38xGbjv7EfFdxdNLd8VnvTvrrm524Y9NF4N2zweOdDSohvFpjIec2IArzE0bCvMODO9qhFr9wLeKnv8c3UIRiP/3wFk33iUY+vMY9rtyIRMJ8KfJ/PpvQPRurV4s1cFd7khzg5gOjBlmbKkd9z1PFbBT/t8R1iaMj++NVzVDHsd7v6iqFy/Qlj6hjUcjOg3rA44/7DR8VEzpBOdzh5HgKIRZRbzIzJlUtZnUnahSVmvSVmfSRlhUsIc6J7RJmWESXfD8ZCMkgfOmeT5UpOOorFJAUDREpMwPyJTJg37TBpeaNKw1yQr2jYByq4hYdfwA7uGtF1Dwq777P7ujrLLA+fs8nypXUcJ6JqCesswjeVRqYqkJTZjfkROYjka3pMV54GzsXR8RCy96CSMJ4CipWFE/IhMpeegLz0HF6bnoDc9B0QCDugkG/Q4nNbOAZc4vEc7Lxr5ldLOkYkGnJEl4IELGnBGl8BRNNGAM5zhHc02gd4unBFp7slJaedj2useOFvajo8obS86qdwTQNHSykX8iEx0q9FtT7eywAXdyvKR3aoTTTQjD1A0qhlF/IhMmHRL/lfOAxeYZPlIkzrRhEkeoGiUSRE/Iiflfnubk1HywNlyd3xEuXvRSX89ARQt7a+IH5ETk7JRz/HvgLMmOT7CJC860ByawJ/+iwGvoiNTKuZ9KuYXqpj3qpiTXj8BFC31OuJH5MSkcXZDH9QOOGuS4yNM8qJDzRHNa+fI6ak2vicr1wPnT7WOjzrVnOh0jDgCFI0YI2J+RE6aEWQ/3YwccLYZOT6iGXnRYc/paP8HZNfOASQrAAA=" />\n<input type="hidden" name="lang" value="eng" />\n<input type="hidden" name="suite" value="cobalt" />\n<input type="hidden" name="reservedids" value="inst,lang,suite" />\n<input type="hidden" name="submitmode" value="" />\n<input type="hidden" name="submitname" value="" />\n<input type="hidden" name="allCountInsertComponent_63" id="allCountInsertComponent_63" value="100" />\n<input type="hidden" name="allAvailCountInsertComponent_63" id="allAvailCountInsertComponent_63" value="100" />\n</div>\r\n\t\t\t\t\t\r\n\t\t\t\t\t\r\n\t\t\t\t\t</form> \r\n\t                    </div>\r\n\t                \r\n\t                \r\n                \r\n                \r\n            </div><!--end mark-->\r\n    \r\n\r\n                                    </div>\r\n                            \r\n                            \r\n                            \r\n                                    <div id="allMaxItemsSection" class="allMaxItemsSection">\r\n                                        \r\n    \r\n\r\n    \r\n            \r\n                 \r\n                \r\n                    <!--link moved into dpBibHoldingStatement via initBibHoldingsToggle JS -->\r\n                    <span class="itemsSectionHeader" id="availHeaderWrapperAnyComponent_31">\r\n                           <a id="showMaxItemsLink2Component_31" class="maxItemsLink" href="/iii/encore/SearchResultsPage,searchResultsComponent.resultComponent.searchBrowseResultBibComponent.$BibHoldingsComponent.bibHoldingsAllMaxItems.showMaxItemsLink2Component.sdirect;jsessionid=5F4C8E89B7C5F964F02DBB6C904346CF?lang=eng&amp;sp=Sb2585259&amp;sp=F&amp;sp=Sallitemsmax-b2585259&amp;sp=F&amp;suite=cobalt" onclick="return tapestry.linkOnClick(this.href,\'showMaxItemsLink2Component_31\', false)">\r\n                               <a href="javascript:void(0);" onclick="toggleBibHoldingsPopup(this)">see all</a>\r\n                           </a>\r\n                    </span>\r\n                \r\n            \r\n            \r\n            <!--start mark -->\r\n             <h3 class="sectionHeader itemsHeader customHeader">Items</h3>\r\n            <div id="allitemsmax-b2585259">\r\n                \r\n\t                \r\n\t                    <div class="itemTableWrapper popUpContentWrapper">\r\n\t                        \r\n    \r\n\t\t<table class="itemTable" cellspacing="3">\r\n        \t<tr>\r\n\t        \t\r\n\t        \t\t<th>\r\n\t        \t\t\tLocation\r\n\t        \t\t</th>\r\n\t        \t\r\n\t        \t\t<th>\r\n\t        \t\t\tCall No.\r\n\t        \t\t</th>\r\n\t        \t\r\n\t        \t\t<th>\r\n\t        \t\t\tStatus\r\n\t        \t\t</th>\r\n\t        \t\r\n        \t</tr>\r\n            \r\n            \t<tr>\r\n            \t\t\r\n                        \r\n            \t\t\r\n                        \r\n                            <td>\r\n                                \r\n                                    \r\n                                    \r\n                                        \r\n                                            \r\n \r\n\t \r\n\t    \t\r\n\t\t\r\n\t\t\r\n\t\t\tWeber Road\r\n\t\t\r\n    \r\n \r\n\r\n\r\n                                        \r\n                                        \r\n                                    \r\n            \t\t\t        \r\n\t            \t\t\t</td>\r\n            \t\t\t\r\n            \t\t\r\n                        \r\n                            <td>\r\n                                \r\n                                    \r\n                                    \r\n                                        \r\n                                        \r\n                                            \r\n                                                <a id="callNoBrowseDirectLinkComponent_64" href="/iii/encore/SearchResultsPage,searchResultsComponent.resultComponent.searchBrowseResultBibComponent.$BibHoldingsComponent.bibHoldingsAllMaxItems.itemTableComponent.callNoBrowseDirectLinkComponent.sdirect;jsessionid=5F4C8E89B7C5F964F02DBB6C904346CF?lang=eng&amp;sp=Si20365207&amp;sp=Sb2585259&amp;suite=cobalt" onclick="return tapestry.linkOnClick(this.href,\'callNoBrowseDirectLinkComponent_64\', false)">\r\n                                                    VIDEO GAME\r\n                                                </a>\r\n                                            \r\n                                            \r\n                                        \r\n                                    \r\n            \t\t\t        \r\n                                    \r\n                                         \r\n                                    \r\n                                    \r\n            \t\t\t        \r\n                                    \r\n                                         \r\n                                    \r\n                                    \r\n            \t\t\t        \r\n\t            \t\t\t</td>\r\n            \t\t\t\r\n            \t\t\r\n                        \r\n                            <td>\r\n                                \r\n                                    \r\n                                        DUE 12-28-18 ~\r\n                                    \r\n                                    \r\n            \t\t\t        \r\n\t            \t\t\t</td>\r\n            \t\t\t\r\n            \t\t\r\n            \t</tr>\r\n            \r\n        </table>\r\n    \r\n\r\n\t                        \r\n\t\t\t\t\t\t\t\r\n\t\t\t\t\t\t\t\t<a id="showAllItemsLinkComponent_64" class="showAllItemsLink customToggle" href="/iii/encore/SearchResultsPage,searchResultsComponent.resultComponent.searchBrowseResultBibComponent.$BibHoldingsComponent.bibHoldingsAllMaxItems.showAllItemsLinkComponent.sdirect;jsessionid=5F4C8E89B7C5F964F02DBB6C904346CF?lang=eng&amp;sp=Sb2585259&amp;sp=T&amp;sp=Sallitemsmax-b2585259&amp;sp=F&amp;suite=cobalt" onclick="return tapestry.linkOnClick(this.href,\'showAllItemsLinkComponent_64\', false)">\r\n\t\t\t\t\t\t\t\tShow remaining items</a>\r\n\t\t\t\t\t\t\t\r\n\t\t\t\t\t\t\t\r\n  \xe2\x80\x8b\t\t\t\t\t\t\t\r\n  \r\n\t\t\t\t\t<form method="post" action="/iii/encore/SearchResultsPage,searchResultsComponent.resultComponent.searchBrowseResultBibComponent.$BibHoldingsComponent.bibHoldingsAllMaxItems.countComponent.sdirect;jsessionid=5F4C8E89B7C5F964F02DBB6C904346CF" id="countComponent_64" style="display:none;">\n<div style="display:none;" id="countComponent_64hidden"><input type="hidden" name="formids" value="allCountInsertComponent_64,allAvailCountInsertComponent_64" />\n<input type="hidden" name="seedids" value="ZH4sIAAAAAAAAAI1Z3W7juhFeoO2b5KpIAUuxneTS682eNZCcDWzvaXu1oCXaJlYWXVJykj5TX62vUHRIkTY5HNm+SZT5hsP555D5z38//eXfnz79+dNf/3eruTqIgt8MbvdsY34VcreXNa8b+103TNRcwbfmWgtZm689/NjIqnyFFX9XbL/nahqs0lteVSFhJcuP6G+m+ReheNGAwFkNKjQnOLtdM9BI1nNeMcMQrqzlolBi37zwhs35WnG9jXeWb9NWN3L3jbOSq9k6RIsQQbsaJeWvKVPNs6h/hdrM1jf5YBTBkzoyZ7b+ObgZDm6fKs1vsnEW8b6A28BN6X571ihZL6WsdEguhd5X7OPVot/3xgF6ts4jK9mBL7dCLzhTxRYpY1ywAIYONBrETui2nVSgjf6xL1nDCQEWnu2M3mtCuWdWb1oAF7yCGEpwpskEyuVut6KQbd08y42oL9sacrTgNbssjgr43PrzJs9Hbg/gki04uF4LtftcySJi3304Hb7wBtnrlOg8MlGcxRpsrVUuqZYvzyHWyL3dKV4B1DmvYVGiRS2bf3yb5/D1r5ar2Os2XF+l2oVUUevmZjy6rcDh5rduRcPtR8cueFU+sxWvUlGLRglYNLhl5YHVBS9PCXFygG0CdlHKlYq0CbFodysRJbLeQ7kv2s2Ga1yuB1aJ0hbxk1JSnYH01xg2nQe+tPMkaiAOnUL2bmTsyK3c8dckcT3VlGjSMGJhqGdEoOBGz6AYc6xKVxK8jEo2g9ajlOFCW9kkvjtjmRdn9L5CII7buW2HaYDnXLcVFEFNpKbDQkA2W64WslUF1y+iFjsW5SGv2aoyngjcNbhVnZyuWUQhYrrbY8GbOAbdkqkp37SNhsuo6HYJveTvSKg+0ROZZp3tOr55xyulanznw3TXxKJkHlp5r2IfybnzwVkcl5noGZddyRZbSzAuP/bu3MmJpDjydU0gTp38nLSQbc0K3vymZLsPtzhRZyXKpoPQAtmYeWJsUeaa/M/xzXjsv+/Nt/Hnkm2mlWxLlCpis20WouS29/7OdhzHwtk1jxhDN4ZZHWchjCO+QcaQhsyvnt73rC69WlEhRAjyR8M2+lmyEpp176igyLp01Mi+7OFYLQHpVAeflXzTvCuYVyU3iu2iSPTxfhYrzEfxIEVqNA8ctZvzQqryb6t8NH7IHx/N+WNnQTeRhEB3ui+CHuTcpCO5rP5IJlFnTVRO96ABHL4aj3kPt+Ddm+zR9JNFu9rxup13jCbvNbICfA4jHwiDRT8zQxH6+4GrUokD/yLf6goiitYIPXkX+m48SOjzk0YI88l6YjDUDYeJXBTEn/aERjTnLkuVjXRKTPb7aFayTSAOlAnRpAsLCuFB8Df9lLZ3AP3o+x0igab3AL1ybZjwQUpwMKHRs/qz40diMIy6CuRKWS7lZ3rcD9CCuRk4qjuzwY6JKqUkkiyVlGAPGGDHx5IJOTnBemmLhjWtDkKqLQE7Uqy6CkuKb/0m1S8NrUoSlkO9/i4b3qGJvi9ScZcORKbuTihpMXgV/t61tWg+oBMme7uWDmfuhmhIcBhvIF3qM1AS5Sq9Nhj3woDf8FAVPQOXe53ziLkUDKRMYD596w3jcgsDcW0Cneq2FE0Fi8q5iR3RDHt48mlaiF/czQvsieFwOktl4bt1z57OebYJxKyTshQmqqyylw2caeHuCSu9+cTpeU5S22xl4qyQoYdnxyFkP+bPFJmaX5DY13ZVCb1N4xTz/BP+vILj/F5PnbPOyPEcqZwCfiuGM85Rk0KAc/mbrMyAgY7MytwITIYjQScgkVVIuP3VvCQFPs1fSHpo1DemA7ZZvZZnPKC/tlWVdsJVYNCWF78EOqDspa4DkHA43P+QVbtLDvQTkJhsR4iG7/TUP4YtoeUk+RuzhBMM3PohBMaUtE1PDtA52EpU0IvgZr1jKu0wRrLDiPuImSBODNEwCPOJSNem6SR0OMbZJkA0qlQN0lUu23SPqtpZXPElvurEkT3yWcfmN9mdyctj4gTrxqMQiZUCbMfeETdQEi5mtusupW6OjE+Duxw2qSyX8akOA1wCixvhrbJoO/j4rszpSYFGmPVERO1OQ+QfoDcdJyRqHUU6H9+FWBLjx/sO/gJlHd8X7rJwYYLf5Y8QM5gKwkR9qjjMx9HgclTgD1a16M41yu9v4ewStcWiaRyknxB0nwUMKp8lTRI09vT4dHd+ew5A5L7T8zBXV8BJkhiG36SE4n9h+2QKIhkSGV536uWBsKB3PSo+8Ip7yJxCnv4uu4pG6hUB1L2/Jx50Nw7bBJbHgCavCMBJbJco66RhQXFmdkNBZasj1ce8+qBar8inoPHQQDZP+/C4EpG2w6SOEwavKTp3zVGzku/2yIFR1EyKJEM/Ei7N+9fGUNgsnfu60zvtUFZx45nl1vzLBFZ1ydsv0HffF+iepwZMNcmoR9qLgluCZlXcQaELJypWWMEzBvttQpuRzG5+/7Hvm+DhfIRLQDAfdSd79y8mA/ed/aj47qOp5bvCk/79LTd327CHxqthm6cjB1padKPYVMZjTgzgNYaGbYUZZ6ZXNWLtXsBbZY9/rg7BaOT/O4Dsexzn2DrzmDYam5DpRPjLZD59cCBatxbv9qrgLjfE2QFMB6YsU5b0jvuexyr4aZ/vCEtT5qf3hquaYa/D3V8UletXCEvfsIaDMf2G1QGXHzY6PmqGdKLT2eMIUDSizGJ+RKZMyvpMyq40Kes1KeszKSNMSpgD3TPapIww6X74OCSj5IFLJnm+1KSjaGxSAFC0xCTMj8iUScM+k4ZXmjTsNcmKtk2AsmtI2DU8Y9eQtmtI2PWQPdzfU3Z54JJdni+16ygBXVNQbxmmsTwqVZG0xGbMj8hJLMfDB7LiPHAxlo6PiKUXnYTxBFC0NIyIH5Gp9Bz0pefgyvQc9KbngEjAAZ1kgx6H09o54BqH92jnRSO/Uto5MtGAM7IEPHBFA87oEjiKJhpwhjO8o9km0NuFMyLNPTkp7fyR9roHLpa24yNK24tOKvcEULS0chE/IhPdajzq6VYWuKJbWT6yW3WiiWbkAYpGNaOIH5EJk0bkf+U8cIVJlo80qRNNmOQBikaZFPEjclLuo1FORskDF8vd8RHl7kUn/fUEULS0vyJ+RE5MysY9x78DLprk+AiTvOhAc2gCf/qEAa+iI1Mq5n0q5leqmPeqmJNePwEULfU64kfkxKTH7I4+qB1w0STHR5jkRYeaI5rXzpHTU+3xgaxcD1w+1To+6lRzotMx4ghQNGKMiPkROWlGkP10M3LAxWbk+Ihm5EWHPQfRfF/pyP8HrVz/3DsrAAA=" />\n<input type="hidden" name="lang" value="eng" />\n<input type="hidden" name="suite" value="cobalt" />\n<input type="hidden" name="reservedids" value="inst,lang,suite" />\n<input type="hidden" name="submitmode" value="" />\n<input type="hidden" name="submitname" value="" />\n<input type="hidden" name="allCountInsertComponent_64" id="allCountInsertComponent_64" value="100" />\n<input type="hidden" name="allAvailCountInsertComponent_64" id="allAvailCountInsertComponent_64" value="100" />\n</div>\r\n\t\t\t\t\t\r\n\t\t\t\t\t\r\n\t\t\t\t\t</form> \r\n\t                    </div>\r\n\t                \r\n\t                \r\n                \r\n                \r\n            </div><!--end mark-->\r\n    \r\n\r\n                                    </div>\r\n                            \r\n                            \r\n                            <div id ="showMoreLessLinkContainer">&nbsp;</div>\r\n                            \r\n                            <img alt="Drop Up Shadow" src="resources/gold/images/dropShadowUpArrow.png" class="dropShadowUpArrow" id="dialogUpArrowImageAnyComponent_17"></img>\r\n                        </div>\r\n                    </div>\r\n                    \r\n               \r\n               \r\n    \t\r\n    \t<!-- Order info -->\r\n        \r\n   \r\n\r\n\r\n                    \r\n                    \n    \n     \n\r\n                    \r\n\t\r\n\t\t<span title="ctx_ver=Z39.88-2004&amp;rft_val_fmt=info%3Aofi%2Ffmt%3Akev%3Amtx%3Abook&amp;rfr_id=info%3Asid%2Fiii.com%3Aencore&amp;rft.btitle=Nintendo+Switch+%3A+Pok%C3%A9mon+%3A+Let%27s+go+Eevee%21&amp;rft.isbn=&amp;rft.date=&amp;rft_id=http%3A%2F%2Fencore.slcl.org%2Fiii%2Fencore%2Frecord%2FC__Rb2585259__SNintendo%2520Switch__P0%252C18__Orightresult__X3%3Bjsessionid%3D5F4C8E89B7C5F964F02DBB6C904346CF%3Flang%3Deng%26suite%3Dcobalt" class="Z3988" id="coinsAnyComponent_17"></span>\r\n\t\r\n\r\n                    <!-- ratingReviewsSummaryComponent -->\r\n                    \r\n                    <div class="addtlInfo">\r\n                       \r\n                       \r\n                       \r\n   \r\n\r\n                    </div>\r\n                </div>\r\n            </div>\r\n            <div class="bibLocations">\r\n                \r\n                \r\n            </div>\r\n        </div>\r\n    \r\n\r\n\t\r\n\r\n\t<!-- Browse Result Resource -->\r\n\t\r\n\r\n\t<!-- Browse Result External -->\r\n\t\r\n\r\n               \r\n           \r\n               \r\n\t<!-- Browse Result Program -->\r\n\t\r\n\r\n\t<!-- Browse Result Bib -->\r\n\t\r\n\t\t \r\n    \r\n        <div id="resultRecord-b2568402" class="gridBrowseContent2 searchResult">\r\n            <div class="gridBrowseCol1">\r\n                <div id="actionsUpdate-b2568402">\r\n                  \r\n    <span id="anyWrapperComponent_18">\r\n        \r\n    </span>\r\n\r\n                  <div class="citationButtons">\r\n                     \n    <div class="requestLink" id="Any_19">\n        \n\n        \n            <div class="Request" id="Any_1_18"> \n                        \t         \n            \t \n                \n                \n                \n                \t\n    \n    \n \n       \n        \n        \n            \n                <div class="requestButton">\n                   <a id="genericLink_18" class="button secondaryAction" href="https://encore.slcl.org/iii/encore/search;jsessionid=5F4C8E89B7C5F964F02DBB6C904346CF/Sdologin?lang=eng&amp;target=Nintendo%20Switch&amp;loginReason=doRequest&amp;actionRecordId=b2568402">\n                       <img alt="Direct Link" src="resources/gold/images/hold.png" id="genericLinkImage_18"></img>Request it\n                   </a>\n                </div>   \n            \n            \n        \n    \n\n                \n                \n                  <!--     popup -->\n                 \n        \t <!--    popup -->\n                \n            </div>\n        \n    </div>\n\r\n                  </div>\r\n                  \r\n<div class="addtlActions">\r\n\t\t<p>Additional actions:</p>\r\n    <ul class="inline-list initialActions">\r\n        \r\n        <li>\r\n    \r\n        <span id="bookCartOperationAnyComponentb2568402">\r\n            \r\n            \r\n\t\t\t\t\t<a id="addToBookCartLinkComponent_18" onMouseup="renewSession()" href="/iii/encore/SearchResultsPage,searchResultsComponent.resultComponent.searchBrowseResultBibComponent.recordActionsComponent.bookCartOperationComponent.addToBookCartLinkComponent.sdirect;jsessionid=5F4C8E89B7C5F964F02DBB6C904346CF?lang=eng&amp;sp=Sb2568402&amp;suite=cobalt" onclick="return tapestry.linkOnClick(this.href,\'addToBookCartLinkComponent_18\', false)">\r\n\t\t\t\t\t\t<img alt="Book Cart" width="22" title="Add to cart" src="resources/gold/images/bookcart.png" class="actionIcon" height="20" id="addToBookcartImageAnyComponent_18"></img>\r\n\t\t\t\t    </a>\r\n            \r\n        </span>\r\n    \r\n</li>\r\n        <li>\r\n    <a id="emailLinkComponent_18" onMouseup="renewSession()" class="toolbarItem popInDialogTrigger" href="/iii/encore/SearchResultsPage,searchResultsComponent.resultComponent.searchBrowseResultBibComponent.recordActionsComponent.emailComponent.emailLinkComponent.sdirect;jsessionid=5F4C8E89B7C5F964F02DBB6C904346CF?lang=eng&amp;sp=Sb2568402&amp;suite=cobalt" onclick="return tapestry.linkOnClick(this.href,\'emailLinkComponent_18\', false)">\r\n        <img alt="Email" width="19" title="Email" src="resources/gold/images/email.png" class="actionIcon" height="13" id="emailImageAnyComponent_18"></img>\r\n        \r\n    </a>\r\n    <!--confirmation dialog-->\r\n    \r\n    <div id="emailMessageContainer">\r\n        <div id="sentStatus">\r\n            <div id="emailStatusMessage">\r\n                \r\n            </div>\r\n        </div>\r\n    </div>\r\n</li>\r\n        \r\n             <li>\r\n\t\r\n</li>\r\n             <li>\r\n    \r\n</li>\r\n        \r\n        \r\n            <li><a href="javascript:void(0);" class="popUpTrigger moreActionsLink" onclick="toggleBibHoldingsPopup(this, false, \'moreActionsWrapper\',\'gridBrowseCol1\')">\r\n            <img width="13" alt="more actions" title="More actions" src="resources/gold/images/more.png" class="actionIcon" height="13" id="moreActionsImageAnyComponent_18"></img></a></li>\r\n        \r\n    </ul>\r\n   <div class="moreActionsWrapper popUpWrapper">\r\n       <a class="closeLink" onclick="toggleBibHoldingsPopup(this, true, \'moreActionsWrapper\',\'gridBrowseCol1\')" href="javascript:void(0);">\r\n           close\r\n       </a>\r\n       <h3 class="moreActionsHeader">more</h3>\r\n        <ul class="inline-list moreActions">\r\n            <li>\r\n    \r\n\t    \r\n\t    \r\n\t        <a id="loginLinkComponent_18" href="https://encore.slcl.org/iii/encore/search;jsessionid=5F4C8E89B7C5F964F02DBB6C904346CF/Sdologin?lang=eng&amp;target=Nintendo%20Switch&amp;loginReason=doTag&amp;actionRecordId=b2568402">\r\n\t           <img width="20" title="Add a Tag" src="resources/gold/images/tag.png" class="actionIcon" height="19" id="createCommunityTagsIconImageAny2Component_18"></img>\r\n\t        </a>\r\n\t    \r\n    \r\n</li>\r\n            \r\n            \r\n        </ul>\r\n       <img src="resources/gold/images/dropShadowArrow.png" class="dropShadowArrow" id="dialogArrowImageAnyComponent_18"></img>\r\n    </div>\r\n</div>\t \r\n\r\n                </div>\r\n            </div>\r\n            <div class="gridBrowseCol2">\r\n                \r\n                    <!--title-->\r\n                <div class="dpBibTitle">\r\n                    <!-- please read c1063106, c1063117, c1044421, c1060576a before changing title -->\r\n                    \r\n                        \r\n                            <span class="title">\r\n                                <a id="recordDisplayLink2Component_18" href="/iii/encore/record/C__Rb2568402__SNintendo%20Switch__P0%2C19__Orightresult__X3;jsessionid=5F4C8E89B7C5F964F02DBB6C904346CF?lang=eng&amp;suite=cobalt">\r\n                                    Nintendo Switch : Overcooked!\r\n                                </a>\r\n                            </span>\r\n                        \r\n                        \r\n                        \r\n                            <span class="title">\r\n                                <span class="additionalFields customSecondaryText">\r\n                                    \r\n                                </span>\r\n                            </span>\r\n                        \r\n                    \r\n\r\n                    \r\n                    <div class="dpBibAuthor">\r\n                        \r\n                        \r\n                    </div>\r\n                    <!-- MARC 962 Media -->\r\n                    <div class="recordDetailValue">\r\n                        \r\n                        <span class="itemMediaDescription" id="mediaTypeInsertComponent_18">ELECTRONIC RES</span>\r\n                        \r\n                        \r\n                                <span class="pipeDivider">|</span>\r\n                                <span class="itemMediaYear" id="searchResultPubYearInsertComponent_18"></span>\r\n                            \r\n                        \r\n                              <span class="pipeDivider">|</span>\r\n                              <span class="itemEdition" id="searchResultEditionInsertComponent_18">Nintendo Switch ed.</span>\r\n                           \r\n                    </div>\r\n                    \r\n                    \r\n                        <!-- bibHoldingsComponentAvailableOnlyOrAllItems -->\r\n                        \r\n    <!--start item info-->\r\n    \r\n    \r\n        <!-- over threshold holdings info -->\r\n        \r\n\t\r\n\r\n    \t<!--ERM-->\r\n        \r\n    \r\n    <!-- Dialog content -->\r\n    \r\n\r\n        <!-- checkin info -->\r\n        \r\n\t\r\n\r\n        <!-- Volume info -->\r\n        \r\n        <!-- Item info -->\r\n        \r\n                \r\n                  <!--This ItemsContainer elem does not get rendered into a toggle on the record page - only the browse -->\r\n                  <div id="ItemsContainer-b2568402" class="ItemsContainer">\r\n                        \r\n                           \r\n    \r\n        <div class="availabilitySummaryArea">\r\n            \r\n                <div class="dpBibHoldingStatement">\r\n                    <span class="availabilityMessage">\r\n                        <span class="itemsAvailable">Available</span> at Florissant Valley (<span class="availCallNumber">VIDEO GAME</span>) plus 1 more\r\n                    </span>\r\n                    \r\n                        <span class="itemsContainerPopUpTrigger"></span>\r\n                    \r\n                </div>\r\n            \r\n        </div>\r\n    \r\n    \r\n    \r\n        <div class="holdsMessage">1 hold on first copy returned of 15 copies</div>\r\n    \r\n\r\n                        \r\n                        <div class="content bibHoldingsWrapper popUpWrapper">\r\n                            <a href="javascript:void(0);" onclick="toggleBibHoldingsPopup(this, true)" class="closeLink">close</a>\r\n                            <!-- available-->\r\n                              \r\n                                  <div id="availableItemsSection" class="availableItemsSection">\r\n                                      \r\n    \r\n\r\n    \r\n            \r\n            \r\n                    <!--link moved into dpBibHoldingStatement via initBibHoldingsToggle JS -->\r\n                    <span class="itemsAvailHeader itemsSectionHeader" id="availHeaderWrapperAny2Component_32"><a href="javascript:void(0);" onclick="toggleBibHoldingsPopup(this)">see all</a></span>\r\n            \r\n            <!--start mark -->\r\n             <h3 class="sectionHeader itemsHeader customHeader">Items</h3>\r\n            <div id="allavailitems-b2568402">\r\n                \r\n\t                \r\n\t                    <div class="itemTableWrapper popUpContentWrapper">\r\n\t                        \r\n    \r\n\t\t<table class="itemTable" cellspacing="3">\r\n        \t<tr>\r\n\t        \t\r\n\t        \t\t<th>\r\n\t        \t\t\tLocation\r\n\t        \t\t</th>\r\n\t        \t\r\n\t        \t\t<th>\r\n\t        \t\t\tCall No.\r\n\t        \t\t</th>\r\n\t        \t\r\n\t        \t\t<th>\r\n\t        \t\t\tStatus\r\n\t        \t\t</th>\r\n\t        \t\r\n        \t</tr>\r\n            \r\n            \t<tr>\r\n            \t\t\r\n                        \r\n            \t\t\r\n                        \r\n                            <td>\r\n                                \r\n                                    \r\n                                    \r\n                                        \r\n                                            \r\n \r\n\t \r\n\t    \t\r\n\t\t\r\n\t\t\r\n\t\t\tFlorissant Valley\r\n\t\t\r\n    \r\n \r\n\r\n\r\n                                        \r\n                                        \r\n                                    \r\n            \t\t\t        \r\n\t            \t\t\t</td>\r\n            \t\t\t\r\n            \t\t\r\n                        \r\n                            <td>\r\n                                \r\n                                    \r\n                                    \r\n                                        \r\n                                        \r\n                                            \r\n                                                <a id="callNoBrowseDirectLinkComponent_65" href="/iii/encore/SearchResultsPage,searchResultsComponent.resultComponent.searchBrowseResultBibComponent.$BibHoldingsComponent.bibHoldingsAvailableItems2.itemTableComponent.callNoBrowseDirectLinkComponent.sdirect;jsessionid=5F4C8E89B7C5F964F02DBB6C904346CF?lang=eng&amp;sp=Si20198043&amp;sp=Sb2568402&amp;suite=cobalt" onclick="return tapestry.linkOnClick(this.href,\'callNoBrowseDirectLinkComponent_65\', false)">\r\n                                                    VIDEO GAME\r\n                                                </a>\r\n                                            \r\n                                            \r\n                                        \r\n                                    \r\n            \t\t\t        \r\n                                    \r\n                                         \r\n                                    \r\n                                    \r\n            \t\t\t        \r\n                                    \r\n                                         \r\n                                    \r\n                                    \r\n            \t\t\t        \r\n\t            \t\t\t</td>\r\n            \t\t\t\r\n            \t\t\r\n                        \r\n                            <td>\r\n                                \r\n                                    \r\n                                        IN LIBRARY\r\n                                    \r\n                                    \r\n            \t\t\t        \r\n\t            \t\t\t</td>\r\n            \t\t\t\r\n            \t\t\r\n            \t</tr>\r\n            \r\n        </table>\r\n    \r\n\r\n\t                        \r\n\t\t\t\t\t\t\t\r\n\t\t\t\t\t\t\t\t<a id="showAllItemsLinkComponent_65" class="showAllItemsLink customToggle" href="/iii/encore/SearchResultsPage,searchResultsComponent.resultComponent.searchBrowseResultBibComponent.$BibHoldingsComponent.bibHoldingsAvailableItems2.showAllItemsLinkComponent.sdirect;jsessionid=5F4C8E89B7C5F964F02DBB6C904346CF?lang=eng&amp;sp=Sb2568402&amp;sp=T&amp;sp=Sallavailitems-b2568402&amp;sp=F&amp;suite=cobalt" onclick="return tapestry.linkOnClick(this.href,\'showAllItemsLinkComponent_65\', false)">\r\n\t\t\t\t\t\t\t\tShow remaining items</a>\r\n\t\t\t\t\t\t\t\r\n\t\t\t\t\t\t\t\r\n  \xe2\x80\x8b\t\t\t\t\t\t\t\r\n  \r\n\t\t\t\t\t<form method="post" action="/iii/encore/SearchResultsPage,searchResultsComponent.resultComponent.searchBrowseResultBibComponent.$BibHoldingsComponent.bibHoldingsAvailableItems2.countComponent.sdirect;jsessionid=5F4C8E89B7C5F964F02DBB6C904346CF" id="countComponent_65" style="display:none;">\n<div style="display:none;" id="countComponent_65hidden"><input type="hidden" name="formids" value="allCountInsertComponent_65,allAvailCountInsertComponent_65" />\n<input type="hidden" name="seedids" value="ZH4sIAAAAAAAAAI1Z3ZIauxF2VZI32buQKmb4MXuJ8fqYql17C/BJcuUSjACVhxGRZvbnPEIqj5JXyzukpZFAavUAN7uz/bVa/a+W9r//+/CXPz58+POHv/67p7l6ERt+1+8d2c782sjDUVa8qu13VTNRcQXfmmstZGW+jvBjJ8viGVb8XbHjkatZsErveVmGhLUs3qO/meafheKbGgTOK1ChPsNZb8tAI1kteMkMQ7iyksuNEsf6iddswbeK6328s3ydNbqWh6+cFVzNtyG6CRG0q1FS/poxVT+K6leozXx7l2dZBE+ryJz59mf/bpj3HkrN77LxKOJ9AreBm9L9jqxWslpJWeqQXAh9LNn7s0W/H40D9HybR1ayF77aC73kTG32SBnjgiUwtKDRIHZCu+20BG30j2PBak4IsPD8YPTeEso9smrXALjkJcRQgjNNJlAud7ttNrKp6ke5E9V1W0OOBrxml8VRAZ9bf97lA78HcMkGHFxthTp8KuUmYj+8Ox0+8xrZ65RoPTJVnMUa7K1VLqlWT48hVsuj3SleAdQFr2BRokUl6398XeTw9a+Gq9jrNlxfpDqEVFHp+m487pXgcPNbN6Lm9qNlF7wsHtmal6moZa0ELOr3WPHCqg0vzglxdoBtAnZRypWKtAmxbA5rESWyPkK5L5vdjmtcri+sFIUt4gelpLoA6S8xbDoPfGnnSdRAHDqD7N3J2JF7eeDPSeJ6qinRpGHEwlDPiEDBjZ5BMeZYlbYkeBGVbAatRynDhbaySTy4YJkXZ/S+QSCO26Vth2mAF1w3JRRBRaSmw0JA1nuulrJRG66fRCUOLMpDXrF1aTwRuCvrqVZO2yyiEDHd7rHkdRyDdsnMlG/aRsNlVHTbhF7xNyRUn+mJTLPOdh3fvOOVUtW+82G6a2JRMg+tvGdxjOQMfHCWp2UmesZlN7LF1hKMq/ejO3dyIilOfG0TiFMnvyQtZNuyDa9/U7I5hlucqfMCZdOL0ALZmHlibFHmmvzP8d34o//+aL6NP1dsNytlU6BUEbt9vRQFt733GztwHAtn1yJiDN0YZnWchTCO+AYZQxoyv3x4O7Kq8GpFhRAhyB812+lHyQpo1p2jgiLr0lEj+7L7U7UEpHMdfFLyVfO2YJ6V3Cl2iCLRxftJrDEfxYMUqdA8cNJuwTdSFX9b56PxJL+/N+ePnQXdRBIC7em+DHqQc5OO5LLqPZlEnTVRORkN4PDVeMy774F373LbT5bN+sCrZtEymrzXyArwOYx8A7voZ2YoQn9/4apQ4oV/lq9VCRFFa4Sevgk9GPcT+uKsEcJ8sp4ZDHXHYSIXG+JPe0IjmnOXpcpaOiWmx2M0K9kmEAfKhGjahgWF8EXwV/2QtncA/ej7HSKBpvcAvXFtmPBBSnAwodbz6pPjR2IwjLoK5EpRrOQnetwP0A1zM3BUd2aDAxNlSkkkWSopwR4wwI6PJRNycoL10pY1qxsdhFRbAnakWLcVlhTf9lWqXxpalSQsh3r9Jmveoom+T1Jxlw5Eph7OKGkxeBX+PjSVqN+hEyZ7u5YOZ+6OaEhwGO8gXaoLUBLlMr02GPfCgF/zUBU9B5d7nfOIuRAMpExhPn3tDONqDwNxZQKd6rYSdQmLioWJHdEMO3jyWVqIn93NC+yJ4XA6S2Xhu3XHns55tgnErNOiECaqrLSXDZxp4e4JK7351Ol5SVJT72XirJChg+fAIWQ/Fo8UmZpfkNjnZl0KvU/jFPP8E/68gePyXg+tsy7I8RypnA38VgxnnKMmhQDn8ldZmgEDHZmluRGYDEeCzkAiayPh9lfxghT4sHgi6aFRX5kO2ObVVl7wgP7SlGXaCdeBQXu++SXQAWUvdS2AhMPh/rssm0NyoJ+BxGQ7QtT8oGf+MWwFLSfJ35glnGDg1g8hMKakbXr6Ap2DrUUJvQhu1gem0g5jJDuMuI+YCeLMEA2DgwjqmC7tBBKOcbYJEI0qVYN0lcs23aGqdhaXfIWvOnFkT3zWsfldNjR5eUqcYN14HCKxUoAd2BviBkrCxcx27aXUzZHxaTAYwCal5TI+1WGAC2BxI7xVFm0HH9+VOT0p0Aiznoio7WmI/AP0uuWERK2iSOdwKQqw5JrW77fwZyjr+L4AdgULE3wwGELMYCoIE/Wh5DAfR4PLSYHfWdmgO9doMOrB2SUqi0XTOEg/I+g+CxhUPkuaJGjs6fHp7vz2GIDIfefnYa5ugJMkMQy/SQnF/8SOyRREMiQyvO7UywNhQed6VHzgFfeQOYM8/SbbikbqbQKofX9PPOhuHLYJrE4BTV4RgJPYLlHWScOC4sxsh4LSVkeqj3n1QbVekk9B45GBbJ524XElIm1HSR0nDF7TMB0nvY05atbyzR45MIqaSZFk6EbCpXn32hgKm6VznyGDE5IOZRU3nlntzb9MYFWbvN0Cffd9gu7pGvCAbpJByebtRcEtQbMqoFEHhS6cqFhiBS8Y7LcJbUYy2/n9x7Frgp/0BFwCgvmoPdnbfzEZuOvsR8U3iaaW7wpP+pMeN3fbsIfGq2GbhxMHTq92FJvJeMyJAbzG0LCtMOPM9bpCrO0LeKPs8c/VSzAa+f8OIPvuxzm2zjymjcYmZDoR/jRdzCYOROu24s1eFdzlhjg7gOmFKcuUJZPLpOOxCn7a5zvC0pT54a3mqmLY63D3F5vS9SuEpW9Yw/6YfsNqgesPGy0fNUM60enscQIoGlFmMT8iUyZlXSZlN5qUdZqUdZmUESYlzIHuGW1SRpj0cXg/JKPkgWsmeb7UpJNobFIAULTEJMyPyJRJwy6ThjeaNOw0yYq2TYCya0jYNbxg15C2a0jYNckmHz9Sdnngml2eL7XrJAFdU1BvGaWxPClVkrTEZsyPyEksx8MJWXEeuBpLx0fE0otOwngGKFoaRsSPyFR69rvSs39jevY707NPJGCfTrJ+h8Np7Rxwi8M7tPOikV8p7RyZaMAZWQIeuKEBZ3QJnEQTDTjDGd7SbBPo7MIZkeaenJR2fk973QNXS9vxEaXtRSeVewYoWlq5iB+RiW41HnV0Kwvc0K0sH9mtWtFEM/IARaOaUcSPyIRJI/K/ch64wSTLR5rUiiZM8gBFo0yK+BE5KffRKCej5IGr5e74iHL3opP+egYoWtpfET8iJyZl447j3wFXTXJ8hEledKA5NIE//QcDXkVHplTMu1TMb1Qx71QxJ71+Biha6nXEj8iJSffZgD6oHXDVJMdHmORFh5ojmtfOkdNT7X5CVq4Hrp9qLR91qjnR6RhxAigaMUbE/IicNCPIfroZOeBqM3J8RDPyosOeg2i+rzgydVMiM9wDt9yU6Aw/iaZuSgD8H3sygoHHKwAA" />\n<input type="hidden" name="lang" value="eng" />\n<input type="hidden" name="suite" value="cobalt" />\n<input type="hidden" name="reservedids" value="inst,lang,suite" />\n<input type="hidden" name="submitmode" value="" />\n<input type="hidden" name="submitname" value="" />\n<input type="hidden" name="allCountInsertComponent_65" id="allCountInsertComponent_65" value="100" />\n<input type="hidden" name="allAvailCountInsertComponent_65" id="allAvailCountInsertComponent_65" value="100" />\n</div>\r\n\t\t\t\t\t\r\n\t\t\t\t\t\r\n\t\t\t\t\t</form> \r\n\t                    </div>\r\n\t                \r\n\t                \r\n                \r\n                \r\n            </div><!--end mark-->\r\n    \r\n\r\n                                  </div>\r\n                              \r\n                             <!--all -->\r\n                              \r\n                                   <a href="javascript:void(0);" onclick="showHideItemsToggle(this)" class="showAllToggleLink availCheckboxLink"><img width="15" src="resources/gold/images/checkbox_checked.png" class="availCheckbox" height="13" id="checkboxCheckedImageComponent_18"></img>only show available</a>\r\n                                   <a href="javascript:void(0);" onclick="showHideItemsToggle(this)" class="showAvailableToggleLink availCheckboxLink"><img width="15" src="resources/gold/images/checkbox.png" class="availCheckbox" height="13" id="checkboxImageComponent_18"></img>only show available</a>\r\n                                   <a href="javascript:void(0);" onclick="showHideItemsToggle(this)" class="showAllMaxToggleLink availCheckboxLink"><img width="15" src="resources/gold/images/checkbox_checked.png" class="availCheckbox" height="13" id="checkboxCheckedImage2Component_18"></img>only show available</a>\r\n                                   <a href="javascript:void(0);" onclick="showHideItemsToggle(this)" class="showAvailableMaxToggleLink availCheckboxLink"><img width="15" src="resources/gold/images/checkbox.png" class="availCheckbox" height="13" id="checkboxImage2Component_18"></img>only show available</a>\r\n                                    \r\n                                    <div id="allItemsSection" class="allItemsSection">\r\n                                       \r\n    \r\n\r\n    \r\n            \r\n            \r\n                    <!--link moved into dpBibHoldingStatement via initBibHoldingsToggle JS -->\r\n                    <span class="itemsSectionHeader" id="availHeaderWrapperAny2Component_33"><a href="javascript:void(0);" onclick="toggleBibHoldingsPopup(this)">see all</a></span>\r\n            \r\n            <!--start mark -->\r\n             <h3 class="sectionHeader itemsHeader customHeader">Items</h3>\r\n            <div id="allitems-b2568402">\r\n                \r\n\t                \r\n\t                    <div class="itemTableWrapper popUpContentWrapper">\r\n\t                        \r\n    \r\n\t\t<table class="itemTable" cellspacing="3">\r\n        \t<tr>\r\n\t        \t\r\n\t        \t\t<th>\r\n\t        \t\t\tLocation\r\n\t        \t\t</th>\r\n\t        \t\r\n\t        \t\t<th>\r\n\t        \t\t\tCall No.\r\n\t        \t\t</th>\r\n\t        \t\r\n\t        \t\t<th>\r\n\t        \t\t\tStatus\r\n\t        \t\t</th>\r\n\t        \t\r\n        \t</tr>\r\n            \r\n            \t<tr>\r\n            \t\t\r\n                        \r\n            \t\t\r\n                        \r\n                            <td>\r\n                                \r\n                                    \r\n                                    \r\n                                        \r\n                                            \r\n \r\n\t \r\n\t    \t\r\n\t\t\r\n\t\t\r\n\t\t\tFlorissant Valley\r\n\t\t\r\n    \r\n \r\n\r\n\r\n                                        \r\n                                        \r\n                                    \r\n            \t\t\t        \r\n\t            \t\t\t</td>\r\n            \t\t\t\r\n            \t\t\r\n                        \r\n                            <td>\r\n                                \r\n                                    \r\n                                    \r\n                                        \r\n                                        \r\n                                            \r\n                                                <a id="callNoBrowseDirectLinkComponent_66" href="/iii/encore/SearchResultsPage,searchResultsComponent.resultComponent.searchBrowseResultBibComponent.$BibHoldingsComponent.bibHoldingsAllItems.itemTableComponent.callNoBrowseDirectLinkComponent.sdirect;jsessionid=5F4C8E89B7C5F964F02DBB6C904346CF?lang=eng&amp;sp=Si20198043&amp;sp=Sb2568402&amp;suite=cobalt" onclick="return tapestry.linkOnClick(this.href,\'callNoBrowseDirectLinkComponent_66\', false)">\r\n                                                    VIDEO GAME\r\n                                                </a>\r\n                                            \r\n                                            \r\n                                        \r\n                                    \r\n            \t\t\t        \r\n                                    \r\n                                         \r\n                                    \r\n                                    \r\n            \t\t\t        \r\n                                    \r\n                                         \r\n                                    \r\n                                    \r\n            \t\t\t        \r\n\t            \t\t\t</td>\r\n            \t\t\t\r\n            \t\t\r\n                        \r\n                            <td>\r\n                                \r\n                                    \r\n                                        IN LIBRARY\r\n                                    \r\n                                    \r\n            \t\t\t        \r\n\t            \t\t\t</td>\r\n            \t\t\t\r\n            \t\t\r\n            \t</tr>\r\n            \r\n        </table>\r\n    \r\n\r\n\t                        \r\n\t\t\t\t\t\t\t\r\n\t\t\t\t\t\t\t\t<a id="showAllItemsLinkComponent_66" class="showAllItemsLink customToggle" href="/iii/encore/SearchResultsPage,searchResultsComponent.resultComponent.searchBrowseResultBibComponent.$BibHoldingsComponent.bibHoldingsAllItems.showAllItemsLinkComponent.sdirect;jsessionid=5F4C8E89B7C5F964F02DBB6C904346CF?lang=eng&amp;sp=Sb2568402&amp;sp=T&amp;sp=Sallitems-b2568402&amp;sp=F&amp;suite=cobalt" onclick="return tapestry.linkOnClick(this.href,\'showAllItemsLinkComponent_66\', false)">\r\n\t\t\t\t\t\t\t\tShow remaining items</a>\r\n\t\t\t\t\t\t\t\r\n\t\t\t\t\t\t\t\r\n  \xe2\x80\x8b\t\t\t\t\t\t\t\r\n  \r\n\t\t\t\t\t<form method="post" action="/iii/encore/SearchResultsPage,searchResultsComponent.resultComponent.searchBrowseResultBibComponent.$BibHoldingsComponent.bibHoldingsAllItems.countComponent.sdirect;jsessionid=5F4C8E89B7C5F964F02DBB6C904346CF" id="countComponent_66" style="display:none;">\n<div style="display:none;" id="countComponent_66hidden"><input type="hidden" name="formids" value="allCountInsertComponent_66,allAvailCountInsertComponent_66" />\n<input type="hidden" name="seedids" value="ZH4sIAAAAAAAAAI1Z3XIiuxHeqiRv4ruQKmbAGF9i1nuWKnvXBexJcrUlGAGqHUZEmsH2eZhUHiCvlndISyOB1Oox3Njj/lqt/ldL/u//Pv3lj0+f/vzpr//uaa6OYs1v+r0D25pfa7k/yIpXtf2uaiYqruBbc62FrMzXAX5sZVm8wIq/K3Y4cDUNVukdL8uQsJLFe/Q30/yzUHxdg8BZBSrUZzjrbRhoJKs5L5lhCFdWcrFW4lA/85rN+UZxvYt3lq/TRtdy/5WzgqvZJkTXIYJ2NUrKX1Om6idR/Qq1mW1u8iyP4EkVmTPb/OzfDPPeY6n5TTYaRbzP4DZwU7rfgdVKVkspSx2SC6EPJXt/sej3g3GAnm3yyEp25Mud0AvO1HqHlDEuWABDCxoNYie0205K0Eb/OBSs5oQAC8/2Ru8NodwTq7YNgAteQgwlONNkAuVyt9t6LZuqfpJbUV22NeRowGt2WRwV8Ln1500+uHV7AJdswMHVRqj9QynXEfv+3enwmdfIXqdE65GJ4izWYGetckm1fH4KsVoe7E7xCqDOeQWLEi0qWf/j6zyHr381XMVet+H6ItU+pIpK1zeju14JDje/dSNqbj9adsHL4omteJmKWtRKwKJ+jxVHVq15cU6IswNsE7CLUq5UpE2IRbNfiSiR9QHKfdFst1zjcj2yUhS2iB+VkuoDSH+JYdN54Es7T6IG4tApZO9Wxo7cyT1/SRLXU02JJg0jFoZ6RgQKbvQMijHHqrQlwYuoZDNoPUoZLrSVTeLBB5Z5cUbvKwTiuH207TAN8JzrpoQiqIjUdFgIyHrH1UI2as31s6jEnkV5yCu2Ko0nAndlPdXKaZtFFCKm2z0WvI5j0C6ZmvJN22i4jIpum9BL/oaE6jM9kWnW2a7jm3e8Uqradz5Md00sSuahlfciDpGcgQ/O4rTMRM+47Eq22FqCcfl+cOdOTiTFia9tAnHq5B9JC9k2bM3r35RsDuEWZ+qsQNl0FFogGzNPjC3KXJP/OboZjf33nfk2/lyy7bSUTYFSRWx39UIU3Pbeb2zPcSycXfOIMXRjmNVxFsI44htkDGnI/PLx7cCqwqsVFUKEIH/UbKufJCugWXeOCoqsS0eN7MvuT9USkM518KDkq+ZtwbwouVVsH0Wii/dBrDAfxYMUqdA8cNJuztdSFX9b5bejcX5/b84fOwu6iSQE2tN9EfQg5yYdyWXVezKJOmuicjIawOGr8Zh33wPv3uS2nyya1Z5XzbxlNHmvkRXgcxj5BnbRz8xQhP5+5KpQ4sg/y9eqhIiiNUJP3oQejPoJfX7WCGE+Wc8MhrrlMJGLNfGnPaERzbnLUmUtnRKTwyGalWwTiANlQjRpw4JCeBT8VT+m7R1AP/p+h0ig6T1Ar1wbJnyQEhxMqPWsenD8SAyGUVeBXCmKpXygx/0AXTM3A0d1ZzbYM1GmlESSpZIS7AED7PhYMiEnJ1gvbVGzutFBSLUlYEeKVVthSfFtXqX6paFVScJyqNdvsuYtmuj7LBV36UBk6v6MkhaDV+HvfVOJ+h06YbK3a+lw5m6JhgSH8RbSpfoASqJcptcG414Y8GseqqJn4HKvcx4xF4KBlAnMp6+dYVzuYCCuTKBT3ZaiLmFRMTexI5phB08+TQvxs7t5gT0xHE5nqSx8t+7Y0znPNoGYdVIUwkSVlfaygTMt3D1hpTefOD0/ktTUO5k4K2To4NlzCNmP+RNFpuYXJPalWZVC79I4xTz/hD+v4Ph4r8fWWR/I8RypnDX8VgxnnKMmhQDn8ldZmgEDHZmluRGYDEeCzkAiay3h9lfxghT4OH8m6aFRX5kO2GbVRn7gAf2lKcu0E64Cg3Z8/UugA8pe6loACYfD/XdZNvvkQD8Dicl2hKj5Xk/9Y9gSWk6SvzFLOMHArR9CYExJ2/TkCJ2DrUQJvQhu1num0g5jJDuMuI+YCeLMEA2DgwjqmC7tBBKOcbYJEI0qVYN0lcs23aGqdhaXfImvOnFkT3zWsflNNjR5eUqcYN3oLkRipQDbszfEDZSEi5nt2kupmyPj02Bgti8tl/GpDgNcAIsb4a2yaDv4+K7M6UmBRpj1RERtT0PkH6DXLSckahVFOr/LQiy5pvUHLfwZyjq+Lwxuw4UJPjA5pGEqCBP1seQwH0eDy0mB31nZoDvX7XDQg7NLVBaLpnGQfkbQfXZgjvA1S5okaOzp8enu/PYUgMh95+dhrq6AkyQxDL9JCcX/zA7JFEQyJDK87tTLA2FB53pUfOAV95A5hTz9JtuKRuqtA6h9f0886G4ctgksTwFNXhGAk9guUdZJw4LizGyHgtJWR6qPefVBtV6ST0GjkYFsnnbhcSUibUdJHScMXlN07pqjZiXf7JEDo6iZFEmGbiRcmnevjaGwWTr3tad32qGs4sYzy535lwmsapM3FDgmu+8zdE/XgAd0kwxKNm8vCm4JmlUBjToodOFExRIr2KlfWfptDOJtRjLb+f3HoWuCH/cEXAKC+ag92dt/MRm46+xHxTeOppbvCk/64x43d9uwh8arYZvHEwdaum5HsamMx5wYwGsMDdsKM85MryrE2r6AN8oe/1wdg9HI/3cA2Xc/yrF15jHtdmRCphPhz5P5dOxAtG4j3uxVwV1uiLMDmI5MWaYsmVzGHY9V8NM+3xGWpsyPbzVXFcNeh7u/WJeuXyEsfcMa9kf0G1YLXH7YaPmoGdKJTmePE0DRiDKL+RGZMinrMim70qSs06Ssy6SMMClhDnTPaJMywqS74f2QjJIHLpnk+VKTTqKxSQFA0RKTMD8iUyYNu0waXmnSsNMkK9o2AcquIWHX8AO7hrRdQ8KucTa+u6Ps8sAluzxfatdJArqmoN5ym8bypFRJ0hKbMT8iJ7EcDcdkxXngYiwdHxFLLzoJ4xmgaGkYET8iU+nZ70rP/pXp2e9Mzz6RgH06yfodDqe1c8A1Du/QzotGfqW0c2SiAWdkCXjgigac0SVwEk004AxneEuzTaCzC2dEmntyUtr5Pe11D1wsbcdHlLYXnVTuGaBoaeUifkQmutXotqNbWeCKbmX5yG7ViiaakQcoGtWMIn5EJky6Jf8r54ErTLJ8pEmtaMIkD1A0yqSIH5GTcr+9zckoeeBiuTs+oty96KS/ngGKlvZXxI/IiUnZqOP4d8BFkxwfYZIXHWgOTeBP/8GAV9GRKRXzLhXzK1XMO1XMSa+fAYqWeh3xI3Ji0n02oA9qB1w0yfERJnnRoeaI5rVz5PRUux+TleuBy6day0edak50OkacAIpGjBExPyInzQiyn25GDrjYjBwf0Yy86LDnIJrvK45M3ZTIDPfANTclOsNPoqmbEs5wR/s/WzTEC9srAAA=" />\n<input type="hidden" name="lang" value="eng" />\n<input type="hidden" name="suite" value="cobalt" />\n<input type="hidden" name="reservedids" value="inst,lang,suite" />\n<input type="hidden" name="submitmode" value="" />\n<input type="hidden" name="submitname" value="" />\n<input type="hidden" name="allCountInsertComponent_66" id="allCountInsertComponent_66" value="100" />\n<input type="hidden" name="allAvailCountInsertComponent_66" id="allAvailCountInsertComponent_66" value="100" />\n</div>\r\n\t\t\t\t\t\r\n\t\t\t\t\t\r\n\t\t\t\t\t</form> \r\n\t                    </div>\r\n\t                \r\n\t                \r\n                \r\n                \r\n            </div><!--end mark-->\r\n    \r\n\r\n                                    </div>\r\n                            \r\n                            \r\n                                <!--how to test for available items on the threshold link-->\r\n                                       <div class="availableMaxItemsSection">\r\n                                                \r\n    \r\n\r\n    \r\n            \r\n                 \r\n                \r\n                    <!--link moved into dpBibHoldingStatement via initBibHoldingsToggle JS -->\r\n                    <span class="itemsAvailHeader itemsSectionHeader" id="availHeaderWrapperAnyComponent_32">\r\n                           <a id="showMaxItemsLink2Component_32" class="maxItemsLink" href="/iii/encore/SearchResultsPage,searchResultsComponent.resultComponent.searchBrowseResultBibComponent.$BibHoldingsComponent.bibHoldingsAvailableMaxItems2.showMaxItemsLink2Component.sdirect;jsessionid=5F4C8E89B7C5F964F02DBB6C904346CF?lang=eng&amp;sp=Sb2568402&amp;sp=F&amp;sp=Sallavailitemsmax-b2568402&amp;sp=F&amp;suite=cobalt" onclick="return tapestry.linkOnClick(this.href,\'showMaxItemsLink2Component_32\', false)">\r\n                               <a href="javascript:void(0);" onclick="toggleBibHoldingsPopup(this)">see all</a>\r\n                           </a>\r\n                    </span>\r\n                \r\n            \r\n            \r\n            <!--start mark -->\r\n             <h3 class="sectionHeader itemsHeader customHeader">Items</h3>\r\n            <div id="allavailitemsmax-b2568402">\r\n                \r\n\t                \r\n\t                    <div class="itemTableWrapper popUpContentWrapper">\r\n\t                        \r\n    \r\n\t\t<table class="itemTable" cellspacing="3">\r\n        \t<tr>\r\n\t        \t\r\n\t        \t\t<th>\r\n\t        \t\t\tLocation\r\n\t        \t\t</th>\r\n\t        \t\r\n\t        \t\t<th>\r\n\t        \t\t\tCall No.\r\n\t        \t\t</th>\r\n\t        \t\r\n\t        \t\t<th>\r\n\t        \t\t\tStatus\r\n\t        \t\t</th>\r\n\t        \t\r\n        \t</tr>\r\n            \r\n            \t<tr>\r\n            \t\t\r\n                        \r\n            \t\t\r\n                        \r\n                            <td>\r\n                                \r\n                                    \r\n                                    \r\n                                        \r\n                                            \r\n \r\n\t \r\n\t    \t\r\n\t\t\r\n\t\t\r\n\t\t\tFlorissant Valley\r\n\t\t\r\n    \r\n \r\n\r\n\r\n                                        \r\n                                        \r\n                                    \r\n            \t\t\t        \r\n\t            \t\t\t</td>\r\n            \t\t\t\r\n            \t\t\r\n                        \r\n                            <td>\r\n                                \r\n                                    \r\n                                    \r\n                                        \r\n                                        \r\n                                            \r\n                                                <a id="callNoBrowseDirectLinkComponent_67" href="/iii/encore/SearchResultsPage,searchResultsComponent.resultComponent.searchBrowseResultBibComponent.$BibHoldingsComponent.bibHoldingsAvailableMaxItems2.itemTableComponent.callNoBrowseDirectLinkComponent.sdirect;jsessionid=5F4C8E89B7C5F964F02DBB6C904346CF?lang=eng&amp;sp=Si20198043&amp;sp=Sb2568402&amp;suite=cobalt" onclick="return tapestry.linkOnClick(this.href,\'callNoBrowseDirectLinkComponent_67\', false)">\r\n                                                    VIDEO GAME\r\n                                                </a>\r\n                                            \r\n                                            \r\n                                        \r\n                                    \r\n            \t\t\t        \r\n                                    \r\n                                         \r\n                                    \r\n                                    \r\n            \t\t\t        \r\n                                    \r\n                                         \r\n                                    \r\n                                    \r\n            \t\t\t        \r\n\t            \t\t\t</td>\r\n            \t\t\t\r\n            \t\t\r\n                        \r\n                            <td>\r\n                                \r\n                                    \r\n                                        IN LIBRARY\r\n                                    \r\n                                    \r\n            \t\t\t        \r\n\t            \t\t\t</td>\r\n            \t\t\t\r\n            \t\t\r\n            \t</tr>\r\n            \r\n        </table>\r\n    \r\n\r\n\t                        \r\n\t\t\t\t\t\t\t\r\n\t\t\t\t\t\t\t\t<a id="showAllItemsLinkComponent_67" class="showAllItemsLink customToggle" href="/iii/encore/SearchResultsPage,searchResultsComponent.resultComponent.searchBrowseResultBibComponent.$BibHoldingsComponent.bibHoldingsAvailableMaxItems2.showAllItemsLinkComponent.sdirect;jsessionid=5F4C8E89B7C5F964F02DBB6C904346CF?lang=eng&amp;sp=Sb2568402&amp;sp=T&amp;sp=Sallavailitemsmax-b2568402&amp;sp=F&amp;suite=cobalt" onclick="return tapestry.linkOnClick(this.href,\'showAllItemsLinkComponent_67\', false)">\r\n\t\t\t\t\t\t\t\tShow remaining items</a>\r\n\t\t\t\t\t\t\t\r\n\t\t\t\t\t\t\t\r\n  \xe2\x80\x8b\t\t\t\t\t\t\t\r\n  \r\n\t\t\t\t\t<form method="post" action="/iii/encore/SearchResultsPage,searchResultsComponent.resultComponent.searchBrowseResultBibComponent.$BibHoldingsComponent.bibHoldingsAvailableMaxItems2.countComponent.sdirect;jsessionid=5F4C8E89B7C5F964F02DBB6C904346CF" id="countComponent_67" style="display:none;">\n<div style="display:none;" id="countComponent_67hidden"><input type="hidden" name="formids" value="allCountInsertComponent_67,allAvailCountInsertComponent_67" />\n<input type="hidden" name="seedids" value="ZH4sIAAAAAAAAAI1Z3XIiuxHeqiRv4rs4VcyAMb7E2HuWKnvtAvYkudoSjADVDiMizWD7PFOeIJVXyjukpZFAavUYbuxxf61W/6sl//t/X/7yx5cvf/7y1/9ca64OYsWvetd7tjG/VnK3lxWvavtd1UxUXMG35loLWZmvPfzYyLJ4hRV/V2y/52oSrNJbXpYhYSmLj+hvpvmDUHxVg8BpBSrUJzi7XjPQSFYzXjLDEK6s5HylxL5+5jWb8bXiehvvLN8mja7l7htnBVfTdYiuQgTtapSUvyZM1U+i+hVqM11f5dkggsdVZM50/bN3NcivH0vNr7LhKOJ9BreBm9L99qxWslpIWeqQXAi9L9nHq0Vf9sYBerrOIyvZgS+2Qs85U6stUsa4YA4MLWg0iJ3QbjsuQRv9Y1+wmhMCLDzdGb3XhHJPrNo0AM55CTGU4EyTCZTL3W6rlWyq+kluRHXe1pCjAa/ZZXFUwOfWn1d5f+j2AC7ZgIOrtVC7+1KuIvbdh9PhgdfIXqdE65Gx4izWYGutckm1eH4KsVru7U7xCqDOeAWLEi0qWf/j2yyHr381XMVet+H6KtUupIpK11eQUCU43PzWjai5/WjZBS+LJ7bkZSpqXisBi3rXrDiwasWLU0KcHGCbgF2UcqUibULMm91SRIms91Du82az4RqX64GVorBF/KiUVJ9A+msMm84DX9p5EjUQh04gezcyduRW7vhrkrieako0aRixMNQzIlBwo2dQjDlWpS0JXkQlm0HrUcpwoa1sEvc/scyLM3pfIBDH7bNtB2mAZ1w3JRRBRaSmw0JA1luu5rJRK66fRSV2LMpDXrFlaTwRuCu7Vq2ctllEIWK63WPO6zgG7ZKJKd+0jYbLqOi2Cb3g70ioPtETmWad7Tq+eccrpap958N018SiZB5Yea9iH8np++DMj8tM9IzLLmSLrSUYFx97d+7kRFIc+domEKdO/pm0kG3NVrz+TclmH25xok4LlE0HoQWyMfPE2KLMNfmfw6vhnf++Nd/Gnwu2mZSyKVCqiM22nouC2977ne04joWzaxYxhm4MszrOQhhHfIOMIQ2ZXz6+71lVeLWiQogQ5I+abfSTZAU0685RQZF16aiRfdndsVoC0qkO7pV807wtmFclN4rtokh08d6LJeajeJAiFZoHjtrN+Eqq4m/L/GY4yu/uzPljZ0E3kYRAe7rPgx7k3KQjuaz6SCZRZ01UTkYDOHw1HvPursG7V7ntJ/NmueNVM2sZTd5rZAX4HEa+vl30MzMUoV8OXBVKHPiDfKtKiChaI/T4Xej+sJfQZyeNEOaT9cRgqBsOE7lYEX/aExrRnLssVdbSKTHe76NZyTaBOFAmROM2LCiEB8Hf9GPa3gH0o+8LRAJN7wF64dow4YOU4GBCrafVveNHYjCMugrkSlEs5D097gfoirkZOKo7s8GOiTKlJJIslZRgDxhgx8eSCTk5wXpp85rVjQ5Cqi0BO1Is2wpLim/9JtUvDa1KEpZDvX6XNW/RRN9nqbhLByJTdyeUtBi8Cn/vmkrUH9AJk71dS4czd0M0JDiMN5Au1SdQEuUyvTYY98KAX/NQFT0Fl3ud84i5EAykjGE+fesM42ILA3FlAp3qthB1CYuKmYkd0Qw7ePJJWogP7uYF9sRwOJ2lsvDdumNP5zzbBGLWcVEIE1VW2ssGzrRw94SV3nzs9PxMUlNvZeKskKGDZ8chZD9mTxSZml+Q2NdmWQq9TeMU8/wT/ryA4/O9HltnfSLHc6RyVvBbMZxxjpoUApzL32RpBgx0ZJbmRmAyHAk6AYmslYTbX8ULUuDj7Jmkh0Z9Yzpgm1Zr+YkH9NemLNNOuAwM2vLVL4EOKHupawEkHA7332XZ7JID/QQkJtsRouY7PfGPYQtoOUn+xizhBAO3fgiBMSVt0+MDdA62FCX0IrhZ75hKO4yR7DDiPmImiBNDNAz2I6hjurQTSDjG2SZANKpUDdJVLtt0h6raWVzyBb7qxJE98lnH5lfZwOTlMXGCdcNRiMRKAbZj74gbKAkXM9u1l1I3R8anQd9sX1ou41MdBrgAFjfCW2XRdvDxoszpSYFGmPVERG1PQ+QfoNctJyRqFUU6v70JseSa1hu28AOUdXxf6N+GCxO8PxhAzGAqCBP1seQwH0eDy1GB31nZoDvXzU12DWeXqCwWTeMg/YSg+yxgUPksaZKgsafHp7vz21MAIvednoe5ugBOksQw/CYlFP8z2ydTEMmQyPC6Uy8PhAWd61HxgVfcQ+YE8vS7bCsaqbcKoPb9PfGgu3HYJrA4BjR5RQBOYrtEWScNC4ozsx0KSlsdqT7m1QfVekk+BQ1vDWTztAuPKxFpe5vUccLgNUXnrjlqlvLdHjkwippJkWToRsKleffaGAqbpXNfe3qnHcoqbjyz2Jp/mcCqNnm7Bfru+wzd89SAqSYZlGy/vSi4JWhWBTTqoNCFExVLrGCg3wgZ7LcxiLcZyWzn9x/7rgke2i9cAoL5qD3Z238xGbjr7EfFN4qmlheFJ/3RNTd327CHxqthm8cjB1q6akexiYzHnBjAawwN2wozzlQvK8TavoA3yh7/XB2C0cj/dwDZdzfMsXXmMe1maEKmE+HP49lk5EC0bi3e7VXBXW6IswOYDkxZpiyZXEYdj1Xw0z7fEZamzI/vNVcVw16Hu79Yla5fISx9wxr0hvQbVgucf9ho+agZ0olOZ48jQNGIMov5EZkyKesyKbvQpKzTpKzLpIwwKWEOdM9okzLCpNvB3YCMkgfOmeT5UpOOorFJAUDREpMwPyJTJg26TBpcaNKg0yQr2jYByq4BYdfgE7sGtF0Dwq5RNrq9pezywDm7PF9q11ECuqag3nKTxvKoVEnSEpsxPyInsRwORmTFeeBsLB0fEUsvOgnjCaBoaRgRPyJT6dnrSs/ehenZ60zPHpGAPTrJeh0Op7VzwCUO79DOi0Z+pbRzZKIBZ2QJeOCCBpzRJXAUTTTgDGd4S7NNoLMLZ0Sae3JS2vkd7XUPnC1tx0eUthedVO4JoGhp5SJ+RCa61fCmo1tZ4IJuZfnIbtWKJpqRByga1YwifkQmTLoh/yvngQtMsnykSa1owiQPUDTKpIgfkZNyv7nJySh54Gy5Oz6i3L3opL+eAIqW9lfEj8iJSdmw4/h3wFmTHB9hkhcdaA5N4E//xYBX0ZEpFfMuFfMLVcw7VcxJr58AipZ6HfEjcmLSXdanD2oHnDXJ8REmedGh5ojmtXPk9FS7G5GV64Hzp1rLR51qTnQ6RhwBikaMETE/IifNCLKfbkYOONuMHB/RjLzosOcgmu8rjkzdlMgM98AlNyU6w4+iqZsSznCSObgSAfZ/QXX5rPcrAAA=" />\n<input type="hidden" name="lang" value="eng" />\n<input type="hidden" name="suite" value="cobalt" />\n<input type="hidden" name="reservedids" value="inst,lang,suite" />\n<input type="hidden" name="submitmode" value="" />\n<input type="hidden" name="submitname" value="" />\n<input type="hidden" name="allCountInsertComponent_67" id="allCountInsertComponent_67" value="100" />\n<input type="hidden" name="allAvailCountInsertComponent_67" id="allAvailCountInsertComponent_67" value="100" />\n</div>\r\n\t\t\t\t\t\r\n\t\t\t\t\t\r\n\t\t\t\t\t</form> \r\n\t                    </div>\r\n\t                \r\n\t                \r\n                \r\n                \r\n            </div><!--end mark-->\r\n    \r\n\r\n                                       </div>\r\n                            \r\n                            \r\n                                    <div id="allMaxItemsSection" class="allMaxItemsSection">\r\n                                        \r\n    \r\n\r\n    \r\n            \r\n                 \r\n                \r\n                    <!--link moved into dpBibHoldingStatement via initBibHoldingsToggle JS -->\r\n                    <span class="itemsSectionHeader" id="availHeaderWrapperAnyComponent_33">\r\n                           <a id="showMaxItemsLink2Component_33" class="maxItemsLink" href="/iii/encore/SearchResultsPage,searchResultsComponent.resultComponent.searchBrowseResultBibComponent.$BibHoldingsComponent.bibHoldingsAllMaxItems.showMaxItemsLink2Component.sdirect;jsessionid=5F4C8E89B7C5F964F02DBB6C904346CF?lang=eng&amp;sp=Sb2568402&amp;sp=F&amp;sp=Sallitemsmax-b2568402&amp;sp=F&amp;suite=cobalt" onclick="return tapestry.linkOnClick(this.href,\'showMaxItemsLink2Component_33\', false)">\r\n                               <a href="javascript:void(0);" onclick="toggleBibHoldingsPopup(this)">see all</a>\r\n                           </a>\r\n                    </span>\r\n                \r\n            \r\n            \r\n            <!--start mark -->\r\n             <h3 class="sectionHeader itemsHeader customHeader">Items</h3>\r\n            <div id="allitemsmax-b2568402">\r\n                \r\n\t                \r\n\t                    <div class="itemTableWrapper popUpContentWrapper">\r\n\t                        \r\n    \r\n\t\t<table class="itemTable" cellspacing="3">\r\n        \t<tr>\r\n\t        \t\r\n\t        \t\t<th>\r\n\t        \t\t\tLocation\r\n\t        \t\t</th>\r\n\t        \t\r\n\t        \t\t<th>\r\n\t        \t\t\tCall No.\r\n\t        \t\t</th>\r\n\t        \t\r\n\t        \t\t<th>\r\n\t        \t\t\tStatus\r\n\t        \t\t</th>\r\n\t        \t\r\n        \t</tr>\r\n            \r\n            \t<tr>\r\n            \t\t\r\n                        \r\n            \t\t\r\n                        \r\n                            <td>\r\n                                \r\n                                    \r\n                                    \r\n                                        \r\n                                            \r\n \r\n\t \r\n\t    \t\r\n\t\t\r\n\t\t\r\n\t\t\tFlorissant Valley\r\n\t\t\r\n    \r\n \r\n\r\n\r\n                                        \r\n                                        \r\n                                    \r\n            \t\t\t        \r\n\t            \t\t\t</td>\r\n            \t\t\t\r\n            \t\t\r\n                        \r\n                            <td>\r\n                                \r\n                                    \r\n                                    \r\n                                        \r\n                                        \r\n                                            \r\n                                                <a id="callNoBrowseDirectLinkComponent_68" href="/iii/encore/SearchResultsPage,searchResultsComponent.resultComponent.searchBrowseResultBibComponent.$BibHoldingsComponent.bibHoldingsAllMaxItems.itemTableComponent.callNoBrowseDirectLinkComponent.sdirect;jsessionid=5F4C8E89B7C5F964F02DBB6C904346CF?lang=eng&amp;sp=Si20198043&amp;sp=Sb2568402&amp;suite=cobalt" onclick="return tapestry.linkOnClick(this.href,\'callNoBrowseDirectLinkComponent_68\', false)">\r\n                                                    VIDEO GAME\r\n                                                </a>\r\n                                            \r\n                                            \r\n                                        \r\n                                    \r\n            \t\t\t        \r\n                                    \r\n                                         \r\n                                    \r\n                                    \r\n            \t\t\t        \r\n                                    \r\n                                         \r\n                                    \r\n                                    \r\n            \t\t\t        \r\n\t            \t\t\t</td>\r\n            \t\t\t\r\n            \t\t\r\n                        \r\n                            <td>\r\n                                \r\n                                    \r\n                                        IN LIBRARY\r\n                                    \r\n                                    \r\n            \t\t\t        \r\n\t            \t\t\t</td>\r\n            \t\t\t\r\n            \t\t\r\n            \t</tr>\r\n            \r\n        </table>\r\n    \r\n\r\n\t                        \r\n\t\t\t\t\t\t\t\r\n\t\t\t\t\t\t\t\t<a id="showAllItemsLinkComponent_68" class="showAllItemsLink customToggle" href="/iii/encore/SearchResultsPage,searchResultsComponent.resultComponent.searchBrowseResultBibComponent.$BibHoldingsComponent.bibHoldingsAllMaxItems.showAllItemsLinkComponent.sdirect;jsessionid=5F4C8E89B7C5F964F02DBB6C904346CF?lang=eng&amp;sp=Sb2568402&amp;sp=T&amp;sp=Sallitemsmax-b2568402&amp;sp=F&amp;suite=cobalt" onclick="return tapestry.linkOnClick(this.href,\'showAllItemsLinkComponent_68\', false)">\r\n\t\t\t\t\t\t\t\tShow remaining items</a>\r\n\t\t\t\t\t\t\t\r\n\t\t\t\t\t\t\t\r\n  \xe2\x80\x8b\t\t\t\t\t\t\t\r\n  \r\n\t\t\t\t\t<form method="post" action="/iii/encore/SearchResultsPage,searchResultsComponent.resultComponent.searchBrowseResultBibComponent.$BibHoldingsComponent.bibHoldingsAllMaxItems.countComponent.sdirect;jsessionid=5F4C8E89B7C5F964F02DBB6C904346CF" id="countComponent_68" style="display:none;">\n<div style="display:none;" id="countComponent_68hidden"><input type="hidden" name="formids" value="allCountInsertComponent_68,allAvailCountInsertComponent_68" />\n<input type="hidden" name="seedids" value="ZH4sIAAAAAAAAAI1Z3XIiuxHeqiRv4ruQKmbAGC4x6z1Llb3rAvYkudoSMwJUO4zIaAbb55nyMqk8R94hLY0EUqsHuLGhv1ar/9US//7fp7/88enTnz/99T89xaujyPhdv3dgW/0vk/uDLHlZm89lzUTJK/isuFJClvrTAf5sZZG/woq/V+xw4NXMW6V2vCh8wlrmH8F3pvhnUfGsBoHzElSoz3DS2zDQSJYLXjDN4K8s5TKrxKF+4TVb8E3F1S7cWb7NGlXL/VfOcl7NNz6a+QjaVSspf81YVT+L8pevzXxzlyajAJ6WgTnzzc/+3TDtPRWK3yUPoagXcBu4Kd7vwOpKlispC+WTc6EOBft4Nej3g3aAmm/SwEp25KudUEvOqmyHlNEuWAJDC2oNQie0204L0Eb9OOSs5oQAA8/3Wu8NodwzK7cNgEteQAwlOFNnAuVyu1uWyaasn+VWlNdt9Tka8JpZFkYFfG78eZcOHuwewCUbcHC5EdX+sZBZwL7/sDp85jWy1yrRemRacRZqsDNW2aRavTz7WC0PZqdwBVAXvIRFkRalrP/xdZHCp381vAq9bsL1RVZ7nypKVd+NJr0CHK7/q0bU3Hxo2QUv8me25kUsallXAhb1eyw/sjLj+Tkhzg4wTcAsirlikSYhls1+LYJEVgco92Wz3XKFy/XICpGbIn6qKlldgNSXENadBz4p60nUQCw6g+zdytCRO7nnr1HiOqou0ahhhMJQzwhAwbWeXjGmWJW2JHgelGwCraeqNBfayiTx4IJlTpzW+waBOG6Xth3GAV5w1RRQBCWRmhbzAVnveLWUTZVx9SJKsWdBHvKSrQvtCc9dSa9q5bTNIggRU+0eS16HMWiXzHT5xm3UX0ZFt03oFX9HQtWZHsnU60zXcc07XCmr2nU+TLdNLEjmoZH3Kg6BnIELzvK0TEdPu+xGttBagnH1cbDnTkokxYmvbQJh6qSXpPlsG5bx+rdKNgd/izN1nqNsOgolkI2JI4YWJbbJ/xzdPbiG//NBf9b+XLHtrJBNjlJFbHf1UuTc9N5vbM9xLKxdi4DRd6Of1WEWwjjiGmQIKcj84un9wMrcqRUUQoAgf9Rsq54ly6FZd44KFVmXlhrYl0xO1eKRznXwWMk3xduCea3ktmL7IBJdvI9ijfkoHqRIieaBk3YLnskq/9s6vR+N08lEnz9mFrQTiQ+0p/vS60HWTSqQy8qPaBK11gTlpDWAw1fhMW/SA+/epaafLJv1npfNomXUea+QFeBzGPkGZtHPRFOE+n7kVV6JI/8s38oCIorWCDV9F2ow6kf0xVkjhLlkPTNo6pbDRC4y4qs5oRHNustQZS2tEtPDIZiVTBMIA6VDNG3DgkJ4FPxNPcXtHUA3+n6HSKDp3UNvXOsnvJcSHEyo1bx8tPxIDIZRV4FcyfOVfKTHfQ/NmJ2Bg7rTG+yZKGJKJMlQSQnmgAF2fCzpkJMTrJO2rFndKC+kyhCwI8W6rbCo+DZvsvqloFVJwnKo12+y5i0a6fsiK27TgcjU/RklLQavwvd9U4r6AzphtLdt6XDmbomGBIfxFtKlvABFUS7ia4N2Lwz4NfdVUXNwudM5DZhzwUDKFObTt84wrnYwEJc60LFuK1EXsChf6NgRzbCDJ53FhfjZ3rzAnhD2p7NYFr5bd+xpnWeaQMg6zXOho8oKc9nAmebvHrHSm0+tnpckNfVORs7yGTp49hxC9mPxTJGp+QWJfW3WhVC7OE4hzz/h6w0cl/d6ap11QY7jiOVk8L9iOOMsNSoEOJe/ykIPGOjILPSNQGc4EnQGIlmZhNtfyXNS4NPihaT7Rn1lymOblxt5wQPqS1MUcSdcewbtePZLoAPKXOpaAAmHw/13WTT76EA/A5HJZoSo+V7N3GPYClpOlL8hiz/BwK0fQqBNidv09Aidg61FAb0IbtZ7VsUdRku2GHEf0RPEmSEYBgcB1DFdmgnEH+NMEyAaVawG6SqbbapDVWUtLvgKX3XCyJ74jGPTu2So8/KUON660cRHQqUA27N3xA2UiIvp7dpLqZ0jw9NgoLcvDJf2qfIDnAOLHeGNsmg7+PC90qcnBWphxhMBtT0NkX+AXreckKhlEOn0IcCia1rfwp+hrMP7wiBYGOGDoY4ZTAV+oj4VHObjYHA5KfA7Kxp057q/n/Tg7BKlwYJpfOgj6D471Ed4xqImOTjTw9N95AaCM4jcd34e5tUNcJQkmuE3KaH4X9ghmoJIhkiG0516eSAs6FyPim8wcQ+ZM8jTb7KtaKRe5kHt+3vkQXvjME1gdQpo9IowIreLlLXSsKAwM9uhoDDVEeujX31QrRfkU9BorCGTp114WIlI23FUxxGD0xSdu/qoWct3c+TAKKonRZKhG/GXpt1rQ8hvltZ97ekddyijuPbMaqd/MoFVbfJ2C3Td9wW657kBU00y6JHmomCXoFkVd1DowpGKBVbwgsFuG99mJLOd338cuib4cU/AJcCbj9qTvf2JScNdZz8qvnEwtXyv8KQ/7nF9t/V7aLgatnk6caClWTuKzWQ45oQAXqNp2FaYceZqXSLW9gW8qczxz6ujNxq5XweQfZNRiq3Tj2n3Ix0yFQl/mS5mYwuidRvxbq4K9nJDnB3AdGSVYUqiyWXc8VgFf83zHWFpzPz0XvOqZNjrcPcXWWH7FcLiN6xhf0S/YbXA9YeNlo+aIa3oePY4ARSNKLOQH5Epk5Iuk5IbTUo6TUq6TEoIkyJmT/eENikhTHoYToZklBxwzSTHF5t0Eo1N8gCKFpmE+RGZMmnYZdLwRpOGnSYZ0aYJUHYNCbuGF+wa0nYNCbvGyfjhgbLLAdfscnyxXScJ6JqCest9HMuTUgVJi2zG/IgcxXI0HJMV54CrsbR8RCyd6CiMZ4CixWFE/IhMpWe/Kz37N6ZnvzM9+0QC9ukk63c4nNbOArc4vEM7Jxr5ldLOkokGnJAl4IAbGnBCl8BJNNGAE5zhLc00gc4unBBp7shRaacT2usOuFralo8obSc6qtwzQNHiykX8iEx0q9F9R7cywA3dyvCR3aoVTTQjB1A0qhkF/IhMmHRP/irngBtMMnykSa1owiQHUDTKpIAfkaNyv79PySg54Gq5Wz6i3J3oqL+eAYoW91fEj8iRScmo4/i3wFWTLB9hkhPtaQ5N4E//xYBT0ZIpFdMuFdMbVUw7VUxJr58BihZ7HfEjcmTSJBnQB7UFrppk+QiTnGhfc0Rz2llyfKpNxmTlOuD6qdbyUaeaFR2PESeAohFjRMiPyFEzguynm5EFrjYjy0c0Iyfa7zmI5vqKJVM3JTLDHXDLTYnO8JNo6qaEM5xk9q5ERIZb8v8BU9s0og4sAAA=" />\n<input type="hidden" name="lang" value="eng" />\n<input type="hidden" name="suite" value="cobalt" />\n<input type="hidden" name="reservedids" value="inst,lang,suite" />\n<input type="hidden" name="submitmode" value="" />\n<input type="hidden" name="submitname" value="" />\n<input type="hidden" name="allCountInsertComponent_68" id="allCountInsertComponent_68" value="100" />\n<input type="hidden" name="allAvailCountInsertComponent_68" id="allAvailCountInsertComponent_68" value="100" />\n</div>\r\n\t\t\t\t\t\r\n\t\t\t\t\t\r\n\t\t\t\t\t</form> \r\n\t                    </div>\r\n\t                \r\n\t                \r\n                \r\n                \r\n            </div><!--end mark-->\r\n    \r\n\r\n                                    </div>\r\n                            \r\n                            \r\n                            <div id ="showMoreLessLinkContainer">&nbsp;</div>\r\n                            \r\n                            <img alt="Drop Up Shadow" src="resources/gold/images/dropShadowUpArrow.png" class="dropShadowUpArrow" id="dialogUpArrowImageAnyComponent_18"></img>\r\n                        </div>\r\n                    </div>\r\n                    \r\n               \r\n               \r\n    \t\r\n    \t<!-- Order info -->\r\n        \r\n   \r\n\r\n\r\n                    \r\n                    \n    \n     \n\r\n                    \r\n\t\r\n\t\t<span title="ctx_ver=Z39.88-2004&amp;rft_val_fmt=info%3Aofi%2Ffmt%3Akev%3Amtx%3Abook&amp;rfr_id=info%3Asid%2Fiii.com%3Aencore&amp;rft.btitle=Nintendo+Switch+%3A+Overcooked%21&amp;rft.isbn=&amp;rft.date=&amp;rft_id=http%3A%2F%2Fencore.slcl.org%2Fiii%2Fencore%2Frecord%2FC__Rb2568402__SNintendo%2520Switch__P0%252C19__Orightresult__X3%3Bjsessionid%3D5F4C8E89B7C5F964F02DBB6C904346CF%3Flang%3Deng%26suite%3Dcobalt" class="Z3988" id="coinsAnyComponent_18"></span>\r\n\t\r\n\r\n                    <!-- ratingReviewsSummaryComponent -->\r\n                    \r\n                    <div class="addtlInfo">\r\n                       \r\n                       \r\n                       \r\n   \r\n\r\n                    </div>\r\n                </div>\r\n            </div>\r\n            <div class="bibLocations">\r\n                \r\n                \r\n            </div>\r\n        </div>\r\n    \r\n\r\n\t\r\n\r\n\t<!-- Browse Result Resource -->\r\n\t\r\n\r\n\t<!-- Browse Result External -->\r\n\t\r\n\r\n               \r\n           \r\n               \r\n\t<!-- Browse Result Program -->\r\n\t\r\n\r\n\t<!-- Browse Result Bib -->\r\n\t\r\n\t\t \r\n    \r\n        <div id="resultRecord-b2579103" class="gridBrowseContent2 searchResult">\r\n            <div class="gridBrowseCol1">\r\n                <div id="actionsUpdate-b2579103">\r\n                  \r\n    <span id="anyWrapperComponent_19">\r\n        \r\n    </span>\r\n\r\n                  <div class="citationButtons">\r\n                     \n    <div class="requestLink" id="Any_20">\n        \n\n        \n            <div class="Request" id="Any_1_19"> \n                        \t         \n            \t \n                \n                \n                \n                \t\n    \n    \n \n       \n        \n        \n            \n                <div class="requestButton">\n                   <a id="genericLink_19" class="button secondaryAction" href="https://encore.slcl.org/iii/encore/search;jsessionid=5F4C8E89B7C5F964F02DBB6C904346CF/Sdologin?lang=eng&amp;target=Nintendo%20Switch&amp;loginReason=doRequest&amp;actionRecordId=b2579103">\n                       <img alt="Direct Link" src="resources/gold/images/hold.png" id="genericLinkImage_19"></img>Request it\n                   </a>\n                </div>   \n            \n            \n        \n    \n\n                \n                \n                  <!--     popup -->\n                 \n        \t <!--    popup -->\n                \n            </div>\n        \n    </div>\n\r\n                  </div>\r\n                  \r\n<div class="addtlActions">\r\n\t\t<p>Additional actions:</p>\r\n    <ul class="inline-list initialActions">\r\n        \r\n        <li>\r\n    \r\n        <span id="bookCartOperationAnyComponentb2579103">\r\n            \r\n            \r\n\t\t\t\t\t<a id="addToBookCartLinkComponent_19" onMouseup="renewSession()" href="/iii/encore/SearchResultsPage,searchResultsComponent.resultComponent.searchBrowseResultBibComponent.recordActionsComponent.bookCartOperationComponent.addToBookCartLinkComponent.sdirect;jsessionid=5F4C8E89B7C5F964F02DBB6C904346CF?lang=eng&amp;sp=Sb2579103&amp;suite=cobalt" onclick="return tapestry.linkOnClick(this.href,\'addToBookCartLinkComponent_19\', false)">\r\n\t\t\t\t\t\t<img alt="Book Cart" width="22" title="Add to cart" src="resources/gold/images/bookcart.png" class="actionIcon" height="20" id="addToBookcartImageAnyComponent_19"></img>\r\n\t\t\t\t    </a>\r\n            \r\n        </span>\r\n    \r\n</li>\r\n        <li>\r\n    <a id="emailLinkComponent_19" onMouseup="renewSession()" class="toolbarItem popInDialogTrigger" href="/iii/encore/SearchResultsPage,searchResultsComponent.resultComponent.searchBrowseResultBibComponent.recordActionsComponent.emailComponent.emailLinkComponent.sdirect;jsessionid=5F4C8E89B7C5F964F02DBB6C904346CF?lang=eng&amp;sp=Sb2579103&amp;suite=cobalt" onclick="return tapestry.linkOnClick(this.href,\'emailLinkComponent_19\', false)">\r\n        <img alt="Email" width="19" title="Email" src="resources/gold/images/email.png" class="actionIcon" height="13" id="emailImageAnyComponent_19"></img>\r\n        \r\n    </a>\r\n    <!--confirmation dialog-->\r\n    \r\n    <div id="emailMessageContainer">\r\n        <div id="sentStatus">\r\n            <div id="emailStatusMessage">\r\n                \r\n            </div>\r\n        </div>\r\n    </div>\r\n</li>\r\n        \r\n             <li>\r\n\t\r\n</li>\r\n             <li>\r\n    \r\n</li>\r\n        \r\n        \r\n            <li><a href="javascript:void(0);" class="popUpTrigger moreActionsLink" onclick="toggleBibHoldingsPopup(this, false, \'moreActionsWrapper\',\'gridBrowseCol1\')">\r\n            <img width="13" alt="more actions" title="More actions" src="resources/gold/images/more.png" class="actionIcon" height="13" id="moreActionsImageAnyComponent_19"></img></a></li>\r\n        \r\n    </ul>\r\n   <div class="moreActionsWrapper popUpWrapper">\r\n       <a class="closeLink" onclick="toggleBibHoldingsPopup(this, true, \'moreActionsWrapper\',\'gridBrowseCol1\')" href="javascript:void(0);">\r\n           close\r\n       </a>\r\n       <h3 class="moreActionsHeader">more</h3>\r\n        <ul class="inline-list moreActions">\r\n            <li>\r\n    \r\n\t    \r\n\t    \r\n\t        <a id="loginLinkComponent_19" href="https://encore.slcl.org/iii/encore/search;jsessionid=5F4C8E89B7C5F964F02DBB6C904346CF/Sdologin?lang=eng&amp;target=Nintendo%20Switch&amp;loginReason=doTag&amp;actionRecordId=b2579103">\r\n\t           <img width="20" title="Add a Tag" src="resources/gold/images/tag.png" class="actionIcon" height="19" id="createCommunityTagsIconImageAny2Component_19"></img>\r\n\t        </a>\r\n\t    \r\n    \r\n</li>\r\n            \r\n            \r\n        </ul>\r\n       <img src="resources/gold/images/dropShadowArrow.png" class="dropShadowArrow" id="dialogArrowImageAnyComponent_19"></img>\r\n    </div>\r\n</div>\t \r\n\r\n                </div>\r\n            </div>\r\n            <div class="gridBrowseCol2">\r\n                \r\n                    <!--title-->\r\n                <div class="dpBibTitle">\r\n                    <!-- please read c1063106, c1063117, c1044421, c1060576a before changing title -->\r\n                    \r\n                        \r\n                            <span class="title">\r\n                                <a id="recordDisplayLink2Component_19" href="/iii/encore/record/C__Rb2579103__SNintendo%20Switch__P0%2C20__Orightresult__X3;jsessionid=5F4C8E89B7C5F964F02DBB6C904346CF?lang=eng&amp;suite=cobalt">\r\n                                    Nintendo Switch : Scribblenauts mega pack.\r\n                                </a>\r\n                            </span>\r\n                        \r\n                        \r\n                        \r\n                            <span class="title">\r\n                                <span class="additionalFields customSecondaryText">\r\n                                    \r\n                                </span>\r\n                            </span>\r\n                        \r\n                    \r\n\r\n                    \r\n                    <div class="dpBibAuthor">\r\n                        \r\n                        \r\n                    </div>\r\n                    <!-- MARC 962 Media -->\r\n                    <div class="recordDetailValue">\r\n                        \r\n                        <span class="itemMediaDescription" id="mediaTypeInsertComponent_19">ELECTRONIC RES</span>\r\n                        \r\n                        \r\n                                <span class="pipeDivider">|</span>\r\n                                <span class="itemMediaYear" id="searchResultPubYearInsertComponent_19"></span>\r\n                            \r\n                        \r\n                              <span class="pipeDivider">|</span>\r\n                              <span class="itemEdition" id="searchResultEditionInsertComponent_19">Nintendo Switch ed.</span>\r\n                           \r\n                    </div>\r\n                    \r\n                    \r\n                        <!-- bibHoldingsComponentAvailableOnlyOrAllItems -->\r\n                        \r\n    <!--start item info-->\r\n    \r\n    \r\n        <!-- over threshold holdings info -->\r\n        \r\n\t\r\n\r\n    \t<!--ERM-->\r\n        \r\n    \r\n    <!-- Dialog content -->\r\n    \r\n\r\n        <!-- checkin info -->\r\n        \r\n\t\r\n\r\n        <!-- Volume info -->\r\n        \r\n        <!-- Item info -->\r\n        \r\n                \r\n                  <!--This ItemsContainer elem does not get rendered into a toggle on the record page - only the browse -->\r\n                  <div id="ItemsContainer-b2579103" class="ItemsContainer">\r\n                        \r\n                           \r\n    \r\n        <div class="availabilitySummaryArea">\r\n            \r\n                <div class="dpBibHoldingStatement">\r\n                    <span class="availabilityMessage">\r\n                        <span class="itemsAvailable">Available</span> at Bridgeton Trails (<span class="availCallNumber">VIDEO GAME</span>) plus 5 more\r\n                    </span>\r\n                    \r\n                        <span class="itemsContainerPopUpTrigger"></span>\r\n                    \r\n                </div>\r\n            \r\n        </div>\r\n    \r\n    \r\n    \r\n\r\n                        \r\n                        <div class="content bibHoldingsWrapper popUpWrapper">\r\n                            <a href="javascript:void(0);" onclick="toggleBibHoldingsPopup(this, true)" class="closeLink">close</a>\r\n                            <!-- available-->\r\n                              \r\n                                  <div id="availableItemsSection" class="availableItemsSection">\r\n                                      \r\n    \r\n\r\n    \r\n            \r\n            \r\n                    <!--link moved into dpBibHoldingStatement via initBibHoldingsToggle JS -->\r\n                    <span class="itemsAvailHeader itemsSectionHeader" id="availHeaderWrapperAny2Component_34"><a href="javascript:void(0);" onclick="toggleBibHoldingsPopup(this)">see all</a></span>\r\n            \r\n            <!--start mark -->\r\n             <h3 class="sectionHeader itemsHeader customHeader">Items</h3>\r\n            <div id="allavailitems-b2579103">\r\n                \r\n\t                \r\n\t                    <div class="itemTableWrapper popUpContentWrapper">\r\n\t                        \r\n    \r\n\t\t<table class="itemTable" cellspacing="3">\r\n        \t<tr>\r\n\t        \t\r\n\t        \t\t<th>\r\n\t        \t\t\tLocation\r\n\t        \t\t</th>\r\n\t        \t\r\n\t        \t\t<th>\r\n\t        \t\t\tCall No.\r\n\t        \t\t</th>\r\n\t        \t\r\n\t        \t\t<th>\r\n\t        \t\t\tStatus\r\n\t        \t\t</th>\r\n\t        \t\r\n        \t</tr>\r\n            \r\n            \t<tr>\r\n            \t\t\r\n                        \r\n            \t\t\r\n                        \r\n                            <td>\r\n                                \r\n                                    \r\n                                    \r\n                                        \r\n                                            \r\n \r\n\t \r\n\t    \t\r\n\t\t\r\n\t\t\r\n\t\t\tBridgeton Trails\r\n\t\t\r\n    \r\n \r\n\r\n\r\n                                        \r\n                                        \r\n                                    \r\n            \t\t\t        \r\n\t            \t\t\t</td>\r\n            \t\t\t\r\n            \t\t\r\n                        \r\n                            <td>\r\n                                \r\n                                    \r\n                                    \r\n                                        \r\n                                        \r\n                                            \r\n                                                <a id="callNoBrowseDirectLinkComponent_69" href="/iii/encore/SearchResultsPage,searchResultsComponent.resultComponent.searchBrowseResultBibComponent.$BibHoldingsComponent.bibHoldingsAvailableItems2.itemTableComponent.callNoBrowseDirectLinkComponent.sdirect;jsessionid=5F4C8E89B7C5F964F02DBB6C904346CF?lang=eng&amp;sp=Si20316384&amp;sp=Sb2579103&amp;suite=cobalt" onclick="return tapestry.linkOnClick(this.href,\'callNoBrowseDirectLinkComponent_69\', false)">\r\n                                                    VIDEO GAME\r\n                                                </a>\r\n                                            \r\n                                            \r\n                                        \r\n                                    \r\n            \t\t\t        \r\n                                    \r\n                                         \r\n                                    \r\n                                    \r\n            \t\t\t        \r\n                                    \r\n                                         \r\n                                    \r\n                                    \r\n            \t\t\t        \r\n\t            \t\t\t</td>\r\n            \t\t\t\r\n            \t\t\r\n                        \r\n                            <td>\r\n                                \r\n                                    \r\n                                        IN LIBRARY\r\n                                    \r\n                                    \r\n            \t\t\t        \r\n\t            \t\t\t</td>\r\n            \t\t\t\r\n            \t\t\r\n            \t</tr>\r\n            \r\n        </table>\r\n    \r\n\r\n\t                        \r\n\t\t\t\t\t\t\t\r\n\t\t\t\t\t\t\t\t<a id="showAllItemsLinkComponent_69" class="showAllItemsLink customToggle" href="/iii/encore/SearchResultsPage,searchResultsComponent.resultComponent.searchBrowseResultBibComponent.$BibHoldingsComponent.bibHoldingsAvailableItems2.showAllItemsLinkComponent.sdirect;jsessionid=5F4C8E89B7C5F964F02DBB6C904346CF?lang=eng&amp;sp=Sb2579103&amp;sp=T&amp;sp=Sallavailitems-b2579103&amp;sp=F&amp;suite=cobalt" onclick="return tapestry.linkOnClick(this.href,\'showAllItemsLinkComponent_69\', false)">\r\n\t\t\t\t\t\t\t\tShow remaining items</a>\r\n\t\t\t\t\t\t\t\r\n\t\t\t\t\t\t\t\r\n  \xe2\x80\x8b\t\t\t\t\t\t\t\r\n  \r\n\t\t\t\t\t<form method="post" action="/iii/encore/SearchResultsPage,searchResultsComponent.resultComponent.searchBrowseResultBibComponent.$BibHoldingsComponent.bibHoldingsAvailableItems2.countComponent.sdirect;jsessionid=5F4C8E89B7C5F964F02DBB6C904346CF" id="countComponent_69" style="display:none;">\n<div style="display:none;" id="countComponent_69hidden"><input type="hidden" name="formids" value="allCountInsertComponent_69,allAvailCountInsertComponent_69" />\n<input type="hidden" name="seedids" value="ZH4sIAAAAAAAAAI1Zz3IivRHfQ/ImPjpVzBiDOWLs/ZYqe9cF7JfkkNoSjADVDiMizWA7z5RXyzukpZFAavUAFxv612r1f7XEf//35a//+fLlL19u/3WruTqIFb/p3e7Zxvxbyd1eVryq7eeqZqLiCj5rrrWQlfm0hz8bWRZvsOLviu33XE2CVXrLyzIkLGXxGX1nmj8JxVc1CJxWoEJ9grPbNQONZDXjJTMM4cpKzldK7OtXXrMZXyuut/HO8n3S6FruvnFWcDVdh+gqRNCuRkn5e8JU/SKq36E20/VNnucRPK4ic6brX72bfv/2udT8Jhv2I95XcBu4Kd1vz2olq4WUpQ7JhdD7kn2+WfTH3jhAT9d5ZCU78MVW6DlnarVFyhgXzIGhBY0GsRPabcclaKN/7gtWc0KAhac7o/eaUO6FVZsGwDkvIYYSnGkygXK52221kk1Vv8iNqC7bGnI04DW7LI4K+Nz68ybv524P4JINOLhaC7V7LOUqYt99Oh2eeI3sdUq0HhkrzmINttYql1SL15cQq+Xe7hSvAOqMV7Ao0aKS9T++zXL49O+Gq9jrNlxfpdqFVFHp+mbYuy3B4ea/bkTN7YeWXfCyeGFLXqai5rUSsKh3y4oDq1a8OCXEyQG2CdhFKVcq0ibEvNktRZTIeg/lPm82G65xuR5YKQpbxM9KSXUG0l9j2HQe+KSdJ1EDcegEsncjY0du5Y6/JYnrqaZEk4YRC0M9IwIFN3oGxZhjVdqS4EVUshm0HqUMF9rKJvHdGcu8OKP3FQJx3M5t208DPOO6KaEIKiI1HRYCst5yNZeNWnH9KiqxY1Ee8ootS+OJwF35rWrltM0iChHT7R5zXscxaJdMTPmmbTRcRkW3TegF/0BC9YmeyDTrbNfxzTteKVXtOx+muyYWJXPfynsT+0jOnQ/O/LjMRM+47Eq22FqCcfG5d+dOTiTFka9tAnHq5OekhWxrtuL1H0o2+3CLE3VaoGw6CC2QjZknxhZlrsn/GtwMj5+H5rPx54JtJqVsCpQqYrOt56Lgtvd+ZzuOY+HsmkWMoRvDrI6zEMYR3yBjSEPml88fe1YVXq2oECIE+aNmG/0iWQHNunNUUGRdOmpkX36qloB0qoNHJd81bwvmTcmNYruoPrt4H8US81E8SJEKzQNH7WZ8JVXxt2V+P3jIRyNz/thZ0E0kIdCe7vOgBzk36Uguqz6TSdRZE2rQz0ADOHw1GvOAFbx7k2emn8yb5Y5XzaxlNHmvkRXgczPyZWbRr8xQhP5x4KpQ4sCf5HtVQkTRGqHHH0LfDXoJfXbSCGE+WU8MhrrhMJGLFfHVntCI5txlqbKWTonxfh/NSrYJxIEyIRq3YUEhPAj+rp+J9n6aon9AJND0HqBXrg0TPkgJDibUelo9On4kBsNxVzG5UhQL+UiO+yG6Ym4GjurObLBjokwpiSRLJSXYAwbY8bGU2wGAmGC9tHnN6kYHIdWWgB0plm2FJcW3fpfqt4ZWJQnLoV6/y5q3aKLvq1TcpQORqbsTSloMXoXvu6YS9Sd0wmRv19LhzN0QDQkO4w2kS3UGSqJcptcG414Y8GseqqKn4HKvcx4xF4KBlDHMp++dYVxsYSCuTKBT3RaiLmFRMTOxI5phB08+SQvxyd28wJ4YDqezVBY+rzv2dM6zTSBmHReFMFFlpb1s4EwLd09Y6c3HTs9zkpp6KxNnhQwdPDsOIfs5e6HI5PwSi31rlqXQ2zROMc8/4esVHOf3em6ddUaO50jlrOC/YjjjHDUpBDiXv8nSDBjoyCzNjcBkOBJ0AhJZKwm3v4oXpMDn2StJD436xnTANq3W8owH9NemLNNOuAwM2vLVb4EOKHupawEkHA73P2XZ7JID/QQkJtsRouY7PfGPYQtoOUn+xizhBAO3fgiBMSVt0+MDdA62FCX0IrhZ75hKO4yR7DDiPmImiBNDPOxmIdQxXdoJJBzjbBMgGlWqBukql226Q1XtLC75Al914sge+axj85vs3uTlMXGCdcNeiMRKAbZjH4gbKAkXM9u1l1I3R8anwZ3ZvrRcxqc6DHABLG6Et8qi7eDDD2VOTwo0wqwnImp7GiL/DM1lwXJColbx2P9wF2JJjLO8hZ+grKOFGeRIsDDB7+77EDOYCsJEfS45zMfx4OIV+JOVDbpz3Q+Gt3B2icpi0eUWpJ8QdJ8FDCqf4SZpNPb0+HQf+oHgBCL3nZ6HuboCTpLEMPwhJRT/K9snUxDJkMjwulMvD4QFnevRXRm84h4yJ5Cn32Vb0Ui9VQC17++JB92NwzaBxTGgySvCsEdtlyjrpGFBcWa2Q0FpqyPVx7z6oFovyaegwchANk+78LgSY20BxnWcMHhNw3Qc3a7MUbOUH/bIgVHUTIokQzcSLs2718ZQ2Cyd+wwZnJB0KKu48cxia34ygVVt8nYL9N33Fbqna8B9ukkGJdu+dPklaFYFNOqg0IUTFUus4BmD/TahzUhmO7//3HdM8LBQwCUgmI/ak739icnAXWc/Kr5RNLX8UGjSB5ybu23YQ+PVsM3zkQOnVzuKTWQ05iAArzE0bCvMOFO9rBBr+wLeKHv8c3UIRiP/6wCybzTIsXXmMe1+YEKmE+Gv49nkwYFo3Vp82KuCu9wQZwcwHZiyTFnyQ+Go47EK/trnO8LSlPn5o+aqYtjrcPcXq9L1K4Slb1j93oB+w2qByw8bLR81QzrR6exxBCgaUWYxPyJTJmVdJmVXmpR1mpR1mZQRJiXMge4ZbVJGmDTsj/pklDxwySTPl5p0FI1NCgCKlpiE+RGZMqnfZVL/SpP6nSZZ0bYJUHb1Cbv6Z+zq03b1CbsesofhkLLLA5fs8nypXUcJ6JqCegsx7R+VKklaYjPmR+QkloP+A1lxHrgYS8dHxNKLTsJ4AihaGkbEj8hUeva60rN3ZXr2OtOzRyRgj06yXofDae0ccI3DO7TzopFfKe0cmWjAGVkCHriiAWd0CRxFEw04wxne0mwT6OzCGZHmnpyUdj6ive6Bi6Xt+IjS9qKTyj0BFC2tXMSPyES3Gtx3dCsLXNGtLB/ZrVrRRDPyAEWjmlHEj8iESffkr3IeuMIky0ea1IomTPIARaNMivgROSn3+/ucjJIHLpa74yPK3YtO+usJoGhpf0X8iJyYlA06jn8HXDTJ8REmedGB5rYJYMCr6MiUinmXivmVKuadKuak108ARUu9jvgROTFplN3RB7UDLprk+AiTvOhQc0Tz2jlyeqqNHsjK9cDlU63lo041JzodI44ARSPGiJgfkZNmBNlPNyMHXGxGjo9oRl502HMQzfcVR6ZuSmSGe+CamxKd4UfR1E0JZzjJHFyJiAz3ZCLDe3cdGf7+y0JX5LjlI3O8FZ5kUQv8H/FWuK6cLAAA" />\n<input type="hidden" name="lang" value="eng" />\n<input type="hidden" name="suite" value="cobalt" />\n<input type="hidden" name="reservedids" value="inst,lang,suite" />\n<input type="hidden" name="submitmode" value="" />\n<input type="hidden" name="submitname" value="" />\n<input type="hidden" name="allCountInsertComponent_69" id="allCountInsertComponent_69" value="100" />\n<input type="hidden" name="allAvailCountInsertComponent_69" id="allAvailCountInsertComponent_69" value="100" />\n</div>\r\n\t\t\t\t\t\r\n\t\t\t\t\t\r\n\t\t\t\t\t</form> \r\n\t                    </div>\r\n\t                \r\n\t                \r\n                \r\n                \r\n            </div><!--end mark-->\r\n    \r\n\r\n                                  </div>\r\n                              \r\n                             <!--all -->\r\n                              \r\n                                   <a href="javascript:void(0);" onclick="showHideItemsToggle(this)" class="showAllToggleLink availCheckboxLink"><img width="15" src="resources/gold/images/checkbox_checked.png" class="availCheckbox" height="13" id="checkboxCheckedImageComponent_19"></img>only show available</a>\r\n                                   <a href="javascript:void(0);" onclick="showHideItemsToggle(this)" class="showAvailableToggleLink availCheckboxLink"><img width="15" src="resources/gold/images/checkbox.png" class="availCheckbox" height="13" id="checkboxImageComponent_19"></img>only show available</a>\r\n                                   <a href="javascript:void(0);" onclick="showHideItemsToggle(this)" class="showAllMaxToggleLink availCheckboxLink"><img width="15" src="resources/gold/images/checkbox_checked.png" class="availCheckbox" height="13" id="checkboxCheckedImage2Component_19"></img>only show available</a>\r\n                                   <a href="javascript:void(0);" onclick="showHideItemsToggle(this)" class="showAvailableMaxToggleLink availCheckboxLink"><img width="15" src="resources/gold/images/checkbox.png" class="availCheckbox" height="13" id="checkboxImage2Component_19"></img>only show available</a>\r\n                                    \r\n                                    <div id="allItemsSection" class="allItemsSection">\r\n                                       \r\n    \r\n\r\n    \r\n            \r\n            \r\n                    <!--link moved into dpBibHoldingStatement via initBibHoldingsToggle JS -->\r\n                    <span class="itemsSectionHeader" id="availHeaderWrapperAny2Component_35"><a href="javascript:void(0);" onclick="toggleBibHoldingsPopup(this)">see all</a></span>\r\n            \r\n            <!--start mark -->\r\n             <h3 class="sectionHeader itemsHeader customHeader">Items</h3>\r\n            <div id="allitems-b2579103">\r\n                \r\n\t                \r\n\t                    <div class="itemTableWrapper popUpContentWrapper">\r\n\t                        \r\n    \r\n\t\t<table class="itemTable" cellspacing="3">\r\n        \t<tr>\r\n\t        \t\r\n\t        \t\t<th>\r\n\t        \t\t\tLocation\r\n\t        \t\t</th>\r\n\t        \t\r\n\t        \t\t<th>\r\n\t        \t\t\tCall No.\r\n\t        \t\t</th>\r\n\t        \t\r\n\t        \t\t<th>\r\n\t        \t\t\tStatus\r\n\t        \t\t</th>\r\n\t        \t\r\n        \t</tr>\r\n            \r\n            \t<tr>\r\n            \t\t\r\n                        \r\n            \t\t\r\n                        \r\n                            <td>\r\n                                \r\n                                    \r\n                                    \r\n                                        \r\n                                            \r\n \r\n\t \r\n\t    \t\r\n\t\t\r\n\t\t\r\n\t\t\tBridgeton Trails\r\n\t\t\r\n    \r\n \r\n\r\n\r\n                                        \r\n                                        \r\n                                    \r\n            \t\t\t        \r\n\t            \t\t\t</td>\r\n            \t\t\t\r\n            \t\t\r\n                        \r\n                            <td>\r\n                                \r\n                                    \r\n                                    \r\n                                        \r\n                                        \r\n                                            \r\n                                                <a id="callNoBrowseDirectLinkComponent_70" href="/iii/encore/SearchResultsPage,searchResultsComponent.resultComponent.searchBrowseResultBibComponent.$BibHoldingsComponent.bibHoldingsAllItems.itemTableComponent.callNoBrowseDirectLinkComponent.sdirect;jsessionid=5F4C8E89B7C5F964F02DBB6C904346CF?lang=eng&amp;sp=Si20316384&amp;sp=Sb2579103&amp;suite=cobalt" onclick="return tapestry.linkOnClick(this.href,\'callNoBrowseDirectLinkComponent_70\', false)">\r\n                                                    VIDEO GAME\r\n                                                </a>\r\n                                            \r\n                                            \r\n                                        \r\n                                    \r\n            \t\t\t        \r\n                                    \r\n                                         \r\n                                    \r\n                                    \r\n            \t\t\t        \r\n                                    \r\n                                         \r\n                                    \r\n                                    \r\n            \t\t\t        \r\n\t            \t\t\t</td>\r\n            \t\t\t\r\n            \t\t\r\n                        \r\n                            <td>\r\n                                \r\n                                    \r\n                                        IN LIBRARY\r\n                                    \r\n                                    \r\n            \t\t\t        \r\n\t            \t\t\t</td>\r\n            \t\t\t\r\n            \t\t\r\n            \t</tr>\r\n            \r\n        </table>\r\n    \r\n\r\n\t                        \r\n\t\t\t\t\t\t\t\r\n\t\t\t\t\t\t\t\t<a id="showAllItemsLinkComponent_70" class="showAllItemsLink customToggle" href="/iii/encore/SearchResultsPage,searchResultsComponent.resultComponent.searchBrowseResultBibComponent.$BibHoldingsComponent.bibHoldingsAllItems.showAllItemsLinkComponent.sdirect;jsessionid=5F4C8E89B7C5F964F02DBB6C904346CF?lang=eng&amp;sp=Sb2579103&amp;sp=T&amp;sp=Sallitems-b2579103&amp;sp=F&amp;suite=cobalt" onclick="return tapestry.linkOnClick(this.href,\'showAllItemsLinkComponent_70\', false)">\r\n\t\t\t\t\t\t\t\tShow remaining items</a>\r\n\t\t\t\t\t\t\t\r\n\t\t\t\t\t\t\t\r\n  \xe2\x80\x8b\t\t\t\t\t\t\t\r\n  \r\n\t\t\t\t\t<form method="post" action="/iii/encore/SearchResultsPage,searchResultsComponent.resultComponent.searchBrowseResultBibComponent.$BibHoldingsComponent.bibHoldingsAllItems.countComponent.sdirect;jsessionid=5F4C8E89B7C5F964F02DBB6C904346CF" id="countComponent_70" style="display:none;">\n<div style="display:none;" id="countComponent_70hidden"><input type="hidden" name="formids" value="allCountInsertComponent_70,allAvailCountInsertComponent_70" />\n<input type="hidden" name="seedids" value="ZH4sIAAAAAAAAAI1Z3XIaOxLOxe6b+NJbxYzBmEtCnBOq7MQF5OzuVUrMCFBlGHGkGWzvM+2r7TtsSyOB1Oox3NjQX6vV/2qJ//7v09//8+nT3z7d/nWruTqKgt8Mbg9sa/4Vcn+QNa8b+7lumKi5gs+aay1kbT4d4M9WVuULrPinYocDV7Ngld7xqgoJa1m+R9+Z5l+E4kUDAuc1qNCc4ex2w0AjWS94xQxDuLKWy0KJQ/PMG7bgG8X1Lt5Zvs5a3cj9N85KruabEC1CBO1qlJS/Z0w1T6L+HWoz39zk+V0ET+vInPnm1+BmOLx9rDS/ycajiPcZ3AZuSvc7sEbJeiVlpUNyKfShYu8vFv1xMA7Q800eWcmOfLUTesmZKnZIGeOCJTB0oNEgdkK37bQCbfTPQ8kaTgiw8Hxv9N4Qyj2xetsCuOQVxFCCM00mUC53uxWFbOvmSW5FfdnWkKMFr9llcVTA59afN/lw7PYALtmCg+uNUPvPlSwi9v270+ELb5C9TonOI1PFWazBzlrlkmr1/BRijTzYneIVQF3wGhYlWtSy+de3RQ6f/mq5ir1uw/VVqn1IFbVubsbZbQUON/91KxpuP3TsglflE1vzKhW1bJSARYNbVh5ZXfDynBBnB9gmYBelXKlImxDLdr8WUSLrA5T7st1uucblemSVKG0RPyol1QeQ/hrDpvPAJ+08iRqIQ2eQvVsZO3In9/wlSVxPNSWaNIxYGOoZESi40TMoxhyr0pUEL6OSzaD1KGW40FY2ie8+sMyLM3pfIRDH7aNth2mAF1y3FRRBTaSmw0JANjuulrJVBdfPohZ7FuUhr9m6Mp4I3JXfqk5O1yyiEDHd7bHkTRyDbsnMlG/aRsNlVHS7hF7xNyRUn+mJTLPOdh3fvOOVUjW+82G6a2JRMg+tvBdxiOTc+eAsT8tM9IzLrmSLrSUYV+8Hd+7kRFKc+LomEKdO/pG0kG3DCt78oWR7CLc4U+clyqaj0ALZmHlibFHmmvyv+5tx7j+PzWfjzxXbzirZlihVxHbXLEXJbe/9zvYcx8LZtYgYQzeGWR1nIYwjvkHGkIbMrx7fDqwuvVpRIUQI8kfDtvpJshKade+ooMi6dNTIvvxcLQHpXAeflXzVvCuYFyW3iu2j+uzj/SzWmI/iQYrUaB44abfghVTlP9b56P4hn0zM+WNnQTeRhEB3ui+DHuTcpCO5rH5PJlFnTajBMAMN4PDVaMwDVvDuTZ6ZfrJs13tet4uO0eS9RlaAz83Il5lFvzJDEfrHkatSiSP/Il/rCiKK1gg9fRP67n6Q0BdnjRDmk/XMYKhbDhO5KIiv9oRGNOcuS5WNdEpMD4doVrJNIA6UCdG0CwsK4VHwV/1ItPfzFP0DIoGm9wC9cm2Y8EFKcDCh0fP6s+NHYjAcdxWTK2W5kp/JcT9EC+Zm4KjuzAZ7JqqUkkiyVFKCPWCAHR9LuR0AiAnWS1s2rGl1EFJtCdiRYt1VWFJ8m1epfmtoVZKwHOr1u2x4hyb6PkvFXToQmbo/o6TF4FX4vm9r0bxDJ0z2di0dztwt0ZDgMN5CutQfQEmUq/TaYNwLA37DQ1X0HFzudc4j5lIwkDKF+fS1N4yrHQzEtQl0qttKNBUsKhcmdkQz7OHJZ2khfnE3L7AnhsPpLJWFz+uePZ3zbBOIWadlKUxUWWUvGzjTwt0TVnrzqdPzI0lts5OJs0KGHp49h5D9XDxRZHJ+icW+tOtK6F0ap5jn3/D1Co6P93rsnPWBHM+Ryingv2I44xw1KQQ4l7/JygwY6MiszI3AZDgSdAYSWYWE21/NS1Lg4+KZpIdGfWM6YJvXG/mBB/TXtqrSTrgODNrx4rdAB5S91HUAEg6H+5+yavfJgX4GEpPtCNHwvZ75x7AVtJwkf2OWcIKBWz+EwJiStunpEToHW4sKehHcrPdMpR3GSHYYcR8xE8SZIR52sxDqmS7tBBKOcbYJEI0qVYN0lcs23aOqdhZXfIWvOnFkT3zWsflNNjJ5eUqcYN04C5FYKcD27A1xAyXhYma77lLq5sj4NLi7h00qy2V8qsMAl8DiRnirLNoOPvxQ5vSkQCPMeiKidqch8g/Qm44TErWOx/6HcYglMQbnWfgLlHW0MBvehQsT/G40gZjBVBAm6mPFYT6OBxevwJ+satGdazQe3cLZJWqLRZdbkH5G0H0WMKh8hpuk0djT49Pd+e0pAJH7zs/DXF0BJ0liGP6QEor/mR2SKYhkSGR43amXB8KC3vXorgxecQ+ZM8jT77KraKReEUDd+3viQXfjsE1gdQpo8ooAnMR2ibJOGhYUZ2Y3FFS2OlJ9zKsPqvWKfAoam4Orsnnah8eViLRN6zhh8Jqic9ccNWv5Zo8cGEXNpEgy9CPh0rx/bQyFzdK5rzu90w5lFTeeWe3MTyawqkve8ElxQnbfZ+iergEP6SYZlGz30uWXoFkV0KiDQhdOVKywgr36VZXfxiDeZiSzm99/HnomeFgo4BIQzEfdyd79xGTgvrMfFd8kmlp+KDTpA87N3TbsofFq2ObxxIGWFt0oNpPRmIMAvMbQsK0w48z1ukas3Qt4q+zxz9UxGI38rwPIvsl9jq0zj2mjexMynQh/ni5mDw5E6zbizV4V3OWGODuA6ciUZcqSHwonPY9V8Nc+3xGWpsyPbw1XNcNeh7u/KCrXrxCWvmENB/f0G1YHXH7Y6PioGdKJTmePE0DRiDKL+RGZMinrMym70qSs16Ssz6SMMClhDnTPaJMywqTxcDIko+SBSyZ5vtSkk2hsUgBQtMQkzI/IlEnDPpOGV5o07DXJirZNgLJrSNg1/MCuIW3XkLDrIXsYjym7PHDJLs+X2nWSgK4pqLeM0lielKpIWmIz5kfkJJb3wwey4jxwMZaOj4ilF52E8QxQtDSMiB+RqfQc9KXn4Mr0HPSm54BIwAGdZIMeh9PaOeAah/do50Ujv1LaOTLRgDOyBDxwRQPO6BI4iSYacIYzvKPZJtDbhTMizT05Ke18QnvdAxdL2/ERpe1FJ5V7BihaWrmIH5GJbnU/6ulWFriiW1k+slt1oolm5AGKRjWjiB+RCZNG5K9yHrjCJMtHmtSJJkzyAEWjTIr4ETkp99EoJ6PkgYvl7viIcveik/56Biha2l8RPyInJmX3Pce/Ay6a5PgIk7zoQHPbBDDgVXRkSsW8T8X8ShXzXhVz0utngKKlXkf8iJyYNMnu6IPaARdNcnyESV50qDmiee0cOT3VJg9k5Xrg8qnW8VGnmhOdjhEngKIRY0TMj8hJM4Lsp5uRAy42I8dHNCMvOuw5iOb7iiNTNyUywz1wzU2JzvCTaOqmhDOcZA6uRESGezKR4YO7ngx/1Ra6IsctH5njnfAki84Apv0f2r0XBbAsAAA=" />\n<input type="hidden" name="lang" value="eng" />\n<input type="hidden" name="suite" value="cobalt" />\n<input type="hidden" name="reservedids" value="inst,lang,suite" />\n<input type="hidden" name="submitmode" value="" />\n<input type="hidden" name="submitname" value="" />\n<input type="hidden" name="allCountInsertComponent_70" id="allCountInsertComponent_70" value="100" />\n<input type="hidden" name="allAvailCountInsertComponent_70" id="allAvailCountInsertComponent_70" value="100" />\n</div>\r\n\t\t\t\t\t\r\n\t\t\t\t\t\r\n\t\t\t\t\t</form> \r\n\t                    </div>\r\n\t                \r\n\t                \r\n                \r\n                \r\n            </div><!--end mark-->\r\n    \r\n\r\n                                    </div>\r\n                            \r\n                            \r\n                                <!--how to test for available items on the threshold link-->\r\n                                       <div class="availableMaxItemsSection">\r\n                                                \r\n    \r\n\r\n    \r\n            \r\n                 \r\n                \r\n                    <!--link moved into dpBibHoldingStatement via initBibHoldingsToggle JS -->\r\n                    <span class="itemsAvailHeader itemsSectionHeader" id="availHeaderWrapperAnyComponent_34">\r\n                           <a id="showMaxItemsLink2Component_34" class="maxItemsLink" href="/iii/encore/SearchResultsPage,searchResultsComponent.resultComponent.searchBrowseResultBibComponent.$BibHoldingsComponent.bibHoldingsAvailableMaxItems2.showMaxItemsLink2Component.sdirect;jsessionid=5F4C8E89B7C5F964F02DBB6C904346CF?lang=eng&amp;sp=Sb2579103&amp;sp=F&amp;sp=Sallavailitemsmax-b2579103&amp;sp=F&amp;suite=cobalt" onclick="return tapestry.linkOnClick(this.href,\'showMaxItemsLink2Component_34\', false)">\r\n                               <a href="javascript:void(0);" onclick="toggleBibHoldingsPopup(this)">see all</a>\r\n                           </a>\r\n                    </span>\r\n                \r\n            \r\n            \r\n            <!--start mark -->\r\n             <h3 class="sectionHeader itemsHeader customHeader">Items</h3>\r\n            <div id="allavailitemsmax-b2579103">\r\n                \r\n\t                \r\n\t                    <div class="itemTableWrapper popUpContentWrapper">\r\n\t                        \r\n    \r\n\t\t<table class="itemTable" cellspacing="3">\r\n        \t<tr>\r\n\t        \t\r\n\t        \t\t<th>\r\n\t        \t\t\tLocation\r\n\t        \t\t</th>\r\n\t        \t\r\n\t        \t\t<th>\r\n\t        \t\t\tCall No.\r\n\t        \t\t</th>\r\n\t        \t\r\n\t        \t\t<th>\r\n\t        \t\t\tStatus\r\n\t        \t\t</th>\r\n\t        \t\r\n        \t</tr>\r\n            \r\n            \t<tr>\r\n            \t\t\r\n                        \r\n            \t\t\r\n                        \r\n                            <td>\r\n                                \r\n                                    \r\n                                    \r\n                                        \r\n                                            \r\n \r\n\t \r\n\t    \t\r\n\t\t\r\n\t\t\r\n\t\t\tBridgeton Trails\r\n\t\t\r\n    \r\n \r\n\r\n\r\n                                        \r\n                                        \r\n                                    \r\n            \t\t\t        \r\n\t            \t\t\t</td>\r\n            \t\t\t\r\n            \t\t\r\n                        \r\n                            <td>\r\n                                \r\n                                    \r\n                                    \r\n                                        \r\n                                        \r\n                                            \r\n                                                <a id="callNoBrowseDirectLinkComponent_71" href="/iii/encore/SearchResultsPage,searchResultsComponent.resultComponent.searchBrowseResultBibComponent.$BibHoldingsComponent.bibHoldingsAvailableMaxItems2.itemTableComponent.callNoBrowseDirectLinkComponent.sdirect;jsessionid=5F4C8E89B7C5F964F02DBB6C904346CF?lang=eng&amp;sp=Si20316384&amp;sp=Sb2579103&amp;suite=cobalt" onclick="return tapestry.linkOnClick(this.href,\'callNoBrowseDirectLinkComponent_71\', false)">\r\n                                                    VIDEO GAME\r\n                                                </a>\r\n                                            \r\n                                            \r\n                                        \r\n                                    \r\n            \t\t\t        \r\n                                    \r\n                                         \r\n                                    \r\n                                    \r\n            \t\t\t        \r\n                                    \r\n                                         \r\n                                    \r\n                                    \r\n            \t\t\t        \r\n\t            \t\t\t</td>\r\n            \t\t\t\r\n            \t\t\r\n                        \r\n                            <td>\r\n                                \r\n                                    \r\n                                        IN LIBRARY\r\n                                    \r\n                                    \r\n            \t\t\t        \r\n\t            \t\t\t</td>\r\n            \t\t\t\r\n            \t\t\r\n            \t</tr>\r\n            \r\n        </table>\r\n    \r\n\r\n\t                        \r\n\t\t\t\t\t\t\t\r\n\t\t\t\t\t\t\t\t<a id="showAllItemsLinkComponent_71" class="showAllItemsLink customToggle" href="/iii/encore/SearchResultsPage,searchResultsComponent.resultComponent.searchBrowseResultBibComponent.$BibHoldingsComponent.bibHoldingsAvailableMaxItems2.showAllItemsLinkComponent.sdirect;jsessionid=5F4C8E89B7C5F964F02DBB6C904346CF?lang=eng&amp;sp=Sb2579103&amp;sp=T&amp;sp=Sallavailitemsmax-b2579103&amp;sp=F&amp;suite=cobalt" onclick="return tapestry.linkOnClick(this.href,\'showAllItemsLinkComponent_71\', false)">\r\n\t\t\t\t\t\t\t\tShow remaining items</a>\r\n\t\t\t\t\t\t\t\r\n\t\t\t\t\t\t\t\r\n  \xe2\x80\x8b\t\t\t\t\t\t\t\r\n  \r\n\t\t\t\t\t<form method="post" action="/iii/encore/SearchResultsPage,searchResultsComponent.resultComponent.searchBrowseResultBibComponent.$BibHoldingsComponent.bibHoldingsAvailableMaxItems2.countComponent.sdirect;jsessionid=5F4C8E89B7C5F964F02DBB6C904346CF" id="countComponent_71" style="display:none;">\n<div style="display:none;" id="countComponent_71hidden"><input type="hidden" name="formids" value="allCountInsertComponent_71,allAvailCountInsertComponent_71" />\n<input type="hidden" name="seedids" value="ZH4sIAAAAAAAAAI1Z3XIiuxHei+RNfOlUMWPA5pJlvWepss+6gD1JrrYEI0C1w4hIM9g+75DKi+TV8g5paSRGavUYbmzor9Xqf7XEf//36a9/fvr0l0+3/77VXJ3Eht8Mbo9sZ/5t5OEoK17V9nNVM1FxBZ8111rIynw6wp+dLIsXWPF3xY5HrmbBKr3nZRkS1rJ4j74zzb8IxTc1CJxXoELdwdntloFGslrwkhmGcGUllxsljvUzr9mCbxXX+3hn+TprdC0P3zgruJpvQ3QTImhXo6T8NWOqfhLVr1Cb+fYmz0cRPK0ic+bbn4Ob4fD2sdT8Jru/j3ifwW3gpnS/I6uVrFZSljokF0IfS/b+YtHvR+MAPd/mkZXsxFd7oZecqc0eKWNcsASGFjQaxE5ot52WoI3+cSxYzQkBFp4fjN5bQrknVu0aAJe8hBhKcKbJBMrlbrfNRjZV/SR3orpsa8jRgNfssjgq4HPrz5t8+OD2AC7ZgIOrrVCHz6XcROyHd6fDF14je50SrUemirNYg721yiXV6vkpxGp5tDvFK4C64BUsSrSoZP2Pb4scPv2r4Sr2ug3XV6kOIVVUur65z29LcLj5rxtRc/uhZRe8LJ7YmpepqGWtBCwa3LLixKoNL7qE6Bxgm4BdlHKlIm1CLJvDWkSJrI9Q7stmt+Mal+uJlaKwRfyolFQfQPprDJvOA5+08yRqIA6dQfbuZOzIvTzwlyRxPdWUaNIwYmGoZ0Sg4EbPoBhzrEpbEryISjaD1qOU4UJb2SS++8AyL87ofYVAHLePth2mAV5w3ZRQBBWRmg4LAVnvuVrKRm24fhaVOLAoD3nF1qXxROCu/Fa1ctpmEYWI6XaPJa/jGLRLZqZ80zYaLqOi2yb0ir8hobqjJzLNOtt1fPOOV0pV+86H6a6JRck8tPJexDGSc+eDszwvM9EzLruSLbaWYFy9H925kxNJceZrm0CcOvlH0kK2Ldvw+jclm2O4RUedFyibTkILZGPmibFFmWvyP8c393f+8735bPy5YrtZKZsCpYrY7eulKLjtvb+zA8excHYtIsbQjWFWx1kI44hvkDGkIfPLx7cjqwqvVlQIEYL8UbOdfpKsgGbdOyoosi4dNbIv76olIHV18FnJV83bgnlRcqfYIarPPt7PYo35KB6kSIXmgbN2C76RqvjbOh+NH/LJxJw/dhZ0E0kItKf7MuhBzk06ksuq92QSddaEGgwz0AAOX43GPGAF797kmekny2Z94FWzaBlN3mtkBfjcjHyZWfQzMxShv5+4KpQ48S/ytSohomiN0NM3oe/Gg4S+6DRCmE/WjsFQdxwmcrEhvtoTGtGcuyxV1tIpMT0eo1nJNoE4UCZE0zYsKIQnwV/1I9Heuyn6O0QCTe8BeuXaMOGDlOBgQq3n1WfHj8RgOO4qJleKYiU/k+N+iG6Ym4GjujMbHJgoU0oiyVJJCfaAAXZ8LOV2ACAmWC9tWbO60UFItSVgR4p1W2FJ8W1fpfqloVVJwnKo199lzVs00fdZKu7SgcjUQ4eSFoNX4fuhqUT9Dp0w2du1dDhzd0RDgsN4B+lSfQAlUS7Ta4NxLwz4NQ9V0XNwudc5j5gLwUDKFObT194wrvYwEFcm0KluK1GXsKhYmNgRzbCHJ5+lhfjF3bzAnhgOp7NUFj6ve/Z0zrNNIGadFoUwUWWlvWzgTAt3T1jpzadOz48kNfVeJs4KGXp4DhxC9mPxRJHJ+SUW+9KsS6H3aZxinn/C1ys4Pt7rsXXWB3I8RypnA/8VwxnnqEkhwLn8TZZmwEBHZmluBCbDkaAOSGRtJNz+Kl6QAh8XzyQ9NOob0wHbvNrKDzygvzZlmXbCdWDQnm9+CXRA2UtdCyDhcLj/IcvmkBzoHZCYbEeImh/0zD+GraDlJPkbs4QTDNz6IQTGlLRNT0/QOdhalNCL4GZ9YCrtMEayw4j7iJkgOoZ42M1CqGe6tBNIOMbZJkA0qlQN0lUu23SPqtpZXPIVvurEkT3zWcfmN9nI5OU5cYJ193mIxEoBdmBviBsoCRcz27WXUjdHxqfB3Rg2KS2X8akOA1wAixvhrbJoO/jwXZnTkwKNMOuJiNqehsg/QK9bTkjUKh77J1mIJTHOHlr4C5R1tDAbjsKFCX43HkLMYCoIE/Wx5DAfx4OLV+APVjbozjV6uLuFs0tUFosutyC9Q9B9FjCofIabpNHY0+PT3fntKQCR+7rnYa6ugJMkMQy/SQnF/8yOyRREMiQyvO7UywNhQe96dFcGr7iHzBnk6e+yrWik3iaA2vf3xIPuxmGbwOoc0OQVATiJ7RJlnTQsKM7MdigobXWk+phXH1TrJfkUdJ8ZyOZpHx5XItI2S+o4YfCaonPXHDVr+WaPHBhFzaRIMvQj4dK8f20Mhc3Sua89vdMOZRU3nlntzU8msKpN3n6Bvvs+Q/fsGjDVJIOSHbUXBbcEzap3o7iDQhdOVCyxgkGGT5DBfhuDeJuRzHZ+/3HsmeBhoYBLQDAftSd7+xOTgfvOflR8k2hq+a7QpA84N3fbsIfGq2GbxzMHWrppR7GZjMYcBOA1hoZthRlnrtcVYm1fwBtlj3+uTsFo5H8dQPZNxjm2zjymjcYmZDoR/jxdzB4ciNZtxZu9KrjLDXF2ANOJKcuUJT8UTnoeq+Cvfb4jLE2ZH99qriqGvQ53f7EpXb9CWPqGNRyM6TesFrj8sNHyUTOkE53OHmeAohFlFvMjMmVS1mdSdqVJWa9JWZ9JGWFSwhzontEmZYRJ98PJkIySBy6Z5PlSk86isUkBQNESkzA/IlMmDftMGl5p0rDXJCvaNgHKriFh1/ADu4a0XUPCrofs4f6esssDl+zyfKldZwnomoJ6yyiN5VmpkqQlNmN+RE5iOR4+kBXngYuxdHxELL3oJIwdQNHSMCJ+RKbSc9CXnoMr03PQm54DIgEHdJINehxOa+eAaxzeo50XjfxKaefIRAPOyBLwwBUNOKNL4CyaaMAZzvCWZptAbxfOiDT35KS08wntdQ9cLG3HR5S2F51UbgdQtLRyET8iE91qPOrpVha4oltZPrJbtaKJZuQBikY1o4gfkQmTRuSvch64wiTLR5rUiiZM8gBFo0yK+BE5KffRKCej5IGL5e74iHL3opP+2gEULe2viB+RE5Oycc/x74CLJjk+wiQvOtDcNgEMeBUdmVIx71Mxv1LFvFfFnPR6B1C01OuIH5ETkybZHX1QO+CiSY6PMMmLDjVHNK+dI6en2uSBrFwPXD7VWj7qVHOi0zHiDFA0YoyI+RE5aUaQ/XQzcsDFZuT4iGbkRYc9B9F8X3Fk6qZEZrgHrrkp0Rl+Fk3dlHCGk8zBlYjIcE8mMnxw15Phr/+x0BU5bvnIHG+FJ1nUARQtzaIW+z9w02dFzCwAAA==" />\n<input type="hidden" name="lang" value="eng" />\n<input type="hidden" name="suite" value="cobalt" />\n<input type="hidden" name="reservedids" value="inst,lang,suite" />\n<input type="hidden" name="submitmode" value="" />\n<input type="hidden" name="submitname" value="" />\n<input type="hidden" name="allCountInsertComponent_71" id="allCountInsertComponent_71" value="100" />\n<input type="hidden" name="allAvailCountInsertComponent_71" id="allAvailCountInsertComponent_71" value="100" />\n</div>\r\n\t\t\t\t\t\r\n\t\t\t\t\t\r\n\t\t\t\t\t</form> \r\n\t                    </div>\r\n\t                \r\n\t                \r\n                \r\n                \r\n            </div><!--end mark-->\r\n    \r\n\r\n                                       </div>\r\n                            \r\n                            \r\n                                    <div id="allMaxItemsSection" class="allMaxItemsSection">\r\n                                        \r\n    \r\n\r\n    \r\n            \r\n                 \r\n                \r\n                    <!--link moved into dpBibHoldingStatement via initBibHoldingsToggle JS -->\r\n                    <span class="itemsSectionHeader" id="availHeaderWrapperAnyComponent_35">\r\n                           <a id="showMaxItemsLink2Component_35" class="maxItemsLink" href="/iii/encore/SearchResultsPage,searchResultsComponent.resultComponent.searchBrowseResultBibComponent.$BibHoldingsComponent.bibHoldingsAllMaxItems.showMaxItemsLink2Component.sdirect;jsessionid=5F4C8E89B7C5F964F02DBB6C904346CF?lang=eng&amp;sp=Sb2579103&amp;sp=F&amp;sp=Sallitemsmax-b2579103&amp;sp=F&amp;suite=cobalt" onclick="return tapestry.linkOnClick(this.href,\'showMaxItemsLink2Component_35\', false)">\r\n                               <a href="javascript:void(0);" onclick="toggleBibHoldingsPopup(this)">see all</a>\r\n                           </a>\r\n                    </span>\r\n                \r\n            \r\n            \r\n            <!--start mark -->\r\n             <h3 class="sectionHeader itemsHeader customHeader">Items</h3>\r\n            <div id="allitemsmax-b2579103">\r\n                \r\n\t                \r\n\t                    <div class="itemTableWrapper popUpContentWrapper">\r\n\t                        \r\n    \r\n\t\t<table class="itemTable" cellspacing="3">\r\n        \t<tr>\r\n\t        \t\r\n\t        \t\t<th>\r\n\t        \t\t\tLocation\r\n\t        \t\t</th>\r\n\t        \t\r\n\t        \t\t<th>\r\n\t        \t\t\tCall No.\r\n\t        \t\t</th>\r\n\t        \t\r\n\t        \t\t<th>\r\n\t        \t\t\tStatus\r\n\t        \t\t</th>\r\n\t        \t\r\n        \t</tr>\r\n            \r\n            \t<tr>\r\n            \t\t\r\n                        \r\n            \t\t\r\n                        \r\n                            <td>\r\n                                \r\n                                    \r\n                                    \r\n                                        \r\n                                            \r\n \r\n\t \r\n\t    \t\r\n\t\t\r\n\t\t\r\n\t\t\tBridgeton Trails\r\n\t\t\r\n    \r\n \r\n\r\n\r\n                                        \r\n                                        \r\n                                    \r\n            \t\t\t        \r\n\t            \t\t\t</td>\r\n            \t\t\t\r\n            \t\t\r\n                        \r\n                            <td>\r\n                                \r\n                                    \r\n                                    \r\n                                        \r\n                                        \r\n                                            \r\n                                                <a id="callNoBrowseDirectLinkComponent_72" href="/iii/encore/SearchResultsPage,searchResultsComponent.resultComponent.searchBrowseResultBibComponent.$BibHoldingsComponent.bibHoldingsAllMaxItems.itemTableComponent.callNoBrowseDirectLinkComponent.sdirect;jsessionid=5F4C8E89B7C5F964F02DBB6C904346CF?lang=eng&amp;sp=Si20316384&amp;sp=Sb2579103&amp;suite=cobalt" onclick="return tapestry.linkOnClick(this.href,\'callNoBrowseDirectLinkComponent_72\', false)">\r\n                                                    VIDEO GAME\r\n                                                </a>\r\n                                            \r\n                                            \r\n                                        \r\n                                    \r\n            \t\t\t        \r\n                                    \r\n                                         \r\n                                    \r\n                                    \r\n            \t\t\t        \r\n                                    \r\n                                         \r\n                                    \r\n                                    \r\n            \t\t\t        \r\n\t            \t\t\t</td>\r\n            \t\t\t\r\n            \t\t\r\n                        \r\n                            <td>\r\n                                \r\n                                    \r\n                                        IN LIBRARY\r\n                                    \r\n                                    \r\n            \t\t\t        \r\n\t            \t\t\t</td>\r\n            \t\t\t\r\n            \t\t\r\n            \t</tr>\r\n            \r\n        </table>\r\n    \r\n\r\n\t                        \r\n\t\t\t\t\t\t\t\r\n\t\t\t\t\t\t\t\t<a id="showAllItemsLinkComponent_72" class="showAllItemsLink customToggle" href="/iii/encore/SearchResultsPage,searchResultsComponent.resultComponent.searchBrowseResultBibComponent.$BibHoldingsComponent.bibHoldingsAllMaxItems.showAllItemsLinkComponent.sdirect;jsessionid=5F4C8E89B7C5F964F02DBB6C904346CF?lang=eng&amp;sp=Sb2579103&amp;sp=T&amp;sp=Sallitemsmax-b2579103&amp;sp=F&amp;suite=cobalt" onclick="return tapestry.linkOnClick(this.href,\'showAllItemsLinkComponent_72\', false)">\r\n\t\t\t\t\t\t\t\tShow remaining items</a>\r\n\t\t\t\t\t\t\t\r\n\t\t\t\t\t\t\t\r\n  \xe2\x80\x8b\t\t\t\t\t\t\t\r\n  \r\n\t\t\t\t\t<form method="post" action="/iii/encore/SearchResultsPage,searchResultsComponent.resultComponent.searchBrowseResultBibComponent.$BibHoldingsComponent.bibHoldingsAllMaxItems.countComponent.sdirect;jsessionid=5F4C8E89B7C5F964F02DBB6C904346CF" id="countComponent_72" style="display:none;">\n<div style="display:none;" id="countComponent_72hidden"><input type="hidden" name="formids" value="allCountInsertComponent_72,allAvailCountInsertComponent_72" />\n<input type="hidden" name="seedids" value="ZH4sIAAAAAAAAAI1Z3XIiuxHei+RNfOlUMWMM5pJlvWepss+6gD1JrrYEI0C1w4hIM/45z5PKVV4t75CWRmKkVg9wY0N/rVb/qyX++79Pf/3z06e/fLr9963m6lVs+M3g9sh25t9GHo6y4lVtP1c1ExVX8FlzrYWszKcj/NnJsniBFX9X7Hjkahas0nteliFhLYuP6DvT/ItQfFODwHkFKtQdnN1uGWgkqwUvmWEIV1ZyuVHiWD/zmi34VnG9j3eWb7NG1/LwjbOCq/k2RDchgnY1SspfM6bqJ1H9CrWZb2/yfBzB0yoyZ779ObgZDm8fS81vsvEk4n0Gt4Gb0v2OrFayWklZ6pBcCH0s2ceLRb8fjQP0fJtHVrJXvtoLveRMbfZIGeOCJTC0oNEgdkK77bQEbfSPY8FqTgiw8Pxg9N4Syj2xatcAuOQlxFCCM00mUC53u202sqnqJ7kT1WVbQ44GvGaXxVEBn1t/3uTDidsDuGQDDq62Qh0+l3ITsR8+nA5feI3sdUq0HpkqzmIN9tYql1Sr56cQq+XR7hSvAOqCV7Ao0aKS9T++LXL49K+Gq9jrNlxfpTqEVFHp+mZ8d1uCw81/3Yia2w8tu+Bl8cTWvExFLWslYNHglhWvrNrwokuIzgG2CdhFKVcq0ibEsjmsRZTI+gjlvmx2O65xub6yUhS2iB+VkuoMpL/GsOk88Ek7T6IG4tAZZO9Oxo7cywN/SRLXU02JJg0jFoZ6RgQKbvQMijHHqrQlwYuoZDNoPUoZLrSVTeK7M5Z5cUbvKwTiuJ3bdpgGeMF1U0IRVERqOiwEZL3naikbteH6WVTiwKI85BVbl8YTgbvyW9XKaZtFFCKm2z2WvI5j0C6ZmfJN22i4jIpum9Ar/o6E6o6eyDTrbNfxzTteKVXtOx+muyYWJfPQynsRx0jOnQ/O8rTMRM+47Eq22FqCcfVxdOdOTiTFia9tAnHq5OekhWxbtuH1b0o2x3CLjjovUDa9Ci2QjZknxhZlrsn/HN2Mh/7z2Hw2/lyx3ayUTYFSRez29VIU3Pbe39mB41g4uxYRY+jGMKvjLIRxxDfIGNKQ+eXj+5FVhVcrKoQIQf6o2U4/SVZAs+4dFRRZl44a2Zd31RKQujr4rOSb5m3BvCi5U+wQ1Wcf72exxnwUD1KkQvPASbsF30hV/G2d348e8snEnD92FnQTSQi0p/sy6EHOTTqSy6qPZBJ11oQaDDPQAA5fjcY8YAXv3uSZ6SfLZn3gVbNoGU3ea2QF+NyMfJlZ9DMzFKG/v3JVKPHKv8i3qoSIojVCT9+FvhsNEvqi0whhPlk7BkPdcZjIxYb4ak9oRHPuslRZS6fE9HiMZiXbBOJAmRBN27CgEL4K/qYfifbeTdHfIRJoeg/QK9eGCR+kBAcTaj2vPjt+JAbDcVcxuVIUK/mZHPdDdMPcDBzVndngwESZUhJJlkpKsAcMsONjKbcDADHBemnLmtWNDkKqLQE7UqzbCkuKb/sm1S8NrUoSlkO9/i5r3qKJvs9ScZcORKYeOpS0GLwK3w9NJeoP6ITJ3q6lw5m7IxoSHMY7SJfqDJREuUyvDca9MODXPFRFz8HlXuc8Yi4EAylTmE/fesO42sNAXJlAp7qtRF3ComJhYkc0wx6efJYW4hd38wJ7YjiczlJZ+Lzu2dM5zzaBmHVaFMJElZX2soEzLdw9YaU3nzo9z0lq6r1MnBUy9PAcOITsx+KJIpPzSyz2pVmXQu/TOMU8/4SvV3Cc3+uxddYZOZ4jlbOB/4rhjHPUpBDgXP4mSzNgoCOzNDcCk+FIUAcksjYSbn8VL0iBj4tnkh4a9Y3pgG1ebeUZD+ivTVmmnXAdGLTnm18CHVD2UtcCSDgc7n/IsjkkB3oHJCbbEaLmBz3zj2EraDlJ/sYs4QQDt34IgTElbdPTV+gcbC1K6EVwsz4wlXYYI9lhxH3ETBAdQzzsZiHUM13aCSQc42wTIBpVqgbpKpdtukdV7Swu+QpfdeLInvisY/Ob7N7k5SlxgnXjuxCJlQLswN4RN1ASLma2ay+lbo6MT4O7EWxSWi7jUx0GuAAWN8JbZdF28OG7MqcnBRph1hMRtT0NkX+AXreckKhVPPZP7kMsiTHMtRb+AmUdLcyG43Bhgt+NJhAzmArCRH0sOczH8eDiFfiDlQ26c91Psls4u0RlsehyC9I7BN1nAYPKZ7hJGo09PT7dnd+eAhC5r3se5uoKOEkSw/CblFD8z+yYTEEkQyLD6069PBAW9K5Hd2XwinvInEGe/i7bikbqbQKofX9PPOhuHLYJrE4BTV4RgJPYLlHWScOC4sxsh4LSVkeqj3n1QbVekk9B49xANk/78LgSkbZ5UscJg9cUnbvmqFnLd3vkwChqJkWSoR8Jl+b9a2MobJbOfe3pnXYoq7jxzGpvfjKBVW3y9gv03fcZumfXgKkmGfVIe1FwS9CsijsodOFExRIreMZgv01oM5LZzu8/jj0TfAa9DS4BwXzUnuztT0wG7jv7UfFNoqnlu0KTPuDc3G3DHhqvhm0eTxxo6aYdxWYyGnMQgNcYGrYVZpy5XleItX0Bb5Q9/rl6DUYj/+sAsm8yyrF15jHtfmRCphPhz9PF7MGBaN1WvNurgrvcEGcHML0yZZmy5IfCSc9jFfy1z3eEpSnz43vNVcWw1+HuLzal61cIS9+whoMR/YbVApcfNlo+aoZ0otPZ4wRQNKLMYn5EpkzK+kzKrjQp6zUp6zMpI0xKmAPdM9qkjDBpPJwMySh54JJJni816SQamxQAFC0xCfMjMmXSsM+k4ZUmDXtNsqJtE6DsGhJ2Dc/YNaTtGhJ2PWQP4zFllwcu2eX5UrtOEtA1BfWW+zSWJ6VKkpbYjPkROYnlaPhAVpwHLsbS8RGx9KKTMHYARUvDiPgRmUrPQV96Dq5Mz0Fveg6IBBzQSTbocTitnQOucXiPdl408iulnSMTDTgjS8ADVzTgjC6Bk2iiAWc4w1uabQK9XTgj0tyTk9LOJ7TXPXCxtB0fUdpedFK5HUDR0spF/IhMdKvRfU+3ssAV3crykd2qFU00Iw9QNKoZRfyITJh0T/4q54ErTLJ8pEmtaMIkD1A0yqSIH5GTcr+/z8koeeBiuTs+oty96KS/dgBFS/sr4kfkxKRs1HP8O+CiSY6PMMmLDjS3TQADXkVHplTM+1TMr1Qx71UxJ73eARQt9TriR+TEpEl2Rx/UDrhokuMjTPKiQ80RzWvnyOmpNnkgK9cDl0+1lo861ZzodIw4ARSNGCNifkROmhFkP92MHHCxGTk+ohl50WHPQTTfVxyZuimRGe6Ba25KdIafRFM3JZzhJHNwJSIy3JOJDB/c9WT4238sdEWOWz4yx1vhSRZ1AEVLswjxx+T/A//j5LfjLAAA" />\n<input type="hidden" name="lang" value="eng" />\n<input type="hidden" name="suite" value="cobalt" />\n<input type="hidden" name="reservedids" value="inst,lang,suite" />\n<input type="hidden" name="submitmode" value="" />\n<input type="hidden" name="submitname" value="" />\n<input type="hidden" name="allCountInsertComponent_72" id="allCountInsertComponent_72" value="100" />\n<input type="hidden" name="allAvailCountInsertComponent_72" id="allAvailCountInsertComponent_72" value="100" />\n</div>\r\n\t\t\t\t\t\r\n\t\t\t\t\t\r\n\t\t\t\t\t</form> \r\n\t                    </div>\r\n\t                \r\n\t                \r\n                \r\n                \r\n            </div><!--end mark-->\r\n    \r\n\r\n                                    </div>\r\n                            \r\n                            \r\n                            <div id ="showMoreLessLinkContainer">&nbsp;</div>\r\n                            \r\n                            <img alt="Drop Up Shadow" src="resources/gold/images/dropShadowUpArrow.png" class="dropShadowUpArrow" id="dialogUpArrowImageAnyComponent_19"></img>\r\n                        </div>\r\n                    </div>\r\n                    \r\n               \r\n               \r\n    \t\r\n    \t<!-- Order info -->\r\n        \r\n   \r\n\r\n\r\n                    \r\n                    \n    \n     \n\r\n                    \r\n\t\r\n\t\t<span title="ctx_ver=Z39.88-2004&amp;rft_val_fmt=info%3Aofi%2Ffmt%3Akev%3Amtx%3Abook&amp;rfr_id=info%3Asid%2Fiii.com%3Aencore&amp;rft.btitle=Nintendo+Switch+%3A+Scribblenauts+mega+pack.&amp;rft.isbn=&amp;rft.date=&amp;rft_id=http%3A%2F%2Fencore.slcl.org%2Fiii%2Fencore%2Frecord%2FC__Rb2579103__SNintendo%2520Switch__P0%252C20__Orightresult__X3%3Bjsessionid%3D5F4C8E89B7C5F964F02DBB6C904346CF%3Flang%3Deng%26suite%3Dcobalt" class="Z3988" id="coinsAnyComponent_19"></span>\r\n\t\r\n\r\n                    <!-- ratingReviewsSummaryComponent -->\r\n                    \r\n                    <div class="addtlInfo">\r\n                       \r\n                       \r\n                       \r\n   \r\n\r\n                    </div>\r\n                </div>\r\n            </div>\r\n            <div class="bibLocations">\r\n                \r\n                \r\n            </div>\r\n        </div>\r\n    \r\n\r\n\t\r\n\r\n\t<!-- Browse Result Resource -->\r\n\t\r\n\r\n\t<!-- Browse Result External -->\r\n\t\r\n\r\n               \r\n           \r\n               \r\n\t<!-- Browse Result Program -->\r\n\t\r\n\r\n\t<!-- Browse Result Bib -->\r\n\t\r\n\t\t \r\n    \r\n        <div id="resultRecord-b2572925" class="gridBrowseContent2 searchResult">\r\n            <div class="gridBrowseCol1">\r\n                <div id="actionsUpdate-b2572925">\r\n                  \r\n    <span id="anyWrapperComponent_20">\r\n        \r\n    </span>\r\n\r\n                  <div class="citationButtons">\r\n                     \n    <div class="requestLink" id="Any_21">\n        \n\n        \n            <div class="Request" id="Any_1_20"> \n                        \t         \n            \t \n                \n                \n                \n                \t\n    \n    \n \n       \n        \n        \n            \n                <div class="requestButton">\n                   <a id="genericLink_20" class="button secondaryAction" href="https://encore.slcl.org/iii/encore/search;jsessionid=5F4C8E89B7C5F964F02DBB6C904346CF/Sdologin?lang=eng&amp;target=Nintendo%20Switch&amp;loginReason=doRequest&amp;actionRecordId=b2572925">\n                       <img alt="Direct Link" src="resources/gold/images/hold.png" id="genericLinkImage_20"></img>Request it\n                   </a>\n                </div>   \n            \n            \n        \n    \n\n                \n                \n                  <!--     popup -->\n                 \n        \t <!--    popup -->\n                \n            </div>\n        \n    </div>\n\r\n                  </div>\r\n                  \r\n<div class="addtlActions">\r\n\t\t<p>Additional actions:</p>\r\n    <ul class="inline-list initialActions">\r\n        \r\n        <li>\r\n    \r\n        <span id="bookCartOperationAnyComponentb2572925">\r\n            \r\n            \r\n\t\t\t\t\t<a id="addToBookCartLinkComponent_20" onMouseup="renewSession()" href="/iii/encore/SearchResultsPage,searchResultsComponent.resultComponent.searchBrowseResultBibComponent.recordActionsComponent.bookCartOperationComponent.addToBookCartLinkComponent.sdirect;jsessionid=5F4C8E89B7C5F964F02DBB6C904346CF?lang=eng&amp;sp=Sb2572925&amp;suite=cobalt" onclick="return tapestry.linkOnClick(this.href,\'addToBookCartLinkComponent_20\', false)">\r\n\t\t\t\t\t\t<img alt="Book Cart" width="22" title="Add to cart" src="resources/gold/images/bookcart.png" class="actionIcon" height="20" id="addToBookcartImageAnyComponent_20"></img>\r\n\t\t\t\t    </a>\r\n            \r\n        </span>\r\n    \r\n</li>\r\n        <li>\r\n    <a id="emailLinkComponent_20" onMouseup="renewSession()" class="toolbarItem popInDialogTrigger" href="/iii/encore/SearchResultsPage,searchResultsComponent.resultComponent.searchBrowseResultBibComponent.recordActionsComponent.emailComponent.emailLinkComponent.sdirect;jsessionid=5F4C8E89B7C5F964F02DBB6C904346CF?lang=eng&amp;sp=Sb2572925&amp;suite=cobalt" onclick="return tapestry.linkOnClick(this.href,\'emailLinkComponent_20\', false)">\r\n        <img alt="Email" width="19" title="Email" src="resources/gold/images/email.png" class="actionIcon" height="13" id="emailImageAnyComponent_20"></img>\r\n        \r\n    </a>\r\n    <!--confirmation dialog-->\r\n    \r\n    <div id="emailMessageContainer">\r\n        <div id="sentStatus">\r\n            <div id="emailStatusMessage">\r\n                \r\n            </div>\r\n        </div>\r\n    </div>\r\n</li>\r\n        \r\n             <li>\r\n\t\r\n</li>\r\n             <li>\r\n    \r\n</li>\r\n        \r\n        \r\n            <li><a href="javascript:void(0);" class="popUpTrigger moreActionsLink" onclick="toggleBibHoldingsPopup(this, false, \'moreActionsWrapper\',\'gridBrowseCol1\')">\r\n            <img width="13" alt="more actions" title="More actions" src="resources/gold/images/more.png" class="actionIcon" height="13" id="moreActionsImageAnyComponent_20"></img></a></li>\r\n        \r\n    </ul>\r\n   <div class="moreActionsWrapper popUpWrapper">\r\n       <a class="closeLink" onclick="toggleBibHoldingsPopup(this, true, \'moreActionsWrapper\',\'gridBrowseCol1\')" href="javascript:void(0);">\r\n           close\r\n       </a>\r\n       <h3 class="moreActionsHeader">more</h3>\r\n        <ul class="inline-list moreActions">\r\n            <li>\r\n    \r\n\t    \r\n\t    \r\n\t        <a id="loginLinkComponent_20" href="https://encore.slcl.org/iii/encore/search;jsessionid=5F4C8E89B7C5F964F02DBB6C904346CF/Sdologin?lang=eng&amp;target=Nintendo%20Switch&amp;loginReason=doTag&amp;actionRecordId=b2572925">\r\n\t           <img width="20" title="Add a Tag" src="resources/gold/images/tag.png" class="actionIcon" height="19" id="createCommunityTagsIconImageAny2Component_20"></img>\r\n\t        </a>\r\n\t    \r\n    \r\n</li>\r\n            \r\n            \r\n        </ul>\r\n       <img src="resources/gold/images/dropShadowArrow.png" class="dropShadowArrow" id="dialogArrowImageAnyComponent_20"></img>\r\n    </div>\r\n</div>\t \r\n\r\n                </div>\r\n            </div>\r\n            <div class="gridBrowseCol2">\r\n                \r\n                    <!--title-->\r\n                <div class="dpBibTitle">\r\n                    <!-- please read c1063106, c1063117, c1044421, c1060576a before changing title -->\r\n                    \r\n                        \r\n                            <span class="title">\r\n                                <a id="recordDisplayLink2Component_20" href="/iii/encore/record/C__Rb2572925__SNintendo%20Switch__P0%2C21__Orightresult__X3;jsessionid=5F4C8E89B7C5F964F02DBB6C904346CF?lang=eng&amp;suite=cobalt">\r\n                                    Nintendo Switch : Go vacation.\r\n                                </a>\r\n                            </span>\r\n                        \r\n                        \r\n                        \r\n                            <span class="title">\r\n                                <span class="additionalFields customSecondaryText">\r\n                                    \r\n                                </span>\r\n                            </span>\r\n                        \r\n                    \r\n\r\n                    \r\n                    <div class="dpBibAuthor">\r\n                        \r\n                        \r\n                    </div>\r\n                    <!-- MARC 962 Media -->\r\n                    <div class="recordDetailValue">\r\n                        \r\n                        <span class="itemMediaDescription" id="mediaTypeInsertComponent_20">ELECTRONIC RES</span>\r\n                        \r\n                        \r\n                                <span class="pipeDivider">|</span>\r\n                                <span class="itemMediaYear" id="searchResultPubYearInsertComponent_20"></span>\r\n                            \r\n                        \r\n                              <span class="pipeDivider">|</span>\r\n                              <span class="itemEdition" id="searchResultEditionInsertComponent_20">Nintendo Switch ed.</span>\r\n                           \r\n                    </div>\r\n                    \r\n                    \r\n                        <!-- bibHoldingsComponentAvailableOnlyOrAllItems -->\r\n                        \r\n    <!--start item info-->\r\n    \r\n    \r\n        <!-- over threshold holdings info -->\r\n        \r\n\t\r\n\r\n    \t<!--ERM-->\r\n        \r\n    \r\n    <!-- Dialog content -->\r\n    \r\n\r\n        <!-- checkin info -->\r\n        \r\n\t\r\n\r\n        <!-- Volume info -->\r\n        \r\n        <!-- Item info -->\r\n        \r\n                \r\n                  <!--This ItemsContainer elem does not get rendered into a toggle on the record page - only the browse -->\r\n                  <div id="ItemsContainer-b2572925" class="ItemsContainer">\r\n                        \r\n                           \r\n    \r\n        <div class="availabilitySummaryArea">\r\n            \r\n                <div class="dpBibHoldingStatement">\r\n                    <span class="availabilityMessage">\r\n                        <span class="itemsAvailable">Available</span> at Eureka Hills (<span class="availCallNumber">VIDEO GAME</span>) plus 2 more\r\n                    </span>\r\n                    \r\n                        <span class="itemsContainerPopUpTrigger"></span>\r\n                    \r\n                </div>\r\n            \r\n        </div>\r\n    \r\n    \r\n    \r\n\r\n                        \r\n                        <div class="content bibHoldingsWrapper popUpWrapper">\r\n                            <a href="javascript:void(0);" onclick="toggleBibHoldingsPopup(this, true)" class="closeLink">close</a>\r\n                            <!-- available-->\r\n                              \r\n                                  <div id="availableItemsSection" class="availableItemsSection">\r\n                                      \r\n    \r\n\r\n    \r\n            \r\n            \r\n                    <!--link moved into dpBibHoldingStatement via initBibHoldingsToggle JS -->\r\n                    <span class="itemsAvailHeader itemsSectionHeader" id="availHeaderWrapperAny2Component_36"><a href="javascript:void(0);" onclick="toggleBibHoldingsPopup(this)">see all</a></span>\r\n            \r\n            <!--start mark -->\r\n             <h3 class="sectionHeader itemsHeader customHeader">Items</h3>\r\n            <div id="allavailitems-b2572925">\r\n                \r\n\t                \r\n\t                    <div class="itemTableWrapper popUpContentWrapper">\r\n\t                        \r\n    \r\n\t\t<table class="itemTable" cellspacing="3">\r\n        \t<tr>\r\n\t        \t\r\n\t        \t\t<th>\r\n\t        \t\t\tLocation\r\n\t        \t\t</th>\r\n\t        \t\r\n\t        \t\t<th>\r\n\t        \t\t\tCall No.\r\n\t        \t\t</th>\r\n\t        \t\r\n\t        \t\t<th>\r\n\t        \t\t\tStatus\r\n\t        \t\t</th>\r\n\t        \t\r\n        \t</tr>\r\n            \r\n            \t<tr>\r\n            \t\t\r\n                        \r\n            \t\t\r\n                        \r\n                            <td>\r\n                                \r\n                                    \r\n                                    \r\n                                        \r\n                                            \r\n \r\n\t \r\n\t    \t\r\n\t\t\r\n\t\t\r\n\t\t\tEureka Hills\r\n\t\t\r\n    \r\n \r\n\r\n\r\n                                        \r\n                                        \r\n                                    \r\n            \t\t\t        \r\n\t            \t\t\t</td>\r\n            \t\t\t\r\n            \t\t\r\n                        \r\n                            <td>\r\n                                \r\n                                    \r\n                                    \r\n                                        \r\n                                        \r\n                                            \r\n                                                <a id="callNoBrowseDirectLinkComponent_73" href="/iii/encore/SearchResultsPage,searchResultsComponent.resultComponent.searchBrowseResultBibComponent.$BibHoldingsComponent.bibHoldingsAvailableItems2.itemTableComponent.callNoBrowseDirectLinkComponent.sdirect;jsessionid=5F4C8E89B7C5F964F02DBB6C904346CF?lang=eng&amp;sp=Si20254885&amp;sp=Sb2572925&amp;suite=cobalt" onclick="return tapestry.linkOnClick(this.href,\'callNoBrowseDirectLinkComponent_73\', false)">\r\n                                                    VIDEO GAME\r\n                                                </a>\r\n                                            \r\n                                            \r\n                                        \r\n                                    \r\n            \t\t\t        \r\n                                    \r\n                                         \r\n                                    \r\n                                    \r\n            \t\t\t        \r\n                                    \r\n                                         \r\n                                    \r\n                                    \r\n            \t\t\t        \r\n\t            \t\t\t</td>\r\n            \t\t\t\r\n            \t\t\r\n                        \r\n                            <td>\r\n                                \r\n                                    \r\n                                        IN LIBRARY\r\n                                    \r\n                                    \r\n            \t\t\t        \r\n\t            \t\t\t</td>\r\n            \t\t\t\r\n            \t\t\r\n            \t</tr>\r\n            \r\n        </table>\r\n    \r\n\r\n\t                        \r\n\t\t\t\t\t\t\t\r\n\t\t\t\t\t\t\t\t<a id="showAllItemsLinkComponent_73" class="showAllItemsLink customToggle" href="/iii/encore/SearchResultsPage,searchResultsComponent.resultComponent.searchBrowseResultBibComponent.$BibHoldingsComponent.bibHoldingsAvailableItems2.showAllItemsLinkComponent.sdirect;jsessionid=5F4C8E89B7C5F964F02DBB6C904346CF?lang=eng&amp;sp=Sb2572925&amp;sp=T&amp;sp=Sallavailitems-b2572925&amp;sp=F&amp;suite=cobalt" onclick="return tapestry.linkOnClick(this.href,\'showAllItemsLinkComponent_73\', false)">\r\n\t\t\t\t\t\t\t\tShow remaining items</a>\r\n\t\t\t\t\t\t\t\r\n\t\t\t\t\t\t\t\r\n  \xe2\x80\x8b\t\t\t\t\t\t\t\r\n  \r\n\t\t\t\t\t<form method="post" action="/iii/encore/SearchResultsPage,searchResultsComponent.resultComponent.searchBrowseResultBibComponent.$BibHoldingsComponent.bibHoldingsAvailableItems2.countComponent.sdirect;jsessionid=5F4C8E89B7C5F964F02DBB6C904346CF" id="countComponent_73" style="display:none;">\n<div style="display:none;" id="countComponent_73hidden"><input type="hidden" name="formids" value="allCountInsertComponent_73,allAvailCountInsertComponent_73" />\n<input type="hidden" name="seedids" value="ZH4sIAAAAAAAAAI1Z3XLiOhKerdp9k1zmVGHzk+SSYTJnqErOpIA5u3s1JWwBqjEWK9n5Oc+0r7bvsC1ZAqnVBm4S6K/V6n+1xH//9+kff3369PdPvw1uNVevouA3g9sD25p/hdwfZM3rxn6uGyZqrm4Mo9ZC1ubTAf5sZVW+wIp/KnY4cDULVukdr6qQsJblR/Sdaf5FKF40IHBegwrNCc5uNww0kvWCV8wwhCtruSyUODTPvGELvlFc7+Kd5dus1Y3cf+Os5Gq+CdEiRNCuRkn5a8ZU8yTqX6E2881NPhxG8LSOzJlvfg5uRpPbx0rzm+w+5n0Gt4Gb0v0OrFGyXklZ6ZBcCn2o2MeLRb8fjAP0fJNHVrJXvtoJveRMFTukjHHBEhg60GgQO6HbdlqBNvrHoWQNJwRYeL43em8I5Z5YvW0BXPIKYijBmSYTKJe73YpCtnXzJLeivmxryNGC1+yyOCrgc+vPm3w8cnsAl2zBwfVGqP3nShYR+/7D6fCFN8hep0TnkaniLNZgZ61ySbV6fgqxRh7sTvEKoC54DYsSLWrZ/OvbIodP/2m5ir1uw/VVqn1IFbVubu5GtxU43PzXrWi4/dCxC16VT2zNq1TUslECFg1uWfnK6oKXp4Q4OcA2Abso5UpF2oRYtvu1iBJZH6Dcl+12yzUu11dWidIW8aNSUp2B9NcYNp0HPmnnSdRAHDqD7N3K2JE7uecvSeJ6qinRpGHEwlDPiEDBjZ5BMeZYla4keBmVbAatRynDhbaySTw8Y5kXZ/S+QiCO27ltR2mAF1y3FRRBTaSmw0JANjuulrJVBdfPohZ7FuUhr9m6Mp4I3DW8VZ2crllEIWK622PJmzgG3ZKZKd+0jYbLqOh2Cb3i70ioPtETmWad7Tq+eccrpWp858N018SiZB5ZeS/iEMkZ+uAsj8tM9IzLrmSLrSUYVx8Hd+7kRFIc+bomEKdOfk5ayLZhBW9+V7I9hFucqPMSZdOr0ALZmHlibFHmmvzPyc3d2H++M5+NP1dsO6tkW6JUEdtdsxQlt733D7bnOBbOrkXEGLoxzOo4C2Ec8Q0yhjRkfvX4fmB16dWKCiFCkD8attVPkpXQrHtHBUXWpaNG9uXZsVoC0qkOPiv5pnlXMC9KbhXbR/XZx/tZrDEfxYMUqdE8cNRuwQupyt/W+Xhynz88mPPHzoJuIgmB7nRfBj3IuUlHcln9kUyizppQg5FpQHD4ajTmASt49ybPTT9Ztus9r9tFx2jyXiMrwOdm5BuaRT8zQxH6+ytXpRKv/It8qyuIKFoj9PRd6OFkkNAXJ40Q5pP1xGCoWw4TuSiIr/aERjTnLkuVjXRKTA+HaFayTSAOlAnRtAsLCuGr4G/6kWjv2XH0/Q6RQNN7gF65Nkz4ICU4mNDoef3Z8SMxGI67ismVslzJz+S4H6IFczNwVHdmgz0TVUpJJFkqKcEeMMCOjyUTcnKC9dKWDWtaHYRUWwJ2pFh3FZYU3+ZNql8aWpUkLId6/UM2vEMTfZ+l4i4diEzdn1DSYvAqfN+3tWg+oBMme7uWDmfulmhIcBhvIV3qM1AS5Sq9Nhj3woDf8FAVPQeXe53ziLkUDKRMYT596w3jagcDcW0Cneq2Ek0Fi8qFiR3RDHt48llaiF/czQvsieFwOktl4fO6Z0/nPNsEYtZpWQoTVVbZywbOtHD3hJXefOr0PCepbXYycVbI0MOz5xCyH4snikzOL7HYl3ZdCb1L4xTz/Bu+XsFxfq/Hzlln5HiOVE4B/xXDGeeoSSHAufxNVmbAQEdmZW4EJsORoBOQyCok3P5qXpICHxfPJD006hvTAdu83sgzHtBf26pKO+E6MGjHi18CHVD2UtcBSDgc7n/Kqt0nB/oJSEy2I0TD93rmH8NW0HKS/I1ZwgkGbv0QAmNK2qanr9A52FpU0IvgZr1nKu0wRrLDiPuImSBODPGwOwyhnunSTiDhGGebANGoUjVIV7ls0z2qamdxxVf4qhNH9shnHZvfZBOTl8fECdbdjUIkVgqwPXtH3EBJuJjZrruUujkyPg2Gd7BJZbmMT3UY4BJY3AhvlUXbwYfvypyeFGiEWU9E1O40RP4BetNxQqLW8dj/8BBiSYxzt/QLlHW0MBtFCxN8aFTUMBWEifpYcZiP48HFK/Anq1p05xoDBmeXqC0WXW5B+glB91nz7CULhpuk0djT49Pd+e0pAJH7Ts/DXF0BJ0liGH6XEor/mR2SKYhkSGR43amXB8KC3vXorgxecQ+ZM8jTP2RX0Ui9IoC69/fEg+7GYZvA6hjQ5BUBOIntEmWdNCwozsxuKKhsdaT6mFcfVOsV+RR0NzSQzdM+PK5EpO0wqeOEwWsaJv7gtjBHzVq+2yMHRlEzKZIM/Ui4NO9fG0Nhs3TuM2RwQtKhrOLGM6ud+ckEVnXJ2y/Qd99n6J6uAY/pJhmU7KS7KLglaFYdTuIOCl04UbHCCp4x2G8T2oxkdvP7j0PfBG8e2EUTzEfdyd79xGTgvrMfnXzxG+l3hSd9uLKau23YQ+PVsM3jkQOnVzeKzWQ85sQAXmNo2FaYceZ6XSPW7gW8Vfb45+o1GI38rwPIvodJjq0zj2njiQmZToQ/TxezeweidRvxbq8K7nJDnB25+aFAWaYs6R3hA284wcBf+3xHWJoyP743XNUMex3u/qKoXL9CWPqGNRpM6DesDrj8sNHxUTOkE53OHkeAohFlFvMjMmVS1mdSdqVJWa9JWZ9JGWFSwhzontEmZYRJd6OHERklD1wyyfOlJh1FY5MCgKIlJmF+RKZMGvWZNLrSpFGvSVa0bQKUXSPCrtEZu0a0XSPCrvvs/u6OsssDl+zyfKldRwnomoJ6yziN5VGpiqQlNmN+RE5iORndkxXngYuxdHxELL3oJIwngKKlYUT8iEyl56AvPQdXpuegNz0HRAIO6CQb9Dic1s4B1zi8RzsvGvmV0s6RiQackSXggSsacEaXwFE00YAznOEdzTaB3i6cEWnuyUlp5w+01z1wsbQdH1HaXnRSuSeAoqWVi/gRmehWk3FPt7LAFd3K8pHdqhNNNCMPUDSqGUX8iEyYNCZ/lfPAFSZZPtKkTjRhkgcoGmVSxI/ISbmPxzkZJQ9cLHfHR5S7F5301xNA0dL+ivgROTEpm/Qc/w64aJLjI0zyogPNbRPAgFfRkSkV8z4V8ytVzHtVzEmvnwCKlnod8SNyYtJDNqQPagdcNMnxESZ50aHmiOa1c+T0VHu4JyvXA5dPtY6POtWc6HSMOAIUjRgjYn5ETpoRZD/djBxwsRk5PqIZedFhz0E031ccmbopkRnugWtuSnSGH0VTNyWc4SRzcCUiMtyTiQwfDHsyHJrA33KLXpHmlo9M805+kkgngKKliYT4ETmxK3/oOQIccNEkx0eY5EUnJnXA/wFrNnP3ci0AAA==" />\n<input type="hidden" name="lang" value="eng" />\n<input type="hidden" name="suite" value="cobalt" />\n<input type="hidden" name="reservedids" value="inst,lang,suite" />\n<input type="hidden" name="submitmode" value="" />\n<input type="hidden" name="submitname" value="" />\n<input type="hidden" name="allCountInsertComponent_73" id="allCountInsertComponent_73" value="100" />\n<input type="hidden" name="allAvailCountInsertComponent_73" id="allAvailCountInsertComponent_73" value="100" />\n</div>\r\n\t\t\t\t\t\r\n\t\t\t\t\t\r\n\t\t\t\t\t</form> \r\n\t                    </div>\r\n\t                \r\n\t                \r\n                \r\n                \r\n            </div><!--end mark-->\r\n    \r\n\r\n                                  </div>\r\n                              \r\n                             <!--all -->\r\n                              \r\n                                   <a href="javascript:void(0);" onclick="showHideItemsToggle(this)" class="showAllToggleLink availCheckboxLink"><img width="15" src="resources/gold/images/checkbox_checked.png" class="availCheckbox" height="13" id="checkboxCheckedImageComponent_20"></img>only show available</a>\r\n                                   <a href="javascript:void(0);" onclick="showHideItemsToggle(this)" class="showAvailableToggleLink availCheckboxLink"><img width="15" src="resources/gold/images/checkbox.png" class="availCheckbox" height="13" id="checkboxImageComponent_20"></img>only show available</a>\r\n                                   <a href="javascript:void(0);" onclick="showHideItemsToggle(this)" class="showAllMaxToggleLink availCheckboxLink"><img width="15" src="resources/gold/images/checkbox_checked.png" class="availCheckbox" height="13" id="checkboxCheckedImage2Component_20"></img>only show available</a>\r\n                                   <a href="javascript:void(0);" onclick="showHideItemsToggle(this)" class="showAvailableMaxToggleLink availCheckboxLink"><img width="15" src="resources/gold/images/checkbox.png" class="availCheckbox" height="13" id="checkboxImage2Component_20"></img>only show available</a>\r\n                                    \r\n                                    <div id="allItemsSection" class="allItemsSection">\r\n                                       \r\n    \r\n\r\n    \r\n            \r\n            \r\n                    <!--link moved into dpBibHoldingStatement via initBibHoldingsToggle JS -->\r\n                    <span class="itemsSectionHeader" id="availHeaderWrapperAny2Component_37"><a href="javascript:void(0);" onclick="toggleBibHoldingsPopup(this)">see all</a></span>\r\n            \r\n            <!--start mark -->\r\n             <h3 class="sectionHeader itemsHeader customHeader">Items</h3>\r\n            <div id="allitems-b2572925">\r\n                \r\n\t                \r\n\t                    <div class="itemTableWrapper popUpContentWrapper">\r\n\t                        \r\n    \r\n\t\t<table class="itemTable" cellspacing="3">\r\n        \t<tr>\r\n\t        \t\r\n\t        \t\t<th>\r\n\t        \t\t\tLocation\r\n\t        \t\t</th>\r\n\t        \t\r\n\t        \t\t<th>\r\n\t        \t\t\tCall No.\r\n\t        \t\t</th>\r\n\t        \t\r\n\t        \t\t<th>\r\n\t        \t\t\tStatus\r\n\t        \t\t</th>\r\n\t        \t\r\n        \t</tr>\r\n            \r\n            \t<tr>\r\n            \t\t\r\n                        \r\n            \t\t\r\n                        \r\n                            <td>\r\n                                \r\n                                    \r\n                                    \r\n                                        \r\n                                            \r\n \r\n\t \r\n\t    \t\r\n\t\t\r\n\t\t\r\n\t\t\tEureka Hills\r\n\t\t\r\n    \r\n \r\n\r\n\r\n                                        \r\n                                        \r\n                                    \r\n            \t\t\t        \r\n\t            \t\t\t</td>\r\n            \t\t\t\r\n            \t\t\r\n                        \r\n                            <td>\r\n                                \r\n                                    \r\n                                    \r\n                                        \r\n                                        \r\n                                            \r\n                                                <a id="callNoBrowseDirectLinkComponent_74" href="/iii/encore/SearchResultsPage,searchResultsComponent.resultComponent.searchBrowseResultBibComponent.$BibHoldingsComponent.bibHoldingsAllItems.itemTableComponent.callNoBrowseDirectLinkComponent.sdirect;jsessionid=5F4C8E89B7C5F964F02DBB6C904346CF?lang=eng&amp;sp=Si20254885&amp;sp=Sb2572925&amp;suite=cobalt" onclick="return tapestry.linkOnClick(this.href,\'callNoBrowseDirectLinkComponent_74\', false)">\r\n                                                    VIDEO GAME\r\n                                                </a>\r\n                                            \r\n                                            \r\n                                        \r\n                                    \r\n            \t\t\t        \r\n                                    \r\n                                         \r\n                                    \r\n                                    \r\n            \t\t\t        \r\n                                    \r\n                                         \r\n                                    \r\n                                    \r\n            \t\t\t        \r\n\t            \t\t\t</td>\r\n            \t\t\t\r\n            \t\t\r\n                        \r\n                            <td>\r\n                                \r\n                                    \r\n                                        IN LIBRARY\r\n                                    \r\n                                    \r\n            \t\t\t        \r\n\t            \t\t\t</td>\r\n            \t\t\t\r\n            \t\t\r\n            \t</tr>\r\n            \r\n        </table>\r\n    \r\n\r\n\t                        \r\n\t\t\t\t\t\t\t\r\n\t\t\t\t\t\t\t\t<a id="showAllItemsLinkComponent_74" class="showAllItemsLink customToggle" href="/iii/encore/SearchResultsPage,searchResultsComponent.resultComponent.searchBrowseResultBibComponent.$BibHoldingsComponent.bibHoldingsAllItems.showAllItemsLinkComponent.sdirect;jsessionid=5F4C8E89B7C5F964F02DBB6C904346CF?lang=eng&amp;sp=Sb2572925&amp;sp=T&amp;sp=Sallitems-b2572925&amp;sp=F&amp;suite=cobalt" onclick="return tapestry.linkOnClick(this.href,\'showAllItemsLinkComponent_74\', false)">\r\n\t\t\t\t\t\t\t\tShow remaining items</a>\r\n\t\t\t\t\t\t\t\r\n\t\t\t\t\t\t\t\r\n  \xe2\x80\x8b\t\t\t\t\t\t\t\r\n  \r\n\t\t\t\t\t<form method="post" action="/iii/encore/SearchResultsPage,searchResultsComponent.resultComponent.searchBrowseResultBibComponent.$BibHoldingsComponent.bibHoldingsAllItems.countComponent.sdirect;jsessionid=5F4C8E89B7C5F964F02DBB6C904346CF" id="countComponent_74" style="display:none;">\n<div style="display:none;" id="countComponent_74hidden"><input type="hidden" name="formids" value="allCountInsertComponent_74,allAvailCountInsertComponent_74" />\n<input type="hidden" name="seedids" value="ZH4sIAAAAAAAAAI1Z23IiORLtjdj9Ez96IqjiZj9i7J4mwm47gJ6deeoQlABFFyVWqvJlvml/bf9hUyoJpFSW4cWGPKlU3pUS//3fl3/9/eXLP7/8dn+tuXoVa37Vuz6wrfm3lvuDrHhV289VzUTFFXzWXGshK/PpAH+2sixeYMW/FTscuJoGq/SOl2VIWMniI/rONL8Xiq9rEDirQIX6BGfXGwYayWrOS2YYwpWVXKyVONRPvGZzvlFc7+Kd5du00bXcf+Os4Gq2CdF1iKBdjZLy15Sp+lFUv0JtZpurvD+I4EkVmTPb/OxdDUbXD6XmV9lNzPsEbgM3pfsdWK1ktZSy1CG5EPpQso8Xiz4fjAP0bJNHVrJXvtwJveBMrXdIGeOCBTC0oNEgdkK77aQEbfSPQ8FqTgiw8Gxv9N4Qyj2yatsAuOAlxFCCM00mUC53u63XsqnqR7kV1XlbQ44GvGaXxVEBn1t/XuXDW7cHcMkGHFxthNrflXIdse8/nA73vEb2OiVaj0wUZ7EGO2uVS6rl02OI1fJgd4pXAHXOK1iUaFHJ+s9v8xw+/afhKva6DddXqfYhVVS6vhoPr0twuPmvG1Fz+6FlF7wsHtmKl6moRa0ELOpds+KVVWtenBLi5ADbBOyilCsVaRNi0exXIkpkfYByXzTbLde4XF9ZKQpbxA9KSfUJpL/GsOk88Ek7T6IG4tApZO9Wxo7cyT1/SRLXU02JJg0jFoZ6RgQKbvQMijHHqrQlwYuoZDNoPUoZLrSVTeL+J5Z5cUbvCwTiuH227SAN8JzrpoQiqIjUdFgIyHrH1UI2as31k6jEnkV5yCu2Ko0nAnf1r1Urp20WUYiYbvdY8DqOQbtkaso3baPhMiq6bUIv+TsSqk/0RKZZZ7uOb97xSqlq3/kw3TWxKJkHVt6LOERy+j44i+MyEz3jsgvZYmsJxuXHwZ07OZEUR762CcSpk38mLWTbsDWvf1eyOYRbnKizAmXTq9AC2Zh5YmxR5pr8z9HVeOQ/j81n488l205L2RQoVcR2Vy9EwW3v/c72HMfC2TWPGEM3hlkdZyGMI75BxpCGzC8f3g+sKrxaUSFECPJHzbb6UbICmnXnqKDIunTUyL48O1ZLQDrVwZ2Sb5q3BfOi5FaxfVSfXbx3YoX5KB6kSIXmgaN2c76WqvhtlQ9HN/ntrTl/7CzoJpIQaE/3RdCDnJt0JJdVH8kk6qwJNRiYBgSHr0ZjHrCCd6/y3PSTRbPa86qZt4wm7zWyAnxuRr6+WfQzMxShn1+5KpR45ffyrSohomiN0JN3ofujXkKfnzRCmE/WE4OhbjlM5GJNfLUnNKI5d1mqrKVTYnI4RLOSbQJxoEyIJm1YUAhfBX/TD0R7z46j7zNEAk3vAXrh2jDhg5TgYEKtZ9Wd40diMBx3FZMrRbGUd+S4H6Jr5mbgqO7MBnsmypSSSLJUUoI9YIAdH0sm5OQE66UtalY3OgiptgTsSLFqKywpvs2bVL80tCpJWA71+l3WvEUTfZ+k4i4diEzdn1DSYvAqfN83lag/oBMme7uWDmfulmhIcBhvIV2qT6AkymV6bTDuhQG/5qEqegYu9zrnEXMhGEiZwHz61hnG5Q4G4soEOtVtKeoSFhVzEzuiGXbw5NO0EO/dzQvsieFwOktl4fO6Y0/nPNsEYtZJUQgTVVbaywbOtHD3hJXefOL0/ExSU+9k4qyQoYNnzyFkP+aPFJmcX2KxL82qFHqXxinm+Qu+XsDx+V4PrbM+keM5Ujlr+K8YzjhHTQoBzuVvsjQDBjoyS3MjMBmOBJ2ARNZawu2v4gUp8GH+RNJDo74xHbDNqo38xAP6a1OWaSdcBQbt+PqXQAeUvdS1ABIOh/sfsmz2yYF+AhKT7QhR872e+sewJbScJH9jlnCCgVs/hMCYkrbpySt0DrYSJfQiuFnvmUo7jJHsMOI+YiaIE0M87PZDqGO6tBNIOMbZJkA0qlQN0lUu23SHqtpZXPIlvurEkT3yWcfmV9nI5OUxcYJ142GIxEoBtmfviBsoCRcz27WXUjdHxqdB/wY2KS2X8akOA1wAixvhrbJoO/jwrMzpSYFGmPVERG1PQ+QfoNctJyRqFUW63+uHWBLjfNzC91DW0cJsmIULE7w/voWYwVQQJupDyWE+jgaXowJ/sLJBd65Rb3wNZ5eoLBatAuknBN1nAYPKZ7hJGo09PT7dnd8eAxC57/Q8zNUFcJIkhuF3KaH4n9ghmYJIhkSG1516eSAs6FyP7srDzD9kTiFPv8u2opF66wBq398TD7obh20Cy2NAk1cE4CS2S5R10rCgODPboaC01ZHqY159UK2X5FPQeGAgm6ddeFyJSNtBUscJg9cUnbvmqFnJd3vkwChqJkWSoRsJl+bda2MobJbOfe3pnXYoq7jxzHJnfjKBVW3yhgJ7ZPd9gu7pGnBHkwxKtn2Z8UvQrNofxR0UunCiYokV7NSvLP02BvE2I5nt/P7j0DXBmwd2UQfzUXuytz8xGbjr7EcnX/xG+qzwpA9XVnO3DXtovBq2eThyoKXrdhSbynjMiQG8xtCwrTDjzPSqQqztC3ij7PHP1WswGvlfB5B9t6McW2ce04YjEzKdCH+azKc3DkTrNuLdXhXc5YY4O3LzQ4GyTFnSO8IH3nCCgb/2+Y6wNGV+eK+5qhj2Otz9xbp0/Qph6RvWoDei37Ba4PzDRstHzZBOdDp7HAGKRpRZzI/IlElZl0nZhSZlnSZlXSZlhEkJc6B7RpuUESaNB7cDMkoeOGeS50tNOorGJgUARUtMwvyITJk06DJpcKFJg06TrGjbBCi7BoRdg0/sGtB2DQi7brKb8ZiyywPn7PJ8qV1HCeiagnrLMI3lUamSpCU2Y35ETmI5GtyQFeeBs7F0fEQsvegkjCeAoqVhRPyITKVnrys9exemZ68zPXtEAvboJOt1OJzWzgGXOLxDOy8a+ZXSzpGJBpyRJeCBCxpwRpfAUTTRgDOc4S3NNoHOLpwRae7JSWnnt7TXPXC2tB0fUdpedFK5J4CipZWL+BGZ6FajYUe3ssAF3crykd2qFU00Iw9QNKoZRfyITJg0JH+V88AFJlk+0qRWNGGSBygaZVLEj8hJuQ+HORklD5wtd8dHlLsXnfTXE0DR0v6K+BE5MSkbdRz/DjhrkuMjTPKiA81tE8CAV9GRKRXzLhXzC1XMO1XMSa+fAIqWeh3xI3Ji0m3Wpw9qB5w1yfERJnnRoeaI5rVz5PRUu70hK9cD50+1lo861ZzodIw4AhSNGCNifkROmhFkP92MHHC2GTk+ohl50WHPQTTfVxyZuimRGe6BS25KdIYfRVM3JZzhJHNwJSIy3JOJDO/1OzIcmsA/vlr0gjS3fGSat/KTRDoBFC1NJMSPyIld+W3HEeCAsyY5PsIkLzox6QRg2v8Bx3o3fIYtAAA=" />\n<input type="hidden" name="lang" value="eng" />\n<input type="hidden" name="suite" value="cobalt" />\n<input type="hidden" name="reservedids" value="inst,lang,suite" />\n<input type="hidden" name="submitmode" value="" />\n<input type="hidden" name="submitname" value="" />\n<input type="hidden" name="allCountInsertComponent_74" id="allCountInsertComponent_74" value="100" />\n<input type="hidden" name="allAvailCountInsertComponent_74" id="allAvailCountInsertComponent_74" value="100" />\n</div>\r\n\t\t\t\t\t\r\n\t\t\t\t\t\r\n\t\t\t\t\t</form> \r\n\t                    </div>\r\n\t                \r\n\t                \r\n                \r\n                \r\n            </div><!--end mark-->\r\n    \r\n\r\n                                    </div>\r\n                            \r\n                            \r\n                                <!--how to test for available items on the threshold link-->\r\n                                       <div class="availableMaxItemsSection">\r\n                                                \r\n    \r\n\r\n    \r\n            \r\n                 \r\n                \r\n                    <!--link moved into dpBibHoldingStatement via initBibHoldingsToggle JS -->\r\n                    <span class="itemsAvailHeader itemsSectionHeader" id="availHeaderWrapperAnyComponent_36">\r\n                           <a id="showMaxItemsLink2Component_36" class="maxItemsLink" href="/iii/encore/SearchResultsPage,searchResultsComponent.resultComponent.searchBrowseResultBibComponent.$BibHoldingsComponent.bibHoldingsAvailableMaxItems2.showMaxItemsLink2Component.sdirect;jsessionid=5F4C8E89B7C5F964F02DBB6C904346CF?lang=eng&amp;sp=Sb2572925&amp;sp=F&amp;sp=Sallavailitemsmax-b2572925&amp;sp=F&amp;suite=cobalt" onclick="return tapestry.linkOnClick(this.href,\'showMaxItemsLink2Component_36\', false)">\r\n                               <a href="javascript:void(0);" onclick="toggleBibHoldingsPopup(this)">see all</a>\r\n                           </a>\r\n                    </span>\r\n                \r\n            \r\n            \r\n            <!--start mark -->\r\n             <h3 class="sectionHeader itemsHeader customHeader">Items</h3>\r\n            <div id="allavailitemsmax-b2572925">\r\n                \r\n\t                \r\n\t                    <div class="itemTableWrapper popUpContentWrapper">\r\n\t                        \r\n    \r\n\t\t<table class="itemTable" cellspacing="3">\r\n        \t<tr>\r\n\t        \t\r\n\t        \t\t<th>\r\n\t        \t\t\tLocation\r\n\t        \t\t</th>\r\n\t        \t\r\n\t        \t\t<th>\r\n\t        \t\t\tCall No.\r\n\t        \t\t</th>\r\n\t        \t\r\n\t        \t\t<th>\r\n\t        \t\t\tStatus\r\n\t        \t\t</th>\r\n\t        \t\r\n        \t</tr>\r\n            \r\n            \t<tr>\r\n            \t\t\r\n                        \r\n            \t\t\r\n                        \r\n                            <td>\r\n                                \r\n                                    \r\n                                    \r\n                                        \r\n                                            \r\n \r\n\t \r\n\t    \t\r\n\t\t\r\n\t\t\r\n\t\t\tEureka Hills\r\n\t\t\r\n    \r\n \r\n\r\n\r\n                                        \r\n                                        \r\n                                    \r\n            \t\t\t        \r\n\t            \t\t\t</td>\r\n            \t\t\t\r\n            \t\t\r\n                        \r\n                            <td>\r\n                                \r\n                                    \r\n                                    \r\n                                        \r\n                                        \r\n                                            \r\n                                                <a id="callNoBrowseDirectLinkComponent_75" href="/iii/encore/SearchResultsPage,searchResultsComponent.resultComponent.searchBrowseResultBibComponent.$BibHoldingsComponent.bibHoldingsAvailableMaxItems2.itemTableComponent.callNoBrowseDirectLinkComponent.sdirect;jsessionid=5F4C8E89B7C5F964F02DBB6C904346CF?lang=eng&amp;sp=Si20254885&amp;sp=Sb2572925&amp;suite=cobalt" onclick="return tapestry.linkOnClick(this.href,\'callNoBrowseDirectLinkComponent_75\', false)">\r\n                                                    VIDEO GAME\r\n                                                </a>\r\n                                            \r\n                                            \r\n                                        \r\n                                    \r\n            \t\t\t        \r\n                                    \r\n                                         \r\n                                    \r\n                                    \r\n            \t\t\t        \r\n                                    \r\n                                         \r\n                                    \r\n                                    \r\n            \t\t\t        \r\n\t            \t\t\t</td>\r\n            \t\t\t\r\n            \t\t\r\n                        \r\n                            <td>\r\n                                \r\n                                    \r\n                                        IN LIBRARY\r\n                                    \r\n                                    \r\n            \t\t\t        \r\n\t            \t\t\t</td>\r\n            \t\t\t\r\n            \t\t\r\n            \t</tr>\r\n            \r\n        </table>\r\n    \r\n\r\n\t                        \r\n\t\t\t\t\t\t\t\r\n\t\t\t\t\t\t\t\t<a id="showAllItemsLinkComponent_75" class="showAllItemsLink customToggle" href="/iii/encore/SearchResultsPage,searchResultsComponent.resultComponent.searchBrowseResultBibComponent.$BibHoldingsComponent.bibHoldingsAvailableMaxItems2.showAllItemsLinkComponent.sdirect;jsessionid=5F4C8E89B7C5F964F02DBB6C904346CF?lang=eng&amp;sp=Sb2572925&amp;sp=T&amp;sp=Sallavailitemsmax-b2572925&amp;sp=F&amp;suite=cobalt" onclick="return tapestry.linkOnClick(this.href,\'showAllItemsLinkComponent_75\', false)">\r\n\t\t\t\t\t\t\t\tShow remaining items</a>\r\n\t\t\t\t\t\t\t\r\n\t\t\t\t\t\t\t\r\n  \xe2\x80\x8b\t\t\t\t\t\t\t\r\n  \r\n\t\t\t\t\t<form method="post" action="/iii/encore/SearchResultsPage,searchResultsComponent.resultComponent.searchBrowseResultBibComponent.$BibHoldingsComponent.bibHoldingsAvailableMaxItems2.countComponent.sdirect;jsessionid=5F4C8E89B7C5F964F02DBB6C904346CF" id="countComponent_75" style="display:none;">\n<div style="display:none;" id="countComponent_75hidden"><input type="hidden" name="formids" value="allCountInsertComponent_75,allAvailCountInsertComponent_75" />\n<input type="hidden" name="seedids" value="ZH4sIAAAAAAAAAI1Z3XIiuxHeVCVv4kufKmb4sX2JWe9ZquxdF7DnnFxtxIwA1Q4jIs34J8+UV8s7pKWRQGr1GG5s6K/V6n+1xH//9+kf//n06e+ffvvXtebqRRT8anB9YFvzr5D7g6x53djPdcNEzRV81lxrIWvz6QB/trIqn2HFn4odDlzNglV6x6sqJKxl+R59Z5p/FooXDQic16BCc4Kz6w0DjWS94BUzDOHKWi4LJQ7NE2/Ygm8U17t4Z/k6a3Uj9185K7mab0K0CBG0q1FS/pox1TyK+leozXxzlQ8nETytI3Pmm5+Dq9Hk+qHS/Cq7jXmfwG3gpnS/A2uUrFdSVjokl0IfKvb+bNHvB+MAPd/kkZXsha92Qi85U8UOKWNcsASGDjQaxE7otp1WoI3+cShZwwkBFp7vjd4bQrlHVm9bAJe8ghhKcKbJBMrlbreikG3dPMqtqM/bGnK04DW7LI4K+Nz68yqf+D2AS7bg4Hoj1P6+kkXEvn93OnzmDbLXKdF5ZKo4izXYWatcUq2eHkOskQe7U7wCqAtew6JEi1o2f31d5PDp3y1XsddtuL5ItQ+potbN1c3kugKHm/+6FQ23Hzp2wavyka15lYpaNkrAosE1K19YXfDylBAnB9gmYBelXKlImxDLdr8WUSLrA5T7st1uucbl+sIqUdoiflBKqg8g/SWGTeeBT9p5EjUQh84ge7cyduRO7vlzkrieako0aRixMNQzIlBwo2dQjDlWpSsJXkYlm0HrUcpwoa1sEg8/sMyLM3pfIBDH7aNtR2mAF1y3FRRBTaSmw0JANjuulrJVBddPohZ7FuUhr9m6Mp4I3DW8Vp2crllEIWK622PJmzgG3ZKZKd+0jYbLqOh2Cb3ib0ioPtETmWad7Tq+eccrpWp858N018SiZB5Zec/iEMkZ+uAsj8tM9IzLLmSLrSUYV+8Hd+7kRFIc+bomEKdO/pG0kG3DCt78rmR7CLc4UeclyqYXoQWyMfPE2KLMNfmfk6ubG//5xnw2/lyx7aySbYlSRWx3zVKU3Pbeb2zPcSycXYuIMXRjmNVxFsI44htkDGnI/Orh7cDq0qsVFUKEIH80bKsfJSuhWfeOCoqsS0eN7MuzY7UEpFMd3Cv5qnlXMM9KbhXbR/XZx3sv1piP4kGK1GgeOGq34IVU5W/rfDy5ze/uzPljZ0E3kYRAd7ovgx7k3KQjuax+TyZRZ02owcg0IDh8NRrzgBW8e5Xnpp8s2/We1+2iYzR5r5EV4HMz8g3Nop+ZoQj9/YWrUokX/lm+1hVEFK0Revom9HAySOiLk0YI88l6YjDULYeJXBTEV3tCI5pzl6XKRjolpodDNCvZJhAHyoRo2oUFhfBF8Ff9QLT37Dj6fodIoOk9QC9cGyZ8kBIcTGj0vL53/EgMhuOuYnKlLFfynhz3Q7RgbgaO6s5ssGeiSimJJEslJdgDBtjxsWRCTk6wXtqyYU2rg5BqS8COFOuuwpLi27xK9UtDq5KE5VCv32TDOzTR90kq7tKByNT9CSUtBq/C931bi+YdOmGyt2vpcOZuiYYEh/EW0qX+AEqiXKXXBuNeGPAbHqqi5+Byr3MeMZeCgZQpzKevvWFc7WAgrk2gU91WoqlgUbkwsSOaYQ9PPksL8bO7eYE9MRxOZ6ksfF737OmcZ5tAzDotS2Giyip72cCZFu6esNKbT52eH0lqm51MnBUy9PDsOYTsx+KRIpPzSyz2uV1XQu/SOMU8/4SvF3B8vNdD56wP5HiOVE4B/xXDGeeoSSHAufxVVmbAQEdmZW4EJsORoBOQyCok3P5qXpICHxZPJD006ivTAdu83sgPPKC/tFWVdsJ1YNCOF78EOqDspa4DkHA43P+QVbtPDvQTkJhsR4iG7/XMP4atoOUk+RuzhBMM3PohBMaUtE1PX6BzsLWooBfBzXrPVNphjGSHEfcRM0GcGOJhdxhCPdOlnUDCMc42AaJRpWqQrnLZpntU1c7iiq/wVSeO7JHPOja/yiYmL4+JE6y7iZBYKcD27A1xAyXhYma77lLq5sj4NBjewiaV5TI+1WGAS2BxI7xVFm0HH74rc3pSoBFmPRFRu9MQ+QfoTccJiVpHkR4ObkIsifFw0MGfoayjhdl4GC5M8OHtCGIGU0GYqA8Vh/k4GlyOCvzBqhbduSbZ+BrOLlFbLFoF0k8Ius8CBpXPcJM0Gnt6fLo7vz0GIHLf6XmYqwvgJEkMw+9SQvE/sUMyBZEMiQyvO/XyQFjQux7dlcEr7iFzBnn6TXYVjdQrAqh7f0886G4ctgmsjgFNXhGAk9guUdZJw4LizOyGgspWR6qPefVBtV6RT0E3YwPZPO3D40pE2o6TOk4YvKbo3DVHzVq+2SMHRlEzKZIM/Ui4NO9fG0Nhs3Tu607vtENZxY1nVjvzkwms6pK3X6Dvvk/QPU8NmGqSQcl2LzN+CZpVAY06KHThRMUKKxjoN0AG+20M4m1GMrv5/cehb4I3D+yiCeaj7mTvfmIycN/Zj06++I30u8KTPlxZzd027KHxatjm4ciBlhbdKDaT8ZgTA3iNoWFbYcaZ63WNWLsX8FbZ45+rl2A08r8OIPvuJjm2zjymjScmZDoR/jRdzG4diNZtxJu9KrjLDXF25OaHAmWZsqR3hA+84QQDf+3zHWFpyvzw1nBVM+x1uPuLonL9CmHpG9ZoMKHfsDrg/MNGx0fNkE50OnscAYpGlFnMj8iUSVmfSdmFJmW9JmV9JmWESQlzoHtGm5QRJt2M7kZklDxwziTPl5p0FI1NCgCKlpiE+RGZMmnUZ9LoQpNGvSZZ0bYJUHaNCLtGH9g1ou0aEXbdZrc3N5RdHjhnl+dL7TpKQNcU1FvGaSyPSlUkLbEZ8yNyEsvJ6JasOA+cjaXjI2LpRSdhPAEULQ0j4kdkKj0Hfek5uDA9B73pOSAScEAn2aDH4bR2DrjE4T3aedHIr5R2jkw04IwsAQ9c0IAzugSOookGnOEM72i2CfR24YxIc09OSju/o73ugbOl7fiI0vaik8o9ARQtrVzEj8hEt5qMe7qVBS7oVpaP7FadaKIZeYCiUc0o4kdkwqQx+aucBy4wyfKRJnWiCZM8QNEokyJ+RE7KfTzOySh54Gy5Oz6i3L3opL+eAIqW9lfEj8iJSdmk5/h3wFmTHB9hkhcdaG6bAAa8io5MqZj3qZhfqGLeq2JOev0EULTU64gfkROT7rIhfVA74KxJjo8wyYsONUc0r50jp6fa3S1ZuR44f6p1fNSp5kSnY8QRoGjEGBHzI3LSjCD76WbkgLPNyPERzciLDnsOovm+4sjUTYnMcA9cclOiM/womrop4QwnmYMrEZHhnkxk+GDYk+HQBP62tugFaW75yDTv5CeJdAIoWppIiB+RE7vyu54jwAFnTXJ8hEledGLSCaBoqUkd9n+/R4+koi0AAA==" />\n<input type="hidden" name="lang" value="eng" />\n<input type="hidden" name="suite" value="cobalt" />\n<input type="hidden" name="reservedids" value="inst,lang,suite" />\n<input type="hidden" name="submitmode" value="" />\n<input type="hidden" name="submitname" value="" />\n<input type="hidden" name="allCountInsertComponent_75" id="allCountInsertComponent_75" value="100" />\n<input type="hidden" name="allAvailCountInsertComponent_75" id="allAvailCountInsertComponent_75" value="100" />\n</div>\r\n\t\t\t\t\t\r\n\t\t\t\t\t\r\n\t\t\t\t\t</form> \r\n\t                    </div>\r\n\t                \r\n\t                \r\n                \r\n                \r\n            </div><!--end mark-->\r\n    \r\n\r\n                                       </div>\r\n                            \r\n                            \r\n                                    <div id="allMaxItemsSection" class="allMaxItemsSection">\r\n                                        \r\n    \r\n\r\n    \r\n            \r\n                 \r\n                \r\n                    <!--link moved into dpBibHoldingStatement via initBibHoldingsToggle JS -->\r\n                    <span class="itemsSectionHeader" id="availHeaderWrapperAnyComponent_37">\r\n                           <a id="showMaxItemsLink2Component_37" class="maxItemsLink" href="/iii/encore/SearchResultsPage,searchResultsComponent.resultComponent.searchBrowseResultBibComponent.$BibHoldingsComponent.bibHoldingsAllMaxItems.showMaxItemsLink2Component.sdirect;jsessionid=5F4C8E89B7C5F964F02DBB6C904346CF?lang=eng&amp;sp=Sb2572925&amp;sp=F&amp;sp=Sallitemsmax-b2572925&amp;sp=F&amp;suite=cobalt" onclick="return tapestry.linkOnClick(this.href,\'showMaxItemsLink2Component_37\', false)">\r\n                               <a href="javascript:void(0);" onclick="toggleBibHoldingsPopup(this)">see all</a>\r\n                           </a>\r\n                    </span>\r\n                \r\n            \r\n            \r\n            <!--start mark -->\r\n             <h3 class="sectionHeader itemsHeader customHeader">Items</h3>\r\n            <div id="allitemsmax-b2572925">\r\n                \r\n\t                \r\n\t                    <div class="itemTableWrapper popUpContentWrapper">\r\n\t                        \r\n    \r\n\t\t<table class="itemTable" cellspacing="3">\r\n        \t<tr>\r\n\t        \t\r\n\t        \t\t<th>\r\n\t        \t\t\tLocation\r\n\t        \t\t</th>\r\n\t        \t\r\n\t        \t\t<th>\r\n\t        \t\t\tCall No.\r\n\t        \t\t</th>\r\n\t        \t\r\n\t        \t\t<th>\r\n\t        \t\t\tStatus\r\n\t        \t\t</th>\r\n\t        \t\r\n        \t</tr>\r\n            \r\n            \t<tr>\r\n            \t\t\r\n                        \r\n            \t\t\r\n                        \r\n                            <td>\r\n                                \r\n                                    \r\n                                    \r\n                                        \r\n                                            \r\n \r\n\t \r\n\t    \t\r\n\t\t\r\n\t\t\r\n\t\t\tEureka Hills\r\n\t\t\r\n    \r\n \r\n\r\n\r\n                                        \r\n                                        \r\n                                    \r\n            \t\t\t        \r\n\t            \t\t\t</td>\r\n            \t\t\t\r\n            \t\t\r\n                        \r\n                            <td>\r\n                                \r\n                                    \r\n                                    \r\n                                        \r\n                                        \r\n                                            \r\n                                                <a id="callNoBrowseDirectLinkComponent_76" href="/iii/encore/SearchResultsPage,searchResultsComponent.resultComponent.searchBrowseResultBibComponent.$BibHoldingsComponent.bibHoldingsAllMaxItems.itemTableComponent.callNoBrowseDirectLinkComponent.sdirect;jsessionid=5F4C8E89B7C5F964F02DBB6C904346CF?lang=eng&amp;sp=Si20254885&amp;sp=Sb2572925&amp;suite=cobalt" onclick="return tapestry.linkOnClick(this.href,\'callNoBrowseDirectLinkComponent_76\', false)">\r\n                                                    VIDEO GAME\r\n                                                </a>\r\n                                            \r\n                                            \r\n                                        \r\n                                    \r\n            \t\t\t        \r\n                                    \r\n                                         \r\n                                    \r\n                                    \r\n            \t\t\t        \r\n                                    \r\n                                         \r\n                                    \r\n                                    \r\n            \t\t\t        \r\n\t            \t\t\t</td>\r\n            \t\t\t\r\n            \t\t\r\n                        \r\n                            <td>\r\n                                \r\n                                    \r\n                                        IN LIBRARY\r\n                                    \r\n                                    \r\n            \t\t\t        \r\n\t            \t\t\t</td>\r\n            \t\t\t\r\n            \t\t\r\n            \t</tr>\r\n            \r\n        </table>\r\n    \r\n\r\n\t                        \r\n\t\t\t\t\t\t\t\r\n\t\t\t\t\t\t\t\t<a id="showAllItemsLinkComponent_76" class="showAllItemsLink customToggle" href="/iii/encore/SearchResultsPage,searchResultsComponent.resultComponent.searchBrowseResultBibComponent.$BibHoldingsComponent.bibHoldingsAllMaxItems.showAllItemsLinkComponent.sdirect;jsessionid=5F4C8E89B7C5F964F02DBB6C904346CF?lang=eng&amp;sp=Sb2572925&amp;sp=T&amp;sp=Sallitemsmax-b2572925&amp;sp=F&amp;suite=cobalt" onclick="return tapestry.linkOnClick(this.href,\'showAllItemsLinkComponent_76\', false)">\r\n\t\t\t\t\t\t\t\tShow remaining items</a>\r\n\t\t\t\t\t\t\t\r\n\t\t\t\t\t\t\t\r\n  \xe2\x80\x8b\t\t\t\t\t\t\t\r\n  \r\n\t\t\t\t\t<form method="post" action="/iii/encore/SearchResultsPage,searchResultsComponent.resultComponent.searchBrowseResultBibComponent.$BibHoldingsComponent.bibHoldingsAllMaxItems.countComponent.sdirect;jsessionid=5F4C8E89B7C5F964F02DBB6C904346CF" id="countComponent_76" style="display:none;">\n<div style="display:none;" id="countComponent_76hidden"><input type="hidden" name="formids" value="allCountInsertComponent_76,allAvailCountInsertComponent_76" />\n<input type="hidden" name="seedids" value="ZH4sIAAAAAAAAAI1Z3XLiOhKerdp9k1zmVGFDCLlkmMwZqpIzKWDO7l5NCSxANcZiJTs/55n21fYdtiVLWGq1gZsE+mu1+l8t8d//ffrHX58+/f3Tb2+3mqtXseE3g9sj25l/G3k4yopXtf1c1UxUXMFnzbUWsjKfjvBnJ8viBVb8U7HjkatZsErveVmGhLUsPqLvTPMvQvFNDQLnFahQd3B2u2WgkawWvGSGIVxZyeVGiWP9zGu24FvF9T7eWb7NGl3LwzfOCq7m2xDdhAja1Sgpf82Yqp9E9SvUZr69yYeTCJ5WkTnz7c/BzWh8+1hqfpNNYt5ncBu4Kd3vyGolq5WUpQ7JhdDHkn28WPT70ThAz7d5ZCV75au90EvO1GaPlDEuWAJDCxoNYie0205L0Eb/OBas5oQAC88PRu8todwTq3YNgEteQgwlONNkAuVyt9tmI5uqfpI7UV22NeRowGt2WRwV8Ln1500+ztwewCUbcHC1FerwuZSbiP3w4XT4wmtkr1Oi9chUcRZrsLdWuaRaPT+FWC2Pdqd4BVAXvIJFiRaVrP/1bZHDp/80XMVet+H6KtUhpIpK1zf397clONz8142ouf3QsgteFk9szctU1LJWAhYNblnxyqoNL7qE6Bxgm4BdlHKlIm1CLJvDWkSJrI9Q7stmt+Mal+srK0Vhi/hRKanOQPprDJvOA5+08yRqIA6dQfbuZOzIvTzwlyRxPdWUaNIwYmGoZ0Sg4EbPoBhzrEpbEryISjaD1qOU4UJb2SQenrHMizN6XyEQx+3ctqM0wAuumxKKoCJS02EhIOs9V0vZqA3Xz6ISBxblIa/YujSeCNw1vFWtnLZZRCFiut1jyes4Bu2SmSnftI2Gy6jotgm94u9IqO7oiUyzznYd37zjlVLVvvNhumtiUTKPrLwXcYzkDH1wlqdlJnrGZVeyxdYSjKuPozt3ciIpTnxtE4hTJz8nLWTbsg2vf1eyOYZbdNR5gbLpVWiBbMw8MbYoc03+5/jmfuI/35vPxp8rtpuVsilQqojdvl6Kgtve+wc7cBwLZ9ciYgzdGGZ1nIUwjvgGGUMaMr98fD+yqvBqRYUQIcgfNdvpJ8kKaNa9o4Ii69JRI/vy7FQtAamrg89KvmneFsyLkjvFDlF99vF+FmvMR/EgRSo0D5y0W/CNVMVv6/xuPMkfHsz5Y2dBN5GEQHu6L4Me5NykI7ms+kgmUWdNqMHINCA4fDUa84AVvHuT56afLJv1gVfNomU0ea+RFeBzM/INzaKfmaEI/f2Vq0KJV/5FvlUlRBStEXr6LvRwPEjoi04jhPlk7RgMdcdhIhcb4qs9oRHNuctSZS2dEtPjMZqVbBOIA2VCNG3DgkL4KvibfiTae3Yafb9DJND0HqBXrg0TPkgJDibUel59dvxIDIbjrmJypShW8jM57ofohrkZOKo7s8GBiTKlJJIslZRgDxhgx8eSCTk5wXppy5rVjQ5Cqi0BO1Ks2wpLim/7JtUvDa1KEpZDvf4ha96iib7PUnGXDkSmHjqUtBi8Ct8PTSXqD+iEyd6upcOZuyMaEhzGO0iX6gyURLlMrw3GvTDg1zxURc/B5V7nPGIuBAMpU5hP33rDuNrDQFyZQKe6rURdwqJiYWJHNMMennyWFuIXd/MCe2I4nM5SWfi87tnTOc82gZh1WhTCRJWV9rKBMy3cPWGlN586Pc9Jauq9TJwVMvTwHDiE7MfiiSKT80ss9qVZl0Lv0zjFPP+Gr1dwnN/rsXXWGTmeI5Wzgf+K4Yxz1KQQ4Fz+JkszYKAjszQ3ApPhSFAHJLI2Em5/FS9IgY+LZ5IeGvWN6YBtXm3lGQ/or01Zpp1wHRi055tfAh1Q9lLXAkg4HO5/yrI5JAd6ByQm2xGi5gc9849hK2g5Sf7GLOEEA7d+CIExJW3T01foHGwtSuhFcLM+MJV2GCPZYcR9xEwQHUM87A5DqGe6tBNIOMbZJkA0qlQN0lUu23SPqtpZXPIVvurEkT3xWcfmN9nY5OUpcYJ19/chEisF2IG9I26gJFzMbNdeSt0cGZ8GwwlsUlou41MdBrgAFjfCW2XRdvDhuzKnJwUaYdYTEbU9DZF/gF63nJCoVRTpYZaFWBLj4bCFv0BZRwuzu7twYYIPJw8QM5gKwkR9LDnMx9HgclLgT1Y26M41hls/nF2isli0CqR3CLrPAgaVz3CTNBp7eny6O789BSByX/c8zNUVcJIkhuF3KaH4n9kxmYJIhkSG1516eSAs6F2P7srgFfeQOYM8/UO2FY3U2wRQ+/6eeNDdOGwTWJ0CmrwiACexXaKsk4YFxZnZDgWlrY5UH/Pqg2q9JJ+C7k2DKG2e9uFxJSJtx0kdJwxeU3TumqNmLd/tkQOjqJkUSYZ+JFya96+NobBZOve1p3faoazixjOrvfnJBFa1ydsv0HffZ+ieXQOmmmTUI+1FwS1BsyruoNCFExVLrOAZg/02oc1IZju//zj2TfDmgV3UwXzUnuztT0wG7jv70ckXv5F+V3jShyuruduGPTReDds8njjQ0k07is1kPObEAF5jaNhWmHHmel0h1vYFvFH2+OfqNRiN/K8DyL6HcY6tM49pd2MTMp0If54uZhMHonVb8W6vCu5yQ5wdufmhQFmmLOkd4QNvOMHAX/t8R1iaMj++11xVDHsd7v5iU7p+hbD0DWs0GNNvWC1w+WGj5aNmSCc6nT1OAEUjyizmR2TKpKzPpOxKk7Jek7I+kzLCpIQ50D2jTcoIk+5HDyMySh64ZJLnS006icYmBQBFS0zC/IhMmTTqM2l0pUmjXpOsaNsEKLtGhF2jM3aNaLtGhF2TbHJ/T9nlgUt2eb7UrpMEdE1BveUujeVJqZKkJTZjfkROYjkeTciK88DFWDo+IpZedBLGDqBoaRgRPyJT6TnoS8/Blek56E3PAZGAAzrJBj0Op7VzwDUO79HOi0Z+pbRzZKIBZ2QJeOCKBpzRJXASTTTgDGd4S7NNoLcLZ0Sae3JS2vkD7XUPXCxtx0eUthedVG4HULS0chE/IhPdanzX060scEW3snxkt2pFE83IAxSNakYRPyITJt2Rv8p54AqTLB9pUiuaMMkDFI0yKeJH5KTc7+5yMkoeuFjujo8ody866a8dQNHS/or4ETkxKRv3HP8OuGiS4yNM8qIDzW0TwIBX0ZEpFfM+FfMrVcx7VcxJr3cARUu9jvgROTHpIRvSB7UDLprk+AiTvOhQc0Tz2jlyeqo9TMjK9cDlU63lo041JzodI04ARSPGiJgfkZNmBNlPNyMHXGxGjo9oRl502HMQzfcVR6ZuSmSGe+CamxKd4SfR1E0JZzjJHFyJiAz3ZCLDB8OeDIcm8LcPi16R5paPTPNWfpJIHUDR0kRC/Iic2JU/9BwBDrhokuMjTPKiE5M6gKKlJiH+mPx/7lx92LktAAA=" />\n<input type="hidden" name="lang" value="eng" />\n<input type="hidden" name="suite" value="cobalt" />\n<input type="hidden" name="reservedids" value="inst,lang,suite" />\n<input type="hidden" name="submitmode" value="" />\n<input type="hidden" name="submitname" value="" />\n<input type="hidden" name="allCountInsertComponent_76" id="allCountInsertComponent_76" value="100" />\n<input type="hidden" name="allAvailCountInsertComponent_76" id="allAvailCountInsertComponent_76" value="100" />\n</div>\r\n\t\t\t\t\t\r\n\t\t\t\t\t\r\n\t\t\t\t\t</form> \r\n\t                    </div>\r\n\t                \r\n\t                \r\n                \r\n                \r\n            </div><!--end mark-->\r\n    \r\n\r\n                                    </div>\r\n                            \r\n                            \r\n                            <div id ="showMoreLessLinkContainer">&nbsp;</div>\r\n                            \r\n                            <img alt="Drop Up Shadow" src="resources/gold/images/dropShadowUpArrow.png" class="dropShadowUpArrow" id="dialogUpArrowImageAnyComponent_20"></img>\r\n                        </div>\r\n                    </div>\r\n                    \r\n               \r\n               \r\n    \t\r\n    \t<!-- Order info -->\r\n        \r\n   \r\n\r\n\r\n                    \r\n                    \n    \n     \n\r\n                    \r\n\t\r\n\t\t<span title="ctx_ver=Z39.88-2004&amp;rft_val_fmt=info%3Aofi%2Ffmt%3Akev%3Amtx%3Abook&amp;rfr_id=info%3Asid%2Fiii.com%3Aencore&amp;rft.btitle=Nintendo+Switch+%3A+Go+vacation.&amp;rft.isbn=&amp;rft.date=&amp;rft_id=http%3A%2F%2Fencore.slcl.org%2Fiii%2Fencore%2Frecord%2FC__Rb2572925__SNintendo%2520Switch__P0%252C21__Orightresult__X3%3Bjsessionid%3D5F4C8E89B7C5F964F02DBB6C904346CF%3Flang%3Deng%26suite%3Dcobalt" class="Z3988" id="coinsAnyComponent_20"></span>\r\n\t\r\n\r\n                    <!-- ratingReviewsSummaryComponent -->\r\n                    \r\n                    <div class="addtlInfo">\r\n                       \r\n                       \r\n                       \r\n   \r\n\r\n                    </div>\r\n                </div>\r\n            </div>\r\n            <div class="bibLocations">\r\n                \r\n                \r\n            </div>\r\n        </div>\r\n    \r\n\r\n\t\r\n\r\n\t<!-- Browse Result Resource -->\r\n\t\r\n\r\n\t<!-- Browse Result External -->\r\n\t\r\n\r\n               \r\n           \r\n               \r\n\t<!-- Browse Result Program -->\r\n\t\r\n\r\n\t<!-- Browse Result Bib -->\r\n\t\r\n\t\t \r\n    \r\n        <div id="resultRecord-b2579106" class="gridBrowseContent2 searchResult">\r\n            <div class="gridBrowseCol1">\r\n                <div id="actionsUpdate-b2579106">\r\n                  \r\n    <span id="anyWrapperComponent_21">\r\n        \r\n    </span>\r\n\r\n                  <div class="citationButtons">\r\n                     \n    <div class="requestLink" id="Any_22">\n        \n\n        \n            <div class="Request" id="Any_1_21"> \n                        \t         \n            \t \n                \n                \n                \n                \t\n    \n    \n \n       \n        \n        \n            \n                <div class="requestButton">\n                   <a id="genericLink_21" class="button secondaryAction" href="https://encore.slcl.org/iii/encore/search;jsessionid=5F4C8E89B7C5F964F02DBB6C904346CF/Sdologin?lang=eng&amp;target=Nintendo%20Switch&amp;loginReason=doRequest&amp;actionRecordId=b2579106">\n                       <img alt="Direct Link" src="resources/gold/images/hold.png" id="genericLinkImage_21"></img>Request it\n                   </a>\n                </div>   \n            \n            \n        \n    \n\n                \n                \n                  <!--     popup -->\n                 \n        \t <!--    popup -->\n                \n            </div>\n        \n    </div>\n\r\n                  </div>\r\n                  \r\n<div class="addtlActions">\r\n\t\t<p>Additional actions:</p>\r\n    <ul class="inline-list initialActions">\r\n        \r\n        <li>\r\n    \r\n        <span id="bookCartOperationAnyComponentb2579106">\r\n            \r\n            \r\n\t\t\t\t\t<a id="addToBookCartLinkComponent_21" onMouseup="renewSession()" href="/iii/encore/SearchResultsPage,searchResultsComponent.resultComponent.searchBrowseResultBibComponent.recordActionsComponent.bookCartOperationComponent.addToBookCartLinkComponent.sdirect;jsessionid=5F4C8E89B7C5F964F02DBB6C904346CF?lang=eng&amp;sp=Sb2579106&amp;suite=cobalt" onclick="return tapestry.linkOnClick(this.href,\'addToBookCartLinkComponent_21\', false)">\r\n\t\t\t\t\t\t<img alt="Book Cart" width="22" title="Add to cart" src="resources/gold/images/bookcart.png" class="actionIcon" height="20" id="addToBookcartImageAnyComponent_21"></img>\r\n\t\t\t\t    </a>\r\n            \r\n        </span>\r\n    \r\n</li>\r\n        <li>\r\n    <a id="emailLinkComponent_21" onMouseup="renewSession()" class="toolbarItem popInDialogTrigger" href="/iii/encore/SearchResultsPage,searchResultsComponent.resultComponent.searchBrowseResultBibComponent.recordActionsComponent.emailComponent.emailLinkComponent.sdirect;jsessionid=5F4C8E89B7C5F964F02DBB6C904346CF?lang=eng&amp;sp=Sb2579106&amp;suite=cobalt" onclick="return tapestry.linkOnClick(this.href,\'emailLinkComponent_21\', false)">\r\n        <img alt="Email" width="19" title="Email" src="resources/gold/images/email.png" class="actionIcon" height="13" id="emailImageAnyComponent_21"></img>\r\n        \r\n    </a>\r\n    <!--confirmation dialog-->\r\n    \r\n    <div id="emailMessageContainer">\r\n        <div id="sentStatus">\r\n            <div id="emailStatusMessage">\r\n                \r\n            </div>\r\n        </div>\r\n    </div>\r\n</li>\r\n        \r\n             <li>\r\n\t\r\n</li>\r\n             <li>\r\n    \r\n</li>\r\n        \r\n        \r\n            <li><a href="javascript:void(0);" class="popUpTrigger moreActionsLink" onclick="toggleBibHoldingsPopup(this, false, \'moreActionsWrapper\',\'gridBrowseCol1\')">\r\n            <img width="13" alt="more actions" title="More actions" src="resources/gold/images/more.png" class="actionIcon" height="13" id="moreActionsImageAnyComponent_21"></img></a></li>\r\n        \r\n    </ul>\r\n   <div class="moreActionsWrapper popUpWrapper">\r\n       <a class="closeLink" onclick="toggleBibHoldingsPopup(this, true, \'moreActionsWrapper\',\'gridBrowseCol1\')" href="javascript:void(0);">\r\n           close\r\n       </a>\r\n       <h3 class="moreActionsHeader">more</h3>\r\n        <ul class="inline-list moreActions">\r\n            <li>\r\n    \r\n\t    \r\n\t    \r\n\t        <a id="loginLinkComponent_21" href="https://encore.slcl.org/iii/encore/search;jsessionid=5F4C8E89B7C5F964F02DBB6C904346CF/Sdologin?lang=eng&amp;target=Nintendo%20Switch&amp;loginReason=doTag&amp;actionRecordId=b2579106">\r\n\t           <img width="20" title="Add a Tag" src="resources/gold/images/tag.png" class="actionIcon" height="19" id="createCommunityTagsIconImageAny2Component_21"></img>\r\n\t        </a>\r\n\t    \r\n    \r\n</li>\r\n            \r\n            \r\n        </ul>\r\n       <img src="resources/gold/images/dropShadowArrow.png" class="dropShadowArrow" id="dialogArrowImageAnyComponent_21"></img>\r\n    </div>\r\n</div>\t \r\n\r\n                </div>\r\n            </div>\r\n            <div class="gridBrowseCol2">\r\n                \r\n                    <!--title-->\r\n                <div class="dpBibTitle">\r\n                    <!-- please read c1063106, c1063117, c1044421, c1060576a before changing title -->\r\n                    \r\n                        \r\n                            <span class="title">\r\n                                <a id="recordDisplayLink2Component_21" href="/iii/encore/record/C__Rb2579106__SNintendo%20Switch__P0%2C22__Orightresult__X3;jsessionid=5F4C8E89B7C5F964F02DBB6C904346CF?lang=eng&amp;suite=cobalt">\r\n                                    Nintendo Switch : Dragonball FighterZ.\r\n                                </a>\r\n                            </span>\r\n                        \r\n                        \r\n                        \r\n                            <span class="title">\r\n                                <span class="additionalFields customSecondaryText">\r\n                                    \r\n                                </span>\r\n                            </span>\r\n                        \r\n                    \r\n\r\n                    \r\n                    <div class="dpBibAuthor">\r\n                        \r\n                        \r\n                    </div>\r\n                    <!-- MARC 962 Media -->\r\n                    <div class="recordDetailValue">\r\n                        \r\n                        <span class="itemMediaDescription" id="mediaTypeInsertComponent_21">ELECTRONIC RES</span>\r\n                        \r\n                        \r\n                                <span class="pipeDivider">|</span>\r\n                                <span class="itemMediaYear" id="searchResultPubYearInsertComponent_21"></span>\r\n                            \r\n                        \r\n                              <span class="pipeDivider">|</span>\r\n                              <span class="itemEdition" id="searchResultEditionInsertComponent_21">Nintendo Switch ed.</span>\r\n                           \r\n                    </div>\r\n                    \r\n                    \r\n                        <!-- bibHoldingsComponentAvailableOnlyOrAllItems -->\r\n                        \r\n    <!--start item info-->\r\n    \r\n    \r\n        <!-- over threshold holdings info -->\r\n        \r\n\t\r\n\r\n    \t<!--ERM-->\r\n        \r\n    \r\n    <!-- Dialog content -->\r\n    \r\n\r\n        <!-- checkin info -->\r\n        \r\n\t\r\n\r\n        <!-- Volume info -->\r\n        \r\n        <!-- Item info -->\r\n        \r\n                \r\n                  <!--This ItemsContainer elem does not get rendered into a toggle on the record page - only the browse -->\r\n                  <div id="ItemsContainer-b2579106" class="ItemsContainer">\r\n                        \r\n                           \r\n    \r\n        <div class="availabilitySummaryArea">\r\n            \r\n                <div class="dpBibHoldingStatement">\r\n                    <span class="availabilityMessage">\r\n                        <span class="itemsAvailable">Available</span> at Grant\'s View (<span class="availCallNumber">VIDEO GAME</span>) plus 2 more\r\n                    </span>\r\n                    \r\n                        <span class="itemsContainerPopUpTrigger"></span>\r\n                    \r\n                </div>\r\n            \r\n        </div>\r\n    \r\n    \r\n    \r\n\r\n                        \r\n                        <div class="content bibHoldingsWrapper popUpWrapper">\r\n                            <a href="javascript:void(0);" onclick="toggleBibHoldingsPopup(this, true)" class="closeLink">close</a>\r\n                            <!-- available-->\r\n                              \r\n                                  <div id="availableItemsSection" class="availableItemsSection">\r\n                                      \r\n    \r\n\r\n    \r\n            \r\n            \r\n                    <!--link moved into dpBibHoldingStatement via initBibHoldingsToggle JS -->\r\n                    <span class="itemsAvailHeader itemsSectionHeader" id="availHeaderWrapperAny2Component_38"><a href="javascript:void(0);" onclick="toggleBibHoldingsPopup(this)">see all</a></span>\r\n            \r\n            <!--start mark -->\r\n             <h3 class="sectionHeader itemsHeader customHeader">Items</h3>\r\n            <div id="allavailitems-b2579106">\r\n                \r\n\t                \r\n\t                    <div class="itemTableWrapper popUpContentWrapper">\r\n\t                        \r\n    \r\n\t\t<table class="itemTable" cellspacing="3">\r\n        \t<tr>\r\n\t        \t\r\n\t        \t\t<th>\r\n\t        \t\t\tLocation\r\n\t        \t\t</th>\r\n\t        \t\r\n\t        \t\t<th>\r\n\t        \t\t\tCall No.\r\n\t        \t\t</th>\r\n\t        \t\r\n\t        \t\t<th>\r\n\t        \t\t\tStatus\r\n\t        \t\t</th>\r\n\t        \t\r\n        \t</tr>\r\n            \r\n            \t<tr>\r\n            \t\t\r\n                        \r\n            \t\t\r\n                        \r\n                            <td>\r\n                                \r\n                                    \r\n                                    \r\n                                        \r\n                                            \r\n \r\n\t \r\n\t    \t\r\n\t\t\r\n\t\t\r\n\t\t\tGrant\'s View\r\n\t\t\r\n    \r\n \r\n\r\n\r\n                                        \r\n                                        \r\n                                    \r\n            \t\t\t        \r\n\t            \t\t\t</td>\r\n            \t\t\t\r\n            \t\t\r\n                        \r\n                            <td>\r\n                                \r\n                                    \r\n                                    \r\n                                        \r\n                                        \r\n                                            \r\n                                                <a id="callNoBrowseDirectLinkComponent_77" href="/iii/encore/SearchResultsPage,searchResultsComponent.resultComponent.searchBrowseResultBibComponent.$BibHoldingsComponent.bibHoldingsAvailableItems2.itemTableComponent.callNoBrowseDirectLinkComponent.sdirect;jsessionid=5F4C8E89B7C5F964F02DBB6C904346CF?lang=eng&amp;sp=Si20316406&amp;sp=Sb2579106&amp;suite=cobalt" onclick="return tapestry.linkOnClick(this.href,\'callNoBrowseDirectLinkComponent_77\', false)">\r\n                                                    VIDEO GAME\r\n                                                </a>\r\n                                            \r\n                                            \r\n                                        \r\n                                    \r\n            \t\t\t        \r\n                                    \r\n                                         \r\n                                    \r\n                                    \r\n            \t\t\t        \r\n                                    \r\n                                         \r\n                                    \r\n                                    \r\n            \t\t\t        \r\n\t            \t\t\t</td>\r\n            \t\t\t\r\n            \t\t\r\n                        \r\n                            <td>\r\n                                \r\n                                    \r\n                                        IN LIBRARY\r\n                                    \r\n                                    \r\n            \t\t\t        \r\n\t            \t\t\t</td>\r\n            \t\t\t\r\n            \t\t\r\n            \t</tr>\r\n            \r\n        </table>\r\n    \r\n\r\n\t                        \r\n\t\t\t\t\t\t\t\r\n\t\t\t\t\t\t\t\t<a id="showAllItemsLinkComponent_77" class="showAllItemsLink customToggle" href="/iii/encore/SearchResultsPage,searchResultsComponent.resultComponent.searchBrowseResultBibComponent.$BibHoldingsComponent.bibHoldingsAvailableItems2.showAllItemsLinkComponent.sdirect;jsessionid=5F4C8E89B7C5F964F02DBB6C904346CF?lang=eng&amp;sp=Sb2579106&amp;sp=T&amp;sp=Sallavailitems-b2579106&amp;sp=F&amp;suite=cobalt" onclick="return tapestry.linkOnClick(this.href,\'showAllItemsLinkComponent_77\', false)">\r\n\t\t\t\t\t\t\t\tShow remaining items</a>\r\n\t\t\t\t\t\t\t\r\n\t\t\t\t\t\t\t\r\n  \xe2\x80\x8b\t\t\t\t\t\t\t\r\n  \r\n\t\t\t\t\t<form method="post" action="/iii/encore/SearchResultsPage,searchResultsComponent.resultComponent.searchBrowseResultBibComponent.$BibHoldingsComponent.bibHoldingsAvailableItems2.countComponent.sdirect;jsessionid=5F4C8E89B7C5F964F02DBB6C904346CF" id="countComponent_77" style="display:none;">\n<div style="display:none;" id="countComponent_77hidden"><input type="hidden" name="formids" value="allCountInsertComponent_77,allAvailCountInsertComponent_77" />\n<input type="hidden" name="seedids" value="ZH4sIAAAAAAAAAI1Z3XIiuxHeSnLexJckxQw/Npcs6z1Llb12AXuSXG0JRoBqhxGRZvxznimvlndISyOB1Oox3Njj/lqt/ldL/u//Pv3256dPf/v0j7/2NFcvYsNv+r0j25lfG3k4yopXtf2uaiYqruBbc62FrMzXEX7sZFk8w4p/KnY8cjULVuk9L8uQsJbFe/Q30/yLUHxTg8B5BSrUZzjrbRloJKsFL5lhCFdWcrlR4lg/8pot+FZxvY93lq+zRtfy8I2zgqv5NkQ3IYJ2NUrKXzOm6gdR/Qq1mW9v8uEwgqdVZM58+7N/M7zr3Zea32STPOJ9BLeBm9L9jqxWslpJWeqQXAh9LNn7s0WfjsYBer7NIyvZC1/thV5ypjZ7pIxxwRIYWtBoEDuh3XZagjb6x7FgNScEWHh+MHpvCeUeWLVrAFzyEmIowZkmEyiXu902G9lU9YPcieqyrSFHA16zy+KogM+tP2/y8djtAVyyAQdXW6EOn0u5idgP706HL7xG9jolWo9MFWexBntrlUuq1eNDiNXyaHeKVwB1wStYlGhRyfpf3xY5fP2n4Sr2ug3XV6kOIVVUur65veuV4HDzWzei5vajZRe8LB7YmpepqGWtBCzq91jxwqoNL84JcXaAbQJ2UcqVirQJsWwOaxElsj5CuS+b3Y5rXK4vrBSFLeJ7paT6ANJfY9h0HvjSzpOogTh0Btm7k7Ej9/LAn5PE9VRToknDiIWhnhGBghs9g2LMsSptSfAiKtkMWo9ShgttZZN48IFlXpzR+wqBOG4fbTtMA7zguimhCCoiNR0WArLec7WUjdpw/SgqcWBRHvKKrUvjicBdw55q5bTNIgoR0+0eS17HMWiXzEz5pm00XEZFt03oFX9DQvWZnsg062zX8c07XilV7TsfprsmFiXz0Mp7FsdIzsAHZ3laZqJnXHYlW2wtwbh6P7pzJyeS4sTXNoE4dfKPpIVsW7bh9e9KNsdwizN1XqBsehFaIBszT4wtylyT/zm+uZ3471vzbfy5YrtZKZsCpYrY7eulKLjtvd/ZgeNYOLsWEWPoxjCr4yyEccQ3yBjSkPnl/duRVYVXKyqECEH+qNlOP0hWQLPuHBUUWZeOGtmX56dqCUjnOvis5KvmbcE8K7lT7BDVZxfvZ7HGfBQPUqRC88BJuwXfSFX8fZ2Pxnf5ZGLOHzsLuokkBNrTfRn0IOcmHcll1XsyiTprQg2GI9AADl+NxjxgBe/e5APTT5bN+sCrZtEymrzXyArwuRn5RmbRz8xQhH564apQ4oV/ka9VCRFFa4Sevgk9GPcT+uKsEcJ8sp4ZDHXHYSIXG+JPe0IjmnOXpcpaOiWmx2M0K9kmEAfKhGjahgWF8EXwV31PtPfz6PsEkUDTe4BeuTZM+CAlOJhQ63n12fEjMRiOu4rJlaJYyc/kuB+iG+Zm4KjuzAYHJsqUkkiyVFKCPWCAHR9LuZ0niAnWS1vWrG50EFJtCdiRYt1WWFJ821epfmloVZKwHOr1u6x5iyb6PkrFXToQmXo4o6TF4FX4+9BUon6HTpjs7Vo6nLk7oiHBYbyDdKk+gJIol+m1wbgXBvyah6roObjc65xHzIVgIGUK8+lrZxhXexiIKxPoVLeVqEtYVCxM7Ihm2MGTz9JC/OJuXmBPDIfTWSoLn9cdezrn2SYQs06LQpiostJeNnCmhbsnrPTmU6fnR5Kaei8TZ4UMHTwHDiH7sXigyOT8Eot9btal0Ps0TjHPv+HPKzg+3uu+ddYHcjxHKmcDvxXDGeeoSSHAufxNlmbAQEdmaW4EJsORoDOQyNpIuP1VvCAF3i8eSXpo1DemA7Z5tZUfeEB/bcoy7YTrwKA93/wS6ICyl7oWQMLhcP9Dls0hOdDPQGKyHSFqftAz/xi2gpaT5G/MEk4wcOuHEBhT0jY9fYHOwdaihF4EN+sDU2mHMZIdRtxHzARxZoiH3VEIdUyXdgIJxzjbBIhGlapBusplm+5QVTuLS77CV504sic+69j8Jrs1eXlKnGDd7V2IxEoBdmBviBsoCRcz27WXUjdHxqfBYAKblJbL+FSHAS6AxY3wVlm0HXw8KXN6UqARZj0RUdvTEPkH6HXLCYlaRZEeZKMQS2I8GLfwFyjraGE2ug0XJvhgMoSYwVQQJup9yWE+jgaXkwJ/sLJBd67xIOvB2SUqi0WrQPoZQfdZwKDyGW6SRmNPj09357eHAETuOz8Pc3UFnCSJYfhdSij+R3ZMpiCSIZHhdadeHggLOtejuzJ4xT1kziBPv8u2opF6mwBq398TD7obh20Cq1NAk1cE4CS2S5R10rCgODPboaC01ZHqY159UK2X5FPQrWkQpc3TLjyuRKTtbVLHCYPXNGxaWW9jjpq1fLNHDoyiZlIkGbqRcGnevTaGwmbp3GfI4ISkQ1nFjWdWe/MvE1jVJm+3QN99H6F7ugY8pptkULJt+volaFYd3MUdFLpwomKJFfzAYL9NaDOS2c7vP45dE3zWE3AJCOaj9mRv/8Vk4K6zH518WTS1PCk86Wc9bu62YQ+NV8M29ycOnF7tKDaT8ZgTA3iNoWFbYcaZ63WFWNsX8EbZ45+rl2A08v8dQPZNxjm2zjymjcYmZDoR/jhdzO4ciNZtxZu9KrjLDXF2ANMLU5YpS3pH1vFYBT/t8x1hacp8/1ZzVTHsdbj7i03p+hXC0jesYX9Mv2G1wOWHjZaPmiGd6HT2OAEUjSizmB+RKZOyLpOyK03KOk3KukzKCJMS5kD3jDYpI0y6HU6GZJQ8cMkkz5eadBKNTQoAipaYhPkRmTJp2GXS8EqThp0mWdG2CVB2DQm7hh/YNaTtGhJ23WV3t7eUXR64ZJfnS+06SUDXFNRbRmksT0qVJC2xGfMjchLL8fCOrDgPXIyl4yNi6UUnYTwDFC0NI+JHZCo9+13p2b8yPfud6dknErBPJ1m/w+G0dg64xuEd2nnRyK+Udo5MNOCMLAEPXNGAM7oETqKJBpzhDG9ptgl0duGMSHNPTko7n9Be98DF0nZ8RGl70UnlngGKllYu4kdkoluNRx3dygJXdCvLR3arVjTRjDxA0ahmFPEjMmHSiPyvnAeuMMnykSa1ogmTPEDRKJMifkROyn00yskoeeBiuTs+oty96KS/ngGKlvZXxI/IiUnZuOP4d8BFkxwfYZIXHWhumwAGvIqOTKmYd6mYX6li3qliTnr9DFC01OuIH5ETkybZgD6oHXDRJMdHmORFh5ojmtfOkdNTbXJHVq4HLp9qLR91qjnR6RhxAigaMUbE/IicNCPIfroZOeBiM3J8RDPyosOeg2i+rzgydVMiM9wD19yU6Aw/iaZuSjjDSebgSkRkuCcTGd4fdGQ4NIG//GbRK9Lc8pFp3spPEukMULQ0kRA/Iid25ZOOI8ABF01yfIRJXnRi0hmgaKlJiB+RqVDRl1oHXBOljkutF01FCYD/AyqFfqBFLgAA" />\n<input type="hidden" name="lang" value="eng" />\n<input type="hidden" name="suite" value="cobalt" />\n<input type="hidden" name="reservedids" value="inst,lang,suite" />\n<input type="hidden" name="submitmode" value="" />\n<input type="hidden" name="submitname" value="" />\n<input type="hidden" name="allCountInsertComponent_77" id="allCountInsertComponent_77" value="100" />\n<input type="hidden" name="allAvailCountInsertComponent_77" id="allAvailCountInsertComponent_77" value="100" />\n</div>\r\n\t\t\t\t\t\r\n\t\t\t\t\t\r\n\t\t\t\t\t</form> \r\n\t                    </div>\r\n\t                \r\n\t                \r\n                \r\n                \r\n            </div><!--end mark-->\r\n    \r\n\r\n                                  </div>\r\n                              \r\n                             <!--all -->\r\n                              \r\n                                   <a href="javascript:void(0);" onclick="showHideItemsToggle(this)" class="showAllToggleLink availCheckboxLink"><img width="15" src="resources/gold/images/checkbox_checked.png" class="availCheckbox" height="13" id="checkboxCheckedImageComponent_21"></img>only show available</a>\r\n                                   <a href="javascript:void(0);" onclick="showHideItemsToggle(this)" class="showAvailableToggleLink availCheckboxLink"><img width="15" src="resources/gold/images/checkbox.png" class="availCheckbox" height="13" id="checkboxImageComponent_21"></img>only show available</a>\r\n                                   <a href="javascript:void(0);" onclick="showHideItemsToggle(this)" class="showAllMaxToggleLink availCheckboxLink"><img width="15" src="resources/gold/images/checkbox_checked.png" class="availCheckbox" height="13" id="checkboxCheckedImage2Component_21"></img>only show available</a>\r\n                                   <a href="javascript:void(0);" onclick="showHideItemsToggle(this)" class="showAvailableMaxToggleLink availCheckboxLink"><img width="15" src="resources/gold/images/checkbox.png" class="availCheckbox" height="13" id="checkboxImage2Component_21"></img>only show available</a>\r\n                                    \r\n                                    <div id="allItemsSection" class="allItemsSection">\r\n                                       \r\n    \r\n\r\n    \r\n            \r\n            \r\n                    <!--link moved into dpBibHoldingStatement via initBibHoldingsToggle JS -->\r\n                    <span class="itemsSectionHeader" id="availHeaderWrapperAny2Component_39"><a href="javascript:void(0);" onclick="toggleBibHoldingsPopup(this)">see all</a></span>\r\n            \r\n            <!--start mark -->\r\n             <h3 class="sectionHeader itemsHeader customHeader">Items</h3>\r\n            <div id="allitems-b2579106">\r\n                \r\n\t                \r\n\t                    <div class="itemTableWrapper popUpContentWrapper">\r\n\t                        \r\n    \r\n\t\t<table class="itemTable" cellspacing="3">\r\n        \t<tr>\r\n\t        \t\r\n\t        \t\t<th>\r\n\t        \t\t\tLocation\r\n\t        \t\t</th>\r\n\t        \t\r\n\t        \t\t<th>\r\n\t        \t\t\tCall No.\r\n\t        \t\t</th>\r\n\t        \t\r\n\t        \t\t<th>\r\n\t        \t\t\tStatus\r\n\t        \t\t</th>\r\n\t        \t\r\n        \t</tr>\r\n            \r\n            \t<tr>\r\n            \t\t\r\n                        \r\n            \t\t\r\n                        \r\n                            <td>\r\n                                \r\n                                    \r\n                                    \r\n                                        \r\n                                            \r\n \r\n\t \r\n\t    \t\r\n\t\t\r\n\t\t\r\n\t\t\tGrant\'s View\r\n\t\t\r\n    \r\n \r\n\r\n\r\n                                        \r\n                                        \r\n                                    \r\n            \t\t\t        \r\n\t            \t\t\t</td>\r\n            \t\t\t\r\n            \t\t\r\n                        \r\n                            <td>\r\n                                \r\n                                    \r\n                                    \r\n                                        \r\n                                        \r\n                                            \r\n                                                <a id="callNoBrowseDirectLinkComponent_78" href="/iii/encore/SearchResultsPage,searchResultsComponent.resultComponent.searchBrowseResultBibComponent.$BibHoldingsComponent.bibHoldingsAllItems.itemTableComponent.callNoBrowseDirectLinkComponent.sdirect;jsessionid=5F4C8E89B7C5F964F02DBB6C904346CF?lang=eng&amp;sp=Si20316406&amp;sp=Sb2579106&amp;suite=cobalt" onclick="return tapestry.linkOnClick(this.href,\'callNoBrowseDirectLinkComponent_78\', false)">\r\n                                                    VIDEO GAME\r\n                                                </a>\r\n                                            \r\n                                            \r\n                                        \r\n                                    \r\n            \t\t\t        \r\n                                    \r\n                                         \r\n                                    \r\n                                    \r\n            \t\t\t        \r\n                                    \r\n                                         \r\n                                    \r\n                                    \r\n            \t\t\t        \r\n\t            \t\t\t</td>\r\n            \t\t\t\r\n            \t\t\r\n                        \r\n                            <td>\r\n                                \r\n                                    \r\n                                        IN LIBRARY\r\n                                    \r\n                                    \r\n            \t\t\t        \r\n\t            \t\t\t</td>\r\n            \t\t\t\r\n            \t\t\r\n            \t</tr>\r\n            \r\n        </table>\r\n    \r\n\r\n\t                        \r\n\t\t\t\t\t\t\t\r\n\t\t\t\t\t\t\t\t<a id="showAllItemsLinkComponent_78" class="showAllItemsLink customToggle" href="/iii/encore/SearchResultsPage,searchResultsComponent.resultComponent.searchBrowseResultBibComponent.$BibHoldingsComponent.bibHoldingsAllItems.showAllItemsLinkComponent.sdirect;jsessionid=5F4C8E89B7C5F964F02DBB6C904346CF?lang=eng&amp;sp=Sb2579106&amp;sp=T&amp;sp=Sallitems-b2579106&amp;sp=F&amp;suite=cobalt" onclick="return tapestry.linkOnClick(this.href,\'showAllItemsLinkComponent_78\', false)">\r\n\t\t\t\t\t\t\t\tShow remaining items</a>\r\n\t\t\t\t\t\t\t\r\n\t\t\t\t\t\t\t\r\n  \xe2\x80\x8b\t\t\t\t\t\t\t\r\n  \r\n\t\t\t\t\t<form method="post" action="/iii/encore/SearchResultsPage,searchResultsComponent.resultComponent.searchBrowseResultBibComponent.$BibHoldingsComponent.bibHoldingsAllItems.countComponent.sdirect;jsessionid=5F4C8E89B7C5F964F02DBB6C904346CF" id="countComponent_78" style="display:none;">\n<div style="display:none;" id="countComponent_78hidden"><input type="hidden" name="formids" value="allCountInsertComponent_78,allAvailCountInsertComponent_78" />\n<input type="hidden" name="seedids" value="ZH4sIAAAAAAAAAI1Z3XIiuxHeSiXPkMq9L50UMwYMlyzrPUuVvXYBe5JcbQlGgGqHEZFmsH2eKa+Wd0hLI4HU6jHc2NBfq9X/aon//u/TX/749OnPn/7x11vN1VGs+U3v9sC25t9a7g+y4lVtP1c1ExVX8FlzrYWszKcD/NnKsniBFf9U7HDgahqs0jteliFhJYv36DvT/ItQfF2DwFkFKtRnOLvdMNBIVnNeMsMQrqzkYq3EoX7iNZvzjeJ6F+8sX6eNruX+G2cFV7NNiK5DBO1qlJS/pkzVj6L6FWoz29zk/UEET6rInNnmZ++mP7p9KDW/ycZ3Ee8TuA3clO53YLWS1VLKUofkQuhDyd5fLPp8MA7Qs00eWcmOfLkTesGZWu+QMsYFC2BoQaNB7IR220kJ2ugfh4LVnBBg4dne6L0hlHtk1bYBcMFLiKEEZ5pMoFzudluvZVPVj3Irqsu2hhwNeM0ui6MCPrf+vMnvM7cHcMkGHFxthNp/LuU6Yt+/Ox2+8BrZ65RoPTJRnMUa7KxVLqmWT48hVsuD3SleAdQ5r2BRokUl6399m+fw6T8NV7HXbbi+SrUPqaLS9c39+LYEh5v/uhE1tx9adsHL4pGteJmKWtRKwKLeLSuOrFrz4pwQZwfYJmAXpVypSJsQi2a/ElEi6wOU+6LZbrnG5XpkpShsET8oJdUHkP4aw6bzwCftPIkaiEOnkL1bGTtyJ/f8JUlcTzUlmjSMWBjqGREouNEzKMYcq9KWBC+iks2g9ShluNBWNonvPrDMizN6XyEQx+2jbftpgOdcNyUUQUWkpsNCQNY7rhayUWuun0Ql9izKQ16xVWk8Ebirf6taOW2ziELEdLvHgtdxDNolU1O+aRsNl1HRbRN6yd+QUH2mJzLNOtt1fPOOV0pV+86H6a6JRcnct/JexCGSc+eDszgtM9EzLruSLbaWYFy+H9y5kxNJceJrm0CcOvlH0kK2DVvz+jclm0O4xZk6K1A2HYUWyMbME2OLMtfkfw5vRr7h/7w3n40/l2w7LWVToFQR2129EAW3vfc723McC2fXPGIM3RhmdZyFMI74BhlDGjK/fHg7sKrwakWFECHIHzXb6kfJCmjWnaOCIuvSUSP78vxULQHpXAeflXzVvC2YFyW3iu2j+uzi/SxWmI/iQYpUaB44aTfna6mKv6/ywXCUj8fm/LGzoJtIQqA93RdBD3Ju0pFcVr0nk6izJtQABjnF4fDVaMwDVvDuTX5n+smiWe151cxbRpP3GlkBPjcj38As+pkZitDPR64KJY78i3ytSogoWiP05E3ou2Evoc/PGiHMJ+uZwVC3HCZysSa+2hMa0Zy7LFXW0ikxORyiWck2gThQJkSTNiwohEfBX/UD0d7z0+j7DJFA03uAXrk2TPggJTiYUOtZ9dnxIzEYjruKyZWiWMrP5LgfomvmZuCo7swGeybKlJJIslRSgj1ggB0fS7mdJ4gJ1ktb1KxudBBSbQnYkWLVVlhSfJtXqX5paFWSsBzq9buseYsm+j5JxV06EJm6P6OkxeBV+L5vKlG/QydM9nYtHc7cLdGQ4DDeQrpUH0BJlMv02mDcCwN+zUNV9Axc7nXOI+ZCMJAygfn0tTOMyx0MxJUJdKrbUtQlLCrmJnZEM+zgyadpIX5xNy+wJ4bD6SyVhc/rjj2d82wTiFknRSFMVFlpLxs408LdE1Z684nT8yNJTb2TibNChg6ePYeQ/Zg/UmRyfonFvjSrUuhdGqeY59/w9QqOj/d6aJ31gRzPkcpZw3/FcMY5alIIcC5/k6UZMNCRWZobgclwJOgMJLLWEm5/FS9IgQ/zJ5IeGvWN6YBtVm3kBx7QX5uyTDvhKjBox9e/BDqg7KWuBZBwONx/l2WzTw70M5CYbEeImu/11D+GLaHlJPkbs4QTDNz6IQTGlLRNT47QOdhKlNCL4Ga9ZyrtMEayw4j7iJkgzgzxsDsIoY7p0k4g4RhnmwDRqFI1SFe5bNMdqmpnccmX+KoTR/bEZx2b32T3Ji9PiROsux+HSKwUYHv2hriBknAxs117KXVzZHwa9GFELUvLZXyqwwAXwOJGeKss2g4+PCtzelKgEWY9EVHb0xD5B+h1ywmJWkWRvssiLInxnYO/QFlHC7NBtDDB78agooapIEzUh5LDfBwNLicFfmdlg+5cQ9gdzi5RWSxaNQ4RdJ8FDCqf4SZpNPb0+HR3fnsMQOS+8/MwV1fASZIYht+khOJ/YodkCiIZEhled+rlgbCgcz26K4NX3EPmFPL0u2wrGqm3DqD2/T3xoLtx2CawPAU0eUW4J7dLlHXSsKA4M9uhoLTVkepjXn1QrZfkU9D9yEA2T7vwuBKRtqOkjhMGryk6d81Rs5Jv9siBUdRMiiRDNxIuzbvXxlDYLJ372tM77VBWceOZ5c78ZAKr2uQNBWZk932C7uka8JBukkHJth7yS9CsejeKOyh04UTFEivYqV9Z+m0M4m1GMtv5/ceha4LPbgVcAoL5qD3Z25+YDNx19qOTL4umlmeFJ/3slpu7bdhD49WwzcOJAy1dt6PYVMZjTgzgNYaGbYUZZ6ZXFWJtX8AbZY9/ro7BaOR/HUD2jYc5ts48pg2GJmQ6Ef40mU9HDkTrNuLNXhXc5YY4O4DpyJRlypLekXU8VsFf+3xHWJoyP7zVXFUMex3u/mJdun6FsPQNq98b0m9YLXD5YaPlo2ZIJzqdPU4ARSPKLOZHZMqkrMuk7EqTsk6Tsi6TMsKkhDnQPaNNygiT7vvjPhklD1wyyfOlJp1EY5MCgKIlJmF+RKZM6neZ1L/SpH6nSVa0bQKUXX3Crv4HdvVpu/qEXaNsdH9P2eWBS3Z5vtSukwR0TUG9ZZDG8qRUSdISmzE/IiexHPZHZMV54GIsHR8RSy86CeMZoGhpGBE/IlPp2etKz96V6dnrTM8ekYA9Osl6HQ6ntXPANQ7v0M6LRn6ltHNkogFnZAl44IoGnNElcBJNNOAMZ3hLs02gswtnRJp7clLa+Zj2ugculrbjI0rbi04q9wxQtLRyET8iE91qOOjoVha4oltZPrJbtaKJZuQBikY1o4gfkQmTBuSvch64wiTLR5rUiiZM8gBFo0yK+BE5KffBICej5IGL5e74iHL3opP+egYoWtpfET8iJyZlw47j3wEXTXJ8hEledKC5bQIY8Co6MqVi3qVifqWKeaeKOen1M0DRUq8jfkROTBpnd/RB7YCLJjk+wiQvOtQc0bx2jpyeauMRWbkeuHyqtXzUqeZEp2PECaBoxBgR8yNy0owg++lm5ICLzcjxEc3Iiw57DqL5vuLI1E2JzHAPXHNTojP8JJq6KeEMJ5mDKxGR4Z5MZHjvriPDoQn86W8WvSLNLR+Z5q38JJHOAEVLEwnxI3JiVz7uOAIccNEkx0eY5EUnJp0BipaahPgRmQoVfal1wDVR6rjUetFUlJJLbUv7PzdOrsdZLgAA" />\n<input type="hidden" name="lang" value="eng" />\n<input type="hidden" name="suite" value="cobalt" />\n<input type="hidden" name="reservedids" value="inst,lang,suite" />\n<input type="hidden" name="submitmode" value="" />\n<input type="hidden" name="submitname" value="" />\n<input type="hidden" name="allCountInsertComponent_78" id="allCountInsertComponent_78" value="100" />\n<input type="hidden" name="allAvailCountInsertComponent_78" id="allAvailCountInsertComponent_78" value="100" />\n</div>\r\n\t\t\t\t\t\r\n\t\t\t\t\t\r\n\t\t\t\t\t</form> \r\n\t                    </div>\r\n\t                \r\n\t                \r\n                \r\n                \r\n            </div><!--end mark-->\r\n    \r\n\r\n                                    </div>\r\n                            \r\n                            \r\n                                <!--how to test for available items on the threshold link-->\r\n                                       <div class="availableMaxItemsSection">\r\n                                                \r\n    \r\n\r\n    \r\n            \r\n                 \r\n                \r\n                    <!--link moved into dpBibHoldingStatement via initBibHoldingsToggle JS -->\r\n                    <span class="itemsAvailHeader itemsSectionHeader" id="availHeaderWrapperAnyComponent_38">\r\n                           <a id="showMaxItemsLink2Component_38" class="maxItemsLink" href="/iii/encore/SearchResultsPage,searchResultsComponent.resultComponent.searchBrowseResultBibComponent.$BibHoldingsComponent.bibHoldingsAvailableMaxItems2.showMaxItemsLink2Component.sdirect;jsessionid=5F4C8E89B7C5F964F02DBB6C904346CF?lang=eng&amp;sp=Sb2579106&amp;sp=F&amp;sp=Sallavailitemsmax-b2579106&amp;sp=F&amp;suite=cobalt" onclick="return tapestry.linkOnClick(this.href,\'showMaxItemsLink2Component_38\', false)">\r\n                               <a href="javascript:void(0);" onclick="toggleBibHoldingsPopup(this)">see all</a>\r\n                           </a>\r\n                    </span>\r\n                \r\n            \r\n            \r\n            <!--start mark -->\r\n             <h3 class="sectionHeader itemsHeader customHeader">Items</h3>\r\n            <div id="allavailitemsmax-b2579106">\r\n                \r\n\t                \r\n\t                    <div class="itemTableWrapper popUpContentWrapper">\r\n\t                        \r\n    \r\n\t\t<table class="itemTable" cellspacing="3">\r\n        \t<tr>\r\n\t        \t\r\n\t        \t\t<th>\r\n\t        \t\t\tLocation\r\n\t        \t\t</th>\r\n\t        \t\r\n\t        \t\t<th>\r\n\t        \t\t\tCall No.\r\n\t        \t\t</th>\r\n\t        \t\r\n\t        \t\t<th>\r\n\t        \t\t\tStatus\r\n\t        \t\t</th>\r\n\t        \t\r\n        \t</tr>\r\n            \r\n            \t<tr>\r\n            \t\t\r\n                        \r\n            \t\t\r\n                        \r\n                            <td>\r\n                                \r\n                                    \r\n                                    \r\n                                        \r\n                                            \r\n \r\n\t \r\n\t    \t\r\n\t\t\r\n\t\t\r\n\t\t\tGrant\'s View\r\n\t\t\r\n    \r\n \r\n\r\n\r\n                                        \r\n                                        \r\n                                    \r\n            \t\t\t        \r\n\t            \t\t\t</td>\r\n            \t\t\t\r\n            \t\t\r\n                        \r\n                            <td>\r\n                                \r\n                                    \r\n                                    \r\n                                        \r\n                                        \r\n                                            \r\n                                                <a id="callNoBrowseDirectLinkComponent_79" href="/iii/encore/SearchResultsPage,searchResultsComponent.resultComponent.searchBrowseResultBibComponent.$BibHoldingsComponent.bibHoldingsAvailableMaxItems2.itemTableComponent.callNoBrowseDirectLinkComponent.sdirect;jsessionid=5F4C8E89B7C5F964F02DBB6C904346CF?lang=eng&amp;sp=Si20316406&amp;sp=Sb2579106&amp;suite=cobalt" onclick="return tapestry.linkOnClick(this.href,\'callNoBrowseDirectLinkComponent_79\', false)">\r\n                                                    VIDEO GAME\r\n                                                </a>\r\n                                            \r\n                                            \r\n                                        \r\n                                    \r\n            \t\t\t        \r\n                                    \r\n                                         \r\n                                    \r\n                                    \r\n            \t\t\t        \r\n                                    \r\n                                         \r\n                                    \r\n                                    \r\n            \t\t\t        \r\n\t            \t\t\t</td>\r\n            \t\t\t\r\n            \t\t\r\n                        \r\n                            <td>\r\n                                \r\n                                    \r\n                                        IN LIBRARY\r\n                                    \r\n                                    \r\n            \t\t\t        \r\n\t            \t\t\t</td>\r\n            \t\t\t\r\n            \t\t\r\n            \t</tr>\r\n            \r\n        </table>\r\n    \r\n\r\n\t                        \r\n\t\t\t\t\t\t\t\r\n\t\t\t\t\t\t\t\t<a id="showAllItemsLinkComponent_79" class="showAllItemsLink customToggle" href="/iii/encore/SearchResultsPage,searchResultsComponent.resultComponent.searchBrowseResultBibComponent.$BibHoldingsComponent.bibHoldingsAvailableMaxItems2.showAllItemsLinkComponent.sdirect;jsessionid=5F4C8E89B7C5F964F02DBB6C904346CF?lang=eng&amp;sp=Sb2579106&amp;sp=T&amp;sp=Sallavailitemsmax-b2579106&amp;sp=F&amp;suite=cobalt" onclick="return tapestry.linkOnClick(this.href,\'showAllItemsLinkComponent_79\', false)">\r\n\t\t\t\t\t\t\t\tShow remaining items</a>\r\n\t\t\t\t\t\t\t\r\n\t\t\t\t\t\t\t\r\n  \xe2\x80\x8b\t\t\t\t\t\t\t\r\n  \r\n\t\t\t\t\t<form method="post" action="/iii/encore/SearchResultsPage,searchResultsComponent.resultComponent.searchBrowseResultBibComponent.$BibHoldingsComponent.bibHoldingsAvailableMaxItems2.countComponent.sdirect;jsessionid=5F4C8E89B7C5F964F02DBB6C904346CF" id="countComponent_79" style="display:none;">\n<div style="display:none;" id="countComponent_79hidden"><input type="hidden" name="formids" value="allCountInsertComponent_79,allAvailCountInsertComponent_79" />\n<input type="hidden" name="seedids" value="ZH4sIAAAAAAAAAI1Z3XIiuxHeSiVv4ksnxYwHDJcs6z1LlX3WBexJcrUlGAGqHUZEmvHPeaa8Wt4hLY0EUqvHcGOP+2u1+l8t+b//+/S3Pz99+uunf9zdaq5exIbfDG6PbGd+beThKGteN/a7bpiouYJvzbUWsjZfR/ixk1X5DCv+qdjxyNUsWKX3vKpCwlqW79HfTPMvQvFNAwLnNajQnOHsdstAI1kveMUMQ7iylsuNEsfmiTdswbeK6328s3ydtbqRh2+clVzNtyG6CRG0q1FS/pox1TyK+leozXx7kxf3ETytI3Pm25+Dm2J8+1BpfpNNhhHvE7gN3JTud2SNkvVKykqH5FLoY8Xeny36/WgcoOfbPLKSvfDVXuglZ2qzR8oYFyyBoQONBrETum2nFWijfxxL1nBCgIXnB6P3llDukdW7FsAlryCGEpxpMoFyudtts5Ft3TzKnagv2xpytOA1uyyOCvjc+vMmv8/dHsAlW3BwvRXq8LmSm4j98O50+MIbZK9TovPIVHEWa7C3VrmkWj09hlgjj3aneAVQF7yGRYkWtWz+9W2Rw9d/Wq5ir9twfZXqEFJFrZub8eC2Aoeb37oVDbcfHbvgVfnI1rxKRS0bJWDR4JaVL6ze8PKcEGcH2CZgF6VcqUibEMv2sBZRIusjlPuy3e24xuX6wipR2iJ+UEqqDyD9NYZN54Ev7TyJGohDZ5C9Oxk7ci8P/DlJXE81JZo0jFgY6hkRKLjRMyjGHKvSlQQvo5LNoPUoZbjQVjaJ7z6wzIszel8hEMfto22LNMALrtsKiqAmUtNhISCbPVdL2aoN10+iFgcW5SGv2boyngjcVdyqTk7XLKIQMd3tseRNHINuycyUb9pGw2VUdLuEXvE3JFSf6YlMs852Hd+845VSNb7zYbprYlEyF1beszhGcu58cJanZSZ6xmVXssXWEoyr96M7d3IiKU58XROIUyf/SFrItmUb3vymZHsMtzhT5yXKphehBbIx88TYosw1+Z+jm/Hp+958G3+u2G5WybZEqSJ2+2YpSm577+/swHEsnF2LiDF0Y5jVcRbCOOIbZAxpyPzq4e3I6tKrFRVChCB/NGynHyUroVn3jgqKrEtHjezL81O1BKRzHXxW8lXzrmCeldwpdojqs4/3s1hjPooHKVKjeeCk3YJvpCr/vs6Ho3E+mZjzx86CbiIJge50XwY9yLlJR3JZ/Z5Mos6aUINiCBrA4avRmAes4N2b/M70k2W7PvC6XXSMJu81sgJ8bka+oVn0MzMUob+/cFUq8cK/yNe6goiiNUJP34S+Gw0S+uKsEcJ8sp4ZDHXHYSIXG+JPe0IjmnOXpcpGOiWmx2M0K9kmEAfKhGjahQWF8EXwV/1AtPf8NPp+h0ig6T1Ar1wbJnyQEhxMaPS8/uz4kRgMx13F5EpZruRnctwP0Q1zM3BUd2aDAxNVSkkkWSopwR4wwI6PpdzOE8QE66UtG9a0OgiptgTsSLHuKiwpvu2rVL80tCpJWA71+rtseIcm+j5JxV06EJl6OKOkxeBV+PvQ1qJ5h06Y7O1aOpy5O6IhwWG8g3SpP4CSKFfptcG4Fwb8hoeq6Dm43OucR8ylYCBlCvPpa28YV3sYiGsT6FS3lWgqWFQuTOyIZtjDk8/SQvzibl5gTwyH01kqC5/XPXs659kmELNOy1KYqLLKXjZwpoW7J6z05lOn50eS2mYvE2eFDD08Bw4h+7F4pMjk/BKLfW7XldD7NE4xz7/hzys4Pt7roXPWB3I8RypnA78VwxnnqEkhwLn8TVZmwEBHZmVuBCbDkaAzkMjaSLj91bwkBT4snkh6aNQ3pgO2eb2VH3hAf22rKu2E68CgPd/8EuiAspe6DkDC4XD/Q1btITnQz0Bish0hGn7QM/8YtoKWk+RvzBJOMHDrhxAYU9I2PX2BzsHWooJeBDfrA1NphzGSHUbcR8wEcWaIh91hCPVMl3YCCcc42wSIRpWqQbrKZZvuUVU7iyu+wledOLInPuvY/Ca7N3l5Spxg3XgQIrFSgB3YG+IGSsLFzHbdpdTNkfFpUJhNKstlfKrDAJfA4kZ4qyzaDj6+K3N6UqARZj0RUbvTEPlnbC4LlhMStY4ifQeDa4AlMS7yDv4CZR0tzEZZuDDBi0EBMYOpIEzUh4rDfBwNLicF/mBVi+5co+L+Fs4uUVssmsZB+hmJY2IwqHyGm6TR2NPj033sL+5nELnv/DzM1RVwkiSG4Tcpofif2DGZgkiGRIbXnXp5ICzoXY/uyuAV95A5gzz9XXYVjdTbBFD3/p540N04bBNYnQKavCKMB9R2ibJOGhYUZ2Y3FFS2OlJ9zKsPqvWKfAq6nxjI5mkfHldirC3AuI4TBq8pOnfNUbOWb/bIgVHUTIokQz8SLs3718ZQ2Cyd+7rTO+1QVnHjmdXe/MsEVnXJ2y/Qd98n6J7nBkw1yaAJdB7yS9CsejeJOyh04UTFCisY6Jchg/02BvE2I5nd/P7j2DfBZ7cCLgHBfNSd7N2/mAzcd/ajky+LppbvCk/62S03d9uwh8arYZuHEwdauulGsZmMx5wYwGsMDdsKM85cr2vE2r2At8oe/1y9BKOR/+8Asm8yyrF15jFtODIh04nwp+liNnYgWrcVb/aq4C43xNkBTC9MWaYs6R1Zz2MV/LTPd4SlKfPDW8NVzbDX4e4vNpXrVwhL37CKwYh+w+qAyw8bHR81QzrR6exxAigaUWYxPyJTJmV9JmVXmpT1mpT1mZQRJiXMge4ZbVJGmHRfTAoySh64ZJLnS006icYmBQBFS0zC/IhMmVT0mVRcaVLRa5IVbZsAZVdB2FV8YFdB21UQdo2z8f09ZZcHLtnl+VK7ThLQNQX1lmEay5NSFUlLbMb8iJzEclSMyYrzwMVYOj4ill50EsYzQNHSMCJ+RKbSc9CXnoMr03PQm54DIgEHdJINehxOa+eAaxzeo50XjfxKaefIRAPOyBLwwBUNOKNL4CSaaMAZzvCOZptAbxfOiDT35KS08wntdQ9cLG3HR5S2F51U7hmgaGnlIn5EJrrVaNjTrSxwRbeyfGS36kQTzcgDFI1qRhE/IhMmDcn/ynngCpMsH2lSJ5owyQMUjTIp4kfkpNyHw5yMkgculrvjI8rdi0766xmgaGl/RfyInJiUjXqOfwdcNMnxESZ50YHmtglgwKvoyJSKeZ+K+ZUq5r0q5qTXzwBFS72O+BE5MWmS3dEHtQMumuT4CJO86FBzRPPaOXJ6qk3GZOV64PKp1vFRp5oTnY4RJ4CiEWNEzI/ISTOC7KebkQMuNiPHRzQjLzrsOYjm+4ojUzclMsM9cM1Nic7wk2jqpoQznGQOrkREhnsykeGDu54Mhybwl6FFr0hzy0emeSc/SaQzQNHSREL8iJzYlU96jgAHXDTJ8REmedGJSWeAoqUmIX5EpkJFX2odcE2Uei61XjQVpeRSSzEH4QDs/w93/JJ1LgAA" />\n<input type="hidden" name="lang" value="eng" />\n<input type="hidden" name="suite" value="cobalt" />\n<input type="hidden" name="reservedids" value="inst,lang,suite" />\n<input type="hidden" name="submitmode" value="" />\n<input type="hidden" name="submitname" value="" />\n<input type="hidden" name="allCountInsertComponent_79" id="allCountInsertComponent_79" value="100" />\n<input type="hidden" name="allAvailCountInsertComponent_79" id="allAvailCountInsertComponent_79" value="100" />\n</div>\r\n\t\t\t\t\t\r\n\t\t\t\t\t\r\n\t\t\t\t\t</form> \r\n\t                    </div>\r\n\t                \r\n\t                \r\n                \r\n                \r\n            </div><!--end mark-->\r\n    \r\n\r\n                                       </div>\r\n                            \r\n                            \r\n                                    <div id="allMaxItemsSection" class="allMaxItemsSection">\r\n                                        \r\n    \r\n\r\n    \r\n            \r\n                 \r\n                \r\n                    <!--link moved into dpBibHoldingStatement via initBibHoldingsToggle JS -->\r\n                    <span class="itemsSectionHeader" id="availHeaderWrapperAnyComponent_39">\r\n                           <a id="showMaxItemsLink2Component_39" class="maxItemsLink" href="/iii/encore/SearchResultsPage,searchResultsComponent.resultComponent.searchBrowseResultBibComponent.$BibHoldingsComponent.bibHoldingsAllMaxItems.showMaxItemsLink2Component.sdirect;jsessionid=5F4C8E89B7C5F964F02DBB6C904346CF?lang=eng&amp;sp=Sb2579106&amp;sp=F&amp;sp=Sallitemsmax-b2579106&amp;sp=F&amp;suite=cobalt" onclick="return tapestry.linkOnClick(this.href,\'showMaxItemsLink2Component_39\', false)">\r\n                               <a href="javascript:void(0);" onclick="toggleBibHoldingsPopup(this)">see all</a>\r\n                           </a>\r\n                    </span>\r\n                \r\n            \r\n            \r\n            <!--start mark -->\r\n             <h3 class="sectionHeader itemsHeader customHeader">Items</h3>\r\n            <div id="allitemsmax-b2579106">\r\n                \r\n\t                \r\n\t                    <div class="itemTableWrapper popUpContentWrapper">\r\n\t                        \r\n    \r\n\t\t<table class="itemTable" cellspacing="3">\r\n        \t<tr>\r\n\t        \t\r\n\t        \t\t<th>\r\n\t        \t\t\tLocation\r\n\t        \t\t</th>\r\n\t        \t\r\n\t        \t\t<th>\r\n\t        \t\t\tCall No.\r\n\t        \t\t</th>\r\n\t        \t\r\n\t        \t\t<th>\r\n\t        \t\t\tStatus\r\n\t        \t\t</th>\r\n\t        \t\r\n        \t</tr>\r\n            \r\n            \t<tr>\r\n            \t\t\r\n                        \r\n            \t\t\r\n                        \r\n                            <td>\r\n                                \r\n                                    \r\n                                    \r\n                                        \r\n                                            \r\n \r\n\t \r\n\t    \t\r\n\t\t\r\n\t\t\r\n\t\t\tGrant\'s View\r\n\t\t\r\n    \r\n \r\n\r\n\r\n                                        \r\n                                        \r\n                                    \r\n            \t\t\t        \r\n\t            \t\t\t</td>\r\n            \t\t\t\r\n            \t\t\r\n                        \r\n                            <td>\r\n                                \r\n                                    \r\n                                    \r\n                                        \r\n                                        \r\n                                            \r\n                                                <a id="callNoBrowseDirectLinkComponent_80" href="/iii/encore/SearchResultsPage,searchResultsComponent.resultComponent.searchBrowseResultBibComponent.$BibHoldingsComponent.bibHoldingsAllMaxItems.itemTableComponent.callNoBrowseDirectLinkComponent.sdirect;jsessionid=5F4C8E89B7C5F964F02DBB6C904346CF?lang=eng&amp;sp=Si20316406&amp;sp=Sb2579106&amp;suite=cobalt" onclick="return tapestry.linkOnClick(this.href,\'callNoBrowseDirectLinkComponent_80\', false)">\r\n                                                    VIDEO GAME\r\n                                                </a>\r\n                                            \r\n                                            \r\n                                        \r\n                                    \r\n            \t\t\t        \r\n                                    \r\n                                         \r\n                                    \r\n                                    \r\n            \t\t\t        \r\n                                    \r\n                                         \r\n                                    \r\n                                    \r\n            \t\t\t        \r\n\t            \t\t\t</td>\r\n            \t\t\t\r\n            \t\t\r\n                        \r\n                            <td>\r\n                                \r\n                                    \r\n                                        IN LIBRARY\r\n                                    \r\n                                    \r\n            \t\t\t        \r\n\t            \t\t\t</td>\r\n            \t\t\t\r\n            \t\t\r\n            \t</tr>\r\n            \r\n        </table>\r\n    \r\n\r\n\t                        \r\n\t\t\t\t\t\t\t\r\n\t\t\t\t\t\t\t\t<a id="showAllItemsLinkComponent_80" class="showAllItemsLink customToggle" href="/iii/encore/SearchResultsPage,searchResultsComponent.resultComponent.searchBrowseResultBibComponent.$BibHoldingsComponent.bibHoldingsAllMaxItems.showAllItemsLinkComponent.sdirect;jsessionid=5F4C8E89B7C5F964F02DBB6C904346CF?lang=eng&amp;sp=Sb2579106&amp;sp=T&amp;sp=Sallitemsmax-b2579106&amp;sp=F&amp;suite=cobalt" onclick="return tapestry.linkOnClick(this.href,\'showAllItemsLinkComponent_80\', false)">\r\n\t\t\t\t\t\t\t\tShow remaining items</a>\r\n\t\t\t\t\t\t\t\r\n\t\t\t\t\t\t\t\r\n  \xe2\x80\x8b\t\t\t\t\t\t\t\r\n  \r\n\t\t\t\t\t<form method="post" action="/iii/encore/SearchResultsPage,searchResultsComponent.resultComponent.searchBrowseResultBibComponent.$BibHoldingsComponent.bibHoldingsAllMaxItems.countComponent.sdirect;jsessionid=5F4C8E89B7C5F964F02DBB6C904346CF" id="countComponent_80" style="display:none;">\n<div style="display:none;" id="countComponent_80hidden"><input type="hidden" name="formids" value="allCountInsertComponent_80,allAvailCountInsertComponent_80" />\n<input type="hidden" name="seedids" value="ZH4sIAAAAAAAAAI1Z3XIiuxHeSiVv4ksnxYwBwyXLes+Sss+6gD1JrrYEI0C1w4hIM9jOM+XV8g5paSSQWj3AjT3ur9Xqf7Xk//7v01/+8+nTnz/97e/3mqujWPO73v2Bbc2vtdwfZMWr2n5XNRMVV/CtudZCVubrAD+2sixeYcU/FDscuJoGq/SOl2VIWMniI/qbaf5FKL6uQeCsAhXqM5zdbxhoJKs5L5lhCFdWcrFW4lC/8JrN+UZxvYt3lm/TRtdy/42zgqvZJkTXIYJ2NUrKX1Om6mdR/Qq1mW3u8v44gidVZM5s87N31x/dP5Wa32Xjx4j3BdwGbkr3O7BayWopZalDciH0oWQfrxb9fjAO0LNNHlnJjny5E3rBmVrvkDLGBQtgaEGjQeyEdttJCdroH4eC1ZwQYOHZ3ui9IZR7ZtW2AXDBS4ihBGeaTKBc7nZbr2VT1c9yK6rrtoYcDXjNLoujAj63/rzLHx/cHsAlG3BwtRFq/7mU64h9/+F0+MJrZK9TovXIRHEWa7CzVrmkWr48h1gtD3aneAVQ57yCRYkWlaz/+W2ew9e/G65ir9twfZVqH1JFpeu7UXZfgsPNb92ImtuPll3wsnhmK16moha1ErCod8+KI6vWvDgnxNkBtgnYRSlXKtImxKLZr0SUyPoA5b5otluucbkeWSkKW8RPSkl1AdJfY9h0HvjSzpOogTh0Ctm7lbEjd3LPX5PE9VRToknDiIWhnhGBghs9g2LMsSptSfAiKtkMWo9ShgttZZP44YJlXpzR+waBOG6Xtu2nAZ5z3ZRQBBWRmg4LAVnvuFrIRq25fhGV2LMoD3nFVqXxROCu/r1q5bTNIgoR0+0eC17HMWiXTE35pm00XEZFt03oJX9HQvWZnsg062zX8c07XilV7TsfprsmFiVz38p7FYdIzoMPzuK0zETPuOxGtthagnH5cXDnTk4kxYmvbQJx6uSXpIVsG7bm9W9KNodwizN1VqBsOgotkI2ZJ8YWZa7J/xzejXL//Wi+jT+XbDstZVOgVBHbXb0QBbe993e25zgWzq55xBi6MczqOAthHPENMoY0ZH759H5gVeHVigohQpA/arbVz5IV0Kw7RwVF1qWjRvbl+alaAtK5Dj4r+aZ5WzCvSm4V20f12cX7WawwH8WDFKnQPHDSbs7XUhV/XeWD4Sgfj835Y2dBN5GEQHu6L4Ie5NykI7ms+kgmUWdNqEF/ABrA4avRmAes4N27/MH0k0Wz2vOqmbeMJu81sgJ8bka+gVn0MzMUob8fuSqUOPIv8q0qIaJojdCTd6Efhr2EPj9rhDCfrGcGQ91ymMjFmvjTntCI5txlqbKWTonJ4RDNSrYJxIEyIZq0YUEhPAr+pp+I9p6fRt/vEAk0vQfojWvDhA9SgoMJtZ5Vnx0/EoPhuKuYXCmKpfxMjvshumZuBo7qzmywZ6JMKYkkSyUl2AMG2PGxlNt5gphgvbRFzepGByHVloAdKVZthSXFt3mT6peGViUJy6Fef5c1b9FE3xepuEsHIlP3Z5S0GLwKf++bStQf0AmTvV1LhzN3SzQkOIy3kC7VBSiJcpleG4x7YcCveaiKnoHLvc55xFwIBlImMJ++dYZxuYOBuDKBTnVbirqERcXcxI5ohh08+TQtxC/u5gX2xHA4naWy8Hndsadznm0CMeukKISJKivtZQNnWrh7wkpvPnF6XpLU1DuZOCtk6ODZcwjZj/kzRSbnl1jsa7Mqhd6lcYp5/gV/3sBxea+n1lkX5HiOVM4afiuGM85Rk0KAc/mbLM2AgY7M0twITIYjQWcgkbWWcPureEEKfJq/kPTQqG9MB2yzaiMveEB/bcoy7YSrwKAdX/8S6ICyl7oWQMLhcP9Dls0+OdDPQGKyHSFqvtdT/xi2hJaT5G/MEk4wcOuHEBhT0jY9OULnYCtRQi+Cm/WeqbTDGMkOI+4jZoI4M8TD7iCEOqZLO4GEY5xtAkSjStUgXeWyTXeoqp3FJV/iq04c2ROfdWx+lz2avDwlTrBulIVIrBRge/aOuIGScDGzXXspdXNkfBr0YUQtS8tlfKrDABfA4kZ4qyzaDj6+K3N6UqARZj0RUdvTEPkH6HXLCYlaRZF+yB9DLIkxZIKFv0BZRwuz4UO4MMH7vTHEDKaCMFGfSg7zcTS4nBT4g5UNunMNB4N7OLtEZbFoGgfpZySOicGg8hlukkZjT49Pd+e35wBE7js/D3N1A5wkiWH4TUoo/hd2SKYgkiGR4XWnXh4ICzrXo7syeMU9ZE4hT3+XbUUj9dYB1L6/Jx50Nw7bBJangCavCMBJbJco66RhQXFmtkNBaasj1ce8+qBaL8mnoJGtUJunXXhciUjbtI4TBq8pOnfNUbOS7/bIgVHUTIokQzcSLs2718ZQ2Cyd+9rTO+1QVnHjmeXO/MsEVrXJ2y3Qd98X6J7nBkw1yahH2ouCW4JmVdxBoQsnKpZYwQsG+21Cm5HMdn7/ceia4KH9wiUgmI/ak739F5OBu85+dPJl0dTyXeFJP7vn5m4b9tB4NWzzdOJAS9ftKDaV8ZgTA3iNoWFbYcaZ6VWFWNsX8EbZ45+rYzAa+f8OIPvGwxxbZx7TBkMTMp0If5nMpyMHonUb8W6vCu5yQ5wdwHRkyjJlSe/IOh6r4Kd9viMsTZmf3muuKoa9Dnd/sS5dv0JY+obV7w3pN6wWuP6w0fJRM6QTnc4eJ4CiEWUW8yMyZVLWZVJ2o0lZp0lZl0kZYVLCHOie0SZlhEmP/XGfjJIHrpnk+VKTTqKxSQFA0RKTMD8iUyb1u0zq32hSv9MkK9o2AcquPmFX/4JdfdquPmHXKBs9PlJ2eeCaXZ4vteskAV1TUG8ZpLE8KVWStMRmzI/ISSyH/RFZcR64GkvHR8TSi07CeAYoWhpGxI/IVHr2utKzd2N69jrTs0ckYI9Osl6Hw2ntHHCLwzu086KRXyntHJlowBlZAh64oQFndAmcRBMNOMMZ3tJsE+jswhmR5p6clHY+pr3ugaul7fiI0vaik8o9AxQtrVzEj8hEtxoOOrqVBW7oVpaP7FataKIZeYCiUc0o4kdkwqQB+V85D9xgkuUjTWpFEyZ5gKJRJkX8iJyU+2CQk1HywNVyd3xEuXvRSX89AxQt7a+IH5ETk7Jhx/HvgKsmOT7CJC860Nw2AQx4FR2ZUjHvUjG/UcW8U8Wc9PoZoGip1xE/IicmjbMH+qB2wFWTHB9hkhcdao5oXjtHTk+18YisXA9cP9VaPupUc6LTMeIEUDRijIj5ETlpRpD9dDNywNVm5PiIZuRFhz0H0XxfcWTqpkRmuAduuSnRGX4STd2UcIaTzMGViMhwTyYyvPfQkeHQBP70bNEb0tzykWneyk8S6QxQtDSRED8iJ3bl444jwAFXTXJ8hEledGLSGaBoqUmIH5GpUNGXWgfcEqWOS60XTUUpudRSzEE4qEttS/4/V/FJbIwuAAA=" />\n<input type="hidden" name="lang" value="eng" />\n<input type="hidden" name="suite" value="cobalt" />\n<input type="hidden" name="reservedids" value="inst,lang,suite" />\n<input type="hidden" name="submitmode" value="" />\n<input type="hidden" name="submitname" value="" />\n<input type="hidden" name="allCountInsertComponent_80" id="allCountInsertComponent_80" value="100" />\n<input type="hidden" name="allAvailCountInsertComponent_80" id="allAvailCountInsertComponent_80" value="100" />\n</div>\r\n\t\t\t\t\t\r\n\t\t\t\t\t\r\n\t\t\t\t\t</form> \r\n\t                    </div>\r\n\t                \r\n\t                \r\n                \r\n                \r\n            </div><!--end mark-->\r\n    \r\n\r\n                                    </div>\r\n                            \r\n                            \r\n                            <div id ="showMoreLessLinkContainer">&nbsp;</div>\r\n                            \r\n                            <img alt="Drop Up Shadow" src="resources/gold/images/dropShadowUpArrow.png" class="dropShadowUpArrow" id="dialogUpArrowImageAnyComponent_21"></img>\r\n                        </div>\r\n                    </div>\r\n                    \r\n               \r\n               \r\n    \t\r\n    \t<!-- Order info -->\r\n        \r\n   \r\n\r\n\r\n                    \r\n                    \n    \n     \n\r\n                    \r\n\t\r\n\t\t<span title="ctx_ver=Z39.88-2004&amp;rft_val_fmt=info%3Aofi%2Ffmt%3Akev%3Amtx%3Abook&amp;rfr_id=info%3Asid%2Fiii.com%3Aencore&amp;rft.btitle=Nintendo+Switch+%3A+Dragonball+FighterZ.&amp;rft.isbn=&amp;rft.date=&amp;rft_id=http%3A%2F%2Fencore.slcl.org%2Fiii%2Fencore%2Frecord%2FC__Rb2579106__SNintendo%2520Switch__P0%252C22__Orightresult__X3%3Bjsessionid%3D5F4C8E89B7C5F964F02DBB6C904346CF%3Flang%3Deng%26suite%3Dcobalt" class="Z3988" id="coinsAnyComponent_21"></span>\r\n\t\r\n\r\n                    <!-- ratingReviewsSummaryComponent -->\r\n                    \r\n                    <div class="addtlInfo">\r\n                       \r\n                       \r\n                       \r\n   \r\n\r\n                    </div>\r\n                </div>\r\n            </div>\r\n            <div class="bibLocations">\r\n                \r\n                \r\n            </div>\r\n        </div>\r\n    \r\n\r\n\t\r\n\r\n\t<!-- Browse Result Resource -->\r\n\t\r\n\r\n\t<!-- Browse Result External -->\r\n\t\r\n\r\n               \r\n           \r\n               \r\n\t<!-- Browse Result Program -->\r\n\t\r\n\r\n\t<!-- Browse Result Bib -->\r\n\t\r\n\t\t \r\n    \r\n        <div id="resultRecord-b2571641" class="gridBrowseContent2 searchResult">\r\n            <div class="gridBrowseCol1">\r\n                <div id="actionsUpdate-b2571641">\r\n                  \r\n    <span id="anyWrapperComponent_22">\r\n        \r\n    </span>\r\n\r\n                  <div class="citationButtons">\r\n                     \n    <div class="requestLink" id="Any_23">\n        \n\n        \n            <div class="Request" id="Any_1_22"> \n                        \t         \n            \t \n                \n                \n                \n                \t\n    \n    \n \n       \n        \n        \n            \n                <div class="requestButton">\n                   <a id="genericLink_22" class="button secondaryAction" href="https://encore.slcl.org/iii/encore/search;jsessionid=5F4C8E89B7C5F964F02DBB6C904346CF/Sdologin?lang=eng&amp;target=Nintendo%20Switch&amp;loginReason=doRequest&amp;actionRecordId=b2571641">\n                       <img alt="Direct Link" src="resources/gold/images/hold.png" id="genericLinkImage_22"></img>Request it\n                   </a>\n                </div>   \n            \n            \n        \n    \n\n                \n                \n                  <!--     popup -->\n                 \n        \t <!--    popup -->\n                \n            </div>\n        \n    </div>\n\r\n                  </div>\r\n                  \r\n<div class="addtlActions">\r\n\t\t<p>Additional actions:</p>\r\n    <ul class="inline-list initialActions">\r\n        \r\n        <li>\r\n    \r\n        <span id="bookCartOperationAnyComponentb2571641">\r\n            \r\n            \r\n\t\t\t\t\t<a id="addToBookCartLinkComponent_22" onMouseup="renewSession()" href="/iii/encore/SearchResultsPage,searchResultsComponent.resultComponent.searchBrowseResultBibComponent.recordActionsComponent.bookCartOperationComponent.addToBookCartLinkComponent.sdirect;jsessionid=5F4C8E89B7C5F964F02DBB6C904346CF?lang=eng&amp;sp=Sb2571641&amp;suite=cobalt" onclick="return tapestry.linkOnClick(this.href,\'addToBookCartLinkComponent_22\', false)">\r\n\t\t\t\t\t\t<img alt="Book Cart" width="22" title="Add to cart" src="resources/gold/images/bookcart.png" class="actionIcon" height="20" id="addToBookcartImageAnyComponent_22"></img>\r\n\t\t\t\t    </a>\r\n            \r\n        </span>\r\n    \r\n</li>\r\n        <li>\r\n    <a id="emailLinkComponent_22" onMouseup="renewSession()" class="toolbarItem popInDialogTrigger" href="/iii/encore/SearchResultsPage,searchResultsComponent.resultComponent.searchBrowseResultBibComponent.recordActionsComponent.emailComponent.emailLinkComponent.sdirect;jsessionid=5F4C8E89B7C5F964F02DBB6C904346CF?lang=eng&amp;sp=Sb2571641&amp;suite=cobalt" onclick="return tapestry.linkOnClick(this.href,\'emailLinkComponent_22\', false)">\r\n        <img alt="Email" width="19" title="Email" src="resources/gold/images/email.png" class="actionIcon" height="13" id="emailImageAnyComponent_22"></img>\r\n        \r\n    </a>\r\n    <!--confirmation dialog-->\r\n    \r\n    <div id="emailMessageContainer">\r\n        <div id="sentStatus">\r\n            <div id="emailStatusMessage">\r\n                \r\n            </div>\r\n        </div>\r\n    </div>\r\n</li>\r\n        \r\n             <li>\r\n\t\r\n</li>\r\n             <li>\r\n    \r\n</li>\r\n        \r\n        \r\n            <li><a href="javascript:void(0);" class="popUpTrigger moreActionsLink" onclick="toggleBibHoldingsPopup(this, false, \'moreActionsWrapper\',\'gridBrowseCol1\')">\r\n            <img width="13" alt="more actions" title="More actions" src="resources/gold/images/more.png" class="actionIcon" height="13" id="moreActionsImageAnyComponent_22"></img></a></li>\r\n        \r\n    </ul>\r\n   <div class="moreActionsWrapper popUpWrapper">\r\n       <a class="closeLink" onclick="toggleBibHoldingsPopup(this, true, \'moreActionsWrapper\',\'gridBrowseCol1\')" href="javascript:void(0);">\r\n           close\r\n       </a>\r\n       <h3 class="moreActionsHeader">more</h3>\r\n        <ul class="inline-list moreActions">\r\n            <li>\r\n    \r\n\t    \r\n\t    \r\n\t        <a id="loginLinkComponent_22" href="https://encore.slcl.org/iii/encore/search;jsessionid=5F4C8E89B7C5F964F02DBB6C904346CF/Sdologin?lang=eng&amp;target=Nintendo%20Switch&amp;loginReason=doTag&amp;actionRecordId=b2571641">\r\n\t           <img width="20" title="Add a Tag" src="resources/gold/images/tag.png" class="actionIcon" height="19" id="createCommunityTagsIconImageAny2Component_22"></img>\r\n\t        </a>\r\n\t    \r\n    \r\n</li>\r\n            \r\n            \r\n        </ul>\r\n       <img src="resources/gold/images/dropShadowArrow.png" class="dropShadowArrow" id="dialogArrowImageAnyComponent_22"></img>\r\n    </div>\r\n</div>\t \r\n\r\n                </div>\r\n            </div>\r\n            <div class="gridBrowseCol2">\r\n                \r\n                    <!--title-->\r\n                <div class="dpBibTitle">\r\n                    <!-- please read c1063106, c1063117, c1044421, c1060576a before changing title -->\r\n                    \r\n                        \r\n                            <span class="title">\r\n                                <a id="recordDisplayLink2Component_22" href="/iii/encore/record/C__Rb2571641__SNintendo%20Switch__P0%2C23__Orightresult__X3;jsessionid=5F4C8E89B7C5F964F02DBB6C904346CF?lang=eng&amp;suite=cobalt">\r\n                                    Nintendo Switch : Snipperclips plus: cut it out, together!\r\n                                </a>\r\n                            </span>\r\n                        \r\n                        \r\n                        \r\n                            <span class="title">\r\n                                <span class="additionalFields customSecondaryText">\r\n                                    \r\n                                </span>\r\n                            </span>\r\n                        \r\n                    \r\n\r\n                    \r\n                    <div class="dpBibAuthor">\r\n                        \r\n                        \r\n                    </div>\r\n                    <!-- MARC 962 Media -->\r\n                    <div class="recordDetailValue">\r\n                        \r\n                        <span class="itemMediaDescription" id="mediaTypeInsertComponent_22">ELECTRONIC RES</span>\r\n                        \r\n                        \r\n                                <span class="pipeDivider">|</span>\r\n                                <span class="itemMediaYear" id="searchResultPubYearInsertComponent_22"></span>\r\n                            \r\n                        \r\n                              <span class="pipeDivider">|</span>\r\n                              <span class="itemEdition" id="searchResultEditionInsertComponent_22">Nintendo Switch ed.</span>\r\n                           \r\n                    </div>\r\n                    \r\n                    \r\n                        <!-- bibHoldingsComponentAvailableOnlyOrAllItems -->\r\n                        \r\n    <!--start item info-->\r\n    \r\n    \r\n        <!-- over threshold holdings info -->\r\n        \r\n\t\r\n\r\n    \t<!--ERM-->\r\n        \r\n    \r\n    <!-- Dialog content -->\r\n    \r\n\r\n        <!-- checkin info -->\r\n        \r\n\t\r\n\r\n        <!-- Volume info -->\r\n        \r\n        <!-- Item info -->\r\n        \r\n                \r\n                  <!--This ItemsContainer elem does not get rendered into a toggle on the record page - only the browse -->\r\n                  <div id="ItemsContainer-b2571641" class="ItemsContainer">\r\n                        \r\n                           \r\n    \r\n        <div class="availabilitySummaryArea">\r\n            \r\n                <div class="dpBibHoldingStatement">\r\n                    <span class="availabilityMessage">\r\n                        <span class="itemsAvailable">Available</span> at Headquarters (<span class="availCallNumber">VIDEO GAME</span>) plus 1 more\r\n                    </span>\r\n                    \r\n                        <span class="itemsContainerPopUpTrigger"></span>\r\n                    \r\n                </div>\r\n            \r\n        </div>\r\n    \r\n    \r\n    \r\n\r\n                        \r\n                        <div class="content bibHoldingsWrapper popUpWrapper">\r\n                            <a href="javascript:void(0);" onclick="toggleBibHoldingsPopup(this, true)" class="closeLink">close</a>\r\n                            <!-- available-->\r\n                              \r\n                                  <div id="availableItemsSection" class="availableItemsSection">\r\n                                      \r\n    \r\n\r\n    \r\n            \r\n            \r\n                    <!--link moved into dpBibHoldingStatement via initBibHoldingsToggle JS -->\r\n                    <span class="itemsAvailHeader itemsSectionHeader" id="availHeaderWrapperAny2Component_40"><a href="javascript:void(0);" onclick="toggleBibHoldingsPopup(this)">see all</a></span>\r\n            \r\n            <!--start mark -->\r\n             <h3 class="sectionHeader itemsHeader customHeader">Items</h3>\r\n            <div id="allavailitems-b2571641">\r\n                \r\n\t                \r\n\t                    <div class="itemTableWrapper popUpContentWrapper">\r\n\t                        \r\n    \r\n\t\t<table class="itemTable" cellspacing="3">\r\n        \t<tr>\r\n\t        \t\r\n\t        \t\t<th>\r\n\t        \t\t\tLocation\r\n\t        \t\t</th>\r\n\t        \t\r\n\t        \t\t<th>\r\n\t        \t\t\tCall No.\r\n\t        \t\t</th>\r\n\t        \t\r\n\t        \t\t<th>\r\n\t        \t\t\tStatus\r\n\t        \t\t</th>\r\n\t        \t\r\n        \t</tr>\r\n            \r\n            \t<tr>\r\n            \t\t\r\n                        \r\n            \t\t\r\n                        \r\n                            <td>\r\n                                \r\n                                    \r\n                                    \r\n                                        \r\n                                            \r\n \r\n\t \r\n\t    \t\r\n\t\t\r\n\t\t\r\n\t\t\tHeadquarters\r\n\t\t\r\n    \r\n \r\n\r\n\r\n                                        \r\n                                        \r\n                                    \r\n            \t\t\t        \r\n\t            \t\t\t</td>\r\n            \t\t\t\r\n            \t\t\r\n                        \r\n                            <td>\r\n                                \r\n                                    \r\n                                    \r\n                                        \r\n                                        \r\n                                            \r\n                                                <a id="callNoBrowseDirectLinkComponent_81" href="/iii/encore/SearchResultsPage,searchResultsComponent.resultComponent.searchBrowseResultBibComponent.$BibHoldingsComponent.bibHoldingsAvailableItems2.itemTableComponent.callNoBrowseDirectLinkComponent.sdirect;jsessionid=5F4C8E89B7C5F964F02DBB6C904346CF?lang=eng&amp;sp=Si20239900&amp;sp=Sb2571641&amp;suite=cobalt" onclick="return tapestry.linkOnClick(this.href,\'callNoBrowseDirectLinkComponent_81\', false)">\r\n                                                    VIDEO GAME\r\n                                                </a>\r\n                                            \r\n                                            \r\n                                        \r\n                                    \r\n            \t\t\t        \r\n                                    \r\n                                         \r\n                                    \r\n                                    \r\n            \t\t\t        \r\n                                    \r\n                                         \r\n                                    \r\n                                    \r\n            \t\t\t        \r\n\t            \t\t\t</td>\r\n            \t\t\t\r\n            \t\t\r\n                        \r\n                            <td>\r\n                                \r\n                                    \r\n                                        IN LIBRARY\r\n                                    \r\n                                    \r\n            \t\t\t        \r\n\t            \t\t\t</td>\r\n            \t\t\t\r\n            \t\t\r\n            \t</tr>\r\n            \r\n        </table>\r\n    \r\n\r\n\t                        \r\n\t\t\t\t\t\t\t\r\n\t\t\t\t\t\t\t\t<a id="showAllItemsLinkComponent_81" class="showAllItemsLink customToggle" href="/iii/encore/SearchResultsPage,searchResultsComponent.resultComponent.searchBrowseResultBibComponent.$BibHoldingsComponent.bibHoldingsAvailableItems2.showAllItemsLinkComponent.sdirect;jsessionid=5F4C8E89B7C5F964F02DBB6C904346CF?lang=eng&amp;sp=Sb2571641&amp;sp=T&amp;sp=Sallavailitems-b2571641&amp;sp=F&amp;suite=cobalt" onclick="return tapestry.linkOnClick(this.href,\'showAllItemsLinkComponent_81\', false)">\r\n\t\t\t\t\t\t\t\tShow remaining items</a>\r\n\t\t\t\t\t\t\t\r\n\t\t\t\t\t\t\t\r\n  \xe2\x80\x8b\t\t\t\t\t\t\t\r\n  \r\n\t\t\t\t\t<form method="post" action="/iii/encore/SearchResultsPage,searchResultsComponent.resultComponent.searchBrowseResultBibComponent.$BibHoldingsComponent.bibHoldingsAvailableItems2.countComponent.sdirect;jsessionid=5F4C8E89B7C5F964F02DBB6C904346CF" id="countComponent_81" style="display:none;">\n<div style="display:none;" id="countComponent_81hidden"><input type="hidden" name="formids" value="allCountInsertComponent_81,allAvailCountInsertComponent_81" />\n<input type="hidden" name="seedids" value="ZH4sIAAAAAAAAAI1Z3XIiuxHeSiVv4ksnxQw/xpeY9Z6lyt51AXuSXG0JRoBqhxGRZvxzninPk8pL5B3S0kggtXqAG3vcX6vV/2rJ//7fp7/88enTnz/97T+3mqtXseY3vdsD25pfa7k/yIpXtf2uaiYqruBbc62FrMzXAX5sZVm8wIq/K3Y4cDUNVukdL8uQsJLFR/Q30/yzUHxdg8BZBSrUJzi73TDQSFZzXjLDEK6s5GKtxKF+5jWb843iehfvLN+mja7l/itnBVezTYiuQwTtapSUv6ZM1U+i+hVqM9vc5MNhBE+qyJzZ5mfvZti7fSw1v8l7WcT7DG4DN6X7HVitZLWUstQhuRD6ULKPF4t+PxgH6Nkmj6xkr3y5E3rBmVrvkDLGBQtgaEGjQeyEdttJCdroH4eC1ZwQYOHZ3ui9IZR7YtW2AXDBS4ihBGeaTKBc7nZbr2VT1U9yK6rLtoYcDXjNLoujAj63/rzJ78ZuD+CSDTi42gi1fyjlOmLffzgdPvMa2euUaD0yUZzFGuysVS6pls9PIVbLg90pXgHUOa9gUaJFJet/fJ3n8PWvhqvY6zZcX6Tah1RR6fpmnN+W4HDzWzei5vajZRe8LJ7YipepqEWtBCzq3bLilVVrXpwS4uQA2wTsopQrFWkTYtHsVyJKZH2Acl802y3XuFxfWSkKW8SPSkl1BtJfYth0HvjSzpOogTh0Ctm7lbEjd3LPX5LE9VRToknDiIWhnhGBghs9g2LMsSptSfAiKtkMWo9ShgttZZO4f8YyL87ofYVAHLdz2w7SAM+5bkoogopITYeFgKx3XC1ko9ZcP4tK7FmUh7xiq9J4InDX8Fa1ctpmEYWI6XaPBa/jGLRLpqZ80zYaLqOi2yb0kr8jofpET2Sadbbr+OYdr5Sq9p0P010Ti5J5YOW9iEMkp++DszguM9EzLruSLbaWYFx+HNy5kxNJceRrm0CcOvk5aSHbhq15/ZuSzSHc4kSdFSibXoUWyMbME2OLMtfkf45uxn3/fWe+jT+XbDstZVOgVBHbXb0QBbe99xvbcxwLZ9c8YgzdGGZ1nIUwjvgGGUMaMr98fD+wqvBqRYUQIcgfNdvqJ8kKaNado4Ii69JRI/vy/rFaAtKpDh6UfNO8LZgXJbeK7aP67OJ9ECvMR/EgRSo0Dxy1m/O1VMVfV/lwNM7v7835Y2dBN5GEQHu6L4Ie5NykI7ms+kgmUWdNqMHgDjSAw1ejMQ9Ywbs3+cD0k0Wz2vOqmbeMJu81sgJ8DiMfCINFPzNDEfr7K1eFEq/8s3yrSogoWiP05F3o/qiX0OcnjRDmk/XEYKhbDhO5WBN/2hMa0Zy7LFXW0ikxORyiWck2gThQJkSTNiwohK+Cv+lHor33j6Pvd4gEmt4D9Mq1YcIHKcHBhFrPqgfHj8RgOO4qJleKYikfyHE/RNfMzcBR3ZkN9kyUKSWRZKmkBHvAADs+lkzIyQnWS1vUrG50EFJtCdiRYtVWWFJ8mzepfmloVZKwHOr1m6x5iyb6PkvFXToQmbo/oaTF4FX4e99Uov6ATpjs7Vo6nLlboiHBYbyFdKnOQEmUy/TaYNwLA37NQ1X0DFzudc4j5kIwkDKB+fStM4zLHQzElQl0qttS1CUsKuYmdkQz7ODJp2khfnY3L7AnhsPpLJWFz+uOPZ3zbBOIWSdFIUxUWWkvGzjTwt0TVnrzidPznKSm3snEWSFDB8+eQ8h+zJ8oMjm/xGJfmlUp9C6NU8zzT/jzCo7zez22zjojx3OkctbwWzGccY6aFAKcy19laQYMdGSW5kZgMhwJOgGJrLWE21/FC1Lg4/yZpIdGfWU6YJtVG3nGA/pLU5ZpJ1wFBu34+pdAB5S91LUAEg6H+++ybPbJgX4CEpPtCFHzvZ76x7AltJwkf2OWcIKBWz+EwJiStunJK3QOthIl9CK4We+ZSjuMkeww4j5iJogTQzzs3oVQx3RpJ5BwjLNNgGhUqRqkq1y26Q5VtbO45Et81Ykje+Szjs1vsrHJy2PiBOvGeYjESgG2Z++IGygJFzPbtZdSN0fGp8Egg01Ky2V8qsMAF8DiRnirLNoOPr4rc3pSoBFmPRFR29MQ+QfodcsJiVpFke73sxBLYjwYt/BnKOtoYTYahgsTfJANIGYwFYSJ+lhymI+jweWowO+sbNCdazTq38LZJSqLRdM4SD8hcUwMBpXPcJM0Gnt6fLo7vz0FIHLf6XmYqyvgJEkMw29SQvE/s0MyBZEMiQyvO/XyQFjQuR7dlcEr7iFzCnn6TbYVjdRbB1D7/p540N04bBNYHgOavCIAJ7FdoqyThgXFmdkOBaWtjlQf8+qDar0kn4LGtkJtnnbhcSUibbOkjhMGr2nYtEBFc9Ss5Ls9cmAUNZMiydCNhEvz7rUxFDZL5z5DBickHcoqbjyz3Jl/mcCqNnm7Bfru+wzd0zXgO7pJBiXbbuSXoFkV0KiDQhdOVCyxgmcM9tuENiOZ7fz+49A1wUP7hUtAMB+1J3v7LyYDd5396OTLo6nlu8KTfn7Lzd027KHxatjm8ciB06sdxaYyHnNiAK8xNGwrzDgzvaoQa/sC3ih7/HP1GoxG/r8DyL77UY6tM49pw5EJmU6EP0/m07ED0bqNeLdXBXe5Ic4OYHplyjJlSe/IOx6r4Kd9viMsTZkf32uuKoa9Dnd/sS5dv0JY+oY16I3oN6wWuPyw0fJRM6QTnc4eR4CiEWUW8yMyZVLWZVJ2pUlZp0lZl0kZYVLCHOie0SZlhEl3g/sBGSUPXDLJ86UmHUVjkwKAoiUmYX5EpkwadJk0uNKkQadJVrRtApRdA8KuwRm7BrRdA8KucTa+u6Ps8sAluzxfatdRArqmoN4yTGN5VKokaYnNmB+Rk1iOBmOy4jxwMZaOj4ilF52E8QRQtDSMiB+RqfTsdaVn78r07HWmZ49IwB6dZL0Oh9PaOeAah3do50Ujv1LaOTLRgDOyBDxwRQPO6BI4iiYacIYzvKXZJtDZhTMizT05Ke38nva6By6WtuMjStuLTir3BFC0tHIRPyIT3Wo07OhWFriiW1k+slu1oolm5AGKRjWjiB+RCZOG5H/lPHCFSZaPNKkVTZjkAYpGmRTxI3JS7sNhTkbJAxfL3fER5e5FJ/31BFC0tL8ifkROTMpGHce/Ay6a5PgIk7zoQHPbBDDgVXRkSsW8S8X8ShXzThVz0usngKKlXkf8iJyYdJ/16YPaARdNcnyESV50qDmiee0cOT3V7sdk5Xrg8qnW8lGnmhOdjhFHgKIRY0TMj8hJM4Lsp5uRAy42I8dHNCMvOuw5iOb7iiNTNyUywz1wzU2JzvCjaOqmhDOcZA6uRESGezKR4b1+R4ZDE/jTfy16RZpbPjLNW/lJIp0AipYmEuJH5MSu/L7jCHDARZMcH2GSF52YdAIoWmoS4kdkKlT0pdYB10Sp41LrRVNRSi61FHMQDupS68jUkUH3Vwdcc2R09FcvmjoyAPg/rk/8DBgvAAA=" />\n<input type="hidden" name="lang" value="eng" />\n<input type="hidden" name="suite" value="cobalt" />\n<input type="hidden" name="reservedids" value="inst,lang,suite" />\n<input type="hidden" name="submitmode" value="" />\n<input type="hidden" name="submitname" value="" />\n<input type="hidden" name="allCountInsertComponent_81" id="allCountInsertComponent_81" value="100" />\n<input type="hidden" name="allAvailCountInsertComponent_81" id="allAvailCountInsertComponent_81" value="100" />\n</div>\r\n\t\t\t\t\t\r\n\t\t\t\t\t\r\n\t\t\t\t\t</form> \r\n\t                    </div>\r\n\t                \r\n\t                \r\n                \r\n                \r\n            </div><!--end mark-->\r\n    \r\n\r\n                                  </div>\r\n                              \r\n                             <!--all -->\r\n                              \r\n                                   <a href="javascript:void(0);" onclick="showHideItemsToggle(this)" class="showAllToggleLink availCheckboxLink"><img width="15" src="resources/gold/images/checkbox_checked.png" class="availCheckbox" height="13" id="checkboxCheckedImageComponent_22"></img>only show available</a>\r\n                                   <a href="javascript:void(0);" onclick="showHideItemsToggle(this)" class="showAvailableToggleLink availCheckboxLink"><img width="15" src="resources/gold/images/checkbox.png" class="availCheckbox" height="13" id="checkboxImageComponent_22"></img>only show available</a>\r\n                                   <a href="javascript:void(0);" onclick="showHideItemsToggle(this)" class="showAllMaxToggleLink availCheckboxLink"><img width="15" src="resources/gold/images/checkbox_checked.png" class="availCheckbox" height="13" id="checkboxCheckedImage2Component_22"></img>only show available</a>\r\n                                   <a href="javascript:void(0);" onclick="showHideItemsToggle(this)" class="showAvailableMaxToggleLink availCheckboxLink"><img width="15" src="resources/gold/images/checkbox.png" class="availCheckbox" height="13" id="checkboxImage2Component_22"></img>only show available</a>\r\n                                    \r\n                                    <div id="allItemsSection" class="allItemsSection">\r\n                                       \r\n    \r\n\r\n    \r\n            \r\n            \r\n                    <!--link moved into dpBibHoldingStatement via initBibHoldingsToggle JS -->\r\n                    <span class="itemsSectionHeader" id="availHeaderWrapperAny2Component_41"><a href="javascript:void(0);" onclick="toggleBibHoldingsPopup(this)">see all</a></span>\r\n            \r\n            <!--start mark -->\r\n             <h3 class="sectionHeader itemsHeader customHeader">Items</h3>\r\n            <div id="allitems-b2571641">\r\n                \r\n\t                \r\n\t                    <div class="itemTableWrapper popUpContentWrapper">\r\n\t                        \r\n    \r\n\t\t<table class="itemTable" cellspacing="3">\r\n        \t<tr>\r\n\t        \t\r\n\t        \t\t<th>\r\n\t        \t\t\tLocation\r\n\t        \t\t</th>\r\n\t        \t\r\n\t        \t\t<th>\r\n\t        \t\t\tCall No.\r\n\t        \t\t</th>\r\n\t        \t\r\n\t        \t\t<th>\r\n\t        \t\t\tStatus\r\n\t        \t\t</th>\r\n\t        \t\r\n        \t</tr>\r\n            \r\n            \t<tr>\r\n            \t\t\r\n                        \r\n            \t\t\r\n                        \r\n                            <td>\r\n                                \r\n                                    \r\n                                    \r\n                                        \r\n                                            \r\n \r\n\t \r\n\t    \t\r\n\t\t\r\n\t\t\r\n\t\t\tHeadquarters\r\n\t\t\r\n    \r\n \r\n\r\n\r\n                                        \r\n                                        \r\n                                    \r\n            \t\t\t        \r\n\t            \t\t\t</td>\r\n            \t\t\t\r\n            \t\t\r\n                        \r\n                            <td>\r\n                                \r\n                                    \r\n                                    \r\n                                        \r\n                                        \r\n                                            \r\n                                                <a id="callNoBrowseDirectLinkComponent_82" href="/iii/encore/SearchResultsPage,searchResultsComponent.resultComponent.searchBrowseResultBibComponent.$BibHoldingsComponent.bibHoldingsAllItems.itemTableComponent.callNoBrowseDirectLinkComponent.sdirect;jsessionid=5F4C8E89B7C5F964F02DBB6C904346CF?lang=eng&amp;sp=Si20239900&amp;sp=Sb2571641&amp;suite=cobalt" onclick="return tapestry.linkOnClick(this.href,\'callNoBrowseDirectLinkComponent_82\', false)">\r\n                                                    VIDEO GAME\r\n                                                </a>\r\n                                            \r\n                                            \r\n                                        \r\n                                    \r\n            \t\t\t        \r\n                                    \r\n                                         \r\n                                    \r\n                                    \r\n            \t\t\t        \r\n                                    \r\n                                         \r\n                                    \r\n                                    \r\n            \t\t\t        \r\n\t            \t\t\t</td>\r\n            \t\t\t\r\n            \t\t\r\n                        \r\n                            <td>\r\n                                \r\n                                    \r\n                                        IN LIBRARY\r\n                                    \r\n                                    \r\n            \t\t\t        \r\n\t            \t\t\t</td>\r\n            \t\t\t\r\n            \t\t\r\n            \t</tr>\r\n            \r\n        </table>\r\n    \r\n\r\n\t                        \r\n\t\t\t\t\t\t\t\r\n\t\t\t\t\t\t\t\t<a id="showAllItemsLinkComponent_82" class="showAllItemsLink customToggle" href="/iii/encore/SearchResultsPage,searchResultsComponent.resultComponent.searchBrowseResultBibComponent.$BibHoldingsComponent.bibHoldingsAllItems.showAllItemsLinkComponent.sdirect;jsessionid=5F4C8E89B7C5F964F02DBB6C904346CF?lang=eng&amp;sp=Sb2571641&amp;sp=T&amp;sp=Sallitems-b2571641&amp;sp=F&amp;suite=cobalt" onclick="return tapestry.linkOnClick(this.href,\'showAllItemsLinkComponent_82\', false)">\r\n\t\t\t\t\t\t\t\tShow remaining items</a>\r\n\t\t\t\t\t\t\t\r\n\t\t\t\t\t\t\t\r\n  \xe2\x80\x8b\t\t\t\t\t\t\t\r\n  \r\n\t\t\t\t\t<form method="post" action="/iii/encore/SearchResultsPage,searchResultsComponent.resultComponent.searchBrowseResultBibComponent.$BibHoldingsComponent.bibHoldingsAllItems.countComponent.sdirect;jsessionid=5F4C8E89B7C5F964F02DBB6C904346CF" id="countComponent_82" style="display:none;">\n<div style="display:none;" id="countComponent_82hidden"><input type="hidden" name="formids" value="allCountInsertComponent_82,allAvailCountInsertComponent_82" />\n<input type="hidden" name="seedids" value="ZH4sIAAAAAAAAAI1Z3XLbuhHOdNo38aXbEakfy5ey4pxoxk48knLaXmUgEZIwoQgVIGX7PFOfrNO+QxcgIAGLpaWbRNlvsdj/XTD//t+nv/zx6dOfP/3tP7eaq6NY85ve7YFtzV9ruT/Iile1/V3VTFRcwW/NtRayMr8O8MdWlsULnPi7YocDV9PglN7xsgwJK1m8R/9mmn8Wiq9rEDirQIX6DGe3GwYayWrOS2YYwpOVXKyVONTPvGZzvlFc7+Kb5eu00bXcf+Ws4Gq2CdF1iKBbjZLy15Sp+klUv0JtZpubfDiK4EkVmTPb/OzdDHu3j6XmN3kvj3ifwW3gpvS+A6uVrJZSljokF0IfSvb+YtHvB+MAPdvkkZXsyJc7oRecqfUOKWNcsACGFjQaxE5or52UoI3+cShYzQkBFp7tjd4bQrknVm0bABe8hBhKcKbJBMrl7rb1WjZV/SS3orpsa8jRgNfssTgq4HPrz5t83Hd3AJdswMHVRqj9QynXEfv+3enwmdfIXqdE65GJ4izWYGetckm1fH4KsVoe7E3xCaDOeQWHEi0qWf/j6zyHX/9quIq9bsP1Rap9SBWVrm/AxBIcbv7Wjai5/dGyC14WT2zFy1TUolYCDvVuWXFk1ZoX54Q4O8A2AXso5UpF2oRYNPuViBJZH6DcF812yzUu1yMrRWGL+FEpqT6A9JcYNp0HfmnnSdRAHDqF7N3K2JE7uecvSeJ6qinRpGHEwlDPiEDBjZ5BMeZYlbYkeBGVbAatRynDha6ySdz/wDIvzuh9hUAct4+uHaQBnnPdlFAEFZGaDgsBWe+4WshGrbl+FpXYsygPecVWpfFE4K7hrWrltM0iChHT7R0LXscxaI9MTfmmbTQ8RkW3Teglf0NC9ZmeyDTnbNfxzTs+KVXtOx+muyYWJfPAynsRh0hO3wdncTpmomdcdiVbbC3BuHw/uLmTE0lx4mubQJw6+UfSQrYNW/P6NyWbQ3jFmTorUDYdhRbIxswTY4sy1+R/jm7GA//7zvw2/lyy7bSUTYFSRWx39UIU3Pbeb2zPcSycXfOIMXRjmNVxFsI64htkDGnI/PLx7cCqwqsVFUKEIH/UbKufJCugWXeuCoqsS0eN7Mv7p2oJSOc6eFDyVfO2YF6U3Cq2j+qzi/dBrDAfxYMUqdA+cNJuztdSFX9dwWI1zu/vzfyxu6DbSEKgne6LoAc5N+lILqvek03UWRNqMLgDDWD4arTmASt49yYfmH6yaFZ7XjXzltHkvUZWgM9h5QNhcOhnZihCfz9yVShx5J/la1VCRNEZoSdvQvdHvYQ+P2uEMJ+sZwZD3XLYyMWa+Ked0Ijm3GWpspZOicnhEO1KtgnEgTIhmrRhQSE8Cv6qH4n23j+tvt8hEmh7D9Arz4YJH6QEBxNqPaseHD8Sg+G4q5hcKYqlfCDX/RBdM7cDR3VnLtgzUaaURJKlkhLsgAF2PJZMyMkN1ktb1KxudBBSbQnYkWLVVlhSfJtXqX5paFWSsBzq9ZuseYsm+j5LxV06EJm6P6OkxeBV+Pe+qUT9Dp0wudu1dJi5W6IhwTDeQrpUH0BJlMv02WDcCwt+zUNV9Axc7nXOI+ZCMJAygf30tTOMyx0sxJUJdKrbUtQlHCrmJnZEM+zgyadpIX52Ly+wJ4bD7SyVhed1x53OebYJxKyTohAmqqy0jw2caeHtCSt9+cTp+ZGkpt7JxFkhQwfPnkPIfsyfKDK5v8RiX5pVKfQujVPM80/45xUcH9/12DrrAzmeI5Wzhr8VwxnnqEkhwFz+KkuzYKCRWZoXgclwJOgMJLLWEl5/FS9IgY/zZ5IeGvWV6YBtVm3kBx7QX5qyTDvhKjBox9e/BBpQ9lHXAkg4DPffZdnsk4F+BhKT7QpR872e+o9hS2g5Sf7GLOEGA69+CIExJW3TkyN0DrYSJfQieFnvmUo7jJHsMOI9YjaIM0O87N6FUMd2aTeQcI2zTYBoVKkapKtctukOVbWzuORL/NSJI3vis47Nb7KxyctT4gTnxv0QiZUCbM/eEDdQEi5mrmsfpW6PjKfBIIdLSstlfKrDABfA4lZ4qyy6Dn58V2Z6UqARZj0RUdtpiPwD9LrlhEStokj3+8MQS2I8zFr4M5R1dDAb3YUHE3yQ3UPMYCsIE/Wx5LAfR4vLSYHfWdmgN9foLruF2SUqi0XbOEg/I3FMDAaVz3CTNBp7ejzdx34hOIPIfefPw1xdASdJYhh+kxKK/5kdki2IZEhkeN2pLw+EBZ3n0VsZvOI+ZE4hT7/JtqKReusAar+/Jx50Lw7bBJangCZfEcZ96rpEWScNC4ozs10KSlsdqT7mqw+q9ZL8FDS2FWrztAuPKxFpmyd1nDB4TdHcNaNmJd/syIFV1GyKJEM3Eh7Nu8/GUNgsnfva6Z12KKu48cxyZ/7LBE61yRsKzMnu+wzd0zXgO7pJBiXbXuSPoF0V0KiDQhdOVCyxgp36laW/xiDeZiSz3d9/HLo2+PxWwCMg2I/ayd7+F5OBu2Y/mnx5tLV8V3jTz2+5eduGPTQ+Ddc8njjQ0XW7ik1lvObEAD5jaNhW2HFmelUh1vYLeKPs+OfqGKxG/n8HkH33oxxbZz6mDUcmZDoR/jyZT8cOROc24s0+FdzjhpgdwHRkyjJlSe/IOz5WwZ/28x1hacr8+FZzVTHsdXj7i3Xp+hXC0m9Yg96I/obVApc/bLR81A7pRKe7xwmgaESZxfyITJmUdZmUXWlS1mlS1mVSRpiUMAe6Z7RJGWHS3eB+QEbJA5dM8nypSSfR2KQAoGiJSZgfkSmTBl0mDa40adBpkhVtmwBl14Cwa/CBXQPargFh1zgb391Rdnngkl2eL7XrJAE9U1BvGaaxPClVkrTEZsyPyEksR4MxWXEeuBhLx0fE0otOwngGKFoaRsSPyFR69rrSs3dlevY607NHJGCPTrJeh8Np7RxwjcM7tPOikV8p7RyZaMAZWQIeuKIBZ3QJnEQTDTjDGd7SbBPo7MIZkeaenJR2fk973QMXS9vxEaXtRSeVewYoWlq5iB+RiW41GnZ0Kwtc0a0sH9mtWtFEM/IARaOaUcSPyIRJQ/J/5TxwhUmWjzSpFU2Y5AGKRpkU8SNyUu7DYU5GyQMXy93xEeXuRSf99QxQtLS/In5ETkzKRh3j3wEXTXJ8hEledKC5bQIY8Co6MqVi3qVifqWKeaeKOen1M0DRUq8jfkROTLrP+vSgdsBFkxwfYZIXHWqOaF47R06n2v2YrFwPXJ5qLR811ZzodI04ARSNWCNifkROmhFkP92MHHCxGTk+ohl50WHPQTTfVxyZeimRGe6Ba15KdIafRFMvJZzhJHPwJCIy3JOJDO/1OzIcmsCf/mvRK9Lc8pFp3spPEukMULQ0kRA/Iid25fcdI8ABF01yfIRJXnRi0hmgaKlJiB+RqVDRj1oHXBOljketF01FKXnUUsxBOKhHrSNTI4Purw64ZmR09FcvmhoZSeNtaf8HGok0DSwvAAA=" />\n<input type="hidden" name="lang" value="eng" />\n<input type="hidden" name="suite" value="cobalt" />\n<input type="hidden" name="reservedids" value="inst,lang,suite" />\n<input type="hidden" name="submitmode" value="" />\n<input type="hidden" name="submitname" value="" />\n<input type="hidden" name="allCountInsertComponent_82" id="allCountInsertComponent_82" value="100" />\n<input type="hidden" name="allAvailCountInsertComponent_82" id="allAvailCountInsertComponent_82" value="100" />\n</div>\r\n\t\t\t\t\t\r\n\t\t\t\t\t\r\n\t\t\t\t\t</form> \r\n\t                    </div>\r\n\t                \r\n\t                \r\n                \r\n                \r\n            </div><!--end mark-->\r\n    \r\n\r\n                                    </div>\r\n                            \r\n                            \r\n                                <!--how to test for available items on the threshold link-->\r\n                                       <div class="availableMaxItemsSection">\r\n                                                \r\n    \r\n\r\n    \r\n            \r\n                 \r\n                \r\n                    <!--link moved into dpBibHoldingStatement via initBibHoldingsToggle JS -->\r\n                    <span class="itemsAvailHeader itemsSectionHeader" id="availHeaderWrapperAnyComponent_40">\r\n                           <a id="showMaxItemsLink2Component_40" class="maxItemsLink" href="/iii/encore/SearchResultsPage,searchResultsComponent.resultComponent.searchBrowseResultBibComponent.$BibHoldingsComponent.bibHoldingsAvailableMaxItems2.showMaxItemsLink2Component.sdirect;jsessionid=5F4C8E89B7C5F964F02DBB6C904346CF?lang=eng&amp;sp=Sb2571641&amp;sp=F&amp;sp=Sallavailitemsmax-b2571641&amp;sp=F&amp;suite=cobalt" onclick="return tapestry.linkOnClick(this.href,\'showMaxItemsLink2Component_40\', false)">\r\n                               <a href="javascript:void(0);" onclick="toggleBibHoldingsPopup(this)">see all</a>\r\n                           </a>\r\n                    </span>\r\n                \r\n            \r\n            \r\n            <!--start mark -->\r\n             <h3 class="sectionHeader itemsHeader customHeader">Items</h3>\r\n            <div id="allavailitemsmax-b2571641">\r\n                \r\n\t                \r\n\t                    <div class="itemTableWrapper popUpContentWrapper">\r\n\t                        \r\n    \r\n\t\t<table class="itemTable" cellspacing="3">\r\n        \t<tr>\r\n\t        \t\r\n\t        \t\t<th>\r\n\t        \t\t\tLocation\r\n\t        \t\t</th>\r\n\t        \t\r\n\t        \t\t<th>\r\n\t        \t\t\tCall No.\r\n\t        \t\t</th>\r\n\t        \t\r\n\t        \t\t<th>\r\n\t        \t\t\tStatus\r\n\t        \t\t</th>\r\n\t        \t\r\n        \t</tr>\r\n            \r\n            \t<tr>\r\n            \t\t\r\n                        \r\n            \t\t\r\n                        \r\n                            <td>\r\n                                \r\n                                    \r\n                                    \r\n                                        \r\n                                            \r\n \r\n\t \r\n\t    \t\r\n\t\t\r\n\t\t\r\n\t\t\tHeadquarters\r\n\t\t\r\n    \r\n \r\n\r\n\r\n                                        \r\n                                        \r\n                                    \r\n            \t\t\t        \r\n\t            \t\t\t</td>\r\n            \t\t\t\r\n            \t\t\r\n                        \r\n                            <td>\r\n                                \r\n                                    \r\n                                    \r\n                                        \r\n                                        \r\n                                            \r\n                                                <a id="callNoBrowseDirectLinkComponent_83" href="/iii/encore/SearchResultsPage,searchResultsComponent.resultComponent.searchBrowseResultBibComponent.$BibHoldingsComponent.bibHoldingsAvailableMaxItems2.itemTableComponent.callNoBrowseDirectLinkComponent.sdirect;jsessionid=5F4C8E89B7C5F964F02DBB6C904346CF?lang=eng&amp;sp=Si20239900&amp;sp=Sb2571641&amp;suite=cobalt" onclick="return tapestry.linkOnClick(this.href,\'callNoBrowseDirectLinkComponent_83\', false)">\r\n                                                    VIDEO GAME\r\n                                                </a>\r\n                                            \r\n                                            \r\n                                        \r\n                                    \r\n            \t\t\t        \r\n                                    \r\n                                         \r\n                                    \r\n                                    \r\n            \t\t\t        \r\n                                    \r\n                                         \r\n                                    \r\n                                    \r\n            \t\t\t        \r\n\t            \t\t\t</td>\r\n            \t\t\t\r\n            \t\t\r\n                        \r\n                            <td>\r\n                                \r\n                                    \r\n                                        IN LIBRARY\r\n                                    \r\n                                    \r\n            \t\t\t        \r\n\t            \t\t\t</td>\r\n            \t\t\t\r\n            \t\t\r\n            \t</tr>\r\n            \r\n        </table>\r\n    \r\n\r\n\t                        \r\n\t\t\t\t\t\t\t\r\n\t\t\t\t\t\t\t\t<a id="showAllItemsLinkComponent_83" class="showAllItemsLink customToggle" href="/iii/encore/SearchResultsPage,searchResultsComponent.resultComponent.searchBrowseResultBibComponent.$BibHoldingsComponent.bibHoldingsAvailableMaxItems2.showAllItemsLinkComponent.sdirect;jsessionid=5F4C8E89B7C5F964F02DBB6C904346CF?lang=eng&amp;sp=Sb2571641&amp;sp=T&amp;sp=Sallavailitemsmax-b2571641&amp;sp=F&amp;suite=cobalt" onclick="return tapestry.linkOnClick(this.href,\'showAllItemsLinkComponent_83\', false)">\r\n\t\t\t\t\t\t\t\tShow remaining items</a>\r\n\t\t\t\t\t\t\t\r\n\t\t\t\t\t\t\t\r\n  \xe2\x80\x8b\t\t\t\t\t\t\t\r\n  \r\n\t\t\t\t\t<form method="post" action="/iii/encore/SearchResultsPage,searchResultsComponent.resultComponent.searchBrowseResultBibComponent.$BibHoldingsComponent.bibHoldingsAvailableMaxItems2.countComponent.sdirect;jsessionid=5F4C8E89B7C5F964F02DBB6C904346CF" id="countComponent_83" style="display:none;">\n<div style="display:none;" id="countComponent_83hidden"><input type="hidden" name="formids" value="allCountInsertComponent_83,allAvailCountInsertComponent_83" />\n<input type="hidden" name="seedids" value="ZH4sIAAAAAAAAAI1Z3XIaOxJO1f7UPogvvbXMGDC+xNg5ocqOXUDO7l6lBCNAlWHESjPYPs+0r7bvsC2NBFKrx3CTkP5arf7v1uS///vylz++fPnzl3/89VpzdRArftW73rON+Wsld3tZ8aq2v6uaiYor+K251kJW5tce/tjIsniFE/9UbL/nahKc0lteliFhKYuP6N9M8weh+KoGgdMKVKhPcHa9ZqCRrGa8ZIYhPFnJ+UqJff3Mazbja8X1Nr5Zvk0aXcvdN84KrqbrEF2FCLrVKCl/TZiqn0T1K9Rmur7KB6MIHleROdP1z97VoHf9WGp+lff6Ee8zuA3clN63Z7WS1ULKUofkQuh9yT5eLfqyNw7Q03UeWckOfLEVes6ZWm2RMsYFc2BoQaNB7IT22nEJ2ugf+4LVnBBg4enO6L0mlHti1aYBcM5LiKEEZ5pMoFzublutZFPVT3IjqvO2hhwNeM0ei6MCPrf+vMpHfXcHcMkGHFythdrdl3IVse8+nA4PvEb2OiVaj4wVZ7EGW2uVS6rF81OI1XJvb4pPAHXGKziUaFHJ+l/fZjn8+k/DVex1G66vUu1Cqqh0fQUmluBw87duRM3tj5Zd8LJ4YktepqLmtRJwqHfNigOrVrw4JcTJAbYJ2EMpVyrSJsS82S1FlMh6D+U+bzYbrnG5HlgpClvEj0pJ9Qmkv8aw6TzwSztPogbi0Alk70bGjtzKHX9NEtdTTYkmDSMWhnpGBApu9AyKMceqtCXBi6hkM2g9ShkudJVN4ptPLPPijN4XCMRx++zafhrgGddNCUVQEanpsBCQ9ZaruWzUiutnUYkdi/KQV2xZGk8E7hpcq1ZO2yyiEDHd3jHndRyD9sjElG/aRsNjVHTbhF7wdyRUn+iJTHPOdh3fvOOTUtW+82G6a2JRMvetvFexj+Tc+ODMj8dM9IzLLmSLrSUYFx97N3dyIimOfG0TiFMn/0xayLZmK17/pmSzD684UacFyqaD0ALZmHlibFHmmvzP4dVo4H/fmt/Gnwu2mZSyKVCqiM22nouC2977ne04joWzaxYxhm4MszrOQlhHfIOMIQ2ZXz6+71lVeLWiQogQ5I+abfSTZAU0685VQZF16aiRffnNsVoC0qkO7pV807wtmFclN4rtovrs4r0XS8xH8SBFKrQPHLWb8ZVUxd+X+WA4yu/uzPyxu6DbSEKgne7zoAc5N+lILqs+kk3UWRNq0L8FDWD4arTmASt49yrvm34yb5Y7XjWzltHkvUZWgM9h5QNhcOhnZihCvxy4KpQ48Af5VpUQUXRG6PG70DfDXkKfnTRCmE/WE4Ohbjhs5GJF/NNOaERz7rJUWUunxHi/j3Yl2wTiQJkQjduwoBAeBH/Tj0R7vzmuvi8QCbS9B+iFZ8OED1KCgwm1nlb3jh+JwXDcVUyuFMVC3pPrfoiumNuBo7ozF+yYKFNKIslSSQl2wAA7Hksm5OQG66XNa1Y3OgiptgTsSLFsKywpvvWbVL80tCpJWA71+l3WvEUTfZ+l4i4diEzdnVDSYvAq/HvXVKL+gE6Y3O1aOszcDdGQYBhvIF2qT6AkymX6bDDuhQW/5qEqegou9zrnEXMhGEgZw3761hnGxRYW4soEOtVtIeoSDhUzEzuiGXbw5JO0EB/cywvsieFwO0tl4Xndcadznm0CMeu4KISJKivtYwNnWnh7wkpfPnZ6fiapqbcycVbI0MGz4xCyH7MnikzuL7HY12ZZCr1N4xTz/Bv+eQHH53c9ts76RI7nSOWs4G/FcMY5alIIMJe/ydIsGGhkluZFYDIcCToBiayVhNdfxQtS4OPsmaSHRn1jOmCbVmv5iQf016Ys0064DAza8tUvgQaUfdS1ABIOw/13WTa7ZKCfgMRku0LUfKcn/mPYAlpOkr8xS7jBwKsfQmBMSdv0+ACdgy1FCb0IXtY7ptIOYyQ7jHiPmA3ixBAvu7ch1LFd2g0kXONsEyAaVaoG6SqXbbpDVe0sLvkCP3XiyB75rGPzq2xk8vKYOMG5UT9EYqUA27F3xA2UhIuZ69pHqdsj42nQz+GS0nIZn+owwAWwuBXeKouugx8vykxPCjTCrCciajsNkX+AXreckKhVFOmbm7sQS2I8cEcfoKyjg9kwOpjgfdiIhYatIEzUx5LDfhwtLkcFfmdlg95cw9u7a5hdorJYtI2D9BMSx8RgUPkMN0mjsafH09357SkAkftOn4e5ugBOksQw/CYlFP8z2ydbEMmQyPC6U18eCAs6z6O3MnjFfcicQJ5+l21FI/VWAdR+f0886F4ctgksjgFNviIAJ3FdoqyThgXFmdkuBaWtjlQf89UH1XpJfgoamcFV2jztwuNKRNreJHWcMHhN0dw1o2Yp3+3IgVXUbIokQzcSHs27z8ZQ2Cyd+9rpnXYoq7jxzGJr/ssETrXJ2y3Qd99n6J6nBkw1yaBks/ah4I6gXRXQqINCF05ULLGCgX45MthfYxBvM5LZ7u8/9l0bfH4t4BEQ7EftZG//i8nAXbMfTb482lpeFN7082tu3rZhD41PwzWPRw50dNWuYhMZrzkxgM8YGrYVdpypXlaItf0C3ig7/rk6BKuR/98BZN/dMMfWmY9pg6EJmU6EP49nk5ED0bm1eLdPBfe4IWYHMB2YskxZ0jvyjo9V8Kf9fEdYmjI/vtdcVQx7Hd7+YlW6foWw9BtWvzekv2G1wPkPGy0ftUM60enucQQoGlFmMT8iUyZlXSZlF5qUdZqUdZmUESYlzIHuGW1SRph027/rk1HywDmTPF9q0lE0NikAKFpiEuZHZMqkfpdJ/QtN6neaZEXbJkDZ1Sfs6n9iV5+2q0/YNcpGt7eUXR44Z5fnS+06SkDPFNRbBmksj0qVJC2xGfMjchLLYX9EVpwHzsbS8RGx9KKTMJ4AipaGEfEjMpWeva707F2Ynr3O9OwRCdijk6zX4XBaOwdc4vAO7bxo5FdKO0cmGnBGloAHLmjAGV0CR9FEA85whrc02wQ6u3BGpLknJ6Wd39Fe98DZ0nZ8RGl70UnlngCKllYu4kdkolsNBx3dygIXdCvLR3arVjTRjDxA0ahmFPEjMmHSgPxfOQ9cYJLlI01qRRMmeYCiUSZF/IiclPtgkJNR8sDZcnd8RLl70Ul/PQEULe2viB+RE5OyYcf4d8BZkxwfYZIXHWhumwAGvIqOTKmYd6mYX6hi3qliTnr9BFC01OuIH5ETk+6yG3pQO+CsSY6PMMmLDjVHNK+dI6dT7W5EVq4Hzk+1lo+aak50ukYcAYpGrBExPyInzQiyn25GDjjbjBwf0Yy86LDnIJrvK45MvZTIDPfAJS8lOsOPoqmXEs5wkjl4EhEZ7slEhvduOjIcmsCf/mbRC9Lc8pFp3spPEukEULQ0kRA/Iid25XcdI8ABZ01yfIRJXnRi0gmgaKlJiB+RqVDRj1oHXBKljketF01FKXnUUsxBOKhHrSNTI4Purw64ZGR09FcvmhoZSeOlmIPZANj/AdwA8GVILwAA" />\n<input type="hidden" name="lang" value="eng" />\n<input type="hidden" name="suite" value="cobalt" />\n<input type="hidden" name="reservedids" value="inst,lang,suite" />\n<input type="hidden" name="submitmode" value="" />\n<input type="hidden" name="submitname" value="" />\n<input type="hidden" name="allCountInsertComponent_83" id="allCountInsertComponent_83" value="100" />\n<input type="hidden" name="allAvailCountInsertComponent_83" id="allAvailCountInsertComponent_83" value="100" />\n</div>\r\n\t\t\t\t\t\r\n\t\t\t\t\t\r\n\t\t\t\t\t</form> \r\n\t                    </div>\r\n\t                \r\n\t                \r\n                \r\n                \r\n            </div><!--end mark-->\r\n    \r\n\r\n                                       </div>\r\n                            \r\n                            \r\n                                    <div id="allMaxItemsSection" class="allMaxItemsSection">\r\n                                        \r\n    \r\n\r\n    \r\n            \r\n                 \r\n                \r\n                    <!--link moved into dpBibHoldingStatement via initBibHoldingsToggle JS -->\r\n                    <span class="itemsSectionHeader" id="availHeaderWrapperAnyComponent_41">\r\n                           <a id="showMaxItemsLink2Component_41" class="maxItemsLink" href="/iii/encore/SearchResultsPage,searchResultsComponent.resultComponent.searchBrowseResultBibComponent.$BibHoldingsComponent.bibHoldingsAllMaxItems.showMaxItemsLink2Component.sdirect;jsessionid=5F4C8E89B7C5F964F02DBB6C904346CF?lang=eng&amp;sp=Sb2571641&amp;sp=F&amp;sp=Sallitemsmax-b2571641&amp;sp=F&amp;suite=cobalt" onclick="return tapestry.linkOnClick(this.href,\'showMaxItemsLink2Component_41\', false)">\r\n                               <a href="javascript:void(0);" onclick="toggleBibHoldingsPopup(this)">see all</a>\r\n                           </a>\r\n                    </span>\r\n                \r\n            \r\n            \r\n            <!--start mark -->\r\n             <h3 class="sectionHeader itemsHeader customHeader">Items</h3>\r\n            <div id="allitemsmax-b2571641">\r\n                \r\n\t                \r\n\t                    <div class="itemTableWrapper popUpContentWrapper">\r\n\t                        \r\n    \r\n\t\t<table class="itemTable" cellspacing="3">\r\n        \t<tr>\r\n\t        \t\r\n\t        \t\t<th>\r\n\t        \t\t\tLocation\r\n\t        \t\t</th>\r\n\t        \t\r\n\t        \t\t<th>\r\n\t        \t\t\tCall No.\r\n\t        \t\t</th>\r\n\t        \t\r\n\t        \t\t<th>\r\n\t        \t\t\tStatus\r\n\t        \t\t</th>\r\n\t        \t\r\n        \t</tr>\r\n            \r\n            \t<tr>\r\n            \t\t\r\n                        \r\n            \t\t\r\n                        \r\n                            <td>\r\n                                \r\n                                    \r\n                                    \r\n                                        \r\n                                            \r\n \r\n\t \r\n\t    \t\r\n\t\t\r\n\t\t\r\n\t\t\tHeadquarters\r\n\t\t\r\n    \r\n \r\n\r\n\r\n                                        \r\n                                        \r\n                                    \r\n            \t\t\t        \r\n\t            \t\t\t</td>\r\n            \t\t\t\r\n            \t\t\r\n                        \r\n                            <td>\r\n                                \r\n                                    \r\n                                    \r\n                                        \r\n                                        \r\n                                            \r\n                                                <a id="callNoBrowseDirectLinkComponent_84" href="/iii/encore/SearchResultsPage,searchResultsComponent.resultComponent.searchBrowseResultBibComponent.$BibHoldingsComponent.bibHoldingsAllMaxItems.itemTableComponent.callNoBrowseDirectLinkComponent.sdirect;jsessionid=5F4C8E89B7C5F964F02DBB6C904346CF?lang=eng&amp;sp=Si20239900&amp;sp=Sb2571641&amp;suite=cobalt" onclick="return tapestry.linkOnClick(this.href,\'callNoBrowseDirectLinkComponent_84\', false)">\r\n                                                    VIDEO GAME\r\n                                                </a>\r\n                                            \r\n                                            \r\n                                        \r\n                                    \r\n            \t\t\t        \r\n                                    \r\n                                         \r\n                                    \r\n                                    \r\n            \t\t\t        \r\n                                    \r\n                                         \r\n                                    \r\n                                    \r\n            \t\t\t        \r\n\t            \t\t\t</td>\r\n            \t\t\t\r\n            \t\t\r\n                        \r\n                            <td>\r\n                                \r\n                                    \r\n                                        IN LIBRARY\r\n                                    \r\n                                    \r\n            \t\t\t        \r\n\t            \t\t\t</td>\r\n            \t\t\t\r\n            \t\t\r\n            \t</tr>\r\n            \r\n        </table>\r\n    \r\n\r\n\t                        \r\n\t\t\t\t\t\t\t\r\n\t\t\t\t\t\t\t\t<a id="showAllItemsLinkComponent_84" class="showAllItemsLink customToggle" href="/iii/encore/SearchResultsPage,searchResultsComponent.resultComponent.searchBrowseResultBibComponent.$BibHoldingsComponent.bibHoldingsAllMaxItems.showAllItemsLinkComponent.sdirect;jsessionid=5F4C8E89B7C5F964F02DBB6C904346CF?lang=eng&amp;sp=Sb2571641&amp;sp=T&amp;sp=Sallitemsmax-b2571641&amp;sp=F&amp;suite=cobalt" onclick="return tapestry.linkOnClick(this.href,\'showAllItemsLinkComponent_84\', false)">\r\n\t\t\t\t\t\t\t\tShow remaining items</a>\r\n\t\t\t\t\t\t\t\r\n\t\t\t\t\t\t\t\r\n  \xe2\x80\x8b\t\t\t\t\t\t\t\r\n  \r\n\t\t\t\t\t<form method="post" action="/iii/encore/SearchResultsPage,searchResultsComponent.resultComponent.searchBrowseResultBibComponent.$BibHoldingsComponent.bibHoldingsAllMaxItems.countComponent.sdirect;jsessionid=5F4C8E89B7C5F964F02DBB6C904346CF" id="countComponent_84" style="display:none;">\n<div style="display:none;" id="countComponent_84hidden"><input type="hidden" name="formids" value="allCountInsertComponent_84,allAvailCountInsertComponent_84" />\n<input type="hidden" name="seedids" value="ZH4sIAAAAAAAAAI1Z3ZIauxF2VZLHSOVmLzcVZhZY9hLj9TFVu94twCfJlUswAlQeRkSaYXfPM+XV8g5paSSQWj3AjY37a7X6v1vj//7v01/++PTpz5/+8ddbzdVBrPhN73bPNuavldztZcWr2v6uaiYqruC35loLWZlfe/hjI8viFU78U7H9nqtJcEpveVmGhKUsPqJ/M82/CMVXNQicVqBCfYKz2zUDjWQ14yUzDOHJSs5XSuzrZ16zGV8rrrfxzfJt0uha7r5xVnA1XYfoKkTQrUZJ+WvCVP0kql+hNtP1TT6M4XEVmTNd/+zdDHq3j6XmN3lvGPE+g9vATel9e1YrWS2kLHVILoTel+zj1aIve+MAPV3nkZXswBdboeecqdUWKWNcMAeGFjQaxE5orx2XoI3+sS9YzQkBFp7ujN5rQrknVm0aAOe8hBhKcKbJBMrl7rbVSjZV/SQ3orpsa8jRgNfssTgq4HPrz5t8NHB3AJdswMHVWqjd51KuIvbdh9PhC6+RvU6J1iNjxVmswdZa5ZJq8fwUYrXc25viE0Cd8QoOJVpUsv7Xt1kOv/7TcBV73Ybrq1S7kCoqXd+AiSU43PytG1Fz+6NlF7wsntiSl6moea0EHOrdsuLAqhUvTglxcoBtAvZQypWKtAkxb3ZLESWy3kO5z5vNhmtcrgdWisIW8aNSUp2B9NcYNp0HfmnnSdRAHDqB7N3I2JFbueOvSeJ6qinRpGHEwlDPiEDBjZ5BMeZYlbYkeBGVbAatRynDha6ySXx3xjIvzuh9hUAct3PX9tMAz7huSiiCikhNh4WArLdczWWjVlw/i0rsWJSHvGLL0ngicNfgVrVy2mYRhYjp9o45r+MYtEcmpnzTNhoeo6LbJvSCvyOh+kRPZJpztuv45h2flKr2nQ/TXROLkrlv5b2KfSTnzgdnfjxmomdcdiVbbC3BuPjYu7mTE0lx5GubQJw6+TlpIduarXj9m5LNPrziRJ0WKJsOQgtkY+aJsUWZa/I/hzejof99b34bfy7YZlLKpkCpIjbbei4Kbnvvd7bjOBbOrlnEGLoxzOo4C2Ed8Q0yhjRkfvn4vmdV4dWKCiFCkD9qttFPkhXQrDtXBUXWpaNG9uV3x2oJSKc6+Kzkm+ZtwbwquVFsF9VnF+9nscR8FA9SpEL7wFG7GV9JVfx9mQ+Go/zhwcwfuwu6jSQE2uk+D3qQc5OO5LLqI9lEnTWhBv170ACGr0ZrHrCCd2/yvukn82a541UzaxlN3mtkBfgcVj4QBod+ZoYi9MuBq0KJA/8i36oSIorOCD1+F/pu2Evos5NGCPPJemIw1A2HjVysiH/aCY1ozl2WKmvplBjv99GuZJtAHCgTonEbFhTCg+Bv+pFo73fH1fcFIoG29wC98myY8EFKcDCh1tPqs+NHYjAcdxWTK0WxkJ/JdT9EV8ztwFHdmQt2TJQpJZFkqaQEO2CAHY8lE3Jyg/XS5jWrGx2EVFsCdqRYthWWFN/6TapfGlqVJCyHev0ua96iib7PUnGXDkSm7k4oaTF4Ff69aypRf0AnTO52LR1m7oZoSDCMN5Au1RkoiXKZPhuMe2HBr3moip6Cy73OecRcCAZSxrCfvnWGcbGFhbgygU51W4i6hEPFzMSOaIYdPPkkLcQv7uUF9sRwuJ2lsvC87rjTOc82gZh1XBTCRJWV9rGBMy28PWGlLx87Pc9JauqtTJwVMnTw7DiE7MfsiSKT+0ss9rVZlkJv0zjFPP+Gf17Bcf6ux9ZZZ+R4jlTOCv5WDGecoyaFAHP5myzNgoFGZmleBCbDkaATkMhaSXj9VbwgBT7Onkl6aNQ3pgO2abWWZzygvzZlmXbCZWDQlq9+CTSg7KOuBZBwGO6/y7LZJQP9BCQm2xWi5js98R/DFtBykvyNWcINBl79EAJjStqmxwfoHGwpSuhF8LLeMZV2GCPZYcR7xGwQJ4Z42b0PoY7t0m4g4RpnmwDRqFI1SFe5bNMdqmpncckX+KkTR/bIZx2b32Qjk5fHxAnOjQYhEisF2I69I26gJFzMXNc+St0eGU+Dfg6XlJbL+FSHAS6Axa3wVll0Hfx4UWZ6UqARZj0RUdtpiPwD9LrlhEStokjf9e9CLInx4L6Fv0BZRwez+yw8mOD9/AFiBltBmKiPJYf9OFpcjgr8zsoGvbmGo/tbmF2isli0jYP0ExLHxGBQ+Qw3SaOxp8fT3fntKQCR+06fh7m6Ak6SxDD8JiUU/zPbJ1sQyZDI8LpTXx4ICzrPo7cyeMV9yJxAnn6XbUUj9VYB1H5/TzzoXhy2CSyOAU2+IgAncV2irJOGBcWZ2S4Fpa2OVB/z1QfVekl+Chr1DWTztAuPKxFp20/qOGHwmqK5a0bNUr7bkQOrqNkUSYZuJDyad5+NobBZOve10zvtUFZx45nF1vyXCZxqk7dboO++z9A9Tw2YapJRj7QPBXcE7aq4g0IXTlQssYJnDPbXhDYjme3+/mPftcHntwIeAcF+1E729r+YDNw1+9Hky6Ot5UXhTT+/5eZtG/bQ+DRc83jkQEdX7So2kfGaEwP4jKFhW2HHmeplhVjbL+CNsuOfq0OwGvn/HUD2PQxzbJ35mDYYmpDpRPjzeDYZORCdW4t3+1RwjxtidgDTgSnLlCW9I+/4WAV/2s93hKUp8+N7zVXFsNfh7S9WpetXCEu/YfV7Q/obVgtc/rDR8lE7pBOd7h5HgKIRZRbzIzJlUtZlUnalSVmnSVmXSRlhUsIc6J7RJmWESff9hz4ZJQ9cMsnzpSYdRWOTAoCiJSZhfkSmTOp3mdS/0qR+p0lWtG0ClF19wq7+Gbv6tF19wq5RNrq/p+zywCW7PF9q11ECeqag3jJIY3lUqiRpic2YH5GTWA77I7LiPHAxlo6PiKUXnYTxBFC0NIyIH5Gp9Ox1pWfvyvTsdaZnj0jAHp1kvQ6H09o54BqHd2jnRSO/Uto5MtGAM7IEPHBFA87oEjiKJhpwhjO8pdkm0NmFMyLNPTkp7fyB9roHLpa24yNK24tOKvcEULS0chE/IhPdajjo6FYWuKJbWT6yW7WiiWbkAYpGNaOIH5EJkwbk/8p54AqTLB9pUiuaMMkDFI0yKeJH5KTcB4OcjJIHLpa74yPK3YtO+usJoGhpf0X8iJyYlA07xr8DLprk+AiTvOhAc9sEMOBVdGRKxbxLxfxKFfNOFXPS6yeAoqVeR/yInJj0kN3Rg9oBF01yfIRJXnSoOaJ57Rw5nWoPI7JyPXB5qrV81FRzotM14ghQNGKNiPkROWlGkP10M3LAxWbk+Ihm5EWHPQfRfF9xZOqlRGa4B655KdEZfhRNvZRwhpPMwZOIyHBPJjK8d9eR4dAE/vQ3i16R5paPTPNWfpJIJ4CipYmE+BE5sSt/6BgBDrhokuMjTPKiE5NOAEVLTUL8iEyFin7UOuCaKHU8ar1oKkrJo5ZiDsJBPWodmRoZdH91wDUjo6O/etHUyEgaL8UczAaqKbfk/wNvtcrTXy8AAA==" />\n<input type="hidden" name="lang" value="eng" />\n<input type="hidden" name="suite" value="cobalt" />\n<input type="hidden" name="reservedids" value="inst,lang,suite" />\n<input type="hidden" name="submitmode" value="" />\n<input type="hidden" name="submitname" value="" />\n<input type="hidden" name="allCountInsertComponent_84" id="allCountInsertComponent_84" value="100" />\n<input type="hidden" name="allAvailCountInsertComponent_84" id="allAvailCountInsertComponent_84" value="100" />\n</div>\r\n\t\t\t\t\t\r\n\t\t\t\t\t\r\n\t\t\t\t\t</form> \r\n\t                    </div>\r\n\t                \r\n\t                \r\n                \r\n                \r\n            </div><!--end mark-->\r\n    \r\n\r\n                                    </div>\r\n                            \r\n                            \r\n                            <div id ="showMoreLessLinkContainer">&nbsp;</div>\r\n                            \r\n                            <img alt="Drop Up Shadow" src="resources/gold/images/dropShadowUpArrow.png" class="dropShadowUpArrow" id="dialogUpArrowImageAnyComponent_22"></img>\r\n                        </div>\r\n                    </div>\r\n                    \r\n               \r\n               \r\n    \t\r\n    \t<!-- Order info -->\r\n        \r\n   \r\n\r\n\r\n                    \r\n                    \n    \n     \n\r\n                    \r\n\t\r\n\t\t<span title="ctx_ver=Z39.88-2004&amp;rft_val_fmt=info%3Aofi%2Ffmt%3Akev%3Amtx%3Abook&amp;rfr_id=info%3Asid%2Fiii.com%3Aencore&amp;rft.btitle=Nintendo+Switch+%3A+Snipperclips+plus%3A+cut+it+out%2C+together%21&amp;rft.isbn=&amp;rft.date=&amp;rft_id=http%3A%2F%2Fencore.slcl.org%2Fiii%2Fencore%2Frecord%2FC__Rb2571641__SNintendo%2520Switch__P0%252C23__Orightresult__X3%3Bjsessionid%3D5F4C8E89B7C5F964F02DBB6C904346CF%3Flang%3Deng%26suite%3Dcobalt" class="Z3988" id="coinsAnyComponent_22"></span>\r\n\t\r\n\r\n                    <!-- ratingReviewsSummaryComponent -->\r\n                    \r\n                    <div class="addtlInfo">\r\n                       \r\n                       \r\n                       \r\n   \r\n\r\n                    </div>\r\n                </div>\r\n            </div>\r\n            <div class="bibLocations">\r\n                \r\n                \r\n            </div>\r\n        </div>\r\n    \r\n\r\n\t\r\n\r\n\t<!-- Browse Result Resource -->\r\n\t\r\n\r\n\t<!-- Browse Result External -->\r\n\t\r\n\r\n               \r\n           \r\n               \r\n\t<!-- Browse Result Program -->\r\n\t\r\n\r\n\t<!-- Browse Result Bib -->\r\n\t\r\n\t\t \r\n    \r\n        <div id="resultRecord-b2572924" class="gridBrowseContent2 searchResult">\r\n            <div class="gridBrowseCol1">\r\n                <div id="actionsUpdate-b2572924">\r\n                  \r\n    <span id="anyWrapperComponent_23">\r\n        \r\n    </span>\r\n\r\n                  <div class="citationButtons">\r\n                     \n    <div class="requestLink" id="Any_24">\n        \n\n        \n            <div class="Request" id="Any_1_23"> \n                        \t         \n            \t \n                \n                \n                \n                \t\n    \n    \n \n       \n        \n        \n            \n                <div class="requestButton">\n                   <a id="genericLink_23" class="button secondaryAction" href="https://encore.slcl.org/iii/encore/search;jsessionid=5F4C8E89B7C5F964F02DBB6C904346CF/Sdologin?lang=eng&amp;target=Nintendo%20Switch&amp;loginReason=doRequest&amp;actionRecordId=b2572924">\n                       <img alt="Direct Link" src="resources/gold/images/hold.png" id="genericLinkImage_23"></img>Request it\n                   </a>\n                </div>   \n            \n            \n        \n    \n\n                \n                \n                  <!--     popup -->\n                 \n        \t <!--    popup -->\n                \n            </div>\n        \n    </div>\n\r\n                  </div>\r\n                  \r\n<div class="addtlActions">\r\n\t\t<p>Additional actions:</p>\r\n    <ul class="inline-list initialActions">\r\n        \r\n        <li>\r\n    \r\n        <span id="bookCartOperationAnyComponentb2572924">\r\n            \r\n            \r\n\t\t\t\t\t<a id="addToBookCartLinkComponent_23" onMouseup="renewSession()" href="/iii/encore/SearchResultsPage,searchResultsComponent.resultComponent.searchBrowseResultBibComponent.recordActionsComponent.bookCartOperationComponent.addToBookCartLinkComponent.sdirect;jsessionid=5F4C8E89B7C5F964F02DBB6C904346CF?lang=eng&amp;sp=Sb2572924&amp;suite=cobalt" onclick="return tapestry.linkOnClick(this.href,\'addToBookCartLinkComponent_23\', false)">\r\n\t\t\t\t\t\t<img alt="Book Cart" width="22" title="Add to cart" src="resources/gold/images/bookcart.png" class="actionIcon" height="20" id="addToBookcartImageAnyComponent_23"></img>\r\n\t\t\t\t    </a>\r\n            \r\n        </span>\r\n    \r\n</li>\r\n        <li>\r\n    <a id="emailLinkComponent_23" onMouseup="renewSession()" class="toolbarItem popInDialogTrigger" href="/iii/encore/SearchResultsPage,searchResultsComponent.resultComponent.searchBrowseResultBibComponent.recordActionsComponent.emailComponent.emailLinkComponent.sdirect;jsessionid=5F4C8E89B7C5F964F02DBB6C904346CF?lang=eng&amp;sp=Sb2572924&amp;suite=cobalt" onclick="return tapestry.linkOnClick(this.href,\'emailLinkComponent_23\', false)">\r\n        <img alt="Email" width="19" title="Email" src="resources/gold/images/email.png" class="actionIcon" height="13" id="emailImageAnyComponent_23"></img>\r\n        \r\n    </a>\r\n    <!--confirmation dialog-->\r\n    \r\n    <div id="emailMessageContainer">\r\n        <div id="sentStatus">\r\n            <div id="emailStatusMessage">\r\n                \r\n            </div>\r\n        </div>\r\n    </div>\r\n</li>\r\n        \r\n             <li>\r\n\t\r\n</li>\r\n             <li>\r\n    \r\n</li>\r\n        \r\n        \r\n            <li><a href="javascript:void(0);" class="popUpTrigger moreActionsLink" onclick="toggleBibHoldingsPopup(this, false, \'moreActionsWrapper\',\'gridBrowseCol1\')">\r\n            <img width="13" alt="more actions" title="More actions" src="resources/gold/images/more.png" class="actionIcon" height="13" id="moreActionsImageAnyComponent_23"></img></a></li>\r\n        \r\n    </ul>\r\n   <div class="moreActionsWrapper popUpWrapper">\r\n       <a class="closeLink" onclick="toggleBibHoldingsPopup(this, true, \'moreActionsWrapper\',\'gridBrowseCol1\')" href="javascript:void(0);">\r\n           close\r\n       </a>\r\n       <h3 class="moreActionsHeader">more</h3>\r\n        <ul class="inline-list moreActions">\r\n            <li>\r\n    \r\n\t    \r\n\t    \r\n\t        <a id="loginLinkComponent_23" href="https://encore.slcl.org/iii/encore/search;jsessionid=5F4C8E89B7C5F964F02DBB6C904346CF/Sdologin?lang=eng&amp;target=Nintendo%20Switch&amp;loginReason=doTag&amp;actionRecordId=b2572924">\r\n\t           <img width="20" title="Add a Tag" src="resources/gold/images/tag.png" class="actionIcon" height="19" id="createCommunityTagsIconImageAny2Component_23"></img>\r\n\t        </a>\r\n\t    \r\n    \r\n</li>\r\n            \r\n            \r\n        </ul>\r\n       <img src="resources/gold/images/dropShadowArrow.png" class="dropShadowArrow" id="dialogArrowImageAnyComponent_23"></img>\r\n    </div>\r\n</div>\t \r\n\r\n                </div>\r\n            </div>\r\n            <div class="gridBrowseCol2">\r\n                \r\n                    <!--title-->\r\n                <div class="dpBibTitle">\r\n                    <!-- please read c1063106, c1063117, c1044421, c1060576a before changing title -->\r\n                    \r\n                        \r\n                            <span class="title">\r\n                                <a id="recordDisplayLink2Component_23" href="/iii/encore/record/C__Rb2572924__SNintendo%20Switch__P0%2C24__Orightresult__X3;jsessionid=5F4C8E89B7C5F964F02DBB6C904346CF?lang=eng&amp;suite=cobalt">\r\n                                    Nintendo Switch : Hello neighbor.\r\n                                </a>\r\n                            </span>\r\n                        \r\n                        \r\n                        \r\n                            <span class="title">\r\n                                <span class="additionalFields customSecondaryText">\r\n                                    \r\n                                </span>\r\n                            </span>\r\n                        \r\n                    \r\n\r\n                    \r\n                    <div class="dpBibAuthor">\r\n                        \r\n                        \r\n                    </div>\r\n                    <!-- MARC 962 Media -->\r\n                    <div class="recordDetailValue">\r\n                        \r\n                        <span class="itemMediaDescription" id="mediaTypeInsertComponent_23">ELECTRONIC RES</span>\r\n                        \r\n                        \r\n                                <span class="pipeDivider">|</span>\r\n                                <span class="itemMediaYear" id="searchResultPubYearInsertComponent_23"></span>\r\n                            \r\n                        \r\n                              <span class="pipeDivider">|</span>\r\n                              <span class="itemEdition" id="searchResultEditionInsertComponent_23">Nintendo Switch ed.</span>\r\n                           \r\n                    </div>\r\n                    \r\n                    \r\n                        <!-- bibHoldingsComponentAvailableOnlyOrAllItems -->\r\n                        \r\n    <!--start item info-->\r\n    \r\n    \r\n        <!-- over threshold holdings info -->\r\n        \r\n\t\r\n\r\n    \t<!--ERM-->\r\n        \r\n    \r\n    <!-- Dialog content -->\r\n    \r\n\r\n        <!-- checkin info -->\r\n        \r\n\t\r\n\r\n        <!-- Volume info -->\r\n        \r\n        <!-- Item info -->\r\n        \r\n                \r\n                  <!--This ItemsContainer elem does not get rendered into a toggle on the record page - only the browse -->\r\n                  <div id="ItemsContainer-b2572924" class="ItemsContainer">\r\n                        \r\n                           \r\n    \r\n        <div class="availabilitySummaryArea">\r\n            \r\n                <div class="dpBibHoldingStatement">\r\n                    <span class="availabilityMessage">\r\n                        <span class="itemsAvailable">Available</span> at Weber Road (<span class="availCallNumber">VIDEO GAME</span>)\r\n                    </span>\r\n                    \r\n                        <span class="itemsContainerPopUpTrigger"></span>\r\n                    \r\n                </div>\r\n            \r\n        </div>\r\n    \r\n    \r\n    \r\n\r\n                        \r\n                        <div class="content bibHoldingsWrapper popUpWrapper">\r\n                            <a href="javascript:void(0);" onclick="toggleBibHoldingsPopup(this, true)" class="closeLink">close</a>\r\n                            <!-- available-->\r\n                              \r\n                                  <div id="availableItemsSection" class="availableItemsSection">\r\n                                      \r\n    \r\n\r\n    \r\n            \r\n            \r\n                    <!--link moved into dpBibHoldingStatement via initBibHoldingsToggle JS -->\r\n                    <span class="itemsAvailHeader itemsSectionHeader" id="availHeaderWrapperAny2Component_42"><a href="javascript:void(0);" onclick="toggleBibHoldingsPopup(this)">see all</a></span>\r\n            \r\n            <!--start mark -->\r\n             <h3 class="sectionHeader itemsHeader customHeader">Items</h3>\r\n            <div id="allavailitems-b2572924">\r\n                \r\n\t                \r\n\t                    <div class="itemTableWrapper popUpContentWrapper">\r\n\t                        \r\n    \r\n\t\t<table class="itemTable" cellspacing="3">\r\n        \t<tr>\r\n\t        \t\r\n\t        \t\t<th>\r\n\t        \t\t\tLocation\r\n\t        \t\t</th>\r\n\t        \t\r\n\t        \t\t<th>\r\n\t        \t\t\tCall No.\r\n\t        \t\t</th>\r\n\t        \t\r\n\t        \t\t<th>\r\n\t        \t\t\tStatus\r\n\t        \t\t</th>\r\n\t        \t\r\n        \t</tr>\r\n            \r\n            \t<tr>\r\n            \t\t\r\n                        \r\n            \t\t\r\n                        \r\n                            <td>\r\n                                \r\n                                    \r\n                                    \r\n                                        \r\n                                            \r\n \r\n\t \r\n\t    \t\r\n\t\t\r\n\t\t\r\n\t\t\tWeber Road\r\n\t\t\r\n    \r\n \r\n\r\n\r\n                                        \r\n                                        \r\n                                    \r\n            \t\t\t        \r\n\t            \t\t\t</td>\r\n            \t\t\t\r\n            \t\t\r\n                        \r\n                            <td>\r\n                                \r\n                                    \r\n                                    \r\n                                        \r\n                                        \r\n                                            \r\n                                                <a id="callNoBrowseDirectLinkComponent_85" href="/iii/encore/SearchResultsPage,searchResultsComponent.resultComponent.searchBrowseResultBibComponent.$BibHoldingsComponent.bibHoldingsAvailableItems2.itemTableComponent.callNoBrowseDirectLinkComponent.sdirect;jsessionid=5F4C8E89B7C5F964F02DBB6C904346CF?lang=eng&amp;sp=Si20254852&amp;sp=Sb2572924&amp;suite=cobalt" onclick="return tapestry.linkOnClick(this.href,\'callNoBrowseDirectLinkComponent_85\', false)">\r\n                                                    VIDEO GAME\r\n                                                </a>\r\n                                            \r\n                                            \r\n                                        \r\n                                    \r\n            \t\t\t        \r\n                                    \r\n                                         \r\n                                    \r\n                                    \r\n            \t\t\t        \r\n                                    \r\n                                         \r\n                                    \r\n                                    \r\n            \t\t\t        \r\n\t            \t\t\t</td>\r\n            \t\t\t\r\n            \t\t\r\n                        \r\n                            <td>\r\n                                \r\n                                    \r\n                                        IN LIBRARY\r\n                                    \r\n                                    \r\n            \t\t\t        \r\n\t            \t\t\t</td>\r\n            \t\t\t\r\n            \t\t\r\n            \t</tr>\r\n            \r\n        </table>\r\n    \r\n\r\n\t                        \r\n\t\t\t\t\t\t\t\r\n\t\t\t\t\t\t\t\t<a id="showAllItemsLinkComponent_85" class="showAllItemsLink customToggle" href="/iii/encore/SearchResultsPage,searchResultsComponent.resultComponent.searchBrowseResultBibComponent.$BibHoldingsComponent.bibHoldingsAvailableItems2.showAllItemsLinkComponent.sdirect;jsessionid=5F4C8E89B7C5F964F02DBB6C904346CF?lang=eng&amp;sp=Sb2572924&amp;sp=T&amp;sp=Sallavailitems-b2572924&amp;sp=F&amp;suite=cobalt" onclick="return tapestry.linkOnClick(this.href,\'showAllItemsLinkComponent_85\', false)">\r\n\t\t\t\t\t\t\t\tShow remaining items</a>\r\n\t\t\t\t\t\t\t\r\n\t\t\t\t\t\t\t\r\n  \xe2\x80\x8b\t\t\t\t\t\t\t\r\n  \r\n\t\t\t\t\t<form method="post" action="/iii/encore/SearchResultsPage,searchResultsComponent.resultComponent.searchBrowseResultBibComponent.$BibHoldingsComponent.bibHoldingsAvailableItems2.countComponent.sdirect;jsessionid=5F4C8E89B7C5F964F02DBB6C904346CF" id="countComponent_85" style="display:none;">\n<div style="display:none;" id="countComponent_85hidden"><input type="hidden" name="formids" value="allCountInsertComponent_85,allAvailCountInsertComponent_85" />\n<input type="hidden" name="seedids" value="ZH4sIAAAAAAAAAI1Z3ZIauxF2VZI32ctNhRl+Fi5ZvD7eql17C/BJcuUSjACVhxGRZvbnvFEqebW8Q1oaCaRWD3Bj4/5arf7v1vi///v0lz8+ffrzp7/9+1Zz9SrW/KZ3e2Bb89da7g+y4lVtf1c1ExVX8FtzrYWszK8D/LGVZfECJ/6u2OHA1Sw4pXe8LEPCShYf0b+Z5p+F4usaBD5WoEJ9grPbDQONZDXnJTMM4clKLtZKHOpnXrM53yiud/HN8m3W6Fruv3JWcPW4CdF1iKBbjZLy14yp+klUv0JtHjc3+WgUwdMqMudx87N3M8xvH0rNb/IsFvUMbgM3pfcdWK1ktZSy1CG5EPpQso8Xi34/GAfox00eWcle+XIn9IIztd4hZYwLFsDQgkaD2AnttdMStNE/DgWrOSHAwo97o/eGUO6JVdsGwAUvIYYSnGkygXK5u229lk1VP8mtqC7bGnI04DV7LI4K+Nz68yaf+DuASzbg4Goj1P6+lOuIff/hdPjMa2SvU6L1yFRxFmuws1a5pFo+P4VYLQ/2pvgEUOe8gkOJFpWs//F1nsOvfzVcxV634foi1T6kikrXN+PRbQkON3/rRtTc/mjZBS+LJ7biZSpqUSsBh3q3rHhl1ZoXp4Q4OcA2AXso5UpF2oRYNPuViBJZH6DcF812yzUu11dWisIW8YNSUp2B9JcYNp0HfmnnSdRAHDqD7N3K2JE7uecvSeJ6qinRpGHEwlDPiEDBjZ5BMeZYlbYkeBGVbAatRynDha6ySdw/Y5kXZ/S+QiCO27lrB2mA51w3JRRBRaSmw0JA1juuFrJRa66fRSX2LMpDXrFVaTwRuGt0q1o5bbOIQsR0e8eC13EM2iMzU75pGw2PUdFtE3rJ35FQfaInMs0523V8845PSlX7zofprolFyTyw8l7EIZLT98FZHI+Z6BmXXckWW0swLj8Obu7kRFIc+domEKdOfk5ayLZha17/pmRzCK84UR8LlE2vQgtkY+aJsUWZa/I/RzfjO//7zvw2/lyy7ayUTYFSRWx39UIU3Pbeb2zPcSycXfOIMXRjmNVxFsI64htkDGnI/PLh/cCqwqsVFUKEIH/UbKufJCugWXeuCoqsS0eN7MsHx2oJSKc6uFfyTfO2YF6U3Cq2j+qzi/derDAfxYMUqdA+cNRuztdSFX9d5cPROJ9MzPyxu6DbSEKgne6LoAc5N+lILqs+kk3UWRNqMJiABjB8NVrzgBW8e5MPTT9ZNKs9r5p5y2jyXiMrwOew8oEwOPQzMxShv79yVSjxyj/Lt6qEiKIzQk/fhe6Pegl9ftIIYT5ZTwyGuuWwkYs18U87oRHNuctSZS2dEtPDIdqVbBOIA2VCNG3DgkL4KvibfiDa++C4+n6HSKDtPUCvPBsmfJASHEyo9WN17/iRGAzHXcXkSlEs5T257ofomrkdOKo7c8GeiTKlJJIslZRgBwyw47FkQk5usF7aomZ1o4OQakvAjhSrtsKS4tu8SfVLQ6uShOVQr99kzVs00fdZKu7SgcjU/QklLQavwr/3TSXqD+iEyd2upcPM3RINCYbxFtKlOgMlUS7TZ4NxLyz4NQ9V0Y/gcq9zHjEXgoGUKeynb51hXO5gIa5MoFPdlqIu4VAxN7EjmmEHTz5LC/Gze3mBPTEcbmepLDyvO+50zrNNIGadFoUwUWWlfWzgTAtvT1jpy6dOz3OSmnonE2eFDB08ew4h+zF/osjk/hKLfWlWpdC7NE4xzz/hn1dwnL/roXXWGTmeI5Wzhr8VwxnnqEkhwFz+KkuzYKCRWZoXgclwJOgEJLLWEl5/FS9IgQ/zZ5IeGvWV6YDtsdrIMx7QX5qyTDvhKjBox9e/BBpQ9lHXAkg4DPffZdnsk4F+AhKT7QpR872e+Y9hS2g5Sf7GLOEGA69+CIExJW3T01foHGwlSuhF8LLeM5V2GCPZYcR7xGwQJ4Z42Z2EUMd2aTeQcI2zTYBoVKkapKtctukOVbWzuORL/NSJI3vks47Nb7KJyctj4gTnxqMQiZUCbM/eETdQEi5mrmsfpW6PjKfBoA+XlJbL+FSHAS6Axa3wVll0Hfz4rsz0pEAjzHoiorbTEPkH6HXLCYlaRZHuD+5CLInxqNfCn6Gso4PZXT88mOCDvokZbAVhoj6UHPbjaHE5KvA7Kxv05hpNhrcwu0RlsWgbB+knJI6JwaDyGW6SRmNPj6e789tTACL3nT4Pc3UFnCSJYfhNSij+Z3ZItiCSIZHhdae+PBAWdJ5Hb2XwivuQOYM8/SbbikbqrQOo/f6eeNC9OGwTWB4DmnxFAE7iukRZJw0LijOzXQpKWx2pPuarD6r1kvwUNB4ayOZpFx5XItJ2mNRxwuA1DZtW/3ZtRs1KvtuRA6uo2RRJhm4kPJp3n42hsFk69xkyOCHpUFZx45nlzvyXCZxqk7dboO++z9A9XQMe000yKNm8fSi4I2hXBTTqoNCFExVLrOAZg/01oc1IZru//zh0bfD9WwGPgGA/aid7+19MBu6a/Wjy9aOt5bvCm37/lpu3bdhD49NwzcORA6dXu4rNZLzmxAA+Y2jYVthxHvWqQqztF/BG2fHP1WuwGvn/HUD2TUY5ts58TBuOTMh0Ivx5Op+NHYjObcS7fSq4xw0xO4DplSnLlCW9o9/xsQr+tJ/vCEtT5of3mquKYa/D21+sS9evEJZ+wxr0RvQ3rBa4/GGj5aN2SCc63T2OAEUjyizmR2TKpKzLpOxKk7JOk7IukzLCpIQ50D2jTcoIk+4GkwEZJQ9cMsnzpSYdRWOTAoCiJSZhfkSmTBp0mTS40qRBp0lWtG0ClF0Dwq7BGbsGtF0Dwq5xNr67o+zywCW7PF9q11ECeqag3jJMY3lUqiRpic2YH5GTWI4GY7LiPHAxlo6PiKUXnYTxBFC0NIyIH5Gp9Ox1pWfvyvTsdaZnj0jAHp1kvQ6H09o54BqHd2jnRSO/Uto5MtGAM7IEPHBFA87oEjiKJhpwhjO8pdkm0NmFMyLNPTkp7XxCe90DF0vb8RGl7UUnlXsCKFpauYgfkYluNRp2dCsLXNGtLB/ZrVrRRDPyAEWjmlHEj8iESUPyf+U8cIVJlo80qRVNmOQBikaZFPEjclLuw2FORskDF8vd8RHl7kUn/fUEULS0vyJ+RE5MykYd498BF01yfIRJXnSguW0CGPAqOjKlYt6lYn6linmnijnp9RNA0VKvI35ETkyaZH16UDvgokmOjzDJiw41RzSvnSOnU20yJivXA5enWstHTTUnOl0jjgBFI9aImB+Rk2YE2U83IwdcbEaOj2hGXnTYcxDN9xVHpl5KZIZ74JqXEp3hR9HUSwlnOMkcPImIDPdkIsN7/Y4Mhybwp/9Y9Io0t3xkmrfyk0Q6ARQtTSTEj8iJXfmkYwQ44KJJjo8wyYtOTDoBFC01CfEjMhUq+lHrgGui1PGo9aKpKCWPWoo5CAf1qHVkamTQ/dUB14yMjv7qRVMjI2m8FHMwG6im7MhU4tGD2gHXJF7HoPaiqcQD4P+JVP6w6y8AAA==" />\n<input type="hidden" name="lang" value="eng" />\n<input type="hidden" name="suite" value="cobalt" />\n<input type="hidden" name="reservedids" value="inst,lang,suite" />\n<input type="hidden" name="submitmode" value="" />\n<input type="hidden" name="submitname" value="" />\n<input type="hidden" name="allCountInsertComponent_85" id="allCountInsertComponent_85" value="100" />\n<input type="hidden" name="allAvailCountInsertComponent_85" id="allAvailCountInsertComponent_85" value="100" />\n</div>\r\n\t\t\t\t\t\r\n\t\t\t\t\t\r\n\t\t\t\t\t</form> \r\n\t                    </div>\r\n\t                \r\n\t                \r\n                \r\n                \r\n            </div><!--end mark-->\r\n    \r\n\r\n                                  </div>\r\n                              \r\n                             <!--all -->\r\n                              \r\n                                   <a href="javascript:void(0);" onclick="showHideItemsToggle(this)" class="showAllToggleLink availCheckboxLink"><img width="15" src="resources/gold/images/checkbox_checked.png" class="availCheckbox" height="13" id="checkboxCheckedImageComponent_23"></img>only show available</a>\r\n                                   <a href="javascript:void(0);" onclick="showHideItemsToggle(this)" class="showAvailableToggleLink availCheckboxLink"><img width="15" src="resources/gold/images/checkbox.png" class="availCheckbox" height="13" id="checkboxImageComponent_23"></img>only show available</a>\r\n                                   <a href="javascript:void(0);" onclick="showHideItemsToggle(this)" class="showAllMaxToggleLink availCheckboxLink"><img width="15" src="resources/gold/images/checkbox_checked.png" class="availCheckbox" height="13" id="checkboxCheckedImage2Component_23"></img>only show available</a>\r\n                                   <a href="javascript:void(0);" onclick="showHideItemsToggle(this)" class="showAvailableMaxToggleLink availCheckboxLink"><img width="15" src="resources/gold/images/checkbox.png" class="availCheckbox" height="13" id="checkboxImage2Component_23"></img>only show available</a>\r\n                                    \r\n                                    <div id="allItemsSection" class="allItemsSection">\r\n                                       \r\n    \r\n\r\n    \r\n            \r\n            \r\n                    <!--link moved into dpBibHoldingStatement via initBibHoldingsToggle JS -->\r\n                    <span class="itemsSectionHeader" id="availHeaderWrapperAny2Component_43"><a href="javascript:void(0);" onclick="toggleBibHoldingsPopup(this)">see all</a></span>\r\n            \r\n            <!--start mark -->\r\n             <h3 class="sectionHeader itemsHeader customHeader">Items</h3>\r\n            <div id="allitems-b2572924">\r\n                \r\n\t                \r\n\t                    <div class="itemTableWrapper popUpContentWrapper">\r\n\t                        \r\n    \r\n\t\t<table class="itemTable" cellspacing="3">\r\n        \t<tr>\r\n\t        \t\r\n\t        \t\t<th>\r\n\t        \t\t\tLocation\r\n\t        \t\t</th>\r\n\t        \t\r\n\t        \t\t<th>\r\n\t        \t\t\tCall No.\r\n\t        \t\t</th>\r\n\t        \t\r\n\t        \t\t<th>\r\n\t        \t\t\tStatus\r\n\t        \t\t</th>\r\n\t        \t\r\n        \t</tr>\r\n            \r\n            \t<tr>\r\n            \t\t\r\n                        \r\n            \t\t\r\n                        \r\n                            <td>\r\n                                \r\n                                    \r\n                                    \r\n                                        \r\n                                            \r\n \r\n\t \r\n\t    \t\r\n\t\t\r\n\t\t\r\n\t\t\tWeber Road\r\n\t\t\r\n    \r\n \r\n\r\n\r\n                                        \r\n                                        \r\n                                    \r\n            \t\t\t        \r\n\t            \t\t\t</td>\r\n            \t\t\t\r\n            \t\t\r\n                        \r\n                            <td>\r\n                                \r\n                                    \r\n                                    \r\n                                        \r\n                                        \r\n                                            \r\n                                                <a id="callNoBrowseDirectLinkComponent_86" href="/iii/encore/SearchResultsPage,searchResultsComponent.resultComponent.searchBrowseResultBibComponent.$BibHoldingsComponent.bibHoldingsAllItems.itemTableComponent.callNoBrowseDirectLinkComponent.sdirect;jsessionid=5F4C8E89B7C5F964F02DBB6C904346CF?lang=eng&amp;sp=Si20254852&amp;sp=Sb2572924&amp;suite=cobalt" onclick="return tapestry.linkOnClick(this.href,\'callNoBrowseDirectLinkComponent_86\', false)">\r\n                                                    VIDEO GAME\r\n                                                </a>\r\n                                            \r\n                                            \r\n                                        \r\n                                    \r\n            \t\t\t        \r\n                                    \r\n                                         \r\n                                    \r\n                                    \r\n            \t\t\t        \r\n                                    \r\n                                         \r\n                                    \r\n                                    \r\n            \t\t\t        \r\n\t            \t\t\t</td>\r\n            \t\t\t\r\n            \t\t\r\n                        \r\n                            <td>\r\n                                \r\n                                    \r\n                                        IN LIBRARY\r\n                                    \r\n                                    \r\n            \t\t\t        \r\n\t            \t\t\t</td>\r\n            \t\t\t\r\n            \t\t\r\n            \t</tr>\r\n            \r\n        </table>\r\n    \r\n\r\n\t                        \r\n\t\t\t\t\t\t\t\r\n\t\t\t\t\t\t\t\t<a id="showAllItemsLinkComponent_86" class="showAllItemsLink customToggle" href="/iii/encore/SearchResultsPage,searchResultsComponent.resultComponent.searchBrowseResultBibComponent.$BibHoldingsComponent.bibHoldingsAllItems.showAllItemsLinkComponent.sdirect;jsessionid=5F4C8E89B7C5F964F02DBB6C904346CF?lang=eng&amp;sp=Sb2572924&amp;sp=T&amp;sp=Sallitems-b2572924&amp;sp=F&amp;suite=cobalt" onclick="return tapestry.linkOnClick(this.href,\'showAllItemsLinkComponent_86\', false)">\r\n\t\t\t\t\t\t\t\tShow remaining items</a>\r\n\t\t\t\t\t\t\t\r\n\t\t\t\t\t\t\t\r\n  \xe2\x80\x8b\t\t\t\t\t\t\t\r\n  \r\n\t\t\t\t\t<form method="post" action="/iii/encore/SearchResultsPage,searchResultsComponent.resultComponent.searchBrowseResultBibComponent.$BibHoldingsComponent.bibHoldingsAllItems.countComponent.sdirect;jsessionid=5F4C8E89B7C5F964F02DBB6C904346CF" id="countComponent_86" style="display:none;">\n<div style="display:none;" id="countComponent_86hidden"><input type="hidden" name="formids" value="allCountInsertComponent_86,allAvailCountInsertComponent_86" />\n<input type="hidden" name="seedids" value="ZH4sIAAAAAAAAAI1ZW3LjuhGdqiQ78adTEamHpU9Z47mjKnvGJWlukq8pSIQk1FCEApB+3DVlC6msKHtIAwQkoNG09GPTfRrNfneD/vf/Pv3lj0+f/vzpb/+51Vy9iA2/6d0e2c782sjDUVa8qu1zVTNRcQXPmmstZGWejvBjJ8viGU78XbHjkatZcErveVmGhLUs3qO/meafheKbGgTOK1ChPsPZ7ZaBRrJa8JIZhvBkJZcbJY71E6/Zgm8V1/v4zfJ11uhaHr5yVnA134boJkTQW42S8teMqfpRVL9Cbebbm3x0F8HTKjJnvv3Zuxnmtw+l5jd5lkW8T+A2cFP6viOrlaxWUpY6JBdCH0v2/mzR70fjAD3f5pGV7IWv9kIvOVObPVLGuGAJDC1oNIid0L52WoI2+sexYDUnBFh4fjB6bwnlHlm1awBc8hJiKMGZJhMol7u3bTayqepHuRPVZVtDjga8Zo/FUQGfW3/e5JOhewdwyQYcXG2FOtyXchOxH96dDp95jex1SrQemSrOYg321iqXVKunxxCr5dG+KT4B1AWv4FCiRSXrf3xd5PD0r4ar2Os2XF+kOoRUUen6Znx3W4LDzW/diJrbh5Zd8LJ4ZGtepqKWtRJwqHfLihdWbXhxToizA2wTsIdSrlSkTYhlc1iLKJH1Ecp92ex2XONyfWGlKGwRPygl1QeQ/hLDpvPAk3aeRA3EoTPI3p2MHbmXB/6cJK6nmhJNGkYsDPWMCBTc6BkUY45VaUuCF1HJZtB6lDJc6FU2ifsfWObFGb2vEIjj9tFrB2mAF1w3JRRBRaSmw0JA1nuulrJRG66fRCUOLMpDXrF1aTwRuGt0q1o5bbOIQsR0+44lr+MYtEdmpnzTNhoeo6LbJvSKvyGh+kxPZJpztuv45h2flKr2nQ/TXROLknlg5T2LYySn74OzPB0z0TMuu5IttpZgXL0f3dzJiaQ48bVNIE6d/CNpIduWbXj9m5LNMXzFmTovUDa9CC2QjZknxhZlrsn/HN2Mx/75zjwbf67YblbKpkCpInb7eikKbnvvN3bgOBbOrkXEGLoxzOo4C2Ed8Q0yhjRkfvnwdmRV4dWKCiFCkD9qttOPkhXQrDtXBUXWpaNG9uWDU7UEpHMd3Cv5qnlbMM9K7hQ7RPXZxXsv1piP4kGKVGgfOGm34Bupir+u8+FonE8mZv7YXdBtJCHQTvdl0IOcm3Qkl1XvySbqrAk1GExAAxi+Gq15wArevcmHpp8sm/WBV82iZTR5r5EV4HNY+UAYHPqZGYrQ31+4KpR44Z/la1VCRNEZoadvQvdHvYS+OGuEMJ+sZwZD3XHYyMWG+NNOaERz7rJUWUunxPR4jHYl2wTiQJkQTduwoBC+CP6qH4j2Pjitvt8hEmh7D9Arz4YJH6QEBxNqPa/uHT8Sg+G4q5hcKYqVvCfX/RDdMLcDR3VnXnBgokwpiSRLJSXYAQPseCyZkJMbrJe2rFnd6CCk2hKwI8W6rbCk+LavUv3S0KokYTnU6zdZ8xZN9H2Sirt0IDL1cEZJi8Gr8PehqUT9Dp0webdr6TBzd0RDgmG8g3SpPoCSKJfptcG4Fxb8moeq6Dm43OucR8yFYCBlCvvpa2cYV3tYiCsT6FS3lahLOFQsTOyIZtjBk8/SQvzsbl5gTwyH21kqC8/rjnc659kmELNOi0KYqLLSXjZwpoVvT1jpl0+dnh9Jauq9TJwVMnTwHDiE7MfikSKT+0ss9rlZl0Lv0zjFPP+EP6/g+PhdD62zPpDjOVI5G/itGM44R00KAebyV1maBQONzNLcCEyGI0FnIJG1kXD7q3hBCnxYPJH00KivTAds82orP/CA/tKUZdoJ14FBe775JdCAspe6FkDCYbj/LsvmkAz0M5CYbFeImh/0zH8MW0HLSfI3Zgk3GLj1QwiMKWmbnr5A52BrUUIvgpv1gam0wxjJDiPuI2aDODPEy+4khDq2S7uBhGucbQJEo0rVIF3lsk13qKqdxSVf4atOHNkTn3VsfpNNTF6eEic4N74LkVgpwA7sDXEDJeFi5nXtpdTtkfE0GJiyKC2X8akOA1wAi1vhrbLodfDwXZnpSYFGmPVERG2nIfIP0OuWExK1iiLdH2YhlsR41G/hz1DW0cHsbhgeTPBBH3JIw1YQJupDyWE/jhaXkwK/s7JBd667Xv8WZpeoLBZt4yD9jMQxMRhUPsNN0mjs6fF0d357DEDkvvPnYa6ugJMkMQy/SQnF/8SOyRZEMiQyvO7UlwfCgs7z6K4MXnEfMmeQp99kW9FIvU0Atd/fEw+6G4dtAqtTQJOvCMBJvC5R1knDguLMbJeC0lZHqo/56oNqvSQ/BY1HBrJ52oXHlYi0HSV1nDB4TdHcNaNmLd/syIFV1GyKJEM3Eh7Nu8/GUNgsnfva6Z12KKu48cxqb/5lAqfa5A0F9snu+wTd0zXgMd0kg5LN24uCO4J2VUCjDgpdOFGxxAp26leW/jUG8TYjme3+/uPYtcH3bwVcAoL9qJ3s7b+YDNw1+9Hk60dby3eFN/3+LTd327CHxqfhNQ8nDnR0065iMxmvOTGAzxgathV2nLleV4i1/QLeKDv+uXoJViP/3wFk32SUY+vMx7ThyIRMJ8KfpovZ2IHo3Fa82auCu9wQswOYXpiyTFnSO/odH6vgp/18R1iaMj+81VxVDHsd7v5iU7p+hbD0G9agN6K/YbXA5Q8bLR+1QzrR6e5xAigaUWYxPyJTJmVdJmVXmpR1mpR1mZQRJiXMge4ZbVJGmHQ3mAzIKHngkkmeLzXpJBqbFAAULTEJ8yMyZdKgy6TBlSYNOk2yom0ToOwaEHYNPrBrQNs1IOwaZ+O7O8ouD1yyy/Oldp0koGsK6i3DNJYnpUqSltiM+RE5ieVoMCYrzgMXY+n4iFh60UkYzwBFS8OI+BGZSs9eV3r2rkzPXmd69ogE7NFJ1utwOK2dA65xeId2XjTyK6WdIxMNOCNLwANXNOCMLoGTaKIBZzjDW5ptAp1dOCPS3JOT0s4ntNc9cLG0HR9R2l50UrlngKKllYv4EZnoVqNhR7eywBXdyvKR3aoVTTQjD1A0qhlF/IhMmDQk/yvngStMsnykSa1owiQPUDTKpIgfkZNyHw5zMkoeuFjujo8ody866a9ngKKl/RXxI3JiUjbqGP8OuGiS4yNM8qIDzW0TwIBX0ZEpFfMuFfMrVcw7VcxJr58BipZ6HfEjcmLSJOvTg9oBF01yfIRJXnSoOaJ57Rw5nWqTMVm5Hrg81Vo+aqo50ekacQIoGrFGxPyInDQjyH66GTngYjNyfEQz8qLDnoNovq84MnVTIjPcA9fclOgMP4mmbko4w0nm4EpEZLgnExne63dkODSBP/3XolekueUj07yVnyTSGaBoaSIhfkRO7MonHSPAARdNcnyESV50YtIZoGipSYgfkalQ0ZdaB1wTpY5LrRdNRSm51FLMQTioS60jUyOD7q8OuGZkdPRXL5oaGUnjpZiD2UA1ZUemEo8e1A64JvE6BrUXTSVeckVvaf8HpgKgNf8vAAA=" />\n<input type="hidden" name="lang" value="eng" />\n<input type="hidden" name="suite" value="cobalt" />\n<input type="hidden" name="reservedids" value="inst,lang,suite" />\n<input type="hidden" name="submitmode" value="" />\n<input type="hidden" name="submitname" value="" />\n<input type="hidden" name="allCountInsertComponent_86" id="allCountInsertComponent_86" value="100" />\n<input type="hidden" name="allAvailCountInsertComponent_86" id="allAvailCountInsertComponent_86" value="100" />\n</div>\r\n\t\t\t\t\t\r\n\t\t\t\t\t\r\n\t\t\t\t\t</form> \r\n\t                    </div>\r\n\t                \r\n\t                \r\n                \r\n                \r\n            </div><!--end mark-->\r\n    \r\n\r\n                                    </div>\r\n                            \r\n                            \r\n                                <!--how to test for available items on the threshold link-->\r\n                                       <div class="availableMaxItemsSection">\r\n                                                \r\n    \r\n\r\n    \r\n            \r\n                 \r\n                \r\n                    <!--link moved into dpBibHoldingStatement via initBibHoldingsToggle JS -->\r\n                    <span class="itemsAvailHeader itemsSectionHeader" id="availHeaderWrapperAnyComponent_42">\r\n                           <a id="showMaxItemsLink2Component_42" class="maxItemsLink" href="/iii/encore/SearchResultsPage,searchResultsComponent.resultComponent.searchBrowseResultBibComponent.$BibHoldingsComponent.bibHoldingsAvailableMaxItems2.showMaxItemsLink2Component.sdirect;jsessionid=5F4C8E89B7C5F964F02DBB6C904346CF?lang=eng&amp;sp=Sb2572924&amp;sp=F&amp;sp=Sallavailitemsmax-b2572924&amp;sp=F&amp;suite=cobalt" onclick="return tapestry.linkOnClick(this.href,\'showMaxItemsLink2Component_42\', false)">\r\n                               <a href="javascript:void(0);" onclick="toggleBibHoldingsPopup(this)">see all</a>\r\n                           </a>\r\n                    </span>\r\n                \r\n            \r\n            \r\n            <!--start mark -->\r\n             <h3 class="sectionHeader itemsHeader customHeader">Items</h3>\r\n            <div id="allavailitemsmax-b2572924">\r\n                \r\n\t                \r\n\t                    <div class="itemTableWrapper popUpContentWrapper">\r\n\t                        \r\n    \r\n\t\t<table class="itemTable" cellspacing="3">\r\n        \t<tr>\r\n\t        \t\r\n\t        \t\t<th>\r\n\t        \t\t\tLocation\r\n\t        \t\t</th>\r\n\t        \t\r\n\t        \t\t<th>\r\n\t        \t\t\tCall No.\r\n\t        \t\t</th>\r\n\t        \t\r\n\t        \t\t<th>\r\n\t        \t\t\tStatus\r\n\t        \t\t</th>\r\n\t        \t\r\n        \t</tr>\r\n            \r\n            \t<tr>\r\n            \t\t\r\n                        \r\n            \t\t\r\n                        \r\n                            <td>\r\n                                \r\n                                    \r\n                                    \r\n                                        \r\n                                            \r\n \r\n\t \r\n\t    \t\r\n\t\t\r\n\t\t\r\n\t\t\tWeber Road\r\n\t\t\r\n    \r\n \r\n\r\n\r\n                                        \r\n                                        \r\n                                    \r\n            \t\t\t        \r\n\t            \t\t\t</td>\r\n            \t\t\t\r\n            \t\t\r\n                        \r\n                            <td>\r\n                                \r\n                                    \r\n                                    \r\n                                        \r\n                                        \r\n                                            \r\n                                                <a id="callNoBrowseDirectLinkComponent_87" href="/iii/encore/SearchResultsPage,searchResultsComponent.resultComponent.searchBrowseResultBibComponent.$BibHoldingsComponent.bibHoldingsAvailableMaxItems2.itemTableComponent.callNoBrowseDirectLinkComponent.sdirect;jsessionid=5F4C8E89B7C5F964F02DBB6C904346CF?lang=eng&amp;sp=Si20254852&amp;sp=Sb2572924&amp;suite=cobalt" onclick="return tapestry.linkOnClick(this.href,\'callNoBrowseDirectLinkComponent_87\', false)">\r\n                                                    VIDEO GAME\r\n                                                </a>\r\n                                            \r\n                                            \r\n                                        \r\n                                    \r\n            \t\t\t        \r\n                                    \r\n                                         \r\n                                    \r\n                                    \r\n            \t\t\t        \r\n                                    \r\n                                         \r\n                                    \r\n                                    \r\n            \t\t\t        \r\n\t            \t\t\t</td>\r\n            \t\t\t\r\n            \t\t\r\n                        \r\n                            <td>\r\n                                \r\n                                    \r\n                                        IN LIBRARY\r\n                                    \r\n                                    \r\n            \t\t\t        \r\n\t            \t\t\t</td>\r\n            \t\t\t\r\n            \t\t\r\n            \t</tr>\r\n            \r\n        </table>\r\n    \r\n\r\n\t                        \r\n\t\t\t\t\t\t\t\r\n\t\t\t\t\t\t\t\t<a id="showAllItemsLinkComponent_87" class="showAllItemsLink customToggle" href="/iii/encore/SearchResultsPage,searchResultsComponent.resultComponent.searchBrowseResultBibComponent.$BibHoldingsComponent.bibHoldingsAvailableMaxItems2.showAllItemsLinkComponent.sdirect;jsessionid=5F4C8E89B7C5F964F02DBB6C904346CF?lang=eng&amp;sp=Sb2572924&amp;sp=T&amp;sp=Sallavailitemsmax-b2572924&amp;sp=F&amp;suite=cobalt" onclick="return tapestry.linkOnClick(this.href,\'showAllItemsLinkComponent_87\', false)">\r\n\t\t\t\t\t\t\t\tShow remaining items</a>\r\n\t\t\t\t\t\t\t\r\n\t\t\t\t\t\t\t\r\n  \xe2\x80\x8b\t\t\t\t\t\t\t\r\n  \r\n\t\t\t\t\t<form method="post" action="/iii/encore/SearchResultsPage,searchResultsComponent.resultComponent.searchBrowseResultBibComponent.$BibHoldingsComponent.bibHoldingsAvailableMaxItems2.countComponent.sdirect;jsessionid=5F4C8E89B7C5F964F02DBB6C904346CF" id="countComponent_87" style="display:none;">\n<div style="display:none;" id="countComponent_87hidden"><input type="hidden" name="formids" value="allCountInsertComponent_87,allAvailCountInsertComponent_87" />\n<input type="hidden" name="seedids" value="ZH4sIAAAAAAAAAI1ZW3LjuhGdqiQ78adTEamHpU9Z47mjKnvGJWlukq8pSIQk1FCEApB+3DVlQ6msIXtIAwQkoNG09GPTfRrNfneD/vf/Pv3lj0+f/vzpb/+51Vy9iA2/6d0e2c782sjDUVa8qu1zVTNRcQXPmmstZGWejvBjJ8viGU78XbHjkatZcErveVmGhLUs3qO/meafheKbGgTOK1ChPsPZ7ZaBRrJa8JIZhvBkJZcbJY71E6/Zgm8V1/v4zfJ11uhaHr5yVnA134boJkTQW42S8teMqfpRVL9Cbebbm3w0ieBpFZkz3/7s3Qzz24dS85s860e8T+A2cFP6viOrlaxWUpY6JBdCH0v2/mzR70fjAD3f5pGV7IWv9kIvOVObPVLGuGAJDC1oNIid0L52WoI2+sexYDUnBFh4fjB6bwnlHlm1awBc8hJiKMGZJhMol7u3bTayqepHuRPVZVtDjga8Zo/FUQGfW3/e5JORewdwyQYcXG2FOtyXchOxH96dDp95jex1SrQemSrOYg321iqXVKunxxCr5dG+KT4B1AWv4FCiRSXrf3xd5PD0r4ar2Os2XF+kOoRUUen6Zjy+LcHh5rduRM3tQ8sueFk8sjUvU1HLWgk41LtlxQurNrw4J8TZAbYJ2EMpVyrSJsSyOaxFlMj6COW+bHY7rnG5vrBSFLaIH5SS6gNIf4lh03ngSTtPogbi0Blk707GjtzLA39OEtdTTYkmDSMWhnpGBApu9AyKMceqtCXBi6hkM2g9Shku9CqbxP0PLPPijN5XCMRx++i1gzTAC66bEoqgIlLTYSEg6z1XS9moDddPohIHFuUhr9i6NJ4I3DW6Va2ctllEIWK6fceS13EM2iMzU75pGw2PUdFtE3rF35BQfaYnMs0523V8845PSlX7zofprolFyTyw8p7FMZLT98FZno6Z6BmXXckWW0swrt6Pbu7kRFKc+NomEKdO/pG0kG3LNrz+TcnmGL7iTJ0XKJtehBbIxswTY4sy1+R/jm7GE/98Z56NP1dsNytlU6BUEbt9vRQFt733GztwHAtn1yJiDN0YZnWchbCO+AYZQxoyv3x4O7Kq8GpFhRAhyB812+lHyQpo1p2rgiLr0lEj+/LBqVoC0rkO7pV81bwtmGcld4odovrs4r0Xa8xH8SBFKrQPnLRb8I1UxV/X+XA0zicTM3/sLug2khBop/sy6EHOTTqSy6r3ZBN11oQaDCagAQxfjdY8YAXv3uRD00+WzfrAq2bRMpq818gK8DmsfCAMDv3MDEXo7y9cFUq88M/ytSohouiM0NM3ofujXkJfnDVCmE/WM4Oh7jhs5GJD/GknNKI5d1mqrKVTYno8RruSbQJxoEyIpm1YUAhfBH/VD0R7H5xW3+8QCbS9B+iVZ8OED1KCgwm1nlf3jh+JwXDcVUyuFMVK3pPrfohumNuBo7ozLzgwUaaURJKlkhLsgAF2PJZMyMkN1ktb1qxudBBSbQnYkWLdVlhSfNtXqX5paFWSsBzq9ZuseYsm+j5JxV06EJl6OKOkxeBV+PvQVKJ+h06YvNu1dJi5O6IhwTDeQbpUH0BJlMv02mDcCwt+zUNV9Bxc7nXOI+ZCMJAyhf30tTOMqz0sxJUJdKrbStQlHCoWJnZEM+zgyWdpIX52Ny+wJ4bD7SyVhed1xzud82wTiFmnRSFMVFlpLxs408K3J6z0y6dOz48kNfVeJs4KGTp4DhxC9mPxSJHJ/SUW+9ysS6H3aZxinn/Cn1dwfPyuh9ZZH8jxHKmcDfxWDGecoyaFAHP5qyzNgoFGZmluBCbDkaAzkMjaSLj9VbwgBT4snkh6aNRXpgO2ebWVH3hAf2nKMu2E68CgPd/8EmhA2UtdCyDhMNx/l2VzSAb6GUhMtitEzQ965j+GraDlJPkbs4QbDNz6IQTGlLRNT1+gc7C1KKEXwc36wFTaYYxkhxH3EbNBnBniZXcSQh3bpd1AwjXONgGiUaVqkK5y2aY7VNXO4pKv8FUnjuyJzzo2v8kmJi9PiROcG49DJFYKsAN7Q9xASbiYeV17KXV7ZDwNBqYsSstlfKrDABfA4lZ4qyx6HTx8V2Z6UqARZj0RUdtpiPwD9LrlhEStokj3h8MQS2I8GrXwZyjr6GB2dxceTPDBwMQMtoIwUR9KDvtxtLicFPidlQ26c91l2S3MLlFZLNrGQfoZiWNiMKh8hpuk0djT4+nu/PYYgMh958/DXF0BJ0liGH6TEor/iR2TLYhkSGR43akvD4QFnefRXRm84j5kziBPv8m2opF6mwBqv78nHnQ3DtsEVqeAJl8RgJN4XaKsk4YFxZnZLgWlrY5UH/PVB9V6SX4KGt8ZyOZpFx5XItL2LqnjhMFriuauGTVr+WZHDqyiZlMkGbqR8GjefTaGwmbp3NdO77RDWcWNZ1Z78y8TONUmb7dA332foHueGzDVJIOS7bcXBXcE7aqARh0UunCiYokVDPTrI4P9awzibUYy2/39x7Frg+/fCrgEBPtRO9nbfzEZuGv2o8nXj7aW7wpv+v1bbu62YQ+NT8NrHk4c6OimXcVmMl5zYgCfMTRsK+w4c72uEGv7BbxRdvxz9RKsRv6/A8i+ySjH1pmPacORCZlOhD9NF7OxA9G5rXizVwV3uSFmBzC9MGWZsqR39Ds+VsFP+/mOsDRlfniruaoY9jrc/cWmdP0KYek3rEFvRH/DaoHLHzZaPmqHdKLT3eMEUDSizGJ+RKZMyrpMyq40Kes0KesyKSNMSpgD3TPapIww6W4wGZBR8sAlkzxfatJJNDYpAChaYhLmR2TKpEGXSYMrTRp0mmRF2yZA2TUg7Bp8YNeAtmtA2DXOxnd3lF0euGSX50vtOklA1xTUW4ZpLE9KlSQtsRnzI3ISy9FgTFacBy7G0vERsfSikzCeAYqWhhHxIzKVnr2u9OxdmZ69zvTsEQnYo5Os1+FwWjsHXOPwDu28aORXSjtHJhpwRpaAB65owBldAifRRAPOcIa3NNsEOrtwRqS5JyelnU9or3vgYmk7PqK0veikcs8ARUsrF/EjMtGtRsOObmWBK7qV5SO7VSuaaEYeoGhUM4r4EZkwaUj+V84DV5hk+UiTWtGESR6gaJRJET8iJ+U+HOZklDxwsdwdH1HuXnTSX88ARUv7K+JH5MSkbNQx/h1w0STHR5jkRQea2yaAAa+iI1Mq5l0q5leqmHeqmJNePwMULfU64kfkxKRJ1qcHtQMumuT4CJO86FBzRPPaOXI61SZjsnI9cHmqtXzUVHOi0zXiBFA0Yo2I+RE5aUaQ/XQzcsDFZuT4iGbkRYc9B9F8X3Fk6qZEZrgHrrkp0Rl+Ek3dlHCGk8zBlYjIcE8mMrzX78hwaAJ/+q9Fr0hzy0emeSs/SaQzQNHSREL8iJzYlU86RoADLprk+AiTvOjEpDNA0VKTED8iU6GiL7UOuCZKHZdaL5qKUnKppZiDcFCXWkemRgbdXx1wzcjo6K9eNDUyksZLMQezgWrKjkwlHj2oHXBN4nUMai+aSrzkik4xBxkG2P8B8l+6dxswAAA=" />\n<input type="hidden" name="lang" value="eng" />\n<input type="hidden" name="suite" value="cobalt" />\n<input type="hidden" name="reservedids" value="inst,lang,suite" />\n<input type="hidden" name="submitmode" value="" />\n<input type="hidden" name="submitname" value="" />\n<input type="hidden" name="allCountInsertComponent_87" id="allCountInsertComponent_87" value="100" />\n<input type="hidden" name="allAvailCountInsertComponent_87" id="allAvailCountInsertComponent_87" value="100" />\n</div>\r\n\t\t\t\t\t\r\n\t\t\t\t\t\r\n\t\t\t\t\t</form> \r\n\t                    </div>\r\n\t                \r\n\t                \r\n                \r\n                \r\n            </div><!--end mark-->\r\n    \r\n\r\n                                       </div>\r\n                            \r\n                            \r\n                                    <div id="allMaxItemsSection" class="allMaxItemsSection">\r\n                                        \r\n    \r\n\r\n    \r\n            \r\n                 \r\n                \r\n                    <!--link moved into dpBibHoldingStatement via initBibHoldingsToggle JS -->\r\n                    <span class="itemsSectionHeader" id="availHeaderWrapperAnyComponent_43">\r\n                           <a id="showMaxItemsLink2Component_43" class="maxItemsLink" href="/iii/encore/SearchResultsPage,searchResultsComponent.resultComponent.searchBrowseResultBibComponent.$BibHoldingsComponent.bibHoldingsAllMaxItems.showMaxItemsLink2Component.sdirect;jsessionid=5F4C8E89B7C5F964F02DBB6C904346CF?lang=eng&amp;sp=Sb2572924&amp;sp=F&amp;sp=Sallitemsmax-b2572924&amp;sp=F&amp;suite=cobalt" onclick="return tapestry.linkOnClick(this.href,\'showMaxItemsLink2Component_43\', false)">\r\n                               <a href="javascript:void(0);" onclick="toggleBibHoldingsPopup(this)">see all</a>\r\n                           </a>\r\n                    </span>\r\n                \r\n            \r\n            \r\n            <!--start mark -->\r\n             <h3 class="sectionHeader itemsHeader customHeader">Items</h3>\r\n            <div id="allitemsmax-b2572924">\r\n                \r\n\t                \r\n\t                    <div class="itemTableWrapper popUpContentWrapper">\r\n\t                        \r\n    \r\n\t\t<table class="itemTable" cellspacing="3">\r\n        \t<tr>\r\n\t        \t\r\n\t        \t\t<th>\r\n\t        \t\t\tLocation\r\n\t        \t\t</th>\r\n\t        \t\r\n\t        \t\t<th>\r\n\t        \t\t\tCall No.\r\n\t        \t\t</th>\r\n\t        \t\r\n\t        \t\t<th>\r\n\t        \t\t\tStatus\r\n\t        \t\t</th>\r\n\t        \t\r\n        \t</tr>\r\n            \r\n            \t<tr>\r\n            \t\t\r\n                        \r\n            \t\t\r\n                        \r\n                            <td>\r\n                                \r\n                                    \r\n                                    \r\n                                        \r\n                                            \r\n \r\n\t \r\n\t    \t\r\n\t\t\r\n\t\t\r\n\t\t\tWeber Road\r\n\t\t\r\n    \r\n \r\n\r\n\r\n                                        \r\n                                        \r\n                                    \r\n            \t\t\t        \r\n\t            \t\t\t</td>\r\n            \t\t\t\r\n            \t\t\r\n                        \r\n                            <td>\r\n                                \r\n                                    \r\n                                    \r\n                                        \r\n                                        \r\n                                            \r\n                                                <a id="callNoBrowseDirectLinkComponent_88" href="/iii/encore/SearchResultsPage,searchResultsComponent.resultComponent.searchBrowseResultBibComponent.$BibHoldingsComponent.bibHoldingsAllMaxItems.itemTableComponent.callNoBrowseDirectLinkComponent.sdirect;jsessionid=5F4C8E89B7C5F964F02DBB6C904346CF?lang=eng&amp;sp=Si20254852&amp;sp=Sb2572924&amp;suite=cobalt" onclick="return tapestry.linkOnClick(this.href,\'callNoBrowseDirectLinkComponent_88\', false)">\r\n                                                    VIDEO GAME\r\n                                                </a>\r\n                                            \r\n                                            \r\n                                        \r\n                                    \r\n            \t\t\t        \r\n                                    \r\n                                         \r\n                                    \r\n                                    \r\n            \t\t\t        \r\n                                    \r\n                                         \r\n                                    \r\n                                    \r\n            \t\t\t        \r\n\t            \t\t\t</td>\r\n            \t\t\t\r\n            \t\t\r\n                        \r\n                            <td>\r\n                                \r\n                                    \r\n                                        IN LIBRARY\r\n                                    \r\n                                    \r\n            \t\t\t        \r\n\t            \t\t\t</td>\r\n            \t\t\t\r\n            \t\t\r\n            \t</tr>\r\n            \r\n        </table>\r\n    \r\n\r\n\t                        \r\n\t\t\t\t\t\t\t\r\n\t\t\t\t\t\t\t\t<a id="showAllItemsLinkComponent_88" class="showAllItemsLink customToggle" href="/iii/encore/SearchResultsPage,searchResultsComponent.resultComponent.searchBrowseResultBibComponent.$BibHoldingsComponent.bibHoldingsAllMaxItems.showAllItemsLinkComponent.sdirect;jsessionid=5F4C8E89B7C5F964F02DBB6C904346CF?lang=eng&amp;sp=Sb2572924&amp;sp=T&amp;sp=Sallitemsmax-b2572924&amp;sp=F&amp;suite=cobalt" onclick="return tapestry.linkOnClick(this.href,\'showAllItemsLinkComponent_88\', false)">\r\n\t\t\t\t\t\t\t\tShow remaining items</a>\r\n\t\t\t\t\t\t\t\r\n\t\t\t\t\t\t\t\r\n  \xe2\x80\x8b\t\t\t\t\t\t\t\r\n  \r\n\t\t\t\t\t<form method="post" action="/iii/encore/SearchResultsPage,searchResultsComponent.resultComponent.searchBrowseResultBibComponent.$BibHoldingsComponent.bibHoldingsAllMaxItems.countComponent.sdirect;jsessionid=5F4C8E89B7C5F964F02DBB6C904346CF" id="countComponent_88" style="display:none;">\n<div style="display:none;" id="countComponent_88hidden"><input type="hidden" name="formids" value="allCountInsertComponent_88,allAvailCountInsertComponent_88" />\n<input type="hidden" name="seedids" value="ZH4sIAAAAAAAAAI1Z3XIiuxHeqiRv4kunwowBwyVmvWepsnddwJ4kV1uCEaDaYUSkGf+cZ8qrpSqVJ0hLI4HU6gFudu3+Wq3+79b43//59Jc/Pn3686e//fdWc/Uq1vymd3tgW/PfWu4PsuJVbX+uaiYqruBnzbUWsjI/HeCfrSyLFzjxd8UOB66mwSm942UZElay+Ih+Z5p/FoqvaxA4q0CF+gRntxsGGslqzktmGMKTlVyslTjUz7xmc75RXO/im+XbtNG13H/lrOBqtgnRdYigW42S8teUqfpJVL9CbWabm/w+i+BJFZkz2/zs3Qzy28dS85s8G0S8z+A2cFN634HVSlZLKUsdkguhDyX7eLHo94NxgJ5t8shK9sqXO6EXnKn1DiljXLAAhhY0GsROaK+dlKCN/nEoWM0JARae7Y3eG0K5J1ZtGwAXvIQYSnCmyQTK5e629Vo2Vf0kt6K6bGvI0YDX7LE4KuBz68+bfHzv7gAu2YCDq41Q+4dSriP2/YfT4TOvkb1OidYjE8VZrMHOWuWSavn8FGK1PNib4hNAnfMKDiVaVLL+x9d5Dj/9q+Eq9roN1xep9iFVVLq+GY1vS3C4+V83oub2h5Zd8LJ4YitepqIWtRJwqHfLildWrXlxSoiTA2wTsIdSrlSkTYhFs1+JKJH1Acp90Wy3XONyfWWlKGwRPyol1RlIf4lh03ngJ+08iRqIQ6eQvVsZO3In9/wlSVxPNSWaNIxYGOoZESi40TMoxhyr0pYEL6KSzaD1KGW40FU2ie/OWObFGb2vEIjjdu7afhrgOddNCUVQEanpsBCQ9Y6rhWzUmutnUYk9i/KQV2xVGk8E7hreqlZO2yyiEDHd3rHgdRyD9sjUlG/aRsNjVHTbhF7ydyRUn+iJTHPOdh3fvOOTUtW+82G6a2JRMvetvBdxiOTc+eAsjsdM9IzLrmSLrSUYlx8HN3dyIimOfG0TiFMnPyctZNuwNa9/U7I5hFecqLMCZdOr0ALZmHlibFHmmvzP4c3YN/yf9+Zn488l205L2RQoVcR2Vy9EwW3v/cb2HMfC2TWPGEM3hlkdZyGsI75BxpCGzC8f3w+sKrxaUSFECPJHzbb6SbICmnXnqqDIunTUyL68f6yWgHSqgwcl3zRvC+ZFya1i+6g+u3gfxArzUTxIkQrtA0ft5nwtVfHXVT4YjvLx2Mwfuwu6jSQE2um+CHqQc5OO5LLqI9lEnTWhBv0xaADDV6M1D1jBuzf5wPSTRbPa86qZt4wm7zWyAnwOKx8Ig0M/M0MR+vsrV4USr/yzfKtKiCg6I/TkXei7YS+hz08aIcwn64nBULccNnKxJn61ExrRnLssVdbSKTE5HKJdyTaBOFAmRJM2LCiEr4K/6UeivfePq+93iATa3gP0yrNhwgcpwcGEWs+qB8ePxGA47iomV4piKR/IdT9E18ztwFHdmQv2TJQpJZFkqaQEO2CAHY8lE3Jyg/XSFjWrGx2EVFsCdqRYtRWWFN/mTapfGlqVJCyHev0ma96iib7PUnGXDkSm7k8oaTF4FX7fN5WoP6ATJne7lg4zd0s0JBjGW0iX6gyURLlMnw3GvbDg1zxURc/A5V7nPGIuBAMpE9hP3zrDuNzBQlyZQKe6LUVdwqFibmJHNMMOnnyaFuJn9/ICe2I43M5SWXhed9zpnGebQMw6KQphospK+9jAmRbenrDSl0+cnuckNfVOJs4KGTp49hxC9mP+RJHJ/SUW+9KsSqF3aZxinn/Cr1dwnL/rsXXWGTmeI5Wzhv8VwxnnqEkhwFz+KkuzYKCRWZoXgclwJOgEJLLWEl5/FS9IgY/zZ5IeGvWV6YBtVm3kGQ/oL01Zpp1wFRi04+tfAg0o+6hrASQchvvvsmz2yUA/AYnJdoWo+V5P/cewJbScJH9jlnCDgVc/hMCYkrbpySt0DrYSJfQieFnvmUo7jJHsMOI9YjaIE0O87I5DqGO7tBtIuMbZJkA0qlQN0lUu23SHqtpZXPIlfurEkT3yWcfmN9nY5OUxcYJzowiJlQJsz94RN1ASLmauax+lbo+Mp0HflEVpuYxPdRjgAljcCm+VRdfBD9+VmZ4UaIRZT0TUdhoi/wC9bjkhUaso0neDCEtiPHTwZyjr6GB2Hx1M8L7JIQ1bQZiojyWH/ThaXI4K/M7KBr257iF0MLtEZbFoG++HSBwTg0HlM9wkjcaeHk9357enAETuO30e5uoKOEkSw/CblFD8z+yQbEEkQyLD6059eSAs6DyP3srgFfchcwp5+k22FY3UWwdQ+/098aB7cdgmsDwGNPmKMCKvS5R10rCgODPbpaC01ZHqY776oFovyU9Bo5GBbJ524XElIm1HSR0nDF5TNHfNqFnJdztyYBU1myLJ0I2ER/PuszEUNkvnvnZ6px3KKm48s9yZP5nAqTZ5uwX67vsM3fPUgKkmGfVI+1BwR9CuijsodOFExRIreMZgf01oM5LZ7u8/Dl0b/N2tgEdAsB+1k739E5OBu2Y/mnx30dbyXeFN/+6Wm7dt2EPj03DN45EDHV23q9hUxmtODOAzhoZthR1nplcVYm2/gDfKjn+uXoPVyP91ANk3HubYOvMxbTA0IdOJ8OfJfDpyIDq3Ee/2qeAeN8TsAKZXpixTlvSOu46PVfCv/XxHWJoyP77XXFUMex3e/mJdun6FsPQbVr83pL9htcDlDxstH7VDOtHp7nEEKBpRZjE/IlMmZV0mZVealHWalHWZlBEmJcyB7hltUkaYdN8f98koeeCSSZ4vNekoGpsUABQtMQnzIzJlUr/LpP6VJvU7TbKibROg7OoTdvXP2NWn7eoTdo2y0f09ZZcHLtnl+VK7jhLQMwX1lkEay6NSJUlLbMb8iJzEctgfkRXngYuxdHxELL3oJIwngKKlYUT8iEylZ68rPXtXpmevMz17RAL26CTrdTic1s4B1zi8QzsvGvmV0s6RiQackSXggSsacEaXwFE00YAznOEtzTaBzi6cEWnuyUlp52Pa6x64WNqOjyhtLzqp3BNA0dLKRfyITHSr4aCjW1ngim5l+chu1YommpEHKBrVjCJ+RCZMGpB/lfPAFSZZPtKkVjRhkgcoGmVSxI/ISbkPBjkZJQ9cLHfHR5S7F5301xNA0dL+ivgROTEpG3aMfwdcNMnxESZ50YHmtglgwKvoyJSKeZeK+ZUq5p0q5qTXTwBFS72O+BE5MWmc3dGD2gEXTXJ8hEledKg5onntHDmdauMRWbkeuDzVWj5qqjnR6RpxBCgasUbE/IicNCPIfroZOeBiM3J8RDPyosOeg2i+rzgy9VIiM9wD17yU6Aw/iqZeSjjDSebgSURkuCcTGd6768hwaAJ/+p9Fr0hzy0emeSs/SaQTQNHSREL8iJzYlY87RoADLprk+AiTvOjEpBNA0VKTED8iU6GiH7UOuCZKHY9aL5qKUvKopZiDcFCPWkemRgbdXx1wzcjo6K9eNDUyksZLMQezgWrKjkwlHj2oHXBN4nUMai+aSrzkiU4xBxlGDfaW/H9yakcyMjAAAA==" />\n<input type="hidden" name="lang" value="eng" />\n<input type="hidden" name="suite" value="cobalt" />\n<input type="hidden" name="reservedids" value="inst,lang,suite" />\n<input type="hidden" name="submitmode" value="" />\n<input type="hidden" name="submitname" value="" />\n<input type="hidden" name="allCountInsertComponent_88" id="allCountInsertComponent_88" value="100" />\n<input type="hidden" name="allAvailCountInsertComponent_88" id="allAvailCountInsertComponent_88" value="100" />\n</div>\r\n\t\t\t\t\t\r\n\t\t\t\t\t\r\n\t\t\t\t\t</form> \r\n\t                    </div>\r\n\t                \r\n\t                \r\n                \r\n                \r\n            </div><!--end mark-->\r\n    \r\n\r\n                                    </div>\r\n                            \r\n                            \r\n                            <div id ="showMoreLessLinkContainer">&nbsp;</div>\r\n                            \r\n                            <img alt="Drop Up Shadow" src="resources/gold/images/dropShadowUpArrow.png" class="dropShadowUpArrow" id="dialogUpArrowImageAnyComponent_23"></img>\r\n                        </div>\r\n                    </div>\r\n                    \r\n               \r\n               \r\n    \t\r\n    \t<!-- Order info -->\r\n        \r\n   \r\n\r\n\r\n                    \r\n                    \n    \n     \n\r\n                    \r\n\t\r\n\t\t<span title="ctx_ver=Z39.88-2004&amp;rft_val_fmt=info%3Aofi%2Ffmt%3Akev%3Amtx%3Abook&amp;rfr_id=info%3Asid%2Fiii.com%3Aencore&amp;rft.btitle=Nintendo+Switch+%3A+Hello+neighbor.&amp;rft.isbn=&amp;rft.date=&amp;rft_id=http%3A%2F%2Fencore.slcl.org%2Fiii%2Fencore%2Frecord%2FC__Rb2572924__SNintendo%2520Switch__P0%252C24__Orightresult__X3%3Bjsessionid%3D5F4C8E89B7C5F964F02DBB6C904346CF%3Flang%3Deng%26suite%3Dcobalt" class="Z3988" id="coinsAnyComponent_23"></span>\r\n\t\r\n\r\n                    <!-- ratingReviewsSummaryComponent -->\r\n                    \r\n                    <div class="addtlInfo">\r\n                       \r\n                       \r\n                       \r\n   \r\n\r\n                    </div>\r\n                </div>\r\n            </div>\r\n            <div class="bibLocations">\r\n                \r\n                \r\n            </div>\r\n        </div>\r\n    \r\n\r\n\t\r\n\r\n\t<!-- Browse Result Resource -->\r\n\t\r\n\r\n\t<!-- Browse Result External -->\r\n\t\r\n\r\n               \r\n                   \r\n    <div class="articlesPreview" id="articlesPreviewAnyComponent">\r\n        \r\n            \r\n            \r\n            \r\n            \r\n                \r\n                <div class="gridBrowseContent2 searchResult">\r\n                <div class="browseArticlesHeader customSecondaryText">\r\n                        Top results for articles\r\n                        \r\n                        <span class="moreArticleResults">\r\n                            <a id="fedSearchResultsLink3Component" href="/iii/encore/articles/C__SNintendo%20Switch__Orightresult;jsessionid=5F4C8E89B7C5F964F02DBB6C904346CF?lang=eng&amp;suite=cobalt">\r\n                                View more\r\n                            </a>\r\n                        </span>  \r\n                </div>               \r\n                <p class="loading">Loading articles...</p>\r\n                </div>              \r\n            \r\n        \r\n        \r\n    </div>\r\n\r\n               \r\n           \r\n       </span>\r\n       <div id="bottomPager">\r\n          \r\n    <!-- Pager -->\r\n    <div class="pagination1">\r\n\t\t\r\n\t\t\t &nbsp;1&nbsp;\r\n\t\t\r\n\t\t\t &nbsp;<a id="searchPageLink_0" class="pagerLink" href="/iii/encore/search/C__SNintendo%20Switch__P1__Orightresult;jsessionid=5F4C8E89B7C5F964F02DBB6C904346CF?lang=eng&amp;suite=cobalt">2</a>&nbsp;\r\n\t\t\r\n\t\t\t &nbsp;<a id="searchPageLink_1" class="pagerLink" href="/iii/encore/search/C__SNintendo%20Switch__P2__Orightresult;jsessionid=5F4C8E89B7C5F964F02DBB6C904346CF?lang=eng&amp;suite=cobalt">3</a>&nbsp;\r\n\t\t\r\n\t\t\t &nbsp;<a id="searchPageLink_2" class="pagerLink" href="/iii/encore/search/C__SNintendo%20Switch__P1__Orightresult;jsessionid=5F4C8E89B7C5F964F02DBB6C904346CF?lang=eng&amp;suite=cobalt">next</a>&nbsp;\r\n\t\t\r\n    </div>\r\n     \r\n        <div class="resultsBottomBorder">&nbsp;</div>\r\n     \r\n\r\n       </div>\r\n       \r\n\t<div>\r\n\t\t<form method="post" action="/iii/encore/SearchResultsPage,searchResultsComponent.basicQueryComponent.searchFormComponent.sdirect;jsessionid=5F4C8E89B7C5F964F02DBB6C904346CF" id="searchFormComponent_0">\n<div style="display:none;" id="searchFormComponent_0hidden"><input type="hidden" name="formids" value="autoCompleteIfComponentCopy_0,target,autoCompleteIfComponent_0,searchImageSumbitComponent_0" />\n<input type="hidden" name="seedids" value="ZH4sIAAAAAAAAAI1b3XIiuxHeVCVVqTyHL50qGAM2l5j1nqXK3nWAPUmutsSMANUOIyLNYPs8U14t75CWRgKp1QPc2Li/Vqv/1RrG//3fp7/88enTnz/1/3qruTqInN/0bvdsY37lcreXFa9q+7mqmai4gs+aay1kZT7t4cdGlsUrrPinYvs9V9Ngld7ysgwJK1l8RH8zzT8LxfMaBM4qUKE+wf3bNQONZDXnJTMM4cpKLnIl9vULr9mcrxXX23hn+TZtdC13XzkruJqtQzQPEbSrUVL+mjJVP4vqV6jNbH2T3WcRPKkic2brn72bYXb7VGp+k/WHEe8LuA3clO63Z7WS1VLKUofkQuh9yT5eLfp9bxygZ+ssspId+HIr9IIzlW+RMsYFC2BoQaNB7IR220kJ2ugf+4LVnBBg4dnO6L0mlHtm1aYBcMFLiKEEZ5pMoFzudstz2VT1s9yI6rKtIUcDXrPL4qiAz60/b+56fg/gkg04uFoLtXssZR6x7z6cDp95jex1SrQemSjOYg221iqXVMuX5xCr5d7uFK8A6pxXsCjRopL1v77OM/j0n4ar2Os2XF+k2oW5Jypd34x7tyU43PzWjai5/dCyC14Wz2zFy1TUolYCFvVuWXFgVc6LU0KcHGCbgF2UcqUibUIsmt1KRIms91Dui2az4RqX64GVorBF/KSUVGcg/SWGTeeBT9p5EjUQh04hezcyduRW7vhrkrieako0aRixMNQzIlBwo2dQjBlWpS0JXkQl24fWo5ThQlvZJL47Y5kXZ/S+QiCO27ltB2mA51w3JRRBRaSmw0JA1luuFrJROdcvohI7FuUhr9iqNJ4I3DW6Va2ctllEIWK63WPB6zgG7ZKpKd+0jYbLqOi2Cb3k70ioPtETmWad7Tq+ea9D12upat/5olVAd00sSuaBlfcq9pGcOx+cxXGZiZ5x2ZVssbUE4/Jj786djEiKI1/bBOLUyc5JC9nWLOf1b0o2+3CLE3VWoGw6CC2QjZknxhZlrsn/HJmO5z7f2+4H/lyyzbSUTYFSRWy29UIU3Pbeb2zHcSycXfOIMXRjmNVxFsI44htkDGnI/PLpfc+qwqsVFUKEIH/UbKOfJSugWXeOCoqsS0eN7MuGx2o5kgZBHTwq+aZ5WzCvSm4U20WR6OJ9FCvMR/FEHMq2brSs1W7Oc6mKv6+y4eghG4/N+WNnQTeRhEB7ui+CHuTcpCO5rPpIJlFnTajBYAwawOGr0ZgHrOBd4z7oJ4tmteNVM28ZTd5rZAX4HEY+EAaLfvYNRejvB64KJQ78s3yrSogoWiP05F3ou1Evoc9PGiHMJ+uJwVA3HCZykRN/2hMa0Zy7LFXW0ikx2e+jWck2gThQJkSTNiwohAfB3/QT0d4Hx9H3O0QCTe8BeuXaMOGDlOBgQq1n1aPjR2IwjLoK5EpRLOUjOe6HaM7cDBzVndlgx0SZUhJJlkpKsAcMsONjyYScnGC9tEXN6kYHIdWWgB0pVm2FJcW3fpPql4ZWJQnLoV6/yZq3aKLvi1TcpQORqbsTSloMXoW/d00l6g/ohMnerqXDmbshGhIcxhtIl+oMlES5TK8Nxr0w4Nc8VEXPwOVe5yxiLgQDKROYT986w7jcwkBcmUCnui1FXcKiYm5iRzTDDp5smhbiZ3fzAntiOJzOUln4vO7Y0znPNoGYdVIUwkSVlfaygTMt3D1hpTefOD3PSWrqrUycFTJ08Ow4hOzH/Jkik/NLLPa1WZVCb9M4xTz/hj+v4Di/11PrrDNyPEcqJ4ffiuGMc9SkEOBc/ipLM2CgI7M0NwKT4UjQCUhk5RJufxUvSIFP8xeSHhr1lemAbVat5RkP6C9NWaadcBUYtOX5L4EOKHupawEkHA7332XZ7JID/QQkJtsRouY7PfUPw5bQcpL8jVnCCQZu/RACY0rapicH6BxsJUroRXCz3jGVdhgj2WHEfcRMECeGeNgdh1DHdGknkHCMs02AaFSpGqSrXLbpDlW1s7jkS3zViSN75LOOzW76Y5OXx8QJ1j1ESKwUYDv2jriBknAxs117KXVzZHwaDExZlJbL+FSHAS6AxY3wVlm0HXz4rszpSYFGmPVERG1PQ+QfoNctJyRqFUX6bhhhSYxHDv4MZR0t7N9HCxN8YHJIw1QQJupTyWE+jgaXowK/s7JBd657CB2cXaKyWDSND0IkjonBoPIZbpJGY0+PT3fnt+cARO47PR7m6go4SRLD8JuUUPwvbJ9MQSRDIsPrTj15ICzoXB8DxivuQeYU8vSbbCsaqZcHUPv8PfGgu3HYJrA8BjR5ivBAbpco66RhQXFmtkNBaasj1cc89UG1XpKPglrI5mkXHldioi2uYzL+k6SN5+aoWcl3e+TAKGomRZKhGwmXZt1rYyhsls597emddiiruPHMcmu+MoFVbfJ2C/Td9wW656kBU00y6pH2ouCWoFkVd1DowomKJVbwjMF+m9BmJLOd33/suyd4AZeAYD5qT/b2K6ZzZ3968gVTy3eVTvrc3G3DHpqcm09HDpxe7Sg2lXjMCYHkEgk0bCvMODO9ou5QUC/KHv9cHYLRyH87gOwbjzJsnXmYNhyZkKWT2MtkPn1wIFq3Fu/2quAuN8TZAUwHpixTv+M+kT6sgp/28d1VT7ae3muuqmSYhru/yEvXry4+wxr0RvQzrBa4/GCj5aNmSCc6nT2OAEUjyizmR2TKpH6XSf0rTep3mtTvMqlPmJQwB7r3aZP6hEn3g/GAjJIHLpnk+VKTjqKxSQFA0RKTMD8iUyYNukwaXGnSoNMkK9o2AcquAWHX4IxdA9quAWHXQ//h/p6yywOX7PJ8qV1HCeiagnrLMI3lUamSpCU2Y35ETmI5GjyQFeeBi7F0fEQsvegkjCeAoqVhRPyITKVnrys9e1emZ68zPXtEAvboJOt1OJzWzgHXOLxDOy8a+ZXSzpGJBtwnS8ADVzTgPl0CR9FEA+7jDG9ptgl0duE+keaenJR2Nqa97oGLpe34iNL2opPKPQEULa1cxI/IRLcaDTu6lQWu6FaWj+xWrWiiGXmAolHNKOJHZMKkIfmtnAeuMMnykSa1ogmTPEDRKJMifkROyn04zMgoeeBiuTs+oty96KS/ngCKlvZXxI/IiUn9Ucfx74CLJjk+wiQvOtDcNgEMeBUdmVIx61Ixu1LFrFPFjPT6CaBoqdcRPyInJo37d/RB7YCLJjk+wiQvOtQc0bx2jpyeauMHsnI9cPlUa/moU82JTseII0DRiDEi5kfkpBlB9tPNyAEXm5HjI5qRFx32HETzfcWRqZsSmeEeuOamRGf4UTR1U8IZTjIHVyIiwz2ZyPDeXUeGt5PA3XVpbvnING/lJ4l0AihamkiIH5ETu7JxxxHggIsmOT7CJC86MekEULTUJMSPyFSo6EutA66JUsel1oumopRcainmIBzUpdaRqSOD7q8OuObI6OivXjR1ZCSNl2IOzgaqKTsylXj0Qe2AaxKv46D2oqnES67oFHOQYdTB7snt8zD9at7+gSbwp7/xt9N1GeH8jXqnPOZAb2OaNySlqteyFNK8todeeV/7F+/cF8PmaWL03qz55wWFCcl7mFaEeQ/Yvjt1Z5m+NbuVf1MCSPY7TFnXcvco8YNc+58LIv8Henn7/zEZlohPMQAA" />\n<input type="hidden" name="lang" value="eng" />\n<input type="hidden" name="suite" value="cobalt" />\n<input type="hidden" name="reservedids" value="inst,lang,suite" />\n<input type="hidden" name="submitmode" value="" />\n<input type="hidden" name="submitname" value="" />\n<input type="hidden" name="autoCompleteIfComponentCopy_0" value="F" />\n<input type="hidden" name="autoCompleteIfComponent_0" value="F" />\n</div>\r\n\t\t<div class="basicSearchbox">\r\n\t\t\t<span class="searchText customHeader">\r\n\t\t\t\t\r\n\t\t\t\t\r\n\t\t\t\t\t<label for="target">Search</label>\r\n\t\t\t\t\r\n\t\t\t</span>\r\n\t\t\t\r\n\t\t\t\r\n\t\t\t\t<input type="text" name="target" value="Nintendo Switch" id="target" onfocus="this.select();" size="40" class="targetInput" />\r\n\t\t\t\r\n\t\t\t<span class="searchSubmit">\r\n                                <input type="image" name="searchImageSumbitComponent_0" src="resources/gold/images/go_button.png" id="searchImageSumbitComponent_0" alt="Search" width="40" height="40" />&nbsp;\r\n                        </span>\r\n\t\t</div>\r\n\t\t</form>\r\n\t</div>\r\n\r\n    \r\n     \r\n    </div>\r\n\r\n    \r\n\r\n        </div>\r\n            \r\n        \r\n\r\n        <!-- MUST INCLUDE IN ALL EncorePages that use dialogs begin-->\r\n\t    <div id="popInDialogUpdateAnyComponent">\r\n\t\t    \r\n      <div id="popInContentWrapper">\r\n        <span id="closeXButton" class="closeXButton" onclick="closePopInDialog(true)"></span>\r\n          <span id="dialogLoadSpinner" width="20" height="20"></span>\r\n          \r\n      </div>\r\n \r\n\r\n\t    </div>\r\n\r\n        <div id="dialogComponent">\r\n            \r\n        </div>\r\n        <!-- MUST INCLUDE IN ALL EncorePage that use dialogs end-->\r\n        \r\n    <div id="batchStarterAnyComponent"></div>\r\n\r\n        \r\n    <div id="batchStarterAnyComponent_0"></div>\r\n\r\n        \r\n    <div id="batchStarterAnyComponent_1"></div>\r\n\r\n        <!-- \r\n        ===Encore-4015 : Commenting this to prevent Runtime exception thus generated while UI Rendering=== \r\n        <span jwcid="ajaxBatchStarterRemoteComponent" style="display:none;visibility:hidden;"></span>\r\n         -->\r\n         \r\n    \r\n                        \r\n                            \r\n                        \r\n                         <div class="footerCustomArea">\r\n                                <script type="text/javascript">(function(){setTimeout(function(){var d=document,t=\'script\',f=d.getElementsByTagName(t)[0],s=d.createElement(t);s.type=\'text/java\'+t;s.async=true;s.src=\'//d2rnkf2kqy5m6h.cloudfront.net/vx/tmavSmGZRES0yIcj2kKTpA/survey.js?\'+(new Date)/1;f.parentNode.insertBefore(s,f);},1);})();</script>\r\n                         </div>\r\n                    </div>\r\n                    <!-- empty div used to push down sticky footer -->\r\n                    <div class="pageWrapperPush"></div>\r\n                </div>\r\n                <div id="footerArea">\r\n                    \r\n<a href="javascript:;" onclick="document.location.hash=\'bannertop\'" class="footerBackToTopLink">\r\n\tBack to top\r\n</a>\r\n<div class="footerContentContainer">\r\n\t<div class="footerContent">\r\n\t\t<div class="footerColumn1">\r\n\t\t\t<h3 class="customHeader">Library Links</h3>\r\n\t\t\t<ul>\r\n\t\t\t\t \r\n\t\t\t\t\r\n\t\t\t</ul>\r\n\t\t\t<span class="customLibraryLinks">\r\n\t\t\t\t<ul><li><a class="external" href="http://webpac.slcl.org/screens/mainmenuclassic.html" target="recordWindow">Classic Catalog</a></li><li><a href="http://www.slcl.org/" target="_blank">Homepage</a></li><li><a href="http://webpac.slcl.org/screens/ill.html">Inter-Library Loan</a></li><li><a href="http://www.slcl.org/using-the-library/suggest-a-purchase">Suggest a Purchase</a></li></ul>\r\n\t\t\t</span>\r\n\t\t\t<div class="footerBrandingArea">\r\n\t\t\t\t\r\n\t\t\t</div>\r\n\t\t</div>\r\n\t\t<div class="footerColumn2">\r\n\t\t\t<h3 class="customHeader">Search Tools</h3>\r\n                <ul>\r\n                    <span id="footerAdvancedSearchLinkAnyComponent">\r\n                        \r\n                            <li><a id="advancedSearchLinkComponent_0" onclick="redirectToAdvancedSearch(\'http://encore.slcl.org:80/iii/encore/home?lang=eng&amp;suite=cobalt&amp;advancedSearch=true\'); return false;" href="javascript:;">Advanced Search</a></li>    \r\n                        \r\n                    </span>\r\n                    <li><a id="encoreLinkComponent" href="http://encore.slcl.org:80/iii/encore/?suite=cobalt">Encore Home</a></li>\r\n                    <!-- The updateBookCartLinkAnyComponent span is needed to update this link asynchronously - C1207749 -->\r\n                    \r\n                        <li><span id="updateBookCartLinkAnyComponent">\r\n     \r\n        <span id="bookCartLinkAnyComponent_0">\r\n\t\t\t\r\n\t\t\t\r\n\t\t\t\t<a id="bookCartLinkComponent_2" href="/iii/encore/bookcart;jsessionid=5F4C8E89B7C5F964F02DBB6C904346CF?lang=eng&amp;suite=cobalt">\r\n\t\t\t\t\tMy library cart <span class="bookCartCount">(0 items)</span></a>\r\n\t\t\t\r\n\t\t\t<!--needed so IE updates asynch see  c1131611-->\r\n\t\t\t<span class="noTags">&nbsp;</span>\r\n\t\t</span>\r\n    \r\n</span></li>\r\n                    \r\n                    <li>\n         \n             <!--login area-->\n                    \n              <!--need to close up white space so links space correctly in IE footer -->\n                      <span class="myAccountBar">|</span><a id="userLoginLinkComponent_0" class="loginLogoutLink" href="https://encore.slcl.org/iii/encore/search;jsessionid=5F4C8E89B7C5F964F02DBB6C904346CF/Sdologin?lang=eng&amp;target=Nintendo%20Switch&amp;loginReason=doDefault">\n                      Login</a>\n              \n                    \n           <!--logout dialog-->\n            \n        <!--end login area-->\n         \n</li>\r\n                </ul>\r\n\t\t</div>\r\n\t\t<div class="footerColumn3">\r\n\t\t\t\r\n      \r\n\r\n\r\n\t\t\t \r\n\t\t</div>\r\n\t\t<div class="footerColumn4">\r\n\t\t\t\r\n    <div id="recentSearchesAnyComponent">\r\n         \r\n            <div class="recentSearches">\r\n                <h3 class="customHeader">Recent Searches</h3>\r\n                <ul class="linkList">\r\n                    \r\n                        <li>\r\n                            <a id="recentSearchLinkComponent" class="recentSearchLink" href="/iii/encore/search/C__SNintendo%20Switch__Orightresult;jsessionid=5F4C8E89B7C5F964F02DBB6C904346CF?lang=eng&amp;suite=cobalt">Nintendo Switch</a>\r\n                        </li>\r\n                    \r\n                </ul>\r\n                \r\n            </div>\r\n        \r\n    </div>\r\n\r\n\t\t\t\r\n    <div id="recentlyViewedItemsAnyComponent">\r\n        \r\n    </div>\r\n\r\n\t\t</div>\r\n\t</div>\r\n\t\r\n        <div id="copyright">\r\n        \tPowered by <a href="http://www.iii.com/products/sierra/encore/" target="_blank"></a>  &#169; Innovative Interfaces, Inc.\r\n               \r\n        </div>\r\n        \r\n\r\n</div>\r\n\r\n                </div>\r\n            </span>\r\n            \r\n            \r\n            \r\n            <!-- DO NOT PLACE ANYTHING BELOW googleAnalyticsComponent -->\r\n        <script type="text/javascript"><!--\ntapestry.addOnLoad(function(e) {\ndojo.require("tapestry.form");tapestry.form.registerForm("searchFormComponent");\n\ntapestry.form.clearProfiles(\'searchFormComponent\'); tapestry.form.registerProfile(\'searchFormComponent\',{"required":["searchString"],"searchString":{"required":["You must enter a value for Search."],"constraints":["You must enter at least 1 characters."]},"constraints":{"searchString":[[tapestry.form.validation.isText,{minlength:1}]]}});\ntapestry.form.registerForm("countComponent", true);\n\ntapestry.form.registerForm("countComponent_0", true);\n\ntapestry.form.registerForm("countComponent_1", true);\n\ntapestry.form.registerForm("countComponent_2", true);\n\ninitBibHoldingsToggle("ItemsContainer-b2568299",false);\ntapestry.form.registerForm("countComponent_3", true);\n\ntapestry.form.registerForm("countComponent_4", true);\n\ntapestry.form.registerForm("countComponent_5", true);\n\ntapestry.form.registerForm("countComponent_6", true);\n\ninitBibHoldingsToggle("ItemsContainer-b2568406",false);\ntapestry.form.registerForm("countComponent_7", true);\n\ntapestry.form.registerForm("countComponent_8", true);\n\ntapestry.form.registerForm("countComponent_9", true);\n\ntapestry.form.registerForm("countComponent_10", true);\n\ninitBibHoldingsToggle("ItemsContainer-b2568401",false);\ntapestry.form.registerForm("countComponent_11", true);\n\ntapestry.form.registerForm("countComponent_12", true);\n\ntapestry.form.registerForm("countComponent_13", true);\n\ntapestry.form.registerForm("countComponent_14", true);\n\ninitBibHoldingsToggle("ItemsContainer-b2574946",false);\ntapestry.form.registerForm("countComponent_15", true);\n\ntapestry.form.registerForm("countComponent_16", true);\n\ntapestry.form.registerForm("countComponent_17", true);\n\ntapestry.form.registerForm("countComponent_18", true);\n\ninitBibHoldingsToggle("ItemsContainer-b2574944",false);\ntapestry.form.registerForm("countComponent_19", true);\n\ntapestry.form.registerForm("countComponent_20", true);\n\ntapestry.form.registerForm("countComponent_21", true);\n\ntapestry.form.registerForm("countComponent_22", true);\n\ninitBibHoldingsToggle("ItemsContainer-b2581877",false);\ntapestry.form.registerForm("countComponent_23", true);\n\ntapestry.form.registerForm("countComponent_24", true);\n\ntapestry.form.registerForm("countComponent_25", true);\n\ntapestry.form.registerForm("countComponent_26", true);\n\ninitBibHoldingsToggle("ItemsContainer-b2576481",false);\ntapestry.form.registerForm("countComponent_27", true);\n\ntapestry.form.registerForm("countComponent_28", true);\n\ninitBibHoldingsToggle("ItemsContainer-b2574940",false);\ntapestry.form.registerForm("countComponent_29", true);\n\ntapestry.form.registerForm("countComponent_30", true);\n\ninitBibHoldingsToggle("ItemsContainer-b2576480",false);\ntapestry.form.registerForm("countComponent_31", true);\n\ntapestry.form.registerForm("countComponent_32", true);\n\ntapestry.form.registerForm("countComponent_33", true);\n\ntapestry.form.registerForm("countComponent_34", true);\n\ninitBibHoldingsToggle("ItemsContainer-b2568417",false);\ntapestry.form.registerForm("countComponent_35", true);\n\ntapestry.form.registerForm("countComponent_36", true);\n\ntapestry.form.registerForm("countComponent_37", true);\n\ntapestry.form.registerForm("countComponent_38", true);\n\ninitBibHoldingsToggle("ItemsContainer-b2582980",false);\ntapestry.form.registerForm("countComponent_39", true);\n\ntapestry.form.registerForm("countComponent_40", true);\n\ntapestry.form.registerForm("countComponent_41", true);\n\ntapestry.form.registerForm("countComponent_42", true);\n\ninitBibHoldingsToggle("ItemsContainer-b2581865",false);\ntapestry.form.registerForm("countComponent_43", true);\n\ntapestry.form.registerForm("countComponent_44", true);\n\ntapestry.form.registerForm("countComponent_45", true);\n\ntapestry.form.registerForm("countComponent_46", true);\n\ninitBibHoldingsToggle("ItemsContainer-b2581859",false);\ntapestry.form.registerForm("countComponent_47", true);\n\ntapestry.form.registerForm("countComponent_48", true);\n\ntapestry.form.registerForm("countComponent_49", true);\n\ntapestry.form.registerForm("countComponent_50", true);\n\ninitBibHoldingsToggle("ItemsContainer-b2575525",false);\ntapestry.form.registerForm("countComponent_51", true);\n\ntapestry.form.registerForm("countComponent_52", true);\n\ninitBibHoldingsToggle("ItemsContainer-b2571644",false);\ntapestry.form.registerForm("countComponent_53", true);\n\ntapestry.form.registerForm("countComponent_54", true);\n\ntapestry.form.registerForm("countComponent_55", true);\n\ntapestry.form.registerForm("countComponent_56", true);\n\ninitBibHoldingsToggle("ItemsContainer-b2571642",false);\ntapestry.form.registerForm("countComponent_57", true);\n\ntapestry.form.registerForm("countComponent_58", true);\n\ninitBibHoldingsToggle("ItemsContainer-b2579131",false);\ntapestry.form.registerForm("countComponent_59", true);\n\ntapestry.form.registerForm("countComponent_60", true);\n\ntapestry.form.registerForm("countComponent_61", true);\n\ntapestry.form.registerForm("countComponent_62", true);\n\ninitBibHoldingsToggle("ItemsContainer-b2576989",false);\ntapestry.form.registerForm("countComponent_63", true);\n\ntapestry.form.registerForm("countComponent_64", true);\n\ninitBibHoldingsToggle("ItemsContainer-b2585259",false);\ntapestry.form.registerForm("countComponent_65", true);\n\ntapestry.form.registerForm("countComponent_66", true);\n\ntapestry.form.registerForm("countComponent_67", true);\n\ntapestry.form.registerForm("countComponent_68", true);\n\ninitBibHoldingsToggle("ItemsContainer-b2568402",false);\ntapestry.form.registerForm("countComponent_69", true);\n\ntapestry.form.registerForm("countComponent_70", true);\n\ntapestry.form.registerForm("countComponent_71", true);\n\ntapestry.form.registerForm("countComponent_72", true);\n\ninitBibHoldingsToggle("ItemsContainer-b2579103",false);\ntapestry.form.registerForm("countComponent_73", true);\n\ntapestry.form.registerForm("countComponent_74", true);\n\ntapestry.form.registerForm("countComponent_75", true);\n\ntapestry.form.registerForm("countComponent_76", true);\n\ninitBibHoldingsToggle("ItemsContainer-b2572925",false);\ntapestry.form.registerForm("countComponent_77", true);\n\ntapestry.form.registerForm("countComponent_78", true);\n\ntapestry.form.registerForm("countComponent_79", true);\n\ntapestry.form.registerForm("countComponent_80", true);\n\ninitBibHoldingsToggle("ItemsContainer-b2579106",false);\ntapestry.form.registerForm("countComponent_81", true);\n\ntapestry.form.registerForm("countComponent_82", true);\n\ntapestry.form.registerForm("countComponent_83", true);\n\ntapestry.form.registerForm("countComponent_84", true);\n\ninitBibHoldingsToggle("ItemsContainer-b2571641",false);\ntapestry.form.registerForm("countComponent_85", true);\n\ntapestry.form.registerForm("countComponent_86", true);\n\ntapestry.form.registerForm("countComponent_87", true);\n\ntapestry.form.registerForm("countComponent_88", true);\n\ninitBibHoldingsToggle("ItemsContainer-b2572924",false);\ntapestry.form.registerForm("searchFormComponent_0");\n\ntapestry.form.clearProfiles(\'searchFormComponent_0\'); tapestry.form.registerProfile(\'searchFormComponent_0\',{"required":["target"],"target":{"required":["You must enter a value for Search."],"constraints":["You must enter at least 1 characters."]},"constraints":{"target":[[tapestry.form.validation.isText,{minlength:1}]]}});\ntapestry.dialog.synchronizeDialogState("dialogComponent", {"id":"dialogComponent"}, false);\n        \n            dijit.byId("dialogComponent").hide();\nfor( var i = 0; i < de.length; i++ ) {\n            doBind(de[i]);\n        }\ntapestry.cleanConnect("batchStarterAnyComponent", "ajaxOnloadStart", "event1922493852");\n                tapestry.event1922493852=function( event ){\n                    \n                    var content={beventname:"ajaxOnloadStart", bcomponentidpath:"SearchResultsPage/ajaxBatchStarterFacetsComponent.batchStarterAnyComponent", bcomponentid:"batchStarterAnyComponent"};\n                   \n                    tapestry.event.buildEventProperties( event, content, arguments);\n                    if (!content["beventtarget.id"]) {\n                    \tcontent["beventtarget.id"]="batchStarterAnyComponent";\n                    }                                 \n                    \n                    tapestry.bind("/iii/encore/home;jsessionid=5F4C8E89B7C5F964F02DBB6C904346CF?component=ajaxBatchStarterFacetsComponent.batchStarterAnyComponent&lang=eng&page=SearchResultsPage&service=directevent&session=T&suite=cobalt", content);\n                };\n                tapestry.connect("batchStarterAnyComponent", "ajaxOnloadStart", "event1922493852");\n            \n                tapestry.cleanConnect("batchStarterAnyComponent", "arbitrary", "event455302268");\n                tapestry.event455302268=function( event ){\n                    \n                    var content={beventname:"arbitrary", bcomponentidpath:"SearchResultsPage/ajaxBatchStarterFacetsComponent.batchStarterAnyComponent", bcomponentid:"batchStarterAnyComponent"};\n                   \n                    tapestry.event.buildEventProperties( event, content, arguments);\n                    if (!content["beventtarget.id"]) {\n                    \tcontent["beventtarget.id"]="batchStarterAnyComponent";\n                    }                                 \n                    \n                    tapestry.bind("/iii/encore/home;jsessionid=5F4C8E89B7C5F964F02DBB6C904346CF?component=ajaxBatchStarterFacetsComponent.batchStarterAnyComponent&lang=eng&page=SearchResultsPage&service=directevent&session=T&suite=cobalt", content);\n                };\n                tapestry.connect("batchStarterAnyComponent", "arbitrary", "event455302268");\n\ntapestry.cleanConnect("batchStarterAnyComponent_0", "ajaxOnloadStart", "event1582980664");\n                tapestry.event1582980664=function( event ){\n                    \n                    var content={beventname:"ajaxOnloadStart", bcomponentidpath:"SearchResultsPage/ajaxBatchStarterUrgentComponent.batchStarterAnyComponent", bcomponentid:"batchStarterAnyComponent"};\n                   \n                    tapestry.event.buildEventProperties( event, content, arguments);\n                    if (!content["beventtarget.id"]) {\n                    \tcontent["beventtarget.id"]="batchStarterAnyComponent_0";\n                    }                                 \n                    \n                    tapestry.bind("/iii/encore/home;jsessionid=5F4C8E89B7C5F964F02DBB6C904346CF?component=ajaxBatchStarterUrgentComponent.batchStarterAnyComponent&lang=eng&page=SearchResultsPage&service=directevent&session=T&suite=cobalt", content);\n                };\n                tapestry.connect("batchStarterAnyComponent_0", "ajaxOnloadStart", "event1582980664");\n            \n                tapestry.cleanConnect("batchStarterAnyComponent_0", "arbitrary", "event541187637");\n                tapestry.event541187637=function( event ){\n                    \n                    var content={beventname:"arbitrary", bcomponentidpath:"SearchResultsPage/ajaxBatchStarterUrgentComponent.batchStarterAnyComponent", bcomponentid:"batchStarterAnyComponent"};\n                   \n                    tapestry.event.buildEventProperties( event, content, arguments);\n                    if (!content["beventtarget.id"]) {\n                    \tcontent["beventtarget.id"]="batchStarterAnyComponent_0";\n                    }                                 \n                    \n                    tapestry.bind("/iii/encore/home;jsessionid=5F4C8E89B7C5F964F02DBB6C904346CF?component=ajaxBatchStarterUrgentComponent.batchStarterAnyComponent&lang=eng&page=SearchResultsPage&service=directevent&session=T&suite=cobalt", content);\n                };\n                tapestry.connect("batchStarterAnyComponent_0", "arbitrary", "event541187637");\n\ntapestry.cleanConnect("batchStarterAnyComponent_1", "ajaxOnloadStart", "event837501014");\n                tapestry.event837501014=function( event ){\n                    \n                    var content={beventname:"ajaxOnloadStart", bcomponentidpath:"SearchResultsPage/ajaxBatchStarterLocalComponent.batchStarterAnyComponent", bcomponentid:"batchStarterAnyComponent"};\n                   \n                    tapestry.event.buildEventProperties( event, content, arguments);\n                    if (!content["beventtarget.id"]) {\n                    \tcontent["beventtarget.id"]="batchStarterAnyComponent_1";\n                    }                                 \n                    \n                    tapestry.bind("/iii/encore/home;jsessionid=5F4C8E89B7C5F964F02DBB6C904346CF?component=ajaxBatchStarterLocalComponent.batchStarterAnyComponent&lang=eng&page=SearchResultsPage&service=directevent&session=T&suite=cobalt", content);\n                };\n                tapestry.connect("batchStarterAnyComponent_1", "ajaxOnloadStart", "event837501014");\n            \n                tapestry.cleanConnect("batchStarterAnyComponent_1", "arbitrary", "event541187638");\n                tapestry.event541187638=function( event ){\n                    \n                    var content={beventname:"arbitrary", bcomponentidpath:"SearchResultsPage/ajaxBatchStarterLocalComponent.batchStarterAnyComponent", bcomponentid:"batchStarterAnyComponent"};\n                   \n                    tapestry.event.buildEventProperties( event, content, arguments);\n                    if (!content["beventtarget.id"]) {\n                    \tcontent["beventtarget.id"]="batchStarterAnyComponent_1";\n                    }                                 \n                    \n                    tapestry.bind("/iii/encore/home;jsessionid=5F4C8E89B7C5F964F02DBB6C904346CF?component=ajaxBatchStarterLocalComponent.batchStarterAnyComponent&lang=eng&page=SearchResultsPage&service=directevent&session=T&suite=cobalt", content);\n                };\n                tapestry.connect("batchStarterAnyComponent_1", "arbitrary", "event541187638");});\n// --></script></body>\r\n    </html>\n<!-- Render time: ~ 153 ms -->\n\r\n\r\n\r\n    <!-- Only BLOCKS can be defined below this point, or else Google Anlytics will mess things up -->\r\n                \r\n    \r\n    \r\n    \r\n    \r\n    \r\n    \r\n    \r\n        \r\n    \r\n    \r\n    \r\n    \r\n    \r\n    \r\n         \r\n       \r\n        \r\n     \r\n    \r\n    \r\n\r\n\r\n    \r\n            \r\n    \r\n    \r\n    \r\n    \r\n    \r\n\r\n    \r\n\r\n    \r\n\r\n    \r\n\r\n    \r\n\r\n    \r\n\r\n    <!-- $Rev: 220103 $ $Date: 2013-10-16 20:36:10 +0000 (Wed, 16 Oct 2013) $ -->\n\r\n    <!-- $Rev: 220103 $ $Date: 2013-10-16 20:36:10 +0000 (Wed, 16 Oct 2013) $ -->\n\r\n\r\n    \r\n\r\n    \r\n\t\r\n'
Nintendo Switch : LEGO The Incredibles.
